******************************************************************************
            TI ARM Clang Linker Unix v4.0.4                    
******************************************************************************
>> Linked Sun Mar 22 15:39:39 2026

OUTPUT FILE NAME:   <lab5.out>
ENTRY POINT SYMBOL: "_c_int00_noargs"  address: 000030b1


MEMORY CONFIGURATION

         name            origin    length      used     unused   attr    fill
----------------------  --------  ---------  --------  --------  ----  --------
  FLASH                 00000000   00020000  000034a8  0001cb58  R  X
  SRAM                  20200000   00008000  00000da1  0000725f  RW X
  BCR_CONFIG            41c00000   000000ff  00000000  000000ff  R   
  BSL_CONFIG            41c00100   00000080  00000000  00000080  R   


SEGMENT ALLOCATION MAP

run origin  load origin   length   init length attrs members
----------  ----------- ---------- ----------- ----- -------
00000000    00000000    000034a8   000034a8    r-x
  00000000    00000000    000000c0   000000c0    r-- .intvecs
  000000c0    000000c0    000031f0   000031f0    r-x .text
  000032b0    000032b0    00000170   00000170    r-- .rodata
  00003420    00003420    00000088   00000088    r-- .cinit
20200000    20200000    00000ba4   00000000    rw-
  20200000    20200000    00000800   00000000    rw- .sysmem
  20200800    20200800    000001d1   00000000    rw- .data
  202009d4    202009d4    000001d0   00000000    rw- .bss
20207e00    20207e00    00000200   00000000    rw-
  20207e00    20207e00    00000200   00000000    rw- .stack


SECTION ALLOCATION MAP

 output                                  attributes/
section   page    origin      length       input sections
--------  ----  ----------  ----------   ----------------
.intvecs   0    00000000    000000c0     
                  00000000    000000c0     startup_mspm0g350x_ticlang.o (.intvecs)

.text      0    000000c0    000031f0     
                  000000c0    000009d0     libc.a : _printfi.c.obj (.text:__TI_printfi)
                  00000a90    00000380     LED_control.o (.text.main)
                  00000e10    00000220     libc.a : _printfi.c.obj (.text._pconv_a)
                  00001030    000001dc            : _printfi.c.obj (.text._pconv_g)
                  0000120c    00000192     libclang_rt.builtins.a : adddf3.S.obj (.text.adddf3_subdf3)
                  0000139e    00000002     startup_mspm0g350x_ticlang.o (.text.Default_Handler)
                  000013a0    0000013c     libc.a : _printfi.c.obj (.text.fcvt)
                  000014dc    00000120            : _printfi.c.obj (.text._pconv_e)
                  000015fc    00000114            : memory.c.obj (.text.aligned_alloc)
                  00001710    0000010c     libclang_rt.builtins.a : divdf3.S.obj (.text.__divdf3)
                  0000181c    000000fc     driverlib.a : dl_timer.o (.text.DL_Timer_initTimerMode)
                  00001918    000000f8     libc.a : fputs.c.obj (.text.fputs)
                  00001a10    000000e8            : memory.c.obj (.text.free)
                  00001af8    000000e4     libclang_rt.builtins.a : muldf3.S.obj (.text.__muldf3)
                  00001bdc    000000e0     libc.a : setvbuf.c.obj (.text.setvbuf)
                  00001cbc    000000d8            : s_scalbn.c.obj (.text.scalbn)
                  00001d94    000000d8     libclang_rt.builtins.a : addsf3.S.obj (.text)
                  00001e6c    000000a2                            : udivmoddi4.S.obj (.text)
                  00001f0e    00000002     ti_msp_dl_config.o (.text.SYSCFG_DL_GPIO_init)
                  00001f10    0000009c     libc.a : fputc.c.obj (.text.fputc)
                  00001fac    0000009a            : memcpy16.S.obj (.text:memcpy)
                  00002046    00000002     libclang_rt.builtins.a : aeabi_div0.c.obj (.text.__aeabi_idiv0)
                  00002048    0000008c                            : mulsf3.S.obj (.text.__mulsf3)
                  000020d4    0000000c                            : aeabi_memset.S.obj (.text.__aeabi_memclr)
                  000020e0    00000088     libc.a : strcmp-armv6m.S.obj (.text:strcmp)
                  00002168    00000082     libclang_rt.builtins.a : divsf3.S.obj (.text.__divsf3)
                  000021ea    00000002                            : aeabi_div0.c.obj (.text.__aeabi_ldiv0)
                  000021ec    0000007c     libc.a : fclose.c.obj (.text.__TI_closefile)
                  00002268    0000007c            : copy_decompress_lzss.c.obj (.text:decompress:lzss)
                  000022e4    00000074     libclang_rt.builtins.a : comparedf2.c.obj (.text.__gedf2)
                  00002358    0000006c     libsysbm.a : hostlseek.c.obj (.text.HOSTlseek)
                  000023c4    0000006c                : hostrename.c.obj (.text.HOSTrename)
                  00002430    0000006c     libc.a : fseek.c.obj (.text.fseeko)
                  0000249c    0000006c            : getdevice.c.obj (.text.getdevice)
                  00002508    00000068     libclang_rt.builtins.a : comparedf2.c.obj (.text.__ledf2)
                  00002570    00000066     libc.a : _printfi.c.obj (.text._mcpy)
                  000025d6    00000064            : _io_perm.c.obj (.text.__TI_wrt_ok)
                  0000263a    00000002            : _lock.c.obj (.text._nop)
                  0000263c    00000064            : memory.c.obj (.text.split)
                  000026a0    00000062     libclang_rt.builtins.a : aeabi_dcmp.S.obj (.text.__aeabi_dcmp)
                  00002702    00000002     --HOLE-- [fill = 0]
                  00002704    00000062                            : aeabi_fcmp.S.obj (.text.__aeabi_fcmp)
                  00002766    00000062     libc.a : memset16.S.obj (.text:memset)
                  000027c8    00000060     libsysbm.a : hostopen.c.obj (.text.HOSTopen)
                  00002828    0000005c     libc.a : s_frexp.c.obj (.text.frexp)
                  00002884    0000005c            : printf.c.obj (.text.printf)
                  000028e0    00000058     libsysbm.a : hostread.c.obj (.text.HOSTread)
                  00002938    00000058                : hostwrite.c.obj (.text.HOSTwrite)
                  00002990    00000058     libc.a : _ltoa.c.obj (.text.__TI_ltoa)
                  000029e8    00000058            : _printfi.c.obj (.text._pconv_f)
                  00002a40    00000056     libclang_rt.builtins.a : aeabi_idivmod.S.obj (.text.__aeabi_idivmod)
                  00002a96    00000052     libc.a : fflush.c.obj (.text.__TI_doflush)
                  00002ae8    00000052            : _printfi.c.obj (.text._ecpy)
                  00002b3a    00000002     --HOLE-- [fill = 0]
                  00002b3c    00000050     libsysbm.a : close.c.obj (.text.close)
                  00002b8c    0000004a     libclang_rt.builtins.a : fixdfsi.S.obj (.text.__fixdfsi)
                  00002bd6    00000002     --HOLE-- [fill = 0]
                  00002bd8    00000048     libsysbm.a : hostclose.c.obj (.text.HOSTclose)
                  00002c20    00000048                : hostunlink.c.obj (.text.HOSTunlink)
                  00002c68    00000040     ti_msp_dl_config.o (.text.SYSCFG_DL_SYSCTL_init)
                  00002ca8    00000040     libclang_rt.builtins.a : aeabi_uidivmod.S.obj (.text.__aeabi_uidivmod)
                  00002ce8    00000040                            : extendsfdf2.S.obj (.text.__extendsfdf2)
                  00002d28    00000040     libc.a : atoi.c.obj (.text.atoi)
                  00002d68    0000003c     libclang_rt.builtins.a : comparesf2.S.obj (.text.__gtsf2)
                  00002da4    0000003c     libc.a : autoinit.c.obj (.text:__TI_auto_init_nobinit_nopinit)
                  00002de0    0000003a     libclang_rt.builtins.a : comparesf2.S.obj (.text.__eqsf2)
                  00002e1a    00000002     --HOLE-- [fill = 0]
                  00002e1c    0000003a                            : muldsi3.S.obj (.text.__muldsi3)
                  00002e56    00000002     --HOLE-- [fill = 0]
                  00002e58    00000034     libc.a : fopen.c.obj (.text.__TI_cleanup)
                  00002e8c    00000034     libsysbm.a : trgmsg.c.obj (.text.__TI_readmsg)
                  00002ec0    00000034                : trgmsg.c.obj (.text.__TI_writemsg)
                  00002ef4    00000034     libc.a : exit.c.obj (.text.exit)
                  00002f28    00000034            : getdevice.c.obj (.text.finddevice)
                  00002f5c    00000030            : _printfi.c.obj (.text._fcpy)
                  00002f8c    0000002c     ti_msp_dl_config.o (.text.SYSCFG_DL_initPower)
                  00002fb8    0000002c     libclang_rt.builtins.a : floatsidf.S.obj (.text.__floatsidf)
                  00002fe4    0000002c     libsysbm.a : unlink.c.obj (.text.unlink)
                  00003010    00000028     libclang_rt.builtins.a : floatunsisf.S.obj (.text.__floatunsisf)
                  00003038    00000028     libc.a : memory.c.obj (.text.free_list_insert)
                  00003060    00000028     libsysbm.a : lseek.c.obj (.text.lseek)
                  00003088    00000028                : write.c.obj (.text.write)
                  000030b0    00000028     libc.a : boot_cortex_m.c.obj (.text:_c_int00_noargs)
                  000030d8    00000024     libclang_rt.builtins.a : muldi3.S.obj (.text.__muldi3)
                  000030fc    00000022     libc.a : memccpy.c.obj (.text.memccpy)
                  0000311e    00000002     --HOLE-- [fill = 0]
                  00003120    0000001e     libclang_rt.builtins.a : ashldi3.S.obj (.text.__ashldi3)
                  0000313e    00000002     --HOLE-- [fill = 0]
                  00003140    0000001c     driverlib.a : dl_timer.o (.text.DL_Timer_setClockConfig)
                  0000315c    0000001c     libc.a : memory.c.obj (.text.free_list_remove)
                  00003178    00000016            : copy_zero_init.c.obj (.text:decompress:ZI:__TI_zero_init_nomemset)
                  0000318e    00000002     --HOLE-- [fill = 0]
                  00003190    00000014     libclang_rt.builtins.a : aeabi_uldivmod.S.obj (.text.__aeabi_uldivmod)
                  000031a4    00000014     libc.a : _printfi.c.obj (.text.strchr)
                  000031b8    00000012            : copy_decompress_none.c.obj (.text:decompress:none)
                  000031ca    00000010     ti_msp_dl_config.o (.text.SYSCFG_DL_init)
                  000031da    00000010     libc.a : wcslen.c.obj (.text.wcslen)
                  000031ea    0000000e            : memory.c.obj (.text.OUTLINED_FUNCTION_0)
                  000031f8    0000000e     libclang_rt.builtins.a : aeabi_memset.S.obj (.text.__aeabi_memset)
                  00003206    0000000e     libsysbm.a : hostrename.c.obj (.text.strcpy)
                  00003214    0000000e     libc.a : _printfi.c.obj (.text.strlen)
                  00003222    0000000e     libsysbm.a : hostrename.c.obj (.text.strlen)
                  00003230    0000000c     libc.a : memory.c.obj (.text.malloc)
                  0000323c    0000000a     driverlib.a : dl_common.o (.text.DL_Common_delayCycles)
                  00003246    0000000a     libc.a : _printfi.c.obj (.text.OUTLINED_FUNCTION_0)
                  00003250    00000010     libclang_rt.builtins.a : adddf3.S.obj (.tramp.__aeabi_dsub.1)
                  00003260    0000000a     libc.a : _printfi.c.obj (.text.OUTLINED_FUNCTION_1)
                  0000326a    00000002     --HOLE-- [fill = 0]
                  0000326c    00000008            : aeabi_portable.c.obj (.text.__aeabi_errno_addr)
                  00003274    00000008     libclang_rt.builtins.a : aeabi_memcpy.S.obj (.text.__aeabi_memcpy)
                  0000327c    00000008     libc.a : printf.c.obj (.text._outc)
                  00003284    00000008            : printf.c.obj (.text._outs)
                  0000328c    00000008            : fseek.c.obj (.text.fseek)
                  00003294    00000008     libsysbm.a : remove.c.obj (.text.remove)
                  0000329c    00000006     libc.a : exit.c.obj (.text:abort)
                  000032a2    00000004     libsysbm.a : hostexit.c.obj (.text.HOSTexit)
                  000032a6    00000004     startup_mspm0g350x_ticlang.o (.text.Reset_Handler)
                  000032aa    00000004     libc.a : pre_init.c.obj (.text._system_pre_init)
                  000032ae    00000002     --HOLE-- [fill = 0]

.cinit     0    00003420    00000088     
                  00003420    00000063     (.cinit..data.load) [load image, compression = lzss]
                  00003483    00000001     --HOLE-- [fill = 0]
                  00003484    0000000c     (__TI_handler_table)
                  00003490    00000008     (.cinit..bss.load) [load image, compression = zero_init]
                  00003498    00000010     (__TI_cinit_table)

.rodata    0    000032b0    00000170     
                  000032b0    00000101     libc.a : aeabi_ctype.S.obj (.rodata:__aeabi_ctype_table_)
                  000033b1    00000027     LED_control.o (.rodata.str1.2161968714769166985.1)
                  000033d8    00000017     LED_control.o (.rodata.str1.8033633413648751445.1)
                  000033ef    00000011     libc.a : _printfi.c.obj (.rodata.str1.10348868589481759720.1)
                  00003400    00000011            : _printfi.c.obj (.rodata.str1.15363888844622738466.1)
                  00003411    0000000f     --HOLE-- [fill = 0]

.init_array 
*          0    00000000    00000000     UNINITIALIZED

.binit     0    00000000    00000000     

.sysmem    0    20200000    00000800     UNINITIALIZED
                  20200000    00000010     libc.a : memory.c.obj (.sysmem)
                  20200010    000007f0     --HOLE--

.data      0    20200800    000001d1     UNINITIALIZED
                  20200800    000000f0     libc.a : defs.c.obj (.data._ftable)
                  202008f0    00000078     libsysbm.a : host_device.c.obj (.data._device)
                  20200968    00000050                : host_device.c.obj (.data._stream)
                  202009b8    00000008     libc.a : exit.c.obj (.data..L_MergedGlobals)
                  202009c0    00000004            : defs.c.obj (.data.__TI_ft_end)
                  202009c4    00000004            : aeabi_portable.c.obj (.data.__aeabi_errno)
                  202009c8    00000004            : _lock.c.obj (.data._lock)
                  202009cc    00000004            : _lock.c.obj (.data._unlock)
                  202009d0    00000001            : memory.c.obj (.data.memory_is_initialized)

.bss       0    202009d4    000001d0     UNINITIALIZED
                  202009d4    00000120     libsysbm.a : trgmsg.c.obj (.bss:_CIOBUF_)
                  20200af4    000000a0     libc.a : defs.c.obj (.bss.__TI_tmpnams)
                  20200b94    00000008     libsysbm.a : hostopen.c.obj (.bss.parmbuf)
                  20200b9c    00000004     libc.a : memory.c.obj (.bss.sys_free)
                  20200ba0    00000004     (.common:cal_default_frequency)

.stack     0    20207e00    00000200     UNINITIALIZED
                  20207e00    00000004     libc.a : boot_cortex_m.c.obj (.stack)
                  20207e04    000001fc     --HOLE--

__llvm_prf_cnts 
*          0    20200000    00000000     UNINITIALIZED

__llvm_prf_bits 
*          0    20200000    00000000     UNINITIALIZED

MODULE SUMMARY

       Module                         code    ro data   rw data
       ------                         ----    -------   -------
    ./
       LED_control.o                  896     62        4      
       startup_mspm0g350x_ticlang.o   6       192       0      
       ti_msp_dl_config.o             126     0         0      
    +--+------------------------------+-------+---------+---------+
       Total:                         1028    254       4      
                                                               
    /Applications/ti/ccs2041/ccs/tools/compiler/ti-cgt-armllvm_4.0.4.LTS/lib/armv6m-ti-none-eabi/c/libc.a
       _printfi.c.obj                 4510    34        0      
       memory.c.obj                   702     0         5      
       defs.c.obj                     0       0         404    
       aeabi_ctype.S.obj              0       257       0      
       fputs.c.obj                    248     0         0      
       setvbuf.c.obj                  224     0         0      
       s_scalbn.c.obj                 216     0         0      
       getdevice.c.obj                160     0         0      
       fputc.c.obj                    156     0         0      
       memcpy16.S.obj                 154     0         0      
       strcmp-armv6m.S.obj            136     0         0      
       copy_decompress_lzss.c.obj     124     0         0      
       fclose.c.obj                   124     0         0      
       fseek.c.obj                    116     0         0      
       printf.c.obj                   108     0         0      
       _io_perm.c.obj                 100     0         0      
       memset16.S.obj                 98      0         0      
       s_frexp.c.obj                  92      0         0      
       _ltoa.c.obj                    88      0         0      
       fflush.c.obj                   82      0         0      
       exit.c.obj                     58      0         8      
       atoi.c.obj                     64      0         0      
       autoinit.c.obj                 60      0         0      
       fopen.c.obj                    52      0         0      
       boot_cortex_m.c.obj            40      0         0      
       memccpy.c.obj                  34      0         0      
       copy_zero_init.c.obj           22      0         0      
       copy_decompress_none.c.obj     18      0         0      
       wcslen.c.obj                   16      0         0      
       aeabi_portable.c.obj           8       0         4      
       _lock.c.obj                    2       0         8      
       pre_init.c.obj                 4       0         0      
    +--+------------------------------+-------+---------+---------+
       Total:                         7816    291       429    
                                                               
    /Applications/ti/ccs2041/ccs/tools/compiler/ti-cgt-armllvm_4.0.4.LTS/lib/armv6m-ti-none-eabi/c/libsysbm.a
       trgmsg.c.obj                   104     0         288    
       host_device.c.obj              0       0         200    
       hostrename.c.obj               136     0         0      
       hostlseek.c.obj                108     0         0      
       hostopen.c.obj                 96      0         8      
       hostread.c.obj                 88      0         0      
       hostwrite.c.obj                88      0         0      
       close.c.obj                    80      0         0      
       hostclose.c.obj                72      0         0      
       hostunlink.c.obj               72      0         0      
       unlink.c.obj                   44      0         0      
       lseek.c.obj                    40      0         0      
       write.c.obj                    40      0         0      
       remove.c.obj                   8       0         0      
       hostexit.c.obj                 4       0         0      
    +--+------------------------------+-------+---------+---------+
       Total:                         980     0         496    
                                                               
    /Applications/ti/ccs2041/ccs/tools/compiler/ti-cgt-armllvm_4.0.4.LTS/lib/armv6m-ti-none-eabi/libclang_rt.builtins.a
       adddf3.S.obj                   418     0         0      
       divdf3.S.obj                   268     0         0      
       muldf3.S.obj                   228     0         0      
       comparedf2.c.obj               220     0         0      
       addsf3.S.obj                   216     0         0      
       udivmoddi4.S.obj               162     0         0      
       mulsf3.S.obj                   140     0         0      
       divsf3.S.obj                   130     0         0      
       comparesf2.S.obj               118     0         0      
       aeabi_dcmp.S.obj               98      0         0      
       aeabi_fcmp.S.obj               98      0         0      
       aeabi_idivmod.S.obj            86      0         0      
       fixdfsi.S.obj                  74      0         0      
       aeabi_uidivmod.S.obj           64      0         0      
       extendsfdf2.S.obj              64      0         0      
       muldsi3.S.obj                  58      0         0      
       floatsidf.S.obj                44      0         0      
       floatunsisf.S.obj              40      0         0      
       muldi3.S.obj                   36      0         0      
       ashldi3.S.obj                  30      0         0      
       aeabi_memset.S.obj             26      0         0      
       aeabi_uldivmod.S.obj           20      0         0      
       aeabi_memcpy.S.obj             8       0         0      
       aeabi_div0.c.obj               4       0         0      
    +--+------------------------------+-------+---------+---------+
       Total:                         2650    0         0      
                                                               
    /Applications/ti/mspm0_sdk_2_09_00_01/source/ti/driverlib/lib/ticlang/m0p/mspm0g1x0x_g3x0x/driverlib.a
       dl_timer.o                     280     0         0      
       dl_common.o                    10      0         0      
    +--+------------------------------+-------+---------+---------+
       Total:                         290     0         0      
                                                               
       Heap:                          0       0         2048   
       Stack:                         0       0         512    
       Linker Generated:              0       135       0      
    +--+------------------------------+-------+---------+---------+
       Grand Total:                   12764   680       3489   


LINKER GENERATED COPY TABLES

__TI_cinit_table @ 00003498 records: 2, size/record: 8, table size: 16
	.data: load addr=00003420, load size=00000063 bytes, run addr=20200800, run size=000001d1 bytes, compression=lzss
	.bss: load addr=00003490, load size=00000008 bytes, run addr=202009d4, run size=000001d0 bytes, compression=zero_init


LINKER GENERATED HANDLER TABLE

__TI_handler_table @ 00003484 records: 3, size/record: 4, table size: 12
	index: 0, handler: __TI_decompress_lzss
	index: 1, handler: __TI_decompress_none
	index: 2, handler: __TI_zero_init


FAR CALL TRAMPOLINES

callee name               trampoline name
   callee addr  tramp addr   call addr  call info
--------------  -----------  ---------  ----------------
__aeabi_dsub              $Tramp$TT$L$PI$$__aeabi_dsub
   0000120d     00003250     0000324e   libc.a : _printfi.c.obj (.text.OUTLINED_FUNCTION_0)

[1 trampolines]
[1 trampoline calls]


GLOBAL SYMBOLS: SORTED ALPHABETICALLY BY Name 

address   name                          
-------   ----                          
0000139f  ADC0_IRQHandler               
0000139f  ADC1_IRQHandler               
0000139f  AES_IRQHandler                
000032a2  C$$EXIT                       
00002eed  C$$IO$$                       
0000139f  CANFD0_IRQHandler             
0000139f  DAC0_IRQHandler               
0000323d  DL_Common_delayCycles         
0000181d  DL_Timer_initTimerMode        
00003141  DL_Timer_setClockConfig       
0000139f  DMA_IRQHandler                
0000139f  Default_Handler               
0000139f  GROUP0_IRQHandler             
0000139f  GROUP1_IRQHandler             
00002bd9  HOSTclose                     
000032a3  HOSTexit                      
00002359  HOSTlseek                     
000027c9  HOSTopen                      
000028e1  HOSTread                      
000023c5  HOSTrename                    
00002c21  HOSTunlink                    
00002939  HOSTwrite                     
0000139f  HardFault_Handler             
0000139f  I2C0_IRQHandler               
0000139f  I2C1_IRQHandler               
0000139f  NMI_Handler                   
0000139f  PendSV_Handler                
0000139f  RTC_IRQHandler                
000032a7  Reset_Handler                 
0000139f  SPI0_IRQHandler               
0000139f  SPI1_IRQHandler               
0000139f  SVC_Handler                   
00001f0f  SYSCFG_DL_GPIO_init           
00002c69  SYSCFG_DL_SYSCTL_init         
000031cb  SYSCFG_DL_init                
00002f8d  SYSCFG_DL_initPower           
0000139f  SysTick_Handler               
0000139f  TIMA0_IRQHandler              
0000139f  TIMA1_IRQHandler              
0000139f  TIMG0_IRQHandler              
0000139f  TIMG12_IRQHandler             
0000139f  TIMG6_IRQHandler              
0000139f  TIMG7_IRQHandler              
0000139f  TIMG8_IRQHandler              
0000139f  UART0_IRQHandler              
0000139f  UART1_IRQHandler              
0000139f  UART2_IRQHandler              
0000139f  UART3_IRQHandler              
202009d4  _CIOBUF_                      
202009d4  __CIOBUF_                     
20208000  __STACK_END                   
00000200  __STACK_SIZE                  
00000800  __SYSMEM_SIZE                 
00000000  __TI_ATRegion0_region_sz      
00000000  __TI_ATRegion0_src_addr       
00000000  __TI_ATRegion0_trg_addr       
00000000  __TI_ATRegion1_region_sz      
00000000  __TI_ATRegion1_src_addr       
00000000  __TI_ATRegion1_trg_addr       
00000000  __TI_ATRegion2_region_sz      
00000000  __TI_ATRegion2_src_addr       
00000000  __TI_ATRegion2_trg_addr       
00003498  __TI_CINIT_Base               
000034a8  __TI_CINIT_Limit              
000034a8  __TI_CINIT_Warm               
00003484  __TI_Handler_Table_Base       
00003490  __TI_Handler_Table_Limit      
00002da5  __TI_auto_init_nobinit_nopinit
00002e59  __TI_cleanup                  
202009b8  __TI_cleanup_ptr              
000021ed  __TI_closefile                
00002269  __TI_decompress_lzss          
000031b9  __TI_decompress_none          
00002a97  __TI_doflush                  
202009bc  __TI_dtors_ptr                
202009c0  __TI_ft_end                   
00002991  __TI_ltoa                     
ffffffff  __TI_pprof_out_hndl           
000000c1  __TI_printfi                  
ffffffff  __TI_prof_data_size           
ffffffff  __TI_prof_data_start          
00002e8d  __TI_readmsg                  
00000000  __TI_static_base__            
20200af4  __TI_tmpnams                  
00002ec1  __TI_writemsg                 
000025d7  __TI_wrt_ok                   
00003179  __TI_zero_init_nomemset       
00001217  __adddf3                      
00001d9f  __addsf3                      
000032b0  __aeabi_ctype_table_          
000032b0  __aeabi_ctype_table_C         
00002b8d  __aeabi_d2iz                  
00001217  __aeabi_dadd                  
000026a1  __aeabi_dcmpeq                
000026dd  __aeabi_dcmpge                
000026f1  __aeabi_dcmpgt                
000026c9  __aeabi_dcmple                
000026b5  __aeabi_dcmplt                
00001711  __aeabi_ddiv                  
00001af9  __aeabi_dmul                  
0000120d  __aeabi_dsub                  
202009c4  __aeabi_errno                 
0000326d  __aeabi_errno_addr            
00002ce9  __aeabi_f2d                   
00001d9f  __aeabi_fadd                  
00002705  __aeabi_fcmpeq                
00002741  __aeabi_fcmpge                
00002755  __aeabi_fcmpgt                
0000272d  __aeabi_fcmple                
00002719  __aeabi_fcmplt                
00002169  __aeabi_fdiv                  
00002049  __aeabi_fmul                  
00001d95  __aeabi_fsub                  
00002fb9  __aeabi_i2d                   
00002a41  __aeabi_idiv                  
00002047  __aeabi_idiv0                 
00002a41  __aeabi_idivmod               
000021eb  __aeabi_ldiv0                 
00003121  __aeabi_llsl                  
000030d9  __aeabi_lmul                  
000020d5  __aeabi_memclr                
000020d5  __aeabi_memclr4               
000020d5  __aeabi_memclr8               
00003275  __aeabi_memcpy                
00003275  __aeabi_memcpy4               
00003275  __aeabi_memcpy8               
000031f9  __aeabi_memset                
000031f9  __aeabi_memset4               
000031f9  __aeabi_memset8               
00003011  __aeabi_ui2f                  
00002ca9  __aeabi_uidiv                 
00002ca9  __aeabi_uidivmod              
00003191  __aeabi_uldivmod              
00003121  __ashldi3                     
ffffffff  __binit__                     
00002509  __cmpdf2                      
00002de1  __cmpsf2                      
00001711  __divdf3                      
00002169  __divsf3                      
00002509  __eqdf2                       
00002de1  __eqsf2                       
00002ce9  __extendsfdf2                 
00002b8d  __fixdfsi                     
00002fb9  __floatsidf                   
00003011  __floatunsisf                 
000022e5  __gedf2                       
00002d69  __gesf2                       
000022e5  __gtdf2                       
00002d69  __gtsf2                       
00002509  __ledf2                       
00002de1  __lesf2                       
00002509  __ltdf2                       
00002de1  __ltsf2                       
UNDEFED   __mpu_init                    
00001af9  __muldf3                      
000030d9  __muldi3                      
00002e1d  __muldsi3                     
00002049  __mulsf3                      
00002509  __nedf2                       
00002de1  __nesf2                       
20207e00  __stack                       
20200000  __start___llvm_prf_bits       
20200000  __start___llvm_prf_cnts       
20200000  __stop___llvm_prf_bits        
20200000  __stop___llvm_prf_cnts        
0000120d  __subdf3                      
00001d95  __subsf3                      
00001e6d  __udivmoddi4                  
000030b1  _c_int00_noargs               
202008f0  _device                       
20200800  _ftable                       
202009c8  _lock                         
0000263b  _nop                          
20200968  _stream                       
20200000  _sys_memory                   
UNDEFED   _system_post_cinit            
000032ab  _system_pre_init              
202009cc  _unlock                       
0000329d  abort                         
000015fd  aligned_alloc                 
00002d29  atoi                          
ffffffff  binit                         
20200ba0  cal_default_frequency         
00002b3d  close                         
00002ef5  exit                          
00002f29  finddevice                    
00001f11  fputc                         
00001919  fputs                         
00001a11  free                          
00002829  frexp                         
00002829  frexpl                        
0000328d  fseek                         
00002431  fseeko                        
0000249d  getdevice                     
00000000  interruptVectors              
00001cbd  ldexp                         
00001cbd  ldexpl                        
00003061  lseek                         
00000a91  main                          
00003231  malloc                        
000015fd  memalign                      
000030fd  memccpy                       
00001fad  memcpy                        
00002767  memset                        
20200b94  parmbuf                       
00002885  printf                        
00003295  remove                        
00001cbd  scalbn                        
00001cbd  scalbnl                       
00001bdd  setvbuf                       
000020e1  strcmp                        
00002fe5  unlink                        
000031db  wcslen                        
00003089  write                         


GLOBAL SYMBOLS: SORTED BY Symbol Address 

address   name                          
-------   ----                          
00000000  __TI_ATRegion0_region_sz      
00000000  __TI_ATRegion0_src_addr       
00000000  __TI_ATRegion0_trg_addr       
00000000  __TI_ATRegion1_region_sz      
00000000  __TI_ATRegion1_src_addr       
00000000  __TI_ATRegion1_trg_addr       
00000000  __TI_ATRegion2_region_sz      
00000000  __TI_ATRegion2_src_addr       
00000000  __TI_ATRegion2_trg_addr       
00000000  __TI_static_base__            
00000000  interruptVectors              
000000c1  __TI_printfi                  
00000200  __STACK_SIZE                  
00000800  __SYSMEM_SIZE                 
00000a91  main                          
0000120d  __aeabi_dsub                  
0000120d  __subdf3                      
00001217  __adddf3                      
00001217  __aeabi_dadd                  
0000139f  ADC0_IRQHandler               
0000139f  ADC1_IRQHandler               
0000139f  AES_IRQHandler                
0000139f  CANFD0_IRQHandler             
0000139f  DAC0_IRQHandler               
0000139f  DMA_IRQHandler                
0000139f  Default_Handler               
0000139f  GROUP0_IRQHandler             
0000139f  GROUP1_IRQHandler             
0000139f  HardFault_Handler             
0000139f  I2C0_IRQHandler               
0000139f  I2C1_IRQHandler               
0000139f  NMI_Handler                   
0000139f  PendSV_Handler                
0000139f  RTC_IRQHandler                
0000139f  SPI0_IRQHandler               
0000139f  SPI1_IRQHandler               
0000139f  SVC_Handler                   
0000139f  SysTick_Handler               
0000139f  TIMA0_IRQHandler              
0000139f  TIMA1_IRQHandler              
0000139f  TIMG0_IRQHandler              
0000139f  TIMG12_IRQHandler             
0000139f  TIMG6_IRQHandler              
0000139f  TIMG7_IRQHandler              
0000139f  TIMG8_IRQHandler              
0000139f  UART0_IRQHandler              
0000139f  UART1_IRQHandler              
0000139f  UART2_IRQHandler              
0000139f  UART3_IRQHandler              
000015fd  aligned_alloc                 
000015fd  memalign                      
00001711  __aeabi_ddiv                  
00001711  __divdf3                      
0000181d  DL_Timer_initTimerMode        
00001919  fputs                         
00001a11  free                          
00001af9  __aeabi_dmul                  
00001af9  __muldf3                      
00001bdd  setvbuf                       
00001cbd  ldexp                         
00001cbd  ldexpl                        
00001cbd  scalbn                        
00001cbd  scalbnl                       
00001d95  __aeabi_fsub                  
00001d95  __subsf3                      
00001d9f  __addsf3                      
00001d9f  __aeabi_fadd                  
00001e6d  __udivmoddi4                  
00001f0f  SYSCFG_DL_GPIO_init           
00001f11  fputc                         
00001fad  memcpy                        
00002047  __aeabi_idiv0                 
00002049  __aeabi_fmul                  
00002049  __mulsf3                      
000020d5  __aeabi_memclr                
000020d5  __aeabi_memclr4               
000020d5  __aeabi_memclr8               
000020e1  strcmp                        
00002169  __aeabi_fdiv                  
00002169  __divsf3                      
000021eb  __aeabi_ldiv0                 
000021ed  __TI_closefile                
00002269  __TI_decompress_lzss          
000022e5  __gedf2                       
000022e5  __gtdf2                       
00002359  HOSTlseek                     
000023c5  HOSTrename                    
00002431  fseeko                        
0000249d  getdevice                     
00002509  __cmpdf2                      
00002509  __eqdf2                       
00002509  __ledf2                       
00002509  __ltdf2                       
00002509  __nedf2                       
000025d7  __TI_wrt_ok                   
0000263b  _nop                          
000026a1  __aeabi_dcmpeq                
000026b5  __aeabi_dcmplt                
000026c9  __aeabi_dcmple                
000026dd  __aeabi_dcmpge                
000026f1  __aeabi_dcmpgt                
00002705  __aeabi_fcmpeq                
00002719  __aeabi_fcmplt                
0000272d  __aeabi_fcmple                
00002741  __aeabi_fcmpge                
00002755  __aeabi_fcmpgt                
00002767  memset                        
000027c9  HOSTopen                      
00002829  frexp                         
00002829  frexpl                        
00002885  printf                        
000028e1  HOSTread                      
00002939  HOSTwrite                     
00002991  __TI_ltoa                     
00002a41  __aeabi_idiv                  
00002a41  __aeabi_idivmod               
00002a97  __TI_doflush                  
00002b3d  close                         
00002b8d  __aeabi_d2iz                  
00002b8d  __fixdfsi                     
00002bd9  HOSTclose                     
00002c21  HOSTunlink                    
00002c69  SYSCFG_DL_SYSCTL_init         
00002ca9  __aeabi_uidiv                 
00002ca9  __aeabi_uidivmod              
00002ce9  __aeabi_f2d                   
00002ce9  __extendsfdf2                 
00002d29  atoi                          
00002d69  __gesf2                       
00002d69  __gtsf2                       
00002da5  __TI_auto_init_nobinit_nopinit
00002de1  __cmpsf2                      
00002de1  __eqsf2                       
00002de1  __lesf2                       
00002de1  __ltsf2                       
00002de1  __nesf2                       
00002e1d  __muldsi3                     
00002e59  __TI_cleanup                  
00002e8d  __TI_readmsg                  
00002ec1  __TI_writemsg                 
00002eed  C$$IO$$                       
00002ef5  exit                          
00002f29  finddevice                    
00002f8d  SYSCFG_DL_initPower           
00002fb9  __aeabi_i2d                   
00002fb9  __floatsidf                   
00002fe5  unlink                        
00003011  __aeabi_ui2f                  
00003011  __floatunsisf                 
00003061  lseek                         
00003089  write                         
000030b1  _c_int00_noargs               
000030d9  __aeabi_lmul                  
000030d9  __muldi3                      
000030fd  memccpy                       
00003121  __aeabi_llsl                  
00003121  __ashldi3                     
00003141  DL_Timer_setClockConfig       
00003179  __TI_zero_init_nomemset       
00003191  __aeabi_uldivmod              
000031b9  __TI_decompress_none          
000031cb  SYSCFG_DL_init                
000031db  wcslen                        
000031f9  __aeabi_memset                
000031f9  __aeabi_memset4               
000031f9  __aeabi_memset8               
00003231  malloc                        
0000323d  DL_Common_delayCycles         
0000326d  __aeabi_errno_addr            
00003275  __aeabi_memcpy                
00003275  __aeabi_memcpy4               
00003275  __aeabi_memcpy8               
0000328d  fseek                         
00003295  remove                        
0000329d  abort                         
000032a2  C$$EXIT                       
000032a3  HOSTexit                      
000032a7  Reset_Handler                 
000032ab  _system_pre_init              
000032b0  __aeabi_ctype_table_          
000032b0  __aeabi_ctype_table_C         
00003484  __TI_Handler_Table_Base       
00003490  __TI_Handler_Table_Limit      
00003498  __TI_CINIT_Base               
000034a8  __TI_CINIT_Limit              
000034a8  __TI_CINIT_Warm               
20200000  __start___llvm_prf_bits       
20200000  __start___llvm_prf_cnts       
20200000  __stop___llvm_prf_bits        
20200000  __stop___llvm_prf_cnts        
20200000  _sys_memory                   
20200800  _ftable                       
202008f0  _device                       
20200968  _stream                       
202009b8  __TI_cleanup_ptr              
202009bc  __TI_dtors_ptr                
202009c0  __TI_ft_end                   
202009c4  __aeabi_errno                 
202009c8  _lock                         
202009cc  _unlock                       
202009d4  _CIOBUF_                      
202009d4  __CIOBUF_                     
20200af4  __TI_tmpnams                  
20200b94  parmbuf                       
20200ba0  cal_default_frequency         
20207e00  __stack                       
20208000  __STACK_END                   
ffffffff  __TI_pprof_out_hndl           
ffffffff  __TI_prof_data_size           
ffffffff  __TI_prof_data_start          
ffffffff  __binit__                     
ffffffff  binit                         
UNDEFED   __mpu_init                    
UNDEFED   _system_post_cinit            

[214 symbols]
