******************************************************************************
            TI ARM Clang Linker Unix v4.0.4                    
******************************************************************************
>> Linked Thu Jan 29 23:30:09 2026

OUTPUT FILE NAME:   <lab1.out>
ENTRY POINT SYMBOL: "_c_int00_noargs"  address: 00001171


MEMORY CONFIGURATION

         name            origin    length      used     unused   attr    fill
----------------------  --------  ---------  --------  --------  ----  --------
  FLASH                 00000000   00020000  00001360  0001eca0  R  X
  SRAM                  20200000   00008000  00000d99  00007267  RW X
  BCR_CONFIG            41c00000   000000ff  00000000  000000ff  R   
  BSL_CONFIG            41c00100   00000080  00000000  00000080  R   


SEGMENT ALLOCATION MAP

run origin  load origin   length   init length attrs members
----------  ----------- ---------- ----------- ----- -------
00000000    00000000    00001360   00001360    r-x
  00000000    00000000    000000c0   000000c0    r-- .intvecs
  000000c0    000000c0    000011f0   000011f0    r-x .text
  000012b0    000012b0    00000020   00000020    r-- .rodata
  000012d0    000012d0    00000090   00000090    r-- .cinit
20200000    20200000    00000b9c   00000000    rw-
  20200000    20200000    00000800   00000000    rw- .sysmem
  20200800    20200800    000001cd   00000000    rw- .data
  202009d0    202009d0    000001cc   00000000    rw- .bss
20207e00    20207e00    00000200   00000000    rw-
  20207e00    20207e00    00000200   00000000    rw- .stack


SECTION ALLOCATION MAP

 output                                  attributes/
section   page    origin      length       input sections
--------  ----  ----------  ----------   ----------------
.intvecs   0    00000000    000000c0     
                  00000000    000000c0     startup_mspm0g350x_ticlang.o (.intvecs)

.text      0    000000c0    000011f0     
                  000000c0    00000284     libc.a : _printfi.c.obj (.text:__TI_printfi_minimal)
                  00000344    00000114            : memory.c.obj (.text.aligned_alloc)
                  00000458    000000f8            : fputs.c.obj (.text.fputs)
                  00000550    000000e8            : memory.c.obj (.text.free)
                  00000638    000000e0            : setvbuf.c.obj (.text.setvbuf)
                  00000718    0000009c            : fputc.c.obj (.text.fputc)
                  000007b4    0000009a            : memcpy16.S.obj (.text:memcpy)
                  0000084e    00000002     startup_mspm0g350x_ticlang.o (.text.Default_Handler)
                  00000850    00000088     libc.a : strcmp-armv6m.S.obj (.text:strcmp)
                  000008d8    0000007c            : fclose.c.obj (.text.__TI_closefile)
                  00000954    0000007c            : copy_decompress_lzss.c.obj (.text:decompress:lzss)
                  000009d0    0000006c     libsysbm.a : hostlseek.c.obj (.text.HOSTlseek)
                  00000a3c    0000006c                : hostrename.c.obj (.text.HOSTrename)
                  00000aa8    0000006c     libc.a : fseek.c.obj (.text.fseeko)
                  00000b14    0000006c            : getdevice.c.obj (.text.getdevice)
                  00000b80    00000064            : _io_perm.c.obj (.text.__TI_wrt_ok)
                  00000be4    00000064            : memory.c.obj (.text.split)
                  00000c48    00000062            : memset16.S.obj (.text:memset)
                  00000caa    00000002     libclang_rt.builtins.a : aeabi_div0.c.obj (.text.__aeabi_idiv0)
                  00000cac    00000060     libsysbm.a : hostopen.c.obj (.text.HOSTopen)
                  00000d0c    0000005c     libc.a : printf.c.obj (.text.printf)
                  00000d68    00000058     libsysbm.a : hostread.c.obj (.text.HOSTread)
                  00000dc0    00000058                : hostwrite.c.obj (.text.HOSTwrite)
                  00000e18    00000052     libc.a : fflush.c.obj (.text.__TI_doflush)
                  00000e6a    00000002            : _lock.c.obj (.text._nop)
                  00000e6c    00000050     libsysbm.a : close.c.obj (.text.close)
                  00000ebc    00000048                : hostclose.c.obj (.text.HOSTclose)
                  00000f04    00000048                : hostunlink.c.obj (.text.HOSTunlink)
                  00000f4c    00000040     libclang_rt.builtins.a : aeabi_uidivmod.S.obj (.text.__aeabi_uidivmod)
                  00000f8c    0000003c     libc.a : autoinit.c.obj (.text:__TI_auto_init_nobinit_nopinit)
                  00000fc8    00000034            : fopen.c.obj (.text.__TI_cleanup)
                  00000ffc    00000034     libsysbm.a : trgmsg.c.obj (.text.__TI_readmsg)
                  00001030    00000034                : trgmsg.c.obj (.text.__TI_writemsg)
                  00001064    00000034     libc.a : exit.c.obj (.text.exit)
                  00001098    00000034            : getdevice.c.obj (.text.finddevice)
                  000010cc    0000002c     libsysbm.a : unlink.c.obj (.text.unlink)
                  000010f8    00000028     libc.a : memory.c.obj (.text.free_list_insert)
                  00001120    00000028     libsysbm.a : lseek.c.obj (.text.lseek)
                  00001148    00000028                : write.c.obj (.text.write)
                  00001170    00000028     libc.a : boot_cortex_m.c.obj (.text:_c_int00_noargs)
                  00001198    00000022            : memccpy.c.obj (.text.memccpy)
                  000011ba    00000002     --HOLE-- [fill = 0]
                  000011bc    0000001c            : memory.c.obj (.text.free_list_remove)
                  000011d8    00000016            : copy_zero_init.c.obj (.text:decompress:ZI:__TI_zero_init_nomemset)
                  000011ee    00000012            : copy_decompress_none.c.obj (.text:decompress:none)
                  00001200    00000010     empty.o (.text.main)
                  00001210    0000000e     libc.a : memory.c.obj (.text.OUTLINED_FUNCTION_0)
                  0000121e    00000002     --HOLE-- [fill = 0]
                  00001220    0000000e     libclang_rt.builtins.a : aeabi_memset.S.obj (.text.__aeabi_memset)
                  0000122e    0000000e     libsysbm.a : hostrename.c.obj (.text.strcpy)
                  0000123c    0000000e     libc.a : _printfi.c.obj (.text.strlen)
                  0000124a    0000000e     libsysbm.a : hostrename.c.obj (.text.strlen)
                  00001258    0000000c     libclang_rt.builtins.a : aeabi_memset.S.obj (.text.__aeabi_memclr)
                  00001264    0000000c     libc.a : memory.c.obj (.text.malloc)
                  00001270    00000008     libclang_rt.builtins.a : aeabi_memcpy.S.obj (.text.__aeabi_memcpy)
                  00001278    00000008     libc.a : printf.c.obj (.text._outc)
                  00001280    00000008            : printf.c.obj (.text._outs)
                  00001288    00000008            : fseek.c.obj (.text.fseek)
                  00001290    00000008     libsysbm.a : remove.c.obj (.text.remove)
                  00001298    00000006     libc.a : exit.c.obj (.text:abort)
                  0000129e    00000004     libsysbm.a : hostexit.c.obj (.text.HOSTexit)
                  000012a2    00000004     startup_mspm0g350x_ticlang.o (.text.Reset_Handler)
                  000012a6    00000004     libc.a : pre_init.c.obj (.text._system_pre_init)
                  000012aa    00000006     --HOLE-- [fill = 0]

.cinit     0    000012d0    00000090     
                  000012d0    00000065     (.cinit..data.load) [load image, compression = lzss]
                  00001335    00000003     --HOLE-- [fill = 0]
                  00001338    0000000c     (__TI_handler_table)
                  00001344    00000008     (.cinit..bss.load) [load image, compression = zero_init]
                  0000134c    00000010     (__TI_cinit_table)
                  0000135c    00000004     --HOLE-- [fill = 0]

.rodata    0    000012b0    00000020     
                  000012b0    00000011     libc.a : _printfi.c.obj (.rodata.str1.15363888844622738466.1)
                  000012c1    0000000d     empty.o (.rodata.str1.9517790425240694019.1)
                  000012ce    00000002     --HOLE-- [fill = 0]

.init_array 
*          0    00000000    00000000     UNINITIALIZED

.binit     0    00000000    00000000     

.sysmem    0    20200000    00000800     UNINITIALIZED
                  20200000    00000010     libc.a : memory.c.obj (.sysmem)
                  20200010    000007f0     --HOLE--

.data      0    20200800    000001cd     UNINITIALIZED
                  20200800    000000f0     libc.a : defs.c.obj (.data._ftable)
                  202008f0    00000078     libsysbm.a : host_device.c.obj (.data._device)
                  20200968    00000050                : host_device.c.obj (.data._stream)
                  202009b8    00000008     libc.a : exit.c.obj (.data..L_MergedGlobals)
                  202009c0    00000004            : defs.c.obj (.data.__TI_ft_end)
                  202009c4    00000004            : _lock.c.obj (.data._lock)
                  202009c8    00000004            : _lock.c.obj (.data._unlock)
                  202009cc    00000001            : memory.c.obj (.data.memory_is_initialized)

.bss       0    202009d0    000001cc     UNINITIALIZED
                  202009d0    00000120     libsysbm.a : trgmsg.c.obj (.bss:_CIOBUF_)
                  20200af0    000000a0     libc.a : defs.c.obj (.bss.__TI_tmpnams)
                  20200b90    00000008     libsysbm.a : hostopen.c.obj (.bss.parmbuf)
                  20200b98    00000004     libc.a : memory.c.obj (.bss.sys_free)

.stack     0    20207e00    00000200     UNINITIALIZED
                  20207e00    00000004     libc.a : boot_cortex_m.c.obj (.stack)
                  20207e04    000001fc     --HOLE--

__llvm_prf_cnts 
*          0    20200000    00000000     UNINITIALIZED

__llvm_prf_bits 
*          0    20200000    00000000     UNINITIALIZED

MODULE SUMMARY

       Module                         code   ro data   rw data
       ------                         ----   -------   -------
    ./
       startup_mspm0g350x_ticlang.o   6      192       0      
       empty.o                        16     13        0      
    +--+------------------------------+------+---------+---------+
       Total:                         22     205       0      
                                                              
    /Applications/ti/ccs2041/ccs/tools/compiler/ti-cgt-armllvm_4.0.4.LTS/lib/armv6m-ti-none-eabi/c/libc.a
       memory.c.obj                   702    0         5      
       _printfi.c.obj                 658    17        0      
       defs.c.obj                     0      0         404    
       fputs.c.obj                    248    0         0      
       setvbuf.c.obj                  224    0         0      
       getdevice.c.obj                160    0         0      
       fputc.c.obj                    156    0         0      
       memcpy16.S.obj                 154    0         0      
       strcmp-armv6m.S.obj            136    0         0      
       copy_decompress_lzss.c.obj     124    0         0      
       fclose.c.obj                   124    0         0      
       fseek.c.obj                    116    0         0      
       printf.c.obj                   108    0         0      
       _io_perm.c.obj                 100    0         0      
       memset16.S.obj                 98     0         0      
       fflush.c.obj                   82     0         0      
       exit.c.obj                     58     0         8      
       autoinit.c.obj                 60     0         0      
       fopen.c.obj                    52     0         0      
       boot_cortex_m.c.obj            40     0         0      
       memccpy.c.obj                  34     0         0      
       copy_zero_init.c.obj           22     0         0      
       copy_decompress_none.c.obj     18     0         0      
       _lock.c.obj                    2      0         8      
       pre_init.c.obj                 4      0         0      
    +--+------------------------------+------+---------+---------+
       Total:                         3480   17        425    
                                                              
    /Applications/ti/ccs2041/ccs/tools/compiler/ti-cgt-armllvm_4.0.4.LTS/lib/armv6m-ti-none-eabi/c/libsysbm.a
       trgmsg.c.obj                   104    0         288    
       host_device.c.obj              0      0         200    
       hostrename.c.obj               136    0         0      
       hostlseek.c.obj                108    0         0      
       hostopen.c.obj                 96     0         8      
       hostread.c.obj                 88     0         0      
       hostwrite.c.obj                88     0         0      
       close.c.obj                    80     0         0      
       hostclose.c.obj                72     0         0      
       hostunlink.c.obj               72     0         0      
       unlink.c.obj                   44     0         0      
       lseek.c.obj                    40     0         0      
       write.c.obj                    40     0         0      
       remove.c.obj                   8      0         0      
       hostexit.c.obj                 4      0         0      
    +--+------------------------------+------+---------+---------+
       Total:                         980    0         496    
                                                              
    /Applications/ti/ccs2041/ccs/tools/compiler/ti-cgt-armllvm_4.0.4.LTS/lib/armv6m-ti-none-eabi/libclang_rt.builtins.a
       aeabi_uidivmod.S.obj           64     0         0      
       aeabi_memset.S.obj             26     0         0      
       aeabi_memcpy.S.obj             8      0         0      
       aeabi_div0.c.obj               2      0         0      
    +--+------------------------------+------+---------+---------+
       Total:                         100    0         0      
                                                              
       Heap:                          0      0         2048   
       Stack:                         0      0         512    
       Linker Generated:              0      137       0      
    +--+------------------------------+------+---------+---------+
       Grand Total:                   4582   359       3481   


LINKER GENERATED COPY TABLES

__TI_cinit_table @ 0000134c records: 2, size/record: 8, table size: 16
	.data: load addr=000012d0, load size=00000065 bytes, run addr=20200800, run size=000001cd bytes, compression=lzss
	.bss: load addr=00001344, load size=00000008 bytes, run addr=202009d0, run size=000001cc bytes, compression=zero_init


LINKER GENERATED HANDLER TABLE

__TI_handler_table @ 00001338 records: 3, size/record: 4, table size: 12
	index: 0, handler: __TI_decompress_lzss
	index: 1, handler: __TI_decompress_none
	index: 2, handler: __TI_zero_init


GLOBAL SYMBOLS: SORTED ALPHABETICALLY BY Name 

address   name                          
-------   ----                          
0000084f  ADC0_IRQHandler               
0000084f  ADC1_IRQHandler               
0000084f  AES_IRQHandler                
0000129e  C$$EXIT                       
0000105d  C$$IO$$                       
0000084f  CANFD0_IRQHandler             
0000084f  DAC0_IRQHandler               
0000084f  DMA_IRQHandler                
0000084f  Default_Handler               
0000084f  GROUP0_IRQHandler             
0000084f  GROUP1_IRQHandler             
00000ebd  HOSTclose                     
0000129f  HOSTexit                      
000009d1  HOSTlseek                     
00000cad  HOSTopen                      
00000d69  HOSTread                      
00000a3d  HOSTrename                    
00000f05  HOSTunlink                    
00000dc1  HOSTwrite                     
0000084f  HardFault_Handler             
0000084f  I2C0_IRQHandler               
0000084f  I2C1_IRQHandler               
0000084f  NMI_Handler                   
0000084f  PendSV_Handler                
0000084f  RTC_IRQHandler                
000012a3  Reset_Handler                 
0000084f  SPI0_IRQHandler               
0000084f  SPI1_IRQHandler               
0000084f  SVC_Handler                   
0000084f  SysTick_Handler               
0000084f  TIMA0_IRQHandler              
0000084f  TIMA1_IRQHandler              
0000084f  TIMG0_IRQHandler              
0000084f  TIMG12_IRQHandler             
0000084f  TIMG6_IRQHandler              
0000084f  TIMG7_IRQHandler              
0000084f  TIMG8_IRQHandler              
0000084f  UART0_IRQHandler              
0000084f  UART1_IRQHandler              
0000084f  UART2_IRQHandler              
0000084f  UART3_IRQHandler              
202009d0  _CIOBUF_                      
202009d0  __CIOBUF_                     
20208000  __STACK_END                   
00000200  __STACK_SIZE                  
00000800  __SYSMEM_SIZE                 
00000000  __TI_ATRegion0_region_sz      
00000000  __TI_ATRegion0_src_addr       
00000000  __TI_ATRegion0_trg_addr       
00000000  __TI_ATRegion1_region_sz      
00000000  __TI_ATRegion1_src_addr       
00000000  __TI_ATRegion1_trg_addr       
00000000  __TI_ATRegion2_region_sz      
00000000  __TI_ATRegion2_src_addr       
00000000  __TI_ATRegion2_trg_addr       
0000134c  __TI_CINIT_Base               
0000135c  __TI_CINIT_Limit              
0000135c  __TI_CINIT_Warm               
00001338  __TI_Handler_Table_Base       
00001344  __TI_Handler_Table_Limit      
00000f8d  __TI_auto_init_nobinit_nopinit
00000fc9  __TI_cleanup                  
202009b8  __TI_cleanup_ptr              
000008d9  __TI_closefile                
00000955  __TI_decompress_lzss          
000011ef  __TI_decompress_none          
00000e19  __TI_doflush                  
202009bc  __TI_dtors_ptr                
202009c0  __TI_ft_end                   
ffffffff  __TI_pprof_out_hndl           
000000c1  __TI_printfi_minimal          
ffffffff  __TI_prof_data_size           
ffffffff  __TI_prof_data_start          
00000ffd  __TI_readmsg                  
00000000  __TI_static_base__            
20200af0  __TI_tmpnams                  
00001031  __TI_writemsg                 
00000b81  __TI_wrt_ok                   
000011d9  __TI_zero_init_nomemset       
00000cab  __aeabi_idiv0                 
00001259  __aeabi_memclr                
00001259  __aeabi_memclr4               
00001259  __aeabi_memclr8               
00001271  __aeabi_memcpy                
00001271  __aeabi_memcpy4               
00001271  __aeabi_memcpy8               
00001221  __aeabi_memset                
00001221  __aeabi_memset4               
00001221  __aeabi_memset8               
00000f4d  __aeabi_uidiv                 
00000f4d  __aeabi_uidivmod              
ffffffff  __binit__                     
UNDEFED   __mpu_init                    
20207e00  __stack                       
20200000  __start___llvm_prf_bits       
20200000  __start___llvm_prf_cnts       
20200000  __stop___llvm_prf_bits        
20200000  __stop___llvm_prf_cnts        
00001171  _c_int00_noargs               
202008f0  _device                       
20200800  _ftable                       
202009c4  _lock                         
00000e6b  _nop                          
20200968  _stream                       
20200000  _sys_memory                   
UNDEFED   _system_post_cinit            
000012a7  _system_pre_init              
202009c8  _unlock                       
00001299  abort                         
00000345  aligned_alloc                 
ffffffff  binit                         
00000e6d  close                         
00001065  exit                          
00001099  finddevice                    
00000719  fputc                         
00000459  fputs                         
00000551  free                          
00001289  fseek                         
00000aa9  fseeko                        
00000b15  getdevice                     
00000000  interruptVectors              
00001121  lseek                         
00001201  main                          
00001265  malloc                        
00000345  memalign                      
00001199  memccpy                       
000007b5  memcpy                        
00000c49  memset                        
20200b90  parmbuf                       
00000d0d  printf                        
00001291  remove                        
00000639  setvbuf                       
00000851  strcmp                        
000010cd  unlink                        
00001149  write                         


GLOBAL SYMBOLS: SORTED BY Symbol Address 

address   name                          
-------   ----                          
00000000  __TI_ATRegion0_region_sz      
00000000  __TI_ATRegion0_src_addr       
00000000  __TI_ATRegion0_trg_addr       
00000000  __TI_ATRegion1_region_sz      
00000000  __TI_ATRegion1_src_addr       
00000000  __TI_ATRegion1_trg_addr       
00000000  __TI_ATRegion2_region_sz      
00000000  __TI_ATRegion2_src_addr       
00000000  __TI_ATRegion2_trg_addr       
00000000  __TI_static_base__            
00000000  interruptVectors              
000000c1  __TI_printfi_minimal          
00000200  __STACK_SIZE                  
00000345  aligned_alloc                 
00000345  memalign                      
00000459  fputs                         
00000551  free                          
00000639  setvbuf                       
00000719  fputc                         
000007b5  memcpy                        
00000800  __SYSMEM_SIZE                 
0000084f  ADC0_IRQHandler               
0000084f  ADC1_IRQHandler               
0000084f  AES_IRQHandler                
0000084f  CANFD0_IRQHandler             
0000084f  DAC0_IRQHandler               
0000084f  DMA_IRQHandler                
0000084f  Default_Handler               
0000084f  GROUP0_IRQHandler             
0000084f  GROUP1_IRQHandler             
0000084f  HardFault_Handler             
0000084f  I2C0_IRQHandler               
0000084f  I2C1_IRQHandler               
0000084f  NMI_Handler                   
0000084f  PendSV_Handler                
0000084f  RTC_IRQHandler                
0000084f  SPI0_IRQHandler               
0000084f  SPI1_IRQHandler               
0000084f  SVC_Handler                   
0000084f  SysTick_Handler               
0000084f  TIMA0_IRQHandler              
0000084f  TIMA1_IRQHandler              
0000084f  TIMG0_IRQHandler              
0000084f  TIMG12_IRQHandler             
0000084f  TIMG6_IRQHandler              
0000084f  TIMG7_IRQHandler              
0000084f  TIMG8_IRQHandler              
0000084f  UART0_IRQHandler              
0000084f  UART1_IRQHandler              
0000084f  UART2_IRQHandler              
0000084f  UART3_IRQHandler              
00000851  strcmp                        
000008d9  __TI_closefile                
00000955  __TI_decompress_lzss          
000009d1  HOSTlseek                     
00000a3d  HOSTrename                    
00000aa9  fseeko                        
00000b15  getdevice                     
00000b81  __TI_wrt_ok                   
00000c49  memset                        
00000cab  __aeabi_idiv0                 
00000cad  HOSTopen                      
00000d0d  printf                        
00000d69  HOSTread                      
00000dc1  HOSTwrite                     
00000e19  __TI_doflush                  
00000e6b  _nop                          
00000e6d  close                         
00000ebd  HOSTclose                     
00000f05  HOSTunlink                    
00000f4d  __aeabi_uidiv                 
00000f4d  __aeabi_uidivmod              
00000f8d  __TI_auto_init_nobinit_nopinit
00000fc9  __TI_cleanup                  
00000ffd  __TI_readmsg                  
00001031  __TI_writemsg                 
0000105d  C$$IO$$                       
00001065  exit                          
00001099  finddevice                    
000010cd  unlink                        
00001121  lseek                         
00001149  write                         
00001171  _c_int00_noargs               
00001199  memccpy                       
000011d9  __TI_zero_init_nomemset       
000011ef  __TI_decompress_none          
00001201  main                          
00001221  __aeabi_memset                
00001221  __aeabi_memset4               
00001221  __aeabi_memset8               
00001259  __aeabi_memclr                
00001259  __aeabi_memclr4               
00001259  __aeabi_memclr8               
00001265  malloc                        
00001271  __aeabi_memcpy                
00001271  __aeabi_memcpy4               
00001271  __aeabi_memcpy8               
00001289  fseek                         
00001291  remove                        
00001299  abort                         
0000129e  C$$EXIT                       
0000129f  HOSTexit                      
000012a3  Reset_Handler                 
000012a7  _system_pre_init              
00001338  __TI_Handler_Table_Base       
00001344  __TI_Handler_Table_Limit      
0000134c  __TI_CINIT_Base               
0000135c  __TI_CINIT_Limit              
0000135c  __TI_CINIT_Warm               
20200000  __start___llvm_prf_bits       
20200000  __start___llvm_prf_cnts       
20200000  __stop___llvm_prf_bits        
20200000  __stop___llvm_prf_cnts        
20200000  _sys_memory                   
20200800  _ftable                       
202008f0  _device                       
20200968  _stream                       
202009b8  __TI_cleanup_ptr              
202009bc  __TI_dtors_ptr                
202009c0  __TI_ft_end                   
202009c4  _lock                         
202009c8  _unlock                       
202009d0  _CIOBUF_                      
202009d0  __CIOBUF_                     
20200af0  __TI_tmpnams                  
20200b90  parmbuf                       
20207e00  __stack                       
20208000  __STACK_END                   
ffffffff  __TI_pprof_out_hndl           
ffffffff  __TI_prof_data_size           
ffffffff  __TI_prof_data_start          
ffffffff  __binit__                     
ffffffff  binit                         
UNDEFED   __mpu_init                    
UNDEFED   _system_post_cinit            

[135 symbols]
