<?xml version="1.0" encoding="ISO-8859-1" ?>
<link_info>
   <banner>TI ARM Clang Linker Unix v4.0.4.LTS</banner>
   <copyright>Copyright (c) 1996-2018 Texas Instruments Incorporated</copyright>
   <command_line>/Applications/ti/ccs2041/ccs/tools/compiler/ti-cgt-armllvm_4.0.4.LTS/bin/tiarmlnk -I/Applications/ti/ccs2041/ccs/tools/compiler/ti-cgt-armllvm_4.0.4.LTS/lib -o lab3.out -mlab3.map -i/Applications/ti/mspm0_sdk_2_09_00_01/source -i/Users/mac/Code/courses/CMPE_146/lab3 -i/Users/mac/Code/courses/CMPE_146/lab3/Debug/syscfg -i/Applications/ti/ccs2041/ccs/tools/compiler/ti-cgt-armllvm_4.0.4.LTS/lib --diag_wrap=off --display_error_number --warn_sections --xml_link_info=lab3_linkInfo.xml --rom_model ./ti_msp_dl_config.o ./startup_mspm0g350x_ticlang.o ./time_management.o -l./device_linker.cmd -ldevice.cmd.genlibs -llibc.a --start-group -llibc++.a -llibc++abi.a -llibc.a -llibsys.a -llibsysbm.a -llibclang_rt.builtins.a -llibclang_rt.profile.a --end-group --cg_opt_level=2</command_line>
   <link_time>0x69977e37</link_time>
   <link_errors>0x0</link_errors>
   <output_file>/Users/mac/Code/courses/CMPE_146/lab3/Debug/lab3.out</output_file>
   <entry_point>
      <name>_c_int00_noargs</name>
      <address>0x2bc5</address>
   </entry_point>
   <input_file_list>
      <input_file id="fl-1">
         <path>/Users/mac/Code/courses/CMPE_146/lab3/Debug/./</path>
         <kind>object</kind>
         <file>ti_msp_dl_config.o</file>
         <name>ti_msp_dl_config.o</name>
      </input_file>
      <input_file id="fl-2">
         <path>/Users/mac/Code/courses/CMPE_146/lab3/Debug/./</path>
         <kind>object</kind>
         <file>startup_mspm0g350x_ticlang.o</file>
         <name>startup_mspm0g350x_ticlang.o</name>
      </input_file>
      <input_file id="fl-3">
         <path>/Users/mac/Code/courses/CMPE_146/lab3/Debug/./</path>
         <kind>object</kind>
         <file>time_management.o</file>
         <name>time_management.o</name>
      </input_file>
      <input_file id="fl-10">
         <path>/Users/mac/Code/courses/CMPE_146/lab3/Debug/</path>
         <kind>object</kind>
         <file>&lt;internal&gt;</file>
         <name>&lt;internal&gt;</name>
      </input_file>
      <input_file id="fl-11">
         <path>/Applications/ti/mspm0_sdk_2_09_00_01/source/ti/driverlib/lib/ticlang/m0p/mspm0g1x0x_g3x0x/</path>
         <kind>archive</kind>
         <file>driverlib.a</file>
         <name>dl_common.o</name>
      </input_file>
      <input_file id="fl-12">
         <path>/Applications/ti/mspm0_sdk_2_09_00_01/source/ti/driverlib/lib/ticlang/m0p/mspm0g1x0x_g3x0x/</path>
         <kind>archive</kind>
         <file>driverlib.a</file>
         <name>dl_timer.o</name>
      </input_file>
      <input_file id="fl-29">
         <path>/Applications/ti/ccs2041/ccs/tools/compiler/ti-cgt-armllvm_4.0.4.LTS/lib/armv6m-ti-none-eabi/c/</path>
         <kind>archive</kind>
         <file>libc.a</file>
         <name>printf.c.obj</name>
      </input_file>
      <input_file id="fl-2a">
         <path>/Applications/ti/ccs2041/ccs/tools/compiler/ti-cgt-armllvm_4.0.4.LTS/lib/armv6m-ti-none-eabi/c/</path>
         <kind>archive</kind>
         <file>libc.a</file>
         <name>_printfi.c.obj</name>
      </input_file>
      <input_file id="fl-2b">
         <path>/Applications/ti/ccs2041/ccs/tools/compiler/ti-cgt-armllvm_4.0.4.LTS/lib/armv6m-ti-none-eabi/c/</path>
         <kind>archive</kind>
         <file>libc.a</file>
         <name>fputc.c.obj</name>
      </input_file>
      <input_file id="fl-2c">
         <path>/Applications/ti/ccs2041/ccs/tools/compiler/ti-cgt-armllvm_4.0.4.LTS/lib/armv6m-ti-none-eabi/c/</path>
         <kind>archive</kind>
         <file>libc.a</file>
         <name>fputs.c.obj</name>
      </input_file>
      <input_file id="fl-2d">
         <path>/Applications/ti/ccs2041/ccs/tools/compiler/ti-cgt-armllvm_4.0.4.LTS/lib/armv6m-ti-none-eabi/c/</path>
         <kind>archive</kind>
         <file>libc.a</file>
         <name>_io_perm.c.obj</name>
      </input_file>
      <input_file id="fl-2e">
         <path>/Applications/ti/ccs2041/ccs/tools/compiler/ti-cgt-armllvm_4.0.4.LTS/lib/armv6m-ti-none-eabi/c/</path>
         <kind>archive</kind>
         <file>libc.a</file>
         <name>setvbuf.c.obj</name>
      </input_file>
      <input_file id="fl-2f">
         <path>/Applications/ti/ccs2041/ccs/tools/compiler/ti-cgt-armllvm_4.0.4.LTS/lib/armv6m-ti-none-eabi/c/</path>
         <kind>archive</kind>
         <file>libc.a</file>
         <name>aeabi_portable.c.obj</name>
      </input_file>
      <input_file id="fl-30">
         <path>/Applications/ti/ccs2041/ccs/tools/compiler/ti-cgt-armllvm_4.0.4.LTS/lib/armv6m-ti-none-eabi/c/</path>
         <kind>archive</kind>
         <file>libc.a</file>
         <name>exit.c.obj</name>
      </input_file>
      <input_file id="fl-31">
         <path>/Applications/ti/ccs2041/ccs/tools/compiler/ti-cgt-armllvm_4.0.4.LTS/lib/armv6m-ti-none-eabi/c/</path>
         <kind>archive</kind>
         <file>libc.a</file>
         <name>_lock.c.obj</name>
      </input_file>
      <input_file id="fl-32">
         <path>/Applications/ti/ccs2041/ccs/tools/compiler/ti-cgt-armllvm_4.0.4.LTS/lib/armv6m-ti-none-eabi/c/</path>
         <kind>archive</kind>
         <file>libc.a</file>
         <name>_ltoa.c.obj</name>
      </input_file>
      <input_file id="fl-33">
         <path>/Applications/ti/ccs2041/ccs/tools/compiler/ti-cgt-armllvm_4.0.4.LTS/lib/armv6m-ti-none-eabi/c/</path>
         <kind>archive</kind>
         <file>libc.a</file>
         <name>assert.c.obj</name>
      </input_file>
      <input_file id="fl-34">
         <path>/Applications/ti/ccs2041/ccs/tools/compiler/ti-cgt-armllvm_4.0.4.LTS/lib/armv6m-ti-none-eabi/c/</path>
         <kind>archive</kind>
         <file>libc.a</file>
         <name>atoi.c.obj</name>
      </input_file>
      <input_file id="fl-35">
         <path>/Applications/ti/ccs2041/ccs/tools/compiler/ti-cgt-armllvm_4.0.4.LTS/lib/armv6m-ti-none-eabi/c/</path>
         <kind>archive</kind>
         <file>libc.a</file>
         <name>defs.c.obj</name>
      </input_file>
      <input_file id="fl-36">
         <path>/Applications/ti/ccs2041/ccs/tools/compiler/ti-cgt-armllvm_4.0.4.LTS/lib/armv6m-ti-none-eabi/c/</path>
         <kind>archive</kind>
         <file>libc.a</file>
         <name>memccpy.c.obj</name>
      </input_file>
      <input_file id="fl-37">
         <path>/Applications/ti/ccs2041/ccs/tools/compiler/ti-cgt-armllvm_4.0.4.LTS/lib/armv6m-ti-none-eabi/c/</path>
         <kind>archive</kind>
         <file>libc.a</file>
         <name>memory.c.obj</name>
      </input_file>
      <input_file id="fl-38">
         <path>/Applications/ti/ccs2041/ccs/tools/compiler/ti-cgt-armllvm_4.0.4.LTS/lib/armv6m-ti-none-eabi/c/</path>
         <kind>archive</kind>
         <file>libc.a</file>
         <name>boot_cortex_m.c.obj</name>
      </input_file>
      <input_file id="fl-39">
         <path>/Applications/ti/ccs2041/ccs/tools/compiler/ti-cgt-armllvm_4.0.4.LTS/lib/armv6m-ti-none-eabi/c/</path>
         <kind>archive</kind>
         <file>libc.a</file>
         <name>mathacl_init.c.obj</name>
      </input_file>
      <input_file id="fl-3a">
         <path>/Applications/ti/ccs2041/ccs/tools/compiler/ti-cgt-armllvm_4.0.4.LTS/lib/armv6m-ti-none-eabi/c/</path>
         <kind>archive</kind>
         <file>libc.a</file>
         <name>autoinit.c.obj</name>
      </input_file>
      <input_file id="fl-3b">
         <path>/Applications/ti/ccs2041/ccs/tools/compiler/ti-cgt-armllvm_4.0.4.LTS/lib/armv6m-ti-none-eabi/c/</path>
         <kind>archive</kind>
         <file>libc.a</file>
         <name>pre_init.c.obj</name>
      </input_file>
      <input_file id="fl-3c">
         <path>/Applications/ti/ccs2041/ccs/tools/compiler/ti-cgt-armllvm_4.0.4.LTS/lib/armv6m-ti-none-eabi/c/</path>
         <kind>archive</kind>
         <file>libc.a</file>
         <name>cpy_tbl.c.obj</name>
      </input_file>
      <input_file id="fl-3d">
         <path>/Applications/ti/ccs2041/ccs/tools/compiler/ti-cgt-armllvm_4.0.4.LTS/lib/armv6m-ti-none-eabi/c/</path>
         <kind>archive</kind>
         <file>libc.a</file>
         <name>copy_zero_init.c.obj</name>
      </input_file>
      <input_file id="fl-3e">
         <path>/Applications/ti/ccs2041/ccs/tools/compiler/ti-cgt-armllvm_4.0.4.LTS/lib/armv6m-ti-none-eabi/c/</path>
         <kind>archive</kind>
         <file>libc.a</file>
         <name>copy_decompress_none.c.obj</name>
      </input_file>
      <input_file id="fl-3f">
         <path>/Applications/ti/ccs2041/ccs/tools/compiler/ti-cgt-armllvm_4.0.4.LTS/lib/armv6m-ti-none-eabi/c/</path>
         <kind>archive</kind>
         <file>libc.a</file>
         <name>copy_decompress_lzss.c.obj</name>
      </input_file>
      <input_file id="fl-40">
         <path>/Applications/ti/ccs2041/ccs/tools/compiler/ti-cgt-armllvm_4.0.4.LTS/lib/armv6m-ti-none-eabi/c/</path>
         <kind>archive</kind>
         <file>libc.a</file>
         <name>s_frexp.c.obj</name>
      </input_file>
      <input_file id="fl-41">
         <path>/Applications/ti/ccs2041/ccs/tools/compiler/ti-cgt-armllvm_4.0.4.LTS/lib/armv6m-ti-none-eabi/c/</path>
         <kind>archive</kind>
         <file>libc.a</file>
         <name>s_scalbn.c.obj</name>
      </input_file>
      <input_file id="fl-42">
         <path>/Applications/ti/ccs2041/ccs/tools/compiler/ti-cgt-armllvm_4.0.4.LTS/lib/armv6m-ti-none-eabi/c/</path>
         <kind>archive</kind>
         <file>libc.a</file>
         <name>wcslen.c.obj</name>
      </input_file>
      <input_file id="fl-43">
         <path>/Applications/ti/ccs2041/ccs/tools/compiler/ti-cgt-armllvm_4.0.4.LTS/lib/armv6m-ti-none-eabi/c/</path>
         <kind>archive</kind>
         <file>libc.a</file>
         <name>sprintf.c.obj</name>
      </input_file>
      <input_file id="fl-44">
         <path>/Applications/ti/ccs2041/ccs/tools/compiler/ti-cgt-armllvm_4.0.4.LTS/lib/armv6m-ti-none-eabi/c/</path>
         <kind>archive</kind>
         <file>libc.a</file>
         <name>fflush.c.obj</name>
      </input_file>
      <input_file id="fl-45">
         <path>/Applications/ti/ccs2041/ccs/tools/compiler/ti-cgt-armllvm_4.0.4.LTS/lib/armv6m-ti-none-eabi/c/</path>
         <kind>archive</kind>
         <file>libc.a</file>
         <name>fopen.c.obj</name>
      </input_file>
      <input_file id="fl-46">
         <path>/Applications/ti/ccs2041/ccs/tools/compiler/ti-cgt-armllvm_4.0.4.LTS/lib/armv6m-ti-none-eabi/c/</path>
         <kind>archive</kind>
         <file>libc.a</file>
         <name>fseek.c.obj</name>
      </input_file>
      <input_file id="fl-47">
         <path>/Applications/ti/ccs2041/ccs/tools/compiler/ti-cgt-armllvm_4.0.4.LTS/lib/armv6m-ti-none-eabi/c/</path>
         <kind>archive</kind>
         <file>libc.a</file>
         <name>aeabi_ctype.S.obj</name>
      </input_file>
      <input_file id="fl-48">
         <path>/Applications/ti/ccs2041/ccs/tools/compiler/ti-cgt-armllvm_4.0.4.LTS/lib/armv6m-ti-none-eabi/c/</path>
         <kind>archive</kind>
         <file>libc.a</file>
         <name>args_main.c.obj</name>
      </input_file>
      <input_file id="fl-49">
         <path>/Applications/ti/ccs2041/ccs/tools/compiler/ti-cgt-armllvm_4.0.4.LTS/lib/armv6m-ti-none-eabi/c/</path>
         <kind>archive</kind>
         <file>libc.a</file>
         <name>fclose.c.obj</name>
      </input_file>
      <input_file id="fl-e9">
         <path>/Applications/ti/ccs2041/ccs/tools/compiler/ti-cgt-armllvm_4.0.4.LTS/lib/armv6m-ti-none-eabi/c/</path>
         <kind>archive</kind>
         <file>libsysbm.a</file>
         <name>hostexit.c.obj</name>
      </input_file>
      <input_file id="fl-ea">
         <path>/Applications/ti/ccs2041/ccs/tools/compiler/ti-cgt-armllvm_4.0.4.LTS/lib/armv6m-ti-none-eabi/c/</path>
         <kind>archive</kind>
         <file>libsysbm.a</file>
         <name>write.c.obj</name>
      </input_file>
      <input_file id="fl-eb">
         <path>/Applications/ti/ccs2041/ccs/tools/compiler/ti-cgt-armllvm_4.0.4.LTS/lib/armv6m-ti-none-eabi/c/</path>
         <kind>archive</kind>
         <file>libsysbm.a</file>
         <name>host_device.c.obj</name>
      </input_file>
      <input_file id="fl-ec">
         <path>/Applications/ti/ccs2041/ccs/tools/compiler/ti-cgt-armllvm_4.0.4.LTS/lib/armv6m-ti-none-eabi/c/</path>
         <kind>archive</kind>
         <file>libsysbm.a</file>
         <name>remove.c.obj</name>
      </input_file>
      <input_file id="fl-ed">
         <path>/Applications/ti/ccs2041/ccs/tools/compiler/ti-cgt-armllvm_4.0.4.LTS/lib/armv6m-ti-none-eabi/c/</path>
         <kind>archive</kind>
         <file>libsysbm.a</file>
         <name>open.c.obj</name>
      </input_file>
      <input_file id="fl-ee">
         <path>/Applications/ti/ccs2041/ccs/tools/compiler/ti-cgt-armllvm_4.0.4.LTS/lib/armv6m-ti-none-eabi/c/</path>
         <kind>archive</kind>
         <file>libsysbm.a</file>
         <name>lseek.c.obj</name>
      </input_file>
      <input_file id="fl-ef">
         <path>/Applications/ti/ccs2041/ccs/tools/compiler/ti-cgt-armllvm_4.0.4.LTS/lib/armv6m-ti-none-eabi/c/</path>
         <kind>archive</kind>
         <file>libsysbm.a</file>
         <name>close.c.obj</name>
      </input_file>
      <input_file id="fl-f0">
         <path>/Applications/ti/ccs2041/ccs/tools/compiler/ti-cgt-armllvm_4.0.4.LTS/lib/armv6m-ti-none-eabi/c/</path>
         <kind>archive</kind>
         <file>libsysbm.a</file>
         <name>unlink.c.obj</name>
      </input_file>
      <input_file id="fl-f1">
         <path>/Applications/ti/ccs2041/ccs/tools/compiler/ti-cgt-armllvm_4.0.4.LTS/lib/armv6m-ti-none-eabi/c/</path>
         <kind>archive</kind>
         <file>libsysbm.a</file>
         <name>hostclose.c.obj</name>
      </input_file>
      <input_file id="fl-f2">
         <path>/Applications/ti/ccs2041/ccs/tools/compiler/ti-cgt-armllvm_4.0.4.LTS/lib/armv6m-ti-none-eabi/c/</path>
         <kind>archive</kind>
         <file>libsysbm.a</file>
         <name>hostlseek.c.obj</name>
      </input_file>
      <input_file id="fl-f3">
         <path>/Applications/ti/ccs2041/ccs/tools/compiler/ti-cgt-armllvm_4.0.4.LTS/lib/armv6m-ti-none-eabi/c/</path>
         <kind>archive</kind>
         <file>libsysbm.a</file>
         <name>hostopen.c.obj</name>
      </input_file>
      <input_file id="fl-f4">
         <path>/Applications/ti/ccs2041/ccs/tools/compiler/ti-cgt-armllvm_4.0.4.LTS/lib/armv6m-ti-none-eabi/c/</path>
         <kind>archive</kind>
         <file>libsysbm.a</file>
         <name>hostread.c.obj</name>
      </input_file>
      <input_file id="fl-f5">
         <path>/Applications/ti/ccs2041/ccs/tools/compiler/ti-cgt-armllvm_4.0.4.LTS/lib/armv6m-ti-none-eabi/c/</path>
         <kind>archive</kind>
         <file>libsysbm.a</file>
         <name>hostrename.c.obj</name>
      </input_file>
      <input_file id="fl-f6">
         <path>/Applications/ti/ccs2041/ccs/tools/compiler/ti-cgt-armllvm_4.0.4.LTS/lib/armv6m-ti-none-eabi/c/</path>
         <kind>archive</kind>
         <file>libsysbm.a</file>
         <name>hostunlink.c.obj</name>
      </input_file>
      <input_file id="fl-f7">
         <path>/Applications/ti/ccs2041/ccs/tools/compiler/ti-cgt-armllvm_4.0.4.LTS/lib/armv6m-ti-none-eabi/c/</path>
         <kind>archive</kind>
         <file>libsysbm.a</file>
         <name>hostwrite.c.obj</name>
      </input_file>
      <input_file id="fl-f8">
         <path>/Applications/ti/ccs2041/ccs/tools/compiler/ti-cgt-armllvm_4.0.4.LTS/lib/armv6m-ti-none-eabi/c/</path>
         <kind>archive</kind>
         <file>libsysbm.a</file>
         <name>trgmsg.c.obj</name>
      </input_file>
      <input_file id="fl-f9">
         <path>/Applications/ti/ccs2041/ccs/tools/compiler/ti-cgt-armllvm_4.0.4.LTS/lib/armv6m-ti-none-eabi/</path>
         <kind>archive</kind>
         <file>libclang_rt.builtins.a</file>
         <name>adddf3.S.obj</name>
      </input_file>
      <input_file id="fl-fa">
         <path>/Applications/ti/ccs2041/ccs/tools/compiler/ti-cgt-armllvm_4.0.4.LTS/lib/armv6m-ti-none-eabi/</path>
         <kind>archive</kind>
         <file>libclang_rt.builtins.a</file>
         <name>muldf3.S.obj</name>
      </input_file>
      <input_file id="fl-fb">
         <path>/Applications/ti/ccs2041/ccs/tools/compiler/ti-cgt-armllvm_4.0.4.LTS/lib/armv6m-ti-none-eabi/</path>
         <kind>archive</kind>
         <file>libclang_rt.builtins.a</file>
         <name>muldsi3.S.obj</name>
      </input_file>
      <input_file id="fl-fc">
         <path>/Applications/ti/ccs2041/ccs/tools/compiler/ti-cgt-armllvm_4.0.4.LTS/lib/armv6m-ti-none-eabi/</path>
         <kind>archive</kind>
         <file>libclang_rt.builtins.a</file>
         <name>divsf3.S.obj</name>
      </input_file>
      <input_file id="fl-fd">
         <path>/Applications/ti/ccs2041/ccs/tools/compiler/ti-cgt-armllvm_4.0.4.LTS/lib/armv6m-ti-none-eabi/</path>
         <kind>archive</kind>
         <file>libclang_rt.builtins.a</file>
         <name>divdf3.S.obj</name>
      </input_file>
      <input_file id="fl-fe">
         <path>/Applications/ti/ccs2041/ccs/tools/compiler/ti-cgt-armllvm_4.0.4.LTS/lib/armv6m-ti-none-eabi/</path>
         <kind>archive</kind>
         <file>libclang_rt.builtins.a</file>
         <name>extendsfdf2.S.obj</name>
      </input_file>
      <input_file id="fl-ff">
         <path>/Applications/ti/ccs2041/ccs/tools/compiler/ti-cgt-armllvm_4.0.4.LTS/lib/armv6m-ti-none-eabi/</path>
         <kind>archive</kind>
         <file>libclang_rt.builtins.a</file>
         <name>fixdfsi.S.obj</name>
      </input_file>
      <input_file id="fl-100">
         <path>/Applications/ti/ccs2041/ccs/tools/compiler/ti-cgt-armllvm_4.0.4.LTS/lib/armv6m-ti-none-eabi/</path>
         <kind>archive</kind>
         <file>libclang_rt.builtins.a</file>
         <name>floatsidf.S.obj</name>
      </input_file>
      <input_file id="fl-101">
         <path>/Applications/ti/ccs2041/ccs/tools/compiler/ti-cgt-armllvm_4.0.4.LTS/lib/armv6m-ti-none-eabi/</path>
         <kind>archive</kind>
         <file>libclang_rt.builtins.a</file>
         <name>floatunsisf.S.obj</name>
      </input_file>
      <input_file id="fl-102">
         <path>/Applications/ti/ccs2041/ccs/tools/compiler/ti-cgt-armllvm_4.0.4.LTS/lib/armv6m-ti-none-eabi/</path>
         <kind>archive</kind>
         <file>libclang_rt.builtins.a</file>
         <name>muldi3.S.obj</name>
      </input_file>
      <input_file id="fl-103">
         <path>/Applications/ti/ccs2041/ccs/tools/compiler/ti-cgt-armllvm_4.0.4.LTS/lib/armv6m-ti-none-eabi/</path>
         <kind>archive</kind>
         <file>libclang_rt.builtins.a</file>
         <name>aeabi_dcmp.S.obj</name>
      </input_file>
      <input_file id="fl-104">
         <path>/Applications/ti/ccs2041/ccs/tools/compiler/ti-cgt-armllvm_4.0.4.LTS/lib/armv6m-ti-none-eabi/</path>
         <kind>archive</kind>
         <file>libclang_rt.builtins.a</file>
         <name>aeabi_idivmod.S.obj</name>
      </input_file>
      <input_file id="fl-105">
         <path>/Applications/ti/ccs2041/ccs/tools/compiler/ti-cgt-armllvm_4.0.4.LTS/lib/armv6m-ti-none-eabi/</path>
         <kind>archive</kind>
         <file>libclang_rt.builtins.a</file>
         <name>aeabi_memcpy.S.obj</name>
      </input_file>
      <input_file id="fl-106">
         <path>/Applications/ti/ccs2041/ccs/tools/compiler/ti-cgt-armllvm_4.0.4.LTS/lib/armv6m-ti-none-eabi/</path>
         <kind>archive</kind>
         <file>libclang_rt.builtins.a</file>
         <name>aeabi_memset.S.obj</name>
      </input_file>
      <input_file id="fl-107">
         <path>/Applications/ti/ccs2041/ccs/tools/compiler/ti-cgt-armllvm_4.0.4.LTS/lib/armv6m-ti-none-eabi/</path>
         <kind>archive</kind>
         <file>libclang_rt.builtins.a</file>
         <name>aeabi_uidivmod.S.obj</name>
      </input_file>
      <input_file id="fl-108">
         <path>/Applications/ti/ccs2041/ccs/tools/compiler/ti-cgt-armllvm_4.0.4.LTS/lib/armv6m-ti-none-eabi/</path>
         <kind>archive</kind>
         <file>libclang_rt.builtins.a</file>
         <name>aeabi_uldivmod.S.obj</name>
      </input_file>
      <input_file id="fl-109">
         <path>/Applications/ti/ccs2041/ccs/tools/compiler/ti-cgt-armllvm_4.0.4.LTS/lib/armv6m-ti-none-eabi/</path>
         <kind>archive</kind>
         <file>libclang_rt.builtins.a</file>
         <name>udivmoddi4.S.obj</name>
      </input_file>
      <input_file id="fl-10a">
         <path>/Applications/ti/ccs2041/ccs/tools/compiler/ti-cgt-armllvm_4.0.4.LTS/lib/armv6m-ti-none-eabi/</path>
         <kind>archive</kind>
         <file>libclang_rt.builtins.a</file>
         <name>ashldi3.S.obj</name>
      </input_file>
      <input_file id="fl-10b">
         <path>/Applications/ti/ccs2041/ccs/tools/compiler/ti-cgt-armllvm_4.0.4.LTS/lib/armv6m-ti-none-eabi/</path>
         <kind>archive</kind>
         <file>libclang_rt.builtins.a</file>
         <name>comparedf2.c.obj</name>
      </input_file>
      <input_file id="fl-10c">
         <path>/Applications/ti/ccs2041/ccs/tools/compiler/ti-cgt-armllvm_4.0.4.LTS/lib/armv6m-ti-none-eabi/</path>
         <kind>archive</kind>
         <file>libclang_rt.builtins.a</file>
         <name>aeabi_div0.c.obj</name>
      </input_file>
      <input_file id="fl-10d">
         <path>/Applications/ti/ccs2041/ccs/tools/compiler/ti-cgt-armllvm_4.0.4.LTS/lib/armv6m-ti-none-eabi/c/</path>
         <kind>archive</kind>
         <file>libc.a</file>
         <name>getdevice.c.obj</name>
      </input_file>
      <input_file id="fl-10e">
         <path>/Applications/ti/ccs2041/ccs/tools/compiler/ti-cgt-armllvm_4.0.4.LTS/lib/armv6m-ti-none-eabi/c/</path>
         <kind>archive</kind>
         <file>libc.a</file>
         <name>memcpy16.S.obj</name>
      </input_file>
      <input_file id="fl-10f">
         <path>/Applications/ti/ccs2041/ccs/tools/compiler/ti-cgt-armllvm_4.0.4.LTS/lib/armv6m-ti-none-eabi/c/</path>
         <kind>archive</kind>
         <file>libc.a</file>
         <name>memset16.S.obj</name>
      </input_file>
      <input_file id="fl-110">
         <path>/Applications/ti/ccs2041/ccs/tools/compiler/ti-cgt-armllvm_4.0.4.LTS/lib/armv6m-ti-none-eabi/c/</path>
         <kind>archive</kind>
         <file>libc.a</file>
         <name>strcmp-armv6m.S.obj</name>
      </input_file>
   </input_file_list>
   <object_component_list>
      <object_component id="oc-18">
         <name>.intvecs</name>
         <load_address>0x0</load_address>
         <readonly>true</readonly>
         <run_address>0x0</run_address>
         <size>0xc0</size>
         <alignment>0x4</alignment>
         <input_file_ref idref="fl-2"/>
      </object_component>
      <object_component id="oc-10a">
         <name>.text:__TI_printfi</name>
         <load_address>0xc0</load_address>
         <readonly>true</readonly>
         <executable>true</executable>
         <run_address>0xc0</run_address>
         <size>0x9d0</size>
         <alignment>0x4</alignment>
         <input_file_ref idref="fl-2a"/>
      </object_component>
      <object_component id="oc-155">
         <name>.text._pconv_a</name>
         <load_address>0xa90</load_address>
         <readonly>true</readonly>
         <executable>true</executable>
         <run_address>0xa90</run_address>
         <size>0x220</size>
         <alignment>0x4</alignment>
         <input_file_ref idref="fl-2a"/>
      </object_component>
      <object_component id="oc-15a">
         <name>.text._pconv_g</name>
         <load_address>0xcb0</load_address>
         <readonly>true</readonly>
         <executable>true</executable>
         <run_address>0xcb0</run_address>
         <size>0x1dc</size>
         <alignment>0x4</alignment>
         <input_file_ref idref="fl-2a"/>
      </object_component>
      <object_component id="oc-1bd">
         <name>.text.adddf3_subdf3</name>
         <load_address>0xe8c</load_address>
         <readonly>true</readonly>
         <executable>true</executable>
         <run_address>0xe8c</run_address>
         <size>0x192</size>
         <alignment>0x4</alignment>
         <input_file_ref idref="fl-f9"/>
      </object_component>
      <object_component id="oc-33">
         <name>.text.Default_Handler</name>
         <load_address>0x101e</load_address>
         <readonly>true</readonly>
         <executable>true</executable>
         <run_address>0x101e</run_address>
         <size>0x2</size>
         <alignment>0x2</alignment>
         <input_file_ref idref="fl-2"/>
      </object_component>
      <object_component id="oc-1c1">
         <name>.text.fcvt</name>
         <load_address>0x1020</load_address>
         <readonly>true</readonly>
         <executable>true</executable>
         <run_address>0x1020</run_address>
         <size>0x13c</size>
         <alignment>0x4</alignment>
         <input_file_ref idref="fl-2a"/>
      </object_component>
      <object_component id="oc-15c">
         <name>.text._pconv_e</name>
         <load_address>0x115c</load_address>
         <readonly>true</readonly>
         <executable>true</executable>
         <run_address>0x115c</run_address>
         <size>0x120</size>
         <alignment>0x4</alignment>
         <input_file_ref idref="fl-2a"/>
      </object_component>
      <object_component id="oc-1cd">
         <name>.text.aligned_alloc</name>
         <load_address>0x127c</load_address>
         <readonly>true</readonly>
         <executable>true</executable>
         <run_address>0x127c</run_address>
         <size>0x114</size>
         <alignment>0x4</alignment>
         <input_file_ref idref="fl-37"/>
      </object_component>
      <object_component id="oc-1b9">
         <name>.text.__divdf3</name>
         <load_address>0x1390</load_address>
         <readonly>true</readonly>
         <executable>true</executable>
         <run_address>0x1390</run_address>
         <size>0x10c</size>
         <alignment>0x4</alignment>
         <input_file_ref idref="fl-fd"/>
      </object_component>
      <object_component id="oc-86">
         <name>.text.DL_Timer_initTimerMode</name>
         <load_address>0x149c</load_address>
         <readonly>true</readonly>
         <executable>true</executable>
         <run_address>0x149c</run_address>
         <size>0xfc</size>
         <alignment>0x4</alignment>
         <input_file_ref idref="fl-12"/>
      </object_component>
      <object_component id="oc-cd">
         <name>.text.fputs</name>
         <load_address>0x1598</load_address>
         <readonly>true</readonly>
         <executable>true</executable>
         <run_address>0x1598</run_address>
         <size>0xf8</size>
         <alignment>0x4</alignment>
         <input_file_ref idref="fl-2c"/>
      </object_component>
      <object_component id="oc-162">
         <name>.text.free</name>
         <load_address>0x1690</load_address>
         <readonly>true</readonly>
         <executable>true</executable>
         <run_address>0x1690</run_address>
         <size>0xe8</size>
         <alignment>0x4</alignment>
         <input_file_ref idref="fl-37"/>
      </object_component>
      <object_component id="oc-1a9">
         <name>.text.__muldf3</name>
         <load_address>0x1778</load_address>
         <readonly>true</readonly>
         <executable>true</executable>
         <run_address>0x1778</run_address>
         <size>0xe4</size>
         <alignment>0x4</alignment>
         <input_file_ref idref="fl-fa"/>
      </object_component>
      <object_component id="oc-125">
         <name>.text.setvbuf</name>
         <load_address>0x185c</load_address>
         <readonly>true</readonly>
         <executable>true</executable>
         <run_address>0x185c</run_address>
         <size>0xe0</size>
         <alignment>0x4</alignment>
         <input_file_ref idref="fl-2e"/>
      </object_component>
      <object_component id="oc-198">
         <name>.text.scalbn</name>
         <load_address>0x193c</load_address>
         <readonly>true</readonly>
         <executable>true</executable>
         <run_address>0x193c</run_address>
         <size>0xd8</size>
         <alignment>0x4</alignment>
         <input_file_ref idref="fl-41"/>
      </object_component>
      <object_component id="oc-63">
         <name>.text.main</name>
         <load_address>0x1a14</load_address>
         <readonly>true</readonly>
         <executable>true</executable>
         <run_address>0x1a14</run_address>
         <size>0xd4</size>
         <alignment>0x4</alignment>
         <input_file_ref idref="fl-3"/>
      </object_component>
      <object_component id="oc-18f">
         <name>.text</name>
         <load_address>0x1ae8</load_address>
         <readonly>true</readonly>
         <executable>true</executable>
         <run_address>0x1ae8</run_address>
         <size>0xa2</size>
         <alignment>0x4</alignment>
         <input_file_ref idref="fl-109"/>
      </object_component>
      <object_component id="oc-c6">
         <name>.text.SYSCFG_DL_GPIO_init</name>
         <load_address>0x1b8a</load_address>
         <readonly>true</readonly>
         <executable>true</executable>
         <run_address>0x1b8a</run_address>
         <size>0x2</size>
         <alignment>0x2</alignment>
         <input_file_ref idref="fl-1"/>
      </object_component>
      <object_component id="oc-111">
         <name>.text.fputc</name>
         <load_address>0x1b8c</load_address>
         <readonly>true</readonly>
         <executable>true</executable>
         <run_address>0x1b8c</run_address>
         <size>0x9c</size>
         <alignment>0x4</alignment>
         <input_file_ref idref="fl-2b"/>
      </object_component>
      <object_component id="oc-76">
         <name>.text:memcpy</name>
         <load_address>0x1c28</load_address>
         <readonly>true</readonly>
         <executable>true</executable>
         <run_address>0x1c28</run_address>
         <size>0x9a</size>
         <alignment>0x1</alignment>
         <input_file_ref idref="fl-10e"/>
      </object_component>
      <object_component id="oc-1c8">
         <name>.text.OUTLINED_FUNCTION_0</name>
         <load_address>0x1cc2</load_address>
         <readonly>true</readonly>
         <executable>true</executable>
         <run_address>0x1cc2</run_address>
         <size>0xe</size>
         <alignment>0x2</alignment>
         <input_file_ref idref="fl-37"/>
      </object_component>
      <object_component id="oc-25d">
         <name>.text:strcmp</name>
         <load_address>0x1cd0</load_address>
         <readonly>true</readonly>
         <executable>true</executable>
         <run_address>0x1cd0</run_address>
         <size>0x88</size>
         <alignment>0x10</alignment>
         <input_file_ref idref="fl-110"/>
      </object_component>
      <object_component id="oc-91">
         <name>.text.__divsf3</name>
         <load_address>0x1d58</load_address>
         <readonly>true</readonly>
         <executable>true</executable>
         <run_address>0x1d58</run_address>
         <size>0x82</size>
         <alignment>0x4</alignment>
         <input_file_ref idref="fl-fc"/>
      </object_component>
      <object_component id="oc-179">
         <name>.text.__aeabi_idiv0</name>
         <load_address>0x1dda</load_address>
         <readonly>true</readonly>
         <executable>true</executable>
         <run_address>0x1dda</run_address>
         <size>0x2</size>
         <alignment>0x2</alignment>
         <input_file_ref idref="fl-10c"/>
      </object_component>
      <object_component id="oc-1ce">
         <name>.text.__TI_closefile</name>
         <load_address>0x1ddc</load_address>
         <readonly>true</readonly>
         <executable>true</executable>
         <run_address>0x1ddc</run_address>
         <size>0x7c</size>
         <alignment>0x4</alignment>
         <input_file_ref idref="fl-49"/>
      </object_component>
      <object_component id="oc-1c">
         <name>.text:decompress:lzss</name>
         <load_address>0x1e58</load_address>
         <readonly>true</readonly>
         <executable>true</executable>
         <run_address>0x1e58</run_address>
         <size>0x7c</size>
         <alignment>0x4</alignment>
         <input_file_ref idref="fl-3f"/>
      </object_component>
      <object_component id="oc-1b7">
         <name>.text.__gedf2</name>
         <load_address>0x1ed4</load_address>
         <readonly>true</readonly>
         <executable>true</executable>
         <run_address>0x1ed4</run_address>
         <size>0x74</size>
         <alignment>0x4</alignment>
         <input_file_ref idref="fl-10b"/>
      </object_component>
      <object_component id="oc-1e7">
         <name>.text.HOSTlseek</name>
         <load_address>0x1f48</load_address>
         <readonly>true</readonly>
         <executable>true</executable>
         <run_address>0x1f48</run_address>
         <size>0x6c</size>
         <alignment>0x4</alignment>
         <input_file_ref idref="fl-f2"/>
      </object_component>
      <object_component id="oc-1ef">
         <name>.text.HOSTrename</name>
         <load_address>0x1fb4</load_address>
         <readonly>true</readonly>
         <executable>true</executable>
         <run_address>0x1fb4</run_address>
         <size>0x6c</size>
         <alignment>0x4</alignment>
         <input_file_ref idref="fl-f5"/>
      </object_component>
      <object_component id="oc-15f">
         <name>.text.fseeko</name>
         <load_address>0x2020</load_address>
         <readonly>true</readonly>
         <executable>true</executable>
         <run_address>0x2020</run_address>
         <size>0x6c</size>
         <alignment>0x4</alignment>
         <input_file_ref idref="fl-46"/>
      </object_component>
      <object_component id="oc-251">
         <name>.text.getdevice</name>
         <load_address>0x208c</load_address>
         <readonly>true</readonly>
         <executable>true</executable>
         <run_address>0x208c</run_address>
         <size>0x6c</size>
         <alignment>0x4</alignment>
         <input_file_ref idref="fl-10d"/>
      </object_component>
      <object_component id="oc-1b1">
         <name>.text.__ledf2</name>
         <load_address>0x20f8</load_address>
         <readonly>true</readonly>
         <executable>true</executable>
         <run_address>0x20f8</run_address>
         <size>0x68</size>
         <alignment>0x4</alignment>
         <input_file_ref idref="fl-10b"/>
      </object_component>
      <object_component id="oc-1b0">
         <name>.text._mcpy</name>
         <load_address>0x2160</load_address>
         <readonly>true</readonly>
         <executable>true</executable>
         <run_address>0x2160</run_address>
         <size>0x66</size>
         <alignment>0x2</alignment>
         <input_file_ref idref="fl-2a"/>
      </object_component>
      <object_component id="oc-f0">
         <name>.text.__TI_wrt_ok</name>
         <load_address>0x21c6</load_address>
         <readonly>true</readonly>
         <executable>true</executable>
         <run_address>0x21c6</run_address>
         <size>0x64</size>
         <alignment>0x2</alignment>
         <input_file_ref idref="fl-2d"/>
      </object_component>
      <object_component id="oc-1f9">
         <name>.text.__aeabi_ldiv0</name>
         <load_address>0x222a</load_address>
         <readonly>true</readonly>
         <executable>true</executable>
         <run_address>0x222a</run_address>
         <size>0x2</size>
         <alignment>0x2</alignment>
         <input_file_ref idref="fl-10c"/>
      </object_component>
      <object_component id="oc-217">
         <name>.text.split</name>
         <load_address>0x222c</load_address>
         <readonly>true</readonly>
         <executable>true</executable>
         <run_address>0x222c</run_address>
         <size>0x64</size>
         <alignment>0x4</alignment>
         <input_file_ref idref="fl-37"/>
      </object_component>
      <object_component id="oc-156">
         <name>.text.__aeabi_dcmp</name>
         <load_address>0x2290</load_address>
         <readonly>true</readonly>
         <executable>true</executable>
         <run_address>0x2290</run_address>
         <size>0x62</size>
         <alignment>0x4</alignment>
         <input_file_ref idref="fl-103"/>
      </object_component>
      <object_component id="oc-c4">
         <name>.text:memset</name>
         <load_address>0x22f2</load_address>
         <readonly>true</readonly>
         <executable>true</executable>
         <run_address>0x22f2</run_address>
         <size>0x62</size>
         <alignment>0x1</alignment>
         <input_file_ref idref="fl-10f"/>
      </object_component>
      <object_component id="oc-1d7">
         <name>.text.HOSTopen</name>
         <load_address>0x2354</load_address>
         <readonly>true</readonly>
         <executable>true</executable>
         <run_address>0x2354</run_address>
         <size>0x60</size>
         <alignment>0x4</alignment>
         <input_file_ref idref="fl-f3"/>
      </object_component>
      <object_component id="oc-194">
         <name>.text.frexp</name>
         <load_address>0x23b4</load_address>
         <readonly>true</readonly>
         <executable>true</executable>
         <run_address>0x23b4</run_address>
         <size>0x5c</size>
         <alignment>0x4</alignment>
         <input_file_ref idref="fl-40"/>
      </object_component>
      <object_component id="oc-99">
         <name>.text.printf</name>
         <load_address>0x2410</load_address>
         <readonly>true</readonly>
         <executable>true</executable>
         <run_address>0x2410</run_address>
         <size>0x5c</size>
         <alignment>0x4</alignment>
         <input_file_ref idref="fl-29"/>
      </object_component>
      <object_component id="oc-1df">
         <name>.text.HOSTread</name>
         <load_address>0x246c</load_address>
         <readonly>true</readonly>
         <executable>true</executable>
         <run_address>0x246c</run_address>
         <size>0x58</size>
         <alignment>0x4</alignment>
         <input_file_ref idref="fl-f4"/>
      </object_component>
      <object_component id="oc-1e3">
         <name>.text.HOSTwrite</name>
         <load_address>0x24c4</load_address>
         <readonly>true</readonly>
         <executable>true</executable>
         <run_address>0x24c4</run_address>
         <size>0x58</size>
         <alignment>0x4</alignment>
         <input_file_ref idref="fl-f7"/>
      </object_component>
      <object_component id="oc-1a0">
         <name>.text.__TI_ltoa</name>
         <load_address>0x251c</load_address>
         <readonly>true</readonly>
         <executable>true</executable>
         <run_address>0x251c</run_address>
         <size>0x58</size>
         <alignment>0x2</alignment>
         <input_file_ref idref="fl-32"/>
      </object_component>
      <object_component id="oc-15b">
         <name>.text._pconv_f</name>
         <load_address>0x2574</load_address>
         <readonly>true</readonly>
         <executable>true</executable>
         <run_address>0x2574</run_address>
         <size>0x58</size>
         <alignment>0x2</alignment>
         <input_file_ref idref="fl-2a"/>
      </object_component>
      <object_component id="oc-206">
         <name>.text.__aeabi_idivmod</name>
         <load_address>0x25cc</load_address>
         <readonly>true</readonly>
         <executable>true</executable>
         <run_address>0x25cc</run_address>
         <size>0x56</size>
         <alignment>0x4</alignment>
         <input_file_ref idref="fl-104"/>
      </object_component>
      <object_component id="oc-fa">
         <name>.text.__TI_doflush</name>
         <load_address>0x2622</load_address>
         <readonly>true</readonly>
         <executable>true</executable>
         <run_address>0x2622</run_address>
         <size>0x52</size>
         <alignment>0x2</alignment>
         <input_file_ref idref="fl-44"/>
      </object_component>
      <object_component id="oc-1ae">
         <name>.text._ecpy</name>
         <load_address>0x2674</load_address>
         <readonly>true</readonly>
         <executable>true</executable>
         <run_address>0x2674</run_address>
         <size>0x52</size>
         <alignment>0x2</alignment>
         <input_file_ref idref="fl-2a"/>
      </object_component>
      <object_component id="oc-10b">
         <name>.text._nop</name>
         <load_address>0x26c6</load_address>
         <readonly>true</readonly>
         <executable>true</executable>
         <run_address>0x26c6</run_address>
         <size>0x2</size>
         <alignment>0x2</alignment>
         <input_file_ref idref="fl-31"/>
      </object_component>
      <object_component id="oc-219">
         <name>.text.close</name>
         <load_address>0x26c8</load_address>
         <readonly>true</readonly>
         <executable>true</executable>
         <run_address>0x26c8</run_address>
         <size>0x50</size>
         <alignment>0x4</alignment>
         <input_file_ref idref="fl-ef"/>
      </object_component>
      <object_component id="oc-19c">
         <name>.text.__fixdfsi</name>
         <load_address>0x2718</load_address>
         <readonly>true</readonly>
         <executable>true</executable>
         <run_address>0x2718</run_address>
         <size>0x4a</size>
         <alignment>0x4</alignment>
         <input_file_ref idref="fl-ff"/>
      </object_component>
      <object_component id="oc-1db">
         <name>.text.HOSTclose</name>
         <load_address>0x2764</load_address>
         <readonly>true</readonly>
         <executable>true</executable>
         <run_address>0x2764</run_address>
         <size>0x48</size>
         <alignment>0x4</alignment>
         <input_file_ref idref="fl-f1"/>
      </object_component>
      <object_component id="oc-1eb">
         <name>.text.HOSTunlink</name>
         <load_address>0x27ac</load_address>
         <readonly>true</readonly>
         <executable>true</executable>
         <run_address>0x27ac</run_address>
         <size>0x48</size>
         <alignment>0x4</alignment>
         <input_file_ref idref="fl-f6"/>
      </object_component>
      <object_component id="oc-c7">
         <name>.text.SYSCFG_DL_SYSCTL_init</name>
         <load_address>0x27f4</load_address>
         <readonly>true</readonly>
         <executable>true</executable>
         <run_address>0x27f4</run_address>
         <size>0x40</size>
         <alignment>0x4</alignment>
         <input_file_ref idref="fl-1"/>
      </object_component>
      <object_component id="oc-139">
         <name>.text.__aeabi_uidivmod</name>
         <load_address>0x2834</load_address>
         <readonly>true</readonly>
         <executable>true</executable>
         <run_address>0x2834</run_address>
         <size>0x40</size>
         <alignment>0x4</alignment>
         <input_file_ref idref="fl-107"/>
      </object_component>
      <object_component id="oc-95">
         <name>.text.__extendsfdf2</name>
         <load_address>0x2874</load_address>
         <readonly>true</readonly>
         <executable>true</executable>
         <run_address>0x2874</run_address>
         <size>0x40</size>
         <alignment>0x4</alignment>
         <input_file_ref idref="fl-fe"/>
      </object_component>
      <object_component id="oc-13f">
         <name>.text.atoi</name>
         <load_address>0x28b4</load_address>
         <readonly>true</readonly>
         <executable>true</executable>
         <run_address>0x28b4</run_address>
         <size>0x40</size>
         <alignment>0x4</alignment>
         <input_file_ref idref="fl-34"/>
      </object_component>
      <object_component id="oc-ac">
         <name>.text:__TI_auto_init_nobinit_nopinit</name>
         <load_address>0x28f4</load_address>
         <readonly>true</readonly>
         <executable>true</executable>
         <run_address>0x28f4</run_address>
         <size>0x3c</size>
         <alignment>0x4</alignment>
         <input_file_ref idref="fl-3a"/>
      </object_component>
      <object_component id="oc-18a">
         <name>.text.__muldsi3</name>
         <load_address>0x2930</load_address>
         <readonly>true</readonly>
         <executable>true</executable>
         <run_address>0x2930</run_address>
         <size>0x3a</size>
         <alignment>0x4</alignment>
         <input_file_ref idref="fl-fb"/>
      </object_component>
      <object_component id="oc-169">
         <name>.text.__TI_cleanup</name>
         <load_address>0x296c</load_address>
         <readonly>true</readonly>
         <executable>true</executable>
         <run_address>0x296c</run_address>
         <size>0x34</size>
         <alignment>0x4</alignment>
         <input_file_ref idref="fl-45"/>
      </object_component>
      <object_component id="oc-22a">
         <name>.text.__TI_readmsg</name>
         <load_address>0x29a0</load_address>
         <readonly>true</readonly>
         <executable>true</executable>
         <run_address>0x29a0</run_address>
         <size>0x34</size>
         <alignment>0x4</alignment>
         <input_file_ref idref="fl-f8"/>
      </object_component>
      <object_component id="oc-224">
         <name>.text.__TI_writemsg</name>
         <load_address>0x29d4</load_address>
         <readonly>true</readonly>
         <executable>true</executable>
         <run_address>0x29d4</run_address>
         <size>0x34</size>
         <alignment>0x4</alignment>
         <input_file_ref idref="fl-f8"/>
      </object_component>
      <object_component id="oc-aa">
         <name>.text.exit</name>
         <load_address>0x2a08</load_address>
         <readonly>true</readonly>
         <executable>true</executable>
         <run_address>0x2a08</run_address>
         <size>0x34</size>
         <alignment>0x4</alignment>
         <input_file_ref idref="fl-30"/>
      </object_component>
      <object_component id="oc-25a">
         <name>.text.finddevice</name>
         <load_address>0x2a3c</load_address>
         <readonly>true</readonly>
         <executable>true</executable>
         <run_address>0x2a3c</run_address>
         <size>0x34</size>
         <alignment>0x4</alignment>
         <input_file_ref idref="fl-10d"/>
      </object_component>
      <object_component id="oc-1af">
         <name>.text._fcpy</name>
         <load_address>0x2a70</load_address>
         <readonly>true</readonly>
         <executable>true</executable>
         <run_address>0x2a70</run_address>
         <size>0x30</size>
         <alignment>0x2</alignment>
         <input_file_ref idref="fl-2a"/>
      </object_component>
      <object_component id="oc-c5">
         <name>.text.SYSCFG_DL_initPower</name>
         <load_address>0x2aa0</load_address>
         <readonly>true</readonly>
         <executable>true</executable>
         <run_address>0x2aa0</run_address>
         <size>0x2c</size>
         <alignment>0x4</alignment>
         <input_file_ref idref="fl-1"/>
      </object_component>
      <object_component id="oc-1a4">
         <name>.text.__floatsidf</name>
         <load_address>0x2acc</load_address>
         <readonly>true</readonly>
         <executable>true</executable>
         <run_address>0x2acc</run_address>
         <size>0x2c</size>
         <alignment>0x4</alignment>
         <input_file_ref idref="fl-100"/>
      </object_component>
      <object_component id="oc-247">
         <name>.text.unlink</name>
         <load_address>0x2af8</load_address>
         <readonly>true</readonly>
         <executable>true</executable>
         <run_address>0x2af8</run_address>
         <size>0x2c</size>
         <alignment>0x4</alignment>
         <input_file_ref idref="fl-f0"/>
      </object_component>
      <object_component id="oc-8d">
         <name>.text.__floatunsisf</name>
         <load_address>0x2b24</load_address>
         <readonly>true</readonly>
         <executable>true</executable>
         <run_address>0x2b24</run_address>
         <size>0x28</size>
         <alignment>0x4</alignment>
         <input_file_ref idref="fl-101"/>
      </object_component>
      <object_component id="oc-1c9">
         <name>.text.free_list_insert</name>
         <load_address>0x2b4c</load_address>
         <readonly>true</readonly>
         <executable>true</executable>
         <run_address>0x2b4c</run_address>
         <size>0x28</size>
         <alignment>0x4</alignment>
         <input_file_ref idref="fl-37"/>
      </object_component>
      <object_component id="oc-1c3">
         <name>.text.lseek</name>
         <load_address>0x2b74</load_address>
         <readonly>true</readonly>
         <executable>true</executable>
         <run_address>0x2b74</run_address>
         <size>0x28</size>
         <alignment>0x4</alignment>
         <input_file_ref idref="fl-ee"/>
      </object_component>
      <object_component id="oc-f6">
         <name>.text.write</name>
         <load_address>0x2b9c</load_address>
         <readonly>true</readonly>
         <executable>true</executable>
         <run_address>0x2b9c</run_address>
         <size>0x28</size>
         <alignment>0x4</alignment>
         <input_file_ref idref="fl-ea"/>
      </object_component>
      <object_component id="oc-4f">
         <name>.text:_c_int00_noargs</name>
         <load_address>0x2bc4</load_address>
         <readonly>true</readonly>
         <executable>true</executable>
         <run_address>0x2bc4</run_address>
         <size>0x28</size>
         <alignment>0x4</alignment>
         <input_file_ref idref="fl-38"/>
      </object_component>
      <object_component id="oc-14c">
         <name>.text.__muldi3</name>
         <load_address>0x2bec</load_address>
         <readonly>true</readonly>
         <executable>true</executable>
         <run_address>0x2bec</run_address>
         <size>0x24</size>
         <alignment>0x4</alignment>
         <input_file_ref idref="fl-102"/>
      </object_component>
      <object_component id="oc-87">
         <name>.text.puts</name>
         <load_address>0x2c10</load_address>
         <readonly>true</readonly>
         <executable>true</executable>
         <run_address>0x2c10</run_address>
         <size>0x24</size>
         <alignment>0x4</alignment>
         <input_file_ref idref="fl-2c"/>
      </object_component>
      <object_component id="oc-134">
         <name>.text.memccpy</name>
         <load_address>0x2c34</load_address>
         <readonly>true</readonly>
         <executable>true</executable>
         <run_address>0x2c34</run_address>
         <size>0x22</size>
         <alignment>0x2</alignment>
         <input_file_ref idref="fl-36"/>
      </object_component>
      <object_component id="oc-1fa">
         <name>.text.__ashldi3</name>
         <load_address>0x2c58</load_address>
         <readonly>true</readonly>
         <executable>true</executable>
         <run_address>0x2c58</run_address>
         <size>0x1e</size>
         <alignment>0x4</alignment>
         <input_file_ref idref="fl-10a"/>
      </object_component>
      <object_component id="oc-80">
         <name>.text.DL_Timer_setClockConfig</name>
         <load_address>0x2c78</load_address>
         <readonly>true</readonly>
         <executable>true</executable>
         <run_address>0x2c78</run_address>
         <size>0x1c</size>
         <alignment>0x4</alignment>
         <input_file_ref idref="fl-12"/>
      </object_component>
      <object_component id="oc-1c7">
         <name>.text.free_list_remove</name>
         <load_address>0x2c94</load_address>
         <readonly>true</readonly>
         <executable>true</executable>
         <run_address>0x2c94</run_address>
         <size>0x1c</size>
         <alignment>0x4</alignment>
         <input_file_ref idref="fl-37"/>
      </object_component>
      <object_component id="oc-46">
         <name>.text:decompress:ZI:__TI_zero_init_nomemset</name>
         <load_address>0x2cb0</load_address>
         <readonly>true</readonly>
         <executable>true</executable>
         <run_address>0x2cb0</run_address>
         <size>0x16</size>
         <alignment>0x2</alignment>
         <input_file_ref idref="fl-3d"/>
      </object_component>
      <object_component id="oc-151">
         <name>.text.__aeabi_uldivmod</name>
         <load_address>0x2cc8</load_address>
         <readonly>true</readonly>
         <executable>true</executable>
         <run_address>0x2cc8</run_address>
         <size>0x14</size>
         <alignment>0x4</alignment>
         <input_file_ref idref="fl-108"/>
      </object_component>
      <object_component id="oc-1ad">
         <name>.text.strchr</name>
         <load_address>0x2cdc</load_address>
         <readonly>true</readonly>
         <executable>true</executable>
         <run_address>0x2cdc</run_address>
         <size>0x14</size>
         <alignment>0x2</alignment>
         <input_file_ref idref="fl-2a"/>
      </object_component>
      <object_component id="oc-20">
         <name>.text:decompress:none</name>
         <load_address>0x2cf0</load_address>
         <readonly>true</readonly>
         <executable>true</executable>
         <run_address>0x2cf0</run_address>
         <size>0x12</size>
         <alignment>0x2</alignment>
         <input_file_ref idref="fl-3e"/>
      </object_component>
      <object_component id="oc-7b">
         <name>.text.SYSCFG_DL_init</name>
         <load_address>0x2d02</load_address>
         <readonly>true</readonly>
         <executable>true</executable>
         <run_address>0x2d02</run_address>
         <size>0x10</size>
         <alignment>0x2</alignment>
         <input_file_ref idref="fl-1"/>
      </object_component>
      <object_component id="oc-143">
         <name>.text.wcslen</name>
         <load_address>0x2d12</load_address>
         <readonly>true</readonly>
         <executable>true</executable>
         <run_address>0x2d12</run_address>
         <size>0x10</size>
         <alignment>0x2</alignment>
         <input_file_ref idref="fl-42"/>
      </object_component>
      <object_component id="oc-133">
         <name>.text.__aeabi_memset</name>
         <load_address>0x2d24</load_address>
         <readonly>true</readonly>
         <executable>true</executable>
         <run_address>0x2d24</run_address>
         <size>0xe</size>
         <alignment>0x4</alignment>
         <input_file_ref idref="fl-106"/>
      </object_component>
      <object_component id="oc-23e">
         <name>.text.strcpy</name>
         <load_address>0x2d32</load_address>
         <readonly>true</readonly>
         <executable>true</executable>
         <run_address>0x2d32</run_address>
         <size>0xe</size>
         <alignment>0x2</alignment>
         <input_file_ref idref="fl-f5"/>
      </object_component>
      <object_component id="oc-132">
         <name>.text.strlen</name>
         <load_address>0x2d40</load_address>
         <readonly>true</readonly>
         <executable>true</executable>
         <run_address>0x2d40</run_address>
         <size>0xe</size>
         <alignment>0x2</alignment>
         <input_file_ref idref="fl-2a"/>
      </object_component>
      <object_component id="oc-23f">
         <name>.text.strlen</name>
         <load_address>0x2d4e</load_address>
         <readonly>true</readonly>
         <executable>true</executable>
         <run_address>0x2d4e</run_address>
         <size>0xe</size>
         <alignment>0x2</alignment>
         <input_file_ref idref="fl-f5"/>
      </object_component>
      <object_component id="oc-5a">
         <name>.text.__aeabi_memclr</name>
         <load_address>0x2d5c</load_address>
         <readonly>true</readonly>
         <executable>true</executable>
         <run_address>0x2d5c</run_address>
         <size>0xc</size>
         <alignment>0x4</alignment>
         <input_file_ref idref="fl-106"/>
      </object_component>
      <object_component id="oc-168">
         <name>.text.malloc</name>
         <load_address>0x2d68</load_address>
         <readonly>true</readonly>
         <executable>true</executable>
         <run_address>0x2d68</run_address>
         <size>0xc</size>
         <alignment>0x2</alignment>
         <input_file_ref idref="fl-37"/>
      </object_component>
      <object_component id="oc-ec">
         <name>.text.DL_Common_delayCycles</name>
         <load_address>0x2d74</load_address>
         <readonly>true</readonly>
         <executable>true</executable>
         <run_address>0x2d74</run_address>
         <size>0xa</size>
         <alignment>0x2</alignment>
         <input_file_ref idref="fl-11"/>
      </object_component>
      <object_component id="oc-1a8">
         <name>.text.OUTLINED_FUNCTION_0</name>
         <load_address>0x2d7e</load_address>
         <readonly>true</readonly>
         <executable>true</executable>
         <run_address>0x2d7e</run_address>
         <size>0xa</size>
         <alignment>0x2</alignment>
         <input_file_ref idref="fl-2a"/>
      </object_component>
      <object_component id="oc-2aa">
         <name>.tramp.__aeabi_dsub.1</name>
         <load_address>0x2d88</load_address>
         <readonly>true</readonly>
         <executable>true</executable>
         <run_address>0x2d88</run_address>
         <size>0x10</size>
         <alignment>0x4</alignment>
         <input_file_ref idref="fl-f9"/>
      </object_component>
      <object_component id="oc-1c2">
         <name>.text.OUTLINED_FUNCTION_1</name>
         <load_address>0x2d98</load_address>
         <readonly>true</readonly>
         <executable>true</executable>
         <run_address>0x2d98</run_address>
         <size>0xa</size>
         <alignment>0x2</alignment>
         <input_file_ref idref="fl-2a"/>
      </object_component>
      <object_component id="oc-147">
         <name>.text.__aeabi_errno_addr</name>
         <load_address>0x2da4</load_address>
         <readonly>true</readonly>
         <executable>true</executable>
         <run_address>0x2da4</run_address>
         <size>0x8</size>
         <alignment>0x4</alignment>
         <input_file_ref idref="fl-2f"/>
      </object_component>
      <object_component id="oc-3f">
         <name>.text.__aeabi_memcpy</name>
         <load_address>0x2dac</load_address>
         <readonly>true</readonly>
         <executable>true</executable>
         <run_address>0x2dac</run_address>
         <size>0x8</size>
         <alignment>0x4</alignment>
         <input_file_ref idref="fl-105"/>
      </object_component>
      <object_component id="oc-da">
         <name>.text._outc</name>
         <load_address>0x2db4</load_address>
         <readonly>true</readonly>
         <executable>true</executable>
         <run_address>0x2db4</run_address>
         <size>0x8</size>
         <alignment>0x2</alignment>
         <input_file_ref idref="fl-29"/>
      </object_component>
      <object_component id="oc-d9">
         <name>.text._outs</name>
         <load_address>0x2dbc</load_address>
         <readonly>true</readonly>
         <executable>true</executable>
         <run_address>0x2dbc</run_address>
         <size>0x8</size>
         <alignment>0x2</alignment>
         <input_file_ref idref="fl-29"/>
      </object_component>
      <object_component id="oc-11f">
         <name>.text.fseek</name>
         <load_address>0x2dc4</load_address>
         <readonly>true</readonly>
         <executable>true</executable>
         <run_address>0x2dc4</run_address>
         <size>0x8</size>
         <alignment>0x2</alignment>
         <input_file_ref idref="fl-46"/>
      </object_component>
      <object_component id="oc-21d">
         <name>.text.remove</name>
         <load_address>0x2dcc</load_address>
         <readonly>true</readonly>
         <executable>true</executable>
         <run_address>0x2dcc</run_address>
         <size>0x8</size>
         <alignment>0x2</alignment>
         <input_file_ref idref="fl-ec"/>
      </object_component>
      <object_component id="oc-a5">
         <name>.text:abort</name>
         <load_address>0x2dd4</load_address>
         <readonly>true</readonly>
         <executable>true</executable>
         <run_address>0x2dd4</run_address>
         <size>0x6</size>
         <alignment>0x2</alignment>
         <input_file_ref idref="fl-30"/>
      </object_component>
      <object_component id="oc-de">
         <name>.text.HOSTexit</name>
         <load_address>0x2dda</load_address>
         <readonly>true</readonly>
         <executable>true</executable>
         <run_address>0x2dda</run_address>
         <size>0x4</size>
         <alignment>0x2</alignment>
         <input_file_ref idref="fl-e9"/>
      </object_component>
      <object_component id="oc-2f">
         <name>.text.Reset_Handler</name>
         <load_address>0x2dde</load_address>
         <readonly>true</readonly>
         <executable>true</executable>
         <run_address>0x2dde</run_address>
         <size>0x4</size>
         <alignment>0x2</alignment>
         <input_file_ref idref="fl-2"/>
      </object_component>
      <object_component id="oc-5f">
         <name>.text._system_pre_init</name>
         <load_address>0x2de2</load_address>
         <readonly>true</readonly>
         <executable>true</executable>
         <run_address>0x2de2</run_address>
         <size>0x4</size>
         <alignment>0x2</alignment>
         <input_file_ref idref="fl-3b"/>
      </object_component>
      <object_component id="oc-2a5">
         <name>.cinit..data.load</name>
         <load_address>0x2f50</load_address>
         <readonly>true</readonly>
         <run_address>0x2f50</run_address>
         <size>0x5f</size>
         <alignment>0x1</alignment>
      </object_component>
      <object_component id="oc-2a3">
         <name>__TI_handler_table</name>
         <load_address>0x2fb0</load_address>
         <readonly>true</readonly>
         <run_address>0x2fb0</run_address>
         <size>0xc</size>
         <alignment>0x4</alignment>
      </object_component>
      <object_component id="oc-2a6">
         <name>.cinit..bss.load</name>
         <load_address>0x2fbc</load_address>
         <readonly>true</readonly>
         <run_address>0x2fbc</run_address>
         <size>0x8</size>
         <alignment>0x4</alignment>
      </object_component>
      <object_component id="oc-2a4">
         <name>__TI_cinit_table</name>
         <load_address>0x2fc4</load_address>
         <readonly>true</readonly>
         <run_address>0x2fc4</run_address>
         <size>0x10</size>
         <alignment>0x4</alignment>
      </object_component>
      <object_component id="oc-17f">
         <name>.rodata:__aeabi_ctype_table_</name>
         <load_address>0x2df0</load_address>
         <readonly>true</readonly>
         <run_address>0x2df0</run_address>
         <size>0x101</size>
         <alignment>0x10</alignment>
         <input_file_ref idref="fl-47"/>
      </object_component>
      <object_component id="oc-9f">
         <name>.rodata.str1.9315172165946121771.1</name>
         <load_address>0x2ef1</load_address>
         <readonly>true</readonly>
         <run_address>0x2ef1</run_address>
         <size>0x1d</size>
         <alignment>0x1</alignment>
         <input_file_ref idref="fl-3"/>
      </object_component>
      <object_component id="oc-150">
         <name>.rodata.str1.10348868589481759720.1</name>
         <load_address>0x2f0e</load_address>
         <readonly>true</readonly>
         <run_address>0x2f0e</run_address>
         <size>0x11</size>
         <alignment>0x1</alignment>
         <input_file_ref idref="fl-2a"/>
      </object_component>
      <object_component id="oc-138">
         <name>.rodata.str1.15363888844622738466.1</name>
         <load_address>0x2f1f</load_address>
         <readonly>true</readonly>
         <run_address>0x2f1f</run_address>
         <size>0x11</size>
         <alignment>0x1</alignment>
         <input_file_ref idref="fl-2a"/>
      </object_component>
      <object_component id="oc-a0">
         <name>.rodata.str1.9763168423086465428.1</name>
         <load_address>0x2f30</load_address>
         <readonly>true</readonly>
         <run_address>0x2f30</run_address>
         <size>0xf</size>
         <alignment>0x1</alignment>
         <input_file_ref idref="fl-3"/>
      </object_component>
      <object_component id="oc-d0">
         <name>.rodata.str1.16607721268415185390.1</name>
         <load_address>0x2f3f</load_address>
         <readonly>true</readonly>
         <run_address>0x2f3f</run_address>
         <size>0x2</size>
         <alignment>0x1</alignment>
         <input_file_ref idref="fl-2c"/>
      </object_component>
      <object_component id="oc-26b">
         <name>.binit</name>
         <load_address>0x0</load_address>
         <readonly>true</readonly>
         <run_address>0x0</run_address>
         <size>0x0</size>
         <alignment>0x4</alignment>
      </object_component>
      <object_component id="oc-186">
         <name>.data.__aeabi_errno</name>
         <load_address>0x202009c4</load_address>
         <readwrite>true</readwrite>
         <run_address>0x202009c4</run_address>
         <size>0x4</size>
         <alignment>0x4</alignment>
         <input_file_ref idref="fl-2f"/>
      </object_component>
      <object_component id="oc-e4">
         <name>.data..L_MergedGlobals</name>
         <load_address>0x202009b8</load_address>
         <readwrite>true</readwrite>
         <run_address>0x202009b8</run_address>
         <size>0x8</size>
         <alignment>0x4</alignment>
         <input_file_ref idref="fl-30"/>
      </object_component>
      <object_component id="oc-d7">
         <name>.data._lock</name>
         <load_address>0x202009c8</load_address>
         <readwrite>true</readwrite>
         <run_address>0x202009c8</run_address>
         <size>0x4</size>
         <alignment>0x4</alignment>
         <input_file_ref idref="fl-31"/>
      </object_component>
      <object_component id="oc-db">
         <name>.data._unlock</name>
         <load_address>0x202009cc</load_address>
         <readwrite>true</readwrite>
         <run_address>0x202009cc</run_address>
         <size>0x4</size>
         <alignment>0x4</alignment>
         <input_file_ref idref="fl-31"/>
      </object_component>
      <object_component id="oc-ce">
         <name>.data._ftable</name>
         <load_address>0x20200800</load_address>
         <readwrite>true</readwrite>
         <run_address>0x20200800</run_address>
         <size>0xf0</size>
         <alignment>0x4</alignment>
         <input_file_ref idref="fl-35"/>
      </object_component>
      <object_component id="oc-1d4">
         <name>.data.__TI_ft_end</name>
         <load_address>0x202009c0</load_address>
         <readwrite>true</readwrite>
         <run_address>0x202009c0</run_address>
         <size>0x4</size>
         <alignment>0x4</alignment>
         <input_file_ref idref="fl-35"/>
      </object_component>
      <object_component id="oc-218">
         <name>.data.memory_is_initialized</name>
         <load_address>0x202009d0</load_address>
         <readwrite>true</readwrite>
         <run_address>0x202009d0</run_address>
         <size>0x1</size>
         <alignment>0x4</alignment>
         <input_file_ref idref="fl-37"/>
      </object_component>
      <object_component id="oc-172">
         <name>.data._device</name>
         <load_address>0x202008f0</load_address>
         <readwrite>true</readwrite>
         <run_address>0x202008f0</run_address>
         <size>0x78</size>
         <alignment>0x4</alignment>
         <input_file_ref idref="fl-eb"/>
      </object_component>
      <object_component id="oc-12b">
         <name>.data._stream</name>
         <load_address>0x20200968</load_address>
         <readwrite>true</readwrite>
         <run_address>0x20200968</run_address>
         <size>0x50</size>
         <alignment>0x4</alignment>
         <input_file_ref idref="fl-eb"/>
      </object_component>
      <object_component id="oc-221">
         <name>.bss.__TI_tmpnams</name>
         <uninitialized>true</uninitialized>
         <readwrite>true</readwrite>
         <run_address>0x20200af4</run_address>
         <size>0xa0</size>
         <alignment>0x1</alignment>
         <input_file_ref idref="fl-35"/>
      </object_component>
      <object_component id="oc-216">
         <name>.bss.sys_free</name>
         <uninitialized>true</uninitialized>
         <readwrite>true</readwrite>
         <run_address>0x20200b9c</run_address>
         <size>0x4</size>
         <alignment>0x4</alignment>
         <input_file_ref idref="fl-37"/>
      </object_component>
      <object_component id="oc-22b">
         <name>.bss.parmbuf</name>
         <uninitialized>true</uninitialized>
         <readwrite>true</readwrite>
         <run_address>0x20200b94</run_address>
         <size>0x8</size>
         <alignment>0x1</alignment>
         <input_file_ref idref="fl-f3"/>
      </object_component>
      <object_component id="oc-24e">
         <name>.bss:_CIOBUF_</name>
         <uninitialized>true</uninitialized>
         <readwrite>true</readwrite>
         <run_address>0x202009d4</run_address>
         <size>0x120</size>
         <alignment>0x4</alignment>
         <input_file_ref idref="fl-f8"/>
      </object_component>
      <object_component id="oc-1ca">
         <name>.sysmem</name>
         <uninitialized>true</uninitialized>
         <readwrite>true</readwrite>
         <run_address>0x20200000</run_address>
         <size>0x10</size>
         <alignment>0x8</alignment>
         <input_file_ref idref="fl-37"/>
      </object_component>
      <object_component id="oc-2a9">
         <name>.sysmem</name>
         <uninitialized>true</uninitialized>
         <readwrite>true</readwrite>
         <run_address>0x20200000</run_address>
         <size>0x0</size>
         <alignment>0x4</alignment>
      </object_component>
      <object_component id="oc-1a">
         <name>.stack</name>
         <uninitialized>true</uninitialized>
         <readwrite>true</readwrite>
         <run_address>0x20207e00</run_address>
         <size>0x4</size>
         <alignment>0x4</alignment>
         <input_file_ref idref="fl-38"/>
      </object_component>
      <object_component id="oc-2a8">
         <name>.stack</name>
         <uninitialized>true</uninitialized>
         <readwrite>true</readwrite>
         <run_address>0x20207e00</run_address>
         <size>0x0</size>
         <alignment>0x8</alignment>
      </object_component>
      <object_component id="oc-c8">
         <name>.debug_loc</name>
         <load_address>0x0</load_address>
         <run_address>0x0</run_address>
         <size>0x5c</size>
         <alignment>0x1</alignment>
         <input_file_ref idref="fl-1"/>
      </object_component>
      <object_component id="oc-a3">
         <name>.debug_loc</name>
         <load_address>0x5c</load_address>
         <run_address>0x5c</run_address>
         <size>0xfd</size>
         <alignment>0x1</alignment>
         <input_file_ref idref="fl-3"/>
      </object_component>
      <object_component id="oc-11e">
         <name>.debug_loc</name>
         <load_address>0x159</load_address>
         <run_address>0x159</run_address>
         <size>0x13</size>
         <alignment>0x1</alignment>
         <input_file_ref idref="fl-11"/>
      </object_component>
      <object_component id="oc-81">
         <name>.debug_loc</name>
         <load_address>0x16c</load_address>
         <run_address>0x16c</run_address>
         <size>0x1a68</size>
         <alignment>0x1</alignment>
         <input_file_ref idref="fl-12"/>
      </object_component>
      <object_component id="oc-9a">
         <name>.debug_loc</name>
         <load_address>0x1bd4</load_address>
         <run_address>0x1bd4</run_address>
         <size>0x10a</size>
         <alignment>0x1</alignment>
         <input_file_ref idref="fl-29"/>
      </object_component>
      <object_component id="oc-104">
         <name>.debug_loc</name>
         <load_address>0x1cde</load_address>
         <run_address>0x1cde</run_address>
         <size>0x32d8</size>
         <alignment>0x1</alignment>
         <input_file_ref idref="fl-2a"/>
      </object_component>
      <object_component id="oc-112">
         <name>.debug_loc</name>
         <load_address>0x4fb6</load_address>
         <run_address>0x4fb6</run_address>
         <size>0x150</size>
         <alignment>0x1</alignment>
         <input_file_ref idref="fl-2b"/>
      </object_component>
      <object_component id="oc-88">
         <name>.debug_loc</name>
         <load_address>0x5106</load_address>
         <run_address>0x5106</run_address>
         <size>0x219</size>
         <alignment>0x1</alignment>
         <input_file_ref idref="fl-2c"/>
      </object_component>
      <object_component id="oc-f1">
         <name>.debug_loc</name>
         <load_address>0x531f</load_address>
         <run_address>0x531f</run_address>
         <size>0xbf</size>
         <alignment>0x1</alignment>
         <input_file_ref idref="fl-2d"/>
      </object_component>
      <object_component id="oc-171">
         <name>.debug_loc</name>
         <load_address>0x53de</load_address>
         <run_address>0x53de</run_address>
         <size>0xa8</size>
         <alignment>0x1</alignment>
         <input_file_ref idref="fl-2e"/>
      </object_component>
      <object_component id="oc-189">
         <name>.debug_loc</name>
         <load_address>0x5486</load_address>
         <run_address>0x5486</run_address>
         <size>0x101</size>
         <alignment>0x1</alignment>
         <input_file_ref idref="fl-2f"/>
      </object_component>
      <object_component id="oc-ab">
         <name>.debug_loc</name>
         <load_address>0x5587</load_address>
         <run_address>0x5587</run_address>
         <size>0x26</size>
         <alignment>0x1</alignment>
         <input_file_ref idref="fl-30"/>
      </object_component>
      <object_component id="oc-20c">
         <name>.debug_loc</name>
         <load_address>0x55ad</load_address>
         <run_address>0x55ad</run_address>
         <size>0x8f</size>
         <alignment>0x1</alignment>
         <input_file_ref idref="fl-32"/>
      </object_component>
      <object_component id="oc-182">
         <name>.debug_loc</name>
         <load_address>0x563c</load_address>
         <run_address>0x563c</run_address>
         <size>0x66</size>
         <alignment>0x1</alignment>
         <input_file_ref idref="fl-34"/>
      </object_component>
      <object_component id="oc-178">
         <name>.debug_loc</name>
         <load_address>0x56a2</load_address>
         <run_address>0x56a2</run_address>
         <size>0xbf</size>
         <alignment>0x1</alignment>
         <input_file_ref idref="fl-36"/>
      </object_component>
      <object_component id="oc-163">
         <name>.debug_loc</name>
         <load_address>0x5761</load_address>
         <run_address>0x5761</run_address>
         <size>0x714</size>
         <alignment>0x1</alignment>
         <input_file_ref idref="fl-37"/>
      </object_component>
      <object_component id="oc-3a">
         <name>.debug_loc</name>
         <load_address>0x5e75</load_address>
         <run_address>0x5e75</run_address>
         <size>0xd8</size>
         <alignment>0x1</alignment>
         <input_file_ref idref="fl-38"/>
      </object_component>
      <object_component id="oc-ad">
         <name>.debug_loc</name>
         <load_address>0x5f4d</load_address>
         <run_address>0x5f4d</run_address>
         <size>0x424</size>
         <alignment>0x1</alignment>
         <input_file_ref idref="fl-3a"/>
      </object_component>
      <object_component id="oc-47">
         <name>.debug_loc</name>
         <load_address>0x6371</load_address>
         <run_address>0x6371</run_address>
         <size>0x16c</size>
         <alignment>0x1</alignment>
         <input_file_ref idref="fl-3d"/>
      </object_component>
      <object_component id="oc-45">
         <name>.debug_loc</name>
         <load_address>0x64dd</load_address>
         <run_address>0x64dd</run_address>
         <size>0x6f</size>
         <alignment>0x1</alignment>
         <input_file_ref idref="fl-3e"/>
      </object_component>
      <object_component id="oc-3d">
         <name>.debug_loc</name>
         <load_address>0x654c</load_address>
         <run_address>0x654c</run_address>
         <size>0x167</size>
         <alignment>0x1</alignment>
         <input_file_ref idref="fl-3f"/>
      </object_component>
      <object_component id="oc-201">
         <name>.debug_loc</name>
         <load_address>0x66b3</load_address>
         <run_address>0x66b3</run_address>
         <size>0x9c</size>
         <alignment>0x1</alignment>
         <input_file_ref idref="fl-40"/>
      </object_component>
      <object_component id="oc-204">
         <name>.debug_loc</name>
         <load_address>0x674f</load_address>
         <run_address>0x674f</run_address>
         <size>0x127</size>
         <alignment>0x1</alignment>
         <input_file_ref idref="fl-41"/>
      </object_component>
      <object_component id="oc-185">
         <name>.debug_loc</name>
         <load_address>0x6876</load_address>
         <run_address>0x6876</run_address>
         <size>0x33</size>
         <alignment>0x1</alignment>
         <input_file_ref idref="fl-42"/>
      </object_component>
      <object_component id="oc-fb">
         <name>.debug_loc</name>
         <load_address>0x68a9</load_address>
         <run_address>0x68a9</run_address>
         <size>0x10c</size>
         <alignment>0x1</alignment>
         <input_file_ref idref="fl-44"/>
      </object_component>
      <object_component id="oc-16a">
         <name>.debug_loc</name>
         <load_address>0x69b5</load_address>
         <run_address>0x69b5</run_address>
         <size>0x460</size>
         <alignment>0x1</alignment>
         <input_file_ref idref="fl-45"/>
      </object_component>
      <object_component id="oc-120">
         <name>.debug_loc</name>
         <load_address>0x6e15</load_address>
         <run_address>0x6e15</run_address>
         <size>0x10f</size>
         <alignment>0x1</alignment>
         <input_file_ref idref="fl-46"/>
      </object_component>
      <object_component id="oc-1cf">
         <name>.debug_loc</name>
         <load_address>0x6f24</load_address>
         <run_address>0x6f24</run_address>
         <size>0xf2</size>
         <alignment>0x1</alignment>
         <input_file_ref idref="fl-49"/>
      </object_component>
      <object_component id="oc-12f">
         <name>.debug_loc</name>
         <load_address>0x7016</load_address>
         <run_address>0x7016</run_address>
         <size>0x44</size>
         <alignment>0x1</alignment>
         <input_file_ref idref="fl-ea"/>
      </object_component>
      <object_component id="oc-24d">
         <name>.debug_loc</name>
         <load_address>0x705a</load_address>
         <run_address>0x705a</run_address>
         <size>0x20</size>
         <alignment>0x1</alignment>
         <input_file_ref idref="fl-ec"/>
      </object_component>
      <object_component id="oc-215">
         <name>.debug_loc</name>
         <load_address>0x707a</load_address>
         <run_address>0x707a</run_address>
         <size>0x44</size>
         <alignment>0x1</alignment>
         <input_file_ref idref="fl-ee"/>
      </object_component>
      <object_component id="oc-246">
         <name>.debug_loc</name>
         <load_address>0x70be</load_address>
         <run_address>0x70be</run_address>
         <size>0x3e</size>
         <alignment>0x1</alignment>
         <input_file_ref idref="fl-ef"/>
      </object_component>
      <object_component id="oc-259">
         <name>.debug_loc</name>
         <load_address>0x70fc</load_address>
         <run_address>0x70fc</run_address>
         <size>0x5d</size>
         <alignment>0x1</alignment>
         <input_file_ref idref="fl-f0"/>
      </object_component>
      <object_component id="oc-231">
[...]
      </symbol>
      <symbol id="sm-fc">
         <name>__TI_printfi</name>
         <value>0xc1</value>
         <object_component_ref idref="oc-10a"/>
      </symbol>
      <symbol id="sm-107">
         <name>fputc</name>
         <value>0x1b8d</value>
         <object_component_ref idref="oc-111"/>
      </symbol>
      <symbol id="sm-116">
         <name>puts</name>
         <value>0x2c11</value>
         <object_component_ref idref="oc-87"/>
      </symbol>
      <symbol id="sm-117">
         <name>fputs</name>
         <value>0x1599</value>
         <object_component_ref idref="oc-cd"/>
      </symbol>
      <symbol id="sm-121">
         <name>__TI_wrt_ok</name>
         <value>0x21c7</value>
         <object_component_ref idref="oc-f0"/>
      </symbol>
      <symbol id="sm-12b">
         <name>setvbuf</name>
         <value>0x185d</value>
         <object_component_ref idref="oc-125"/>
      </symbol>
      <symbol id="sm-136">
         <name>__aeabi_errno_addr</name>
         <value>0x2da5</value>
         <object_component_ref idref="oc-147"/>
      </symbol>
      <symbol id="sm-137">
         <name>__aeabi_errno</name>
         <value>0x202009c4</value>
         <object_component_ref idref="oc-186"/>
      </symbol>
      <symbol id="sm-145">
         <name>abort</name>
         <value>0x2dd5</value>
         <object_component_ref idref="oc-a5"/>
      </symbol>
      <symbol id="sm-146">
         <name>__TI_cleanup_ptr</name>
         <value>0x202009b8</value>
         <object_component_ref idref="oc-e4"/>
      </symbol>
      <symbol id="sm-147">
         <name>__TI_dtors_ptr</name>
         <value>0x202009bc</value>
         <object_component_ref idref="oc-e4"/>
      </symbol>
      <symbol id="sm-148">
         <name>exit</name>
         <value>0x2a09</value>
         <object_component_ref idref="oc-aa"/>
      </symbol>
      <symbol id="sm-151">
         <name>_nop</name>
         <value>0x26c7</value>
         <object_component_ref idref="oc-10b"/>
      </symbol>
      <symbol id="sm-152">
         <name>_lock</name>
         <value>0x202009c8</value>
         <object_component_ref idref="oc-d7"/>
      </symbol>
      <symbol id="sm-153">
         <name>_unlock</name>
         <value>0x202009cc</value>
         <object_component_ref idref="oc-db"/>
      </symbol>
      <symbol id="sm-15c">
         <name>__TI_ltoa</name>
         <value>0x251d</value>
         <object_component_ref idref="oc-1a0"/>
      </symbol>
      <symbol id="sm-167">
         <name>atoi</name>
         <value>0x28b5</value>
         <object_component_ref idref="oc-13f"/>
      </symbol>
      <symbol id="sm-16c">
         <name>_ftable</name>
         <value>0x20200800</value>
         <object_component_ref idref="oc-ce"/>
      </symbol>
      <symbol id="sm-16d">
         <name>__TI_ft_end</name>
         <value>0x202009c0</value>
         <object_component_ref idref="oc-1d4"/>
      </symbol>
      <symbol id="sm-16e">
         <name>__TI_tmpnams</name>
         <value>0x20200af4</value>
         <object_component_ref idref="oc-221"/>
      </symbol>
      <symbol id="sm-177">
         <name>memccpy</name>
         <value>0x2c35</value>
         <object_component_ref idref="oc-134"/>
      </symbol>
      <symbol id="sm-19a">
         <name>malloc</name>
         <value>0x2d69</value>
         <object_component_ref idref="oc-168"/>
      </symbol>
      <symbol id="sm-19b">
         <name>aligned_alloc</name>
         <value>0x127d</value>
         <object_component_ref idref="oc-1cd"/>
      </symbol>
      <symbol id="sm-19c">
         <name>free</name>
         <value>0x1691</value>
         <object_component_ref idref="oc-162"/>
      </symbol>
      <symbol id="sm-19d">
         <name>_sys_memory</name>
         <value>0x20200000</value>
         <object_component_ref idref="oc-1ca"/>
      </symbol>
      <symbol id="sm-19e">
         <name>memalign</name>
         <value>0x127d</value>
         <object_component_ref idref="oc-1cd"/>
      </symbol>
      <symbol id="sm-1a9">
         <name>_c_int00_noargs</name>
         <value>0x2bc5</value>
         <object_component_ref idref="oc-4f"/>
      </symbol>
      <symbol id="sm-1aa">
         <name>__stack</name>
         <value>0x20207e00</value>
         <object_component_ref idref="oc-1a"/>
      </symbol>
      <symbol id="sm-1b6">
         <name>__TI_auto_init_nobinit_nopinit</name>
         <value>0x28f5</value>
         <object_component_ref idref="oc-ac"/>
      </symbol>
      <symbol id="sm-1be">
         <name>_system_pre_init</name>
         <value>0x2de3</value>
         <object_component_ref idref="oc-5f"/>
      </symbol>
      <symbol id="sm-1c9">
         <name>__TI_zero_init_nomemset</name>
         <value>0x2cb1</value>
         <object_component_ref idref="oc-46"/>
      </symbol>
      <symbol id="sm-1d2">
         <name>__TI_decompress_none</name>
         <value>0x2cf1</value>
         <object_component_ref idref="oc-20"/>
      </symbol>
      <symbol id="sm-1dd">
         <name>__TI_decompress_lzss</name>
         <value>0x1e59</value>
         <object_component_ref idref="oc-1c"/>
      </symbol>
      <symbol id="sm-1e7">
         <name>frexp</name>
         <value>0x23b5</value>
         <object_component_ref idref="oc-194"/>
      </symbol>
      <symbol id="sm-1e8">
         <name>frexpl</name>
         <value>0x23b5</value>
         <object_component_ref idref="oc-194"/>
      </symbol>
      <symbol id="sm-1f2">
         <name>scalbn</name>
         <value>0x193d</value>
         <object_component_ref idref="oc-198"/>
      </symbol>
      <symbol id="sm-1f3">
         <name>ldexp</name>
         <value>0x193d</value>
         <object_component_ref idref="oc-198"/>
      </symbol>
      <symbol id="sm-1f4">
         <name>scalbnl</name>
         <value>0x193d</value>
         <object_component_ref idref="oc-198"/>
      </symbol>
      <symbol id="sm-1f5">
         <name>ldexpl</name>
         <value>0x193d</value>
         <object_component_ref idref="oc-198"/>
      </symbol>
      <symbol id="sm-1fe">
         <name>wcslen</name>
         <value>0x2d13</value>
         <object_component_ref idref="oc-143"/>
      </symbol>
      <symbol id="sm-209">
         <name>__TI_doflush</name>
         <value>0x2623</value>
         <object_component_ref idref="oc-fa"/>
      </symbol>
      <symbol id="sm-214">
         <name>__TI_cleanup</name>
         <value>0x296d</value>
         <object_component_ref idref="oc-169"/>
      </symbol>
      <symbol id="sm-221">
         <name>fseek</name>
         <value>0x2dc5</value>
         <object_component_ref idref="oc-11f"/>
      </symbol>
      <symbol id="sm-222">
         <name>fseeko</name>
         <value>0x2021</value>
         <object_component_ref idref="oc-15f"/>
      </symbol>
      <symbol id="sm-223">
         <name>__aeabi_ctype_table_</name>
         <value>0x2df0</value>
         <object_component_ref idref="oc-17f"/>
      </symbol>
      <symbol id="sm-224">
         <name>__aeabi_ctype_table_C</name>
         <value>0x2df0</value>
         <object_component_ref idref="oc-17f"/>
      </symbol>
      <symbol id="sm-230">
         <name>__TI_closefile</name>
         <value>0x1ddd</value>
         <object_component_ref idref="oc-1ce"/>
      </symbol>
      <symbol id="sm-238">
         <name>HOSTexit</name>
         <value>0x2ddb</value>
         <object_component_ref idref="oc-de"/>
      </symbol>
      <symbol id="sm-239">
         <name>C$$EXIT</name>
         <value>0x2dda</value>
         <object_component_ref idref="oc-de"/>
      </symbol>
      <symbol id="sm-243">
         <name>write</name>
         <value>0x2b9d</value>
         <object_component_ref idref="oc-f6"/>
      </symbol>
      <symbol id="sm-248">
         <name>_device</name>
         <value>0x202008f0</value>
         <object_component_ref idref="oc-172"/>
      </symbol>
      <symbol id="sm-249">
         <name>_stream</name>
         <value>0x20200968</value>
         <object_component_ref idref="oc-12b"/>
      </symbol>
      <symbol id="sm-252">
         <name>remove</name>
         <value>0x2dcd</value>
         <object_component_ref idref="oc-21d"/>
      </symbol>
      <symbol id="sm-25d">
         <name>lseek</name>
         <value>0x2b75</value>
         <object_component_ref idref="oc-1c3"/>
      </symbol>
      <symbol id="sm-267">
         <name>close</name>
         <value>0x26c9</value>
         <object_component_ref idref="oc-219"/>
      </symbol>
      <symbol id="sm-271">
         <name>unlink</name>
         <value>0x2af9</value>
         <object_component_ref idref="oc-247"/>
      </symbol>
      <symbol id="sm-27b">
         <name>HOSTclose</name>
         <value>0x2765</value>
         <object_component_ref idref="oc-1db"/>
      </symbol>
      <symbol id="sm-285">
         <name>HOSTlseek</name>
         <value>0x1f49</value>
         <object_component_ref idref="oc-1e7"/>
      </symbol>
      <symbol id="sm-28f">
         <name>HOSTopen</name>
         <value>0x2355</value>
         <object_component_ref idref="oc-1d7"/>
      </symbol>
      <symbol id="sm-290">
         <name>parmbuf</name>
         <value>0x20200b94</value>
         <object_component_ref idref="oc-22b"/>
      </symbol>
      <symbol id="sm-29a">
         <name>HOSTread</name>
         <value>0x246d</value>
         <object_component_ref idref="oc-1df"/>
      </symbol>
      <symbol id="sm-2ab">
         <name>HOSTrename</name>
         <value>0x1fb5</value>
         <object_component_ref idref="oc-1ef"/>
      </symbol>
      <symbol id="sm-2b5">
         <name>HOSTunlink</name>
         <value>0x27ad</value>
         <object_component_ref idref="oc-1eb"/>
      </symbol>
      <symbol id="sm-2bf">
         <name>HOSTwrite</name>
         <value>0x24c5</value>
         <object_component_ref idref="oc-1e3"/>
      </symbol>
      <symbol id="sm-2cd">
         <name>C$$IO$$</name>
         <value>0x2a01</value>
         <object_component_ref idref="oc-224"/>
      </symbol>
      <symbol id="sm-2ce">
         <name>__TI_writemsg</name>
         <value>0x29d5</value>
         <object_component_ref idref="oc-224"/>
      </symbol>
      <symbol id="sm-2cf">
         <name>__CIOBUF_</name>
         <value>0x202009d4</value>
         <object_component_ref idref="oc-24e"/>
      </symbol>
      <symbol id="sm-2d0">
         <name>__TI_readmsg</name>
         <value>0x29a1</value>
         <object_component_ref idref="oc-22a"/>
      </symbol>
      <symbol id="sm-2d1">
         <name>_CIOBUF_</name>
         <value>0x202009d4</value>
         <object_component_ref idref="oc-24e"/>
      </symbol>
      <symbol id="sm-2d7">
         <name>__aeabi_dadd</name>
         <value>0xe97</value>
         <object_component_ref idref="oc-1bd"/>
      </symbol>
      <symbol id="sm-2d8">
         <name>__adddf3</name>
         <value>0xe97</value>
         <object_component_ref idref="oc-1bd"/>
      </symbol>
      <symbol id="sm-2d9">
         <name>__aeabi_dsub</name>
         <value>0xe8d</value>
         <object_component_ref idref="oc-1bd"/>
      </symbol>
      <symbol id="sm-2da">
         <name>__subdf3</name>
         <value>0xe8d</value>
         <object_component_ref idref="oc-1bd"/>
      </symbol>
      <symbol id="sm-2e3">
         <name>__aeabi_dmul</name>
         <value>0x1779</value>
         <object_component_ref idref="oc-1a9"/>
      </symbol>
      <symbol id="sm-2e4">
         <name>__muldf3</name>
         <value>0x1779</value>
         <object_component_ref idref="oc-1a9"/>
      </symbol>
      <symbol id="sm-2ea">
         <name>__muldsi3</name>
         <value>0x2931</value>
         <object_component_ref idref="oc-18a"/>
      </symbol>
      <symbol id="sm-2f0">
         <name>__aeabi_fdiv</name>
         <value>0x1d59</value>
         <object_component_ref idref="oc-91"/>
      </symbol>
      <symbol id="sm-2f1">
         <name>__divsf3</name>
         <value>0x1d59</value>
         <object_component_ref idref="oc-91"/>
      </symbol>
      <symbol id="sm-2f7">
         <name>__aeabi_ddiv</name>
         <value>0x1391</value>
         <object_component_ref idref="oc-1b9"/>
      </symbol>
      <symbol id="sm-2f8">
         <name>__divdf3</name>
         <value>0x1391</value>
         <object_component_ref idref="oc-1b9"/>
      </symbol>
      <symbol id="sm-2fe">
         <name>__aeabi_f2d</name>
         <value>0x2875</value>
         <object_component_ref idref="oc-95"/>
      </symbol>
      <symbol id="sm-2ff">
         <name>__extendsfdf2</name>
         <value>0x2875</value>
         <object_component_ref idref="oc-95"/>
      </symbol>
      <symbol id="sm-305">
         <name>__aeabi_d2iz</name>
         <value>0x2719</value>
         <object_component_ref idref="oc-19c"/>
      </symbol>
      <symbol id="sm-306">
         <name>__fixdfsi</name>
         <value>0x2719</value>
         <object_component_ref idref="oc-19c"/>
      </symbol>
      <symbol id="sm-30c">
         <name>__aeabi_i2d</name>
         <value>0x2acd</value>
         <object_component_ref idref="oc-1a4"/>
      </symbol>
      <symbol id="sm-30d">
         <name>__floatsidf</name>
         <value>0x2acd</value>
         <object_component_ref idref="oc-1a4"/>
      </symbol>
      <symbol id="sm-313">
         <name>__aeabi_ui2f</name>
         <value>0x2b25</value>
         <object_component_ref idref="oc-8d"/>
      </symbol>
      <symbol id="sm-314">
         <name>__floatunsisf</name>
         <value>0x2b25</value>
         <object_component_ref idref="oc-8d"/>
      </symbol>
      <symbol id="sm-31a">
         <name>__aeabi_lmul</name>
         <value>0x2bed</value>
         <object_component_ref idref="oc-14c"/>
      </symbol>
      <symbol id="sm-31b">
         <name>__muldi3</name>
         <value>0x2bed</value>
         <object_component_ref idref="oc-14c"/>
      </symbol>
      <symbol id="sm-321">
         <name>__aeabi_dcmpeq</name>
         <value>0x2291</value>
         <object_component_ref idref="oc-156"/>
      </symbol>
      <symbol id="sm-322">
         <name>__aeabi_dcmplt</name>
         <value>0x22a5</value>
         <object_component_ref idref="oc-156"/>
      </symbol>
      <symbol id="sm-323">
         <name>__aeabi_dcmple</name>
         <value>0x22b9</value>
         <object_component_ref idref="oc-156"/>
      </symbol>
      <symbol id="sm-324">
         <name>__aeabi_dcmpge</name>
         <value>0x22cd</value>
         <object_component_ref idref="oc-156"/>
      </symbol>
      <symbol id="sm-325">
         <name>__aeabi_dcmpgt</name>
         <value>0x22e1</value>
         <object_component_ref idref="oc-156"/>
      </symbol>
      <symbol id="sm-32b">
         <name>__aeabi_idiv</name>
         <value>0x25cd</value>
         <object_component_ref idref="oc-206"/>
      </symbol>
      <symbol id="sm-32c">
         <name>__aeabi_idivmod</name>
         <value>0x25cd</value>
         <object_component_ref idref="oc-206"/>
      </symbol>
      <symbol id="sm-332">
         <name>__aeabi_memcpy</name>
         <value>0x2dad</value>
         <object_component_ref idref="oc-3f"/>
      </symbol>
      <symbol id="sm-333">
         <name>__aeabi_memcpy4</name>
         <value>0x2dad</value>
         <object_component_ref idref="oc-3f"/>
      </symbol>
      <symbol id="sm-334">
         <name>__aeabi_memcpy8</name>
         <value>0x2dad</value>
         <object_component_ref idref="oc-3f"/>
      </symbol>
      <symbol id="sm-33d">
         <name>__aeabi_memset</name>
         <value>0x2d25</value>
         <object_component_ref idref="oc-133"/>
      </symbol>
      <symbol id="sm-33e">
         <name>__aeabi_memset4</name>
         <value>0x2d25</value>
         <object_component_ref idref="oc-133"/>
      </symbol>
      <symbol id="sm-33f">
         <name>__aeabi_memset8</name>
         <value>0x2d25</value>
         <object_component_ref idref="oc-133"/>
      </symbol>
      <symbol id="sm-340">
         <name>__aeabi_memclr</name>
         <value>0x2d5d</value>
         <object_component_ref idref="oc-5a"/>
      </symbol>
      <symbol id="sm-341">
         <name>__aeabi_memclr4</name>
         <value>0x2d5d</value>
         <object_component_ref idref="oc-5a"/>
      </symbol>
      <symbol id="sm-342">
         <name>__aeabi_memclr8</name>
         <value>0x2d5d</value>
         <object_component_ref idref="oc-5a"/>
      </symbol>
      <symbol id="sm-348">
         <name>__aeabi_uidiv</name>
         <value>0x2835</value>
         <object_component_ref idref="oc-139"/>
      </symbol>
      <symbol id="sm-349">
         <name>__aeabi_uidivmod</name>
         <value>0x2835</value>
         <object_component_ref idref="oc-139"/>
      </symbol>
      <symbol id="sm-34f">
         <name>__aeabi_uldivmod</name>
         <value>0x2cc9</value>
         <object_component_ref idref="oc-151"/>
      </symbol>
      <symbol id="sm-355">
         <name>__udivmoddi4</name>
         <value>0x1ae9</value>
         <object_component_ref idref="oc-18f"/>
      </symbol>
      <symbol id="sm-35b">
         <name>__aeabi_llsl</name>
         <value>0x2c59</value>
         <object_component_ref idref="oc-1fa"/>
      </symbol>
      <symbol id="sm-35c">
         <name>__ashldi3</name>
         <value>0x2c59</value>
         <object_component_ref idref="oc-1fa"/>
      </symbol>
      <symbol id="sm-36a">
         <name>__ledf2</name>
         <value>0x20f9</value>
         <object_component_ref idref="oc-1b1"/>
      </symbol>
      <symbol id="sm-36b">
         <name>__gedf2</name>
         <value>0x1ed5</value>
         <object_component_ref idref="oc-1b7"/>
      </symbol>
      <symbol id="sm-36c">
         <name>__cmpdf2</name>
         <value>0x20f9</value>
         <object_component_ref idref="oc-1b1"/>
      </symbol>
      <symbol id="sm-36d">
         <name>__eqdf2</name>
         <value>0x20f9</value>
         <object_component_ref idref="oc-1b1"/>
      </symbol>
      <symbol id="sm-36e">
         <name>__ltdf2</name>
         <value>0x20f9</value>
         <object_component_ref idref="oc-1b1"/>
      </symbol>
      <symbol id="sm-36f">
         <name>__nedf2</name>
         <value>0x20f9</value>
         <object_component_ref idref="oc-1b1"/>
      </symbol>
      <symbol id="sm-370">
         <name>__gtdf2</name>
         <value>0x1ed5</value>
         <object_component_ref idref="oc-1b7"/>
      </symbol>
      <symbol id="sm-37c">
         <name>__aeabi_idiv0</name>
         <value>0x1ddb</value>
         <object_component_ref idref="oc-179"/>
      </symbol>
      <symbol id="sm-37d">
         <name>__aeabi_ldiv0</name>
         <value>0x222b</value>
         <object_component_ref idref="oc-1f9"/>
      </symbol>
      <symbol id="sm-38b">
         <name>finddevice</name>
         <value>0x2a3d</value>
         <object_component_ref idref="oc-25a"/>
      </symbol>
      <symbol id="sm-38c">
         <name>getdevice</name>
         <value>0x208d</value>
         <object_component_ref idref="oc-251"/>
      </symbol>
      <symbol id="sm-3a5">
         <name>memcpy</name>
         <value>0x1c29</value>
         <object_component_ref idref="oc-76"/>
      </symbol>
      <symbol id="sm-3b4">
         <name>memset</name>
         <value>0x22f3</value>
         <object_component_ref idref="oc-c4"/>
      </symbol>
      <symbol id="sm-3bc">
         <name>strcmp</name>
         <value>0x1cd1</value>
         <object_component_ref idref="oc-25d"/>
      </symbol>
      <symbol id="sm-3bd">
         <name>__TI_static_base__</name>
         <value>0x0</value>
      </symbol>
      <symbol id="sm-3c1">
         <name>__mpu_init</name>
         <value>0x0</value>
      </symbol>
      <symbol id="sm-3c2">
         <name>_system_post_cinit</name>
         <value>0x0</value>
      </symbol>
   </symbol_table>
   <title>Link successful</title>
</link_info>
