******************************************************************************
            TI ARM Clang Linker Unix v4.0.4                    
******************************************************************************
>> Linked Sun Feb 22 23:11:15 2026

OUTPUT FILE NAME:   <lab3.out>
ENTRY POINT SYMBOL: "_c_int00_noargs"  address: 00001f61


MEMORY CONFIGURATION

         name            origin    length      used     unused   attr    fill
----------------------  --------  ---------  --------  --------  ----  --------
  FLASH                 00000000   00020000  000024e0  0001db20  R  X
  SRAM                  20200000   00008000  000035a1  00004a5f  RW X
  BCR_CONFIG            41c00000   000000ff  00000000  000000ff  R   
  BSL_CONFIG            41c00100   00000080  00000000  00000080  R   


SEGMENT ALLOCATION MAP

run origin  load origin   length   init length attrs members
----------  ----------- ---------- ----------- ----- -------
00000000    00000000    000024e0   000024e0    r-x
  00000000    00000000    000000c0   000000c0    r-- .intvecs
  000000c0    000000c0    00002090   00002090    r-x .text
  00002150    00002150    00000300   00000300    r-- .rodata
  00002450    00002450    00000090   00000090    r-- .cinit
20200000    20200000    000033a5   00000000    rw-
  20200000    20200000    000029cc   00000000    rw- .bss
  202029d0    202029d0    00000800   00000000    rw- .sysmem
  202031d0    202031d0    000001d5   00000000    rw- .data
20207e00    20207e00    00000200   00000000    rw-
  20207e00    20207e00    00000200   00000000    rw- .stack


SECTION ALLOCATION MAP

 output                                  attributes/
section   page    origin      length       input sections
--------  ----  ----------  ----------   ----------------
.intvecs   0    00000000    000000c0     
                  00000000    000000c0     startup_mspm0g350x_ticlang.o (.intvecs)

.text      0    000000c0    00002090     
                  000000c0    00000868     libc.a : _printfi.c.obj (.text:__TI_printfi_nofloat)
                  00000928    00000644     data_corruption.o (.text.main)
                  00000f6c    00000114     libc.a : memory.c.obj (.text.aligned_alloc)
                  00001080    000000f8            : fputs.c.obj (.text.fputs)
                  00001178    000000e8            : memory.c.obj (.text.free)
                  00001260    000000e0            : setvbuf.c.obj (.text.setvbuf)
                  00001340    000000a2     libclang_rt.builtins.a : udivmoddi4.S.obj (.text)
                  000013e2    00000002     startup_mspm0g350x_ticlang.o (.text.Default_Handler)
                  000013e4    0000009c     libc.a : fputc.c.obj (.text.fputc)
                  00001480    0000009a            : memcpy16.S.obj (.text:memcpy)
                  0000151a    00000006            : exit.c.obj (.text:abort)
                  00001520    00000088            : strcmp-armv6m.S.obj (.text:strcmp)
                  000015a8    0000007c            : fclose.c.obj (.text.__TI_closefile)
                  00001624    0000007c            : copy_decompress_lzss.c.obj (.text:decompress:lzss)
                  000016a0    0000006c     libsysbm.a : hostlseek.c.obj (.text.HOSTlseek)
                  0000170c    0000006c                : hostrename.c.obj (.text.HOSTrename)
                  00001778    0000006c     libc.a : fseek.c.obj (.text.fseeko)
                  000017e4    0000006c            : getdevice.c.obj (.text.getdevice)
                  00001850    00000064            : _io_perm.c.obj (.text.__TI_wrt_ok)
                  000018b4    00000064            : memory.c.obj (.text.split)
                  00001918    00000062            : memset16.S.obj (.text:memset)
                  0000197a    00000002     ti_msp_dl_config.o (.text.SYSCFG_DL_GPIO_init)
                  0000197c    00000060     libsysbm.a : hostopen.c.obj (.text.HOSTopen)
                  000019dc    0000005c     libc.a : printf.c.obj (.text.printf)
                  00001a38    00000058     libsysbm.a : hostread.c.obj (.text.HOSTread)
                  00001a90    00000058                : hostwrite.c.obj (.text.HOSTwrite)
                  00001ae8    00000052     libc.a : fflush.c.obj (.text.__TI_doflush)
                  00001b3a    00000002     libclang_rt.builtins.a : aeabi_div0.c.obj (.text.__aeabi_idiv0)
                  00001b3c    00000050     libsysbm.a : close.c.obj (.text.close)
                  00001b8c    00000048                : hostclose.c.obj (.text.HOSTclose)
                  00001bd4    00000048                : hostunlink.c.obj (.text.HOSTunlink)
                  00001c1c    00000040     ti_msp_dl_config.o (.text.SYSCFG_DL_SYSCTL_init)
                  00001c5c    00000040     libclang_rt.builtins.a : aeabi_uidivmod.S.obj (.text.__aeabi_uidivmod)
                  00001c9c    00000040     libc.a : atoi.c.obj (.text.atoi)
                  00001cdc    0000003c            : autoinit.c.obj (.text:__TI_auto_init_nobinit_nopinit)
                  00001d18    0000003a     libclang_rt.builtins.a : muldsi3.S.obj (.text.__muldsi3)
                  00001d52    00000002                            : aeabi_div0.c.obj (.text.__aeabi_ldiv0)
                  00001d54    00000038     libc.a : rand.c.obj (.text.rand)
                  00001d8c    00000034            : fopen.c.obj (.text.__TI_cleanup)
                  00001dc0    00000034     libsysbm.a : trgmsg.c.obj (.text.__TI_readmsg)
                  00001df4    00000034                : trgmsg.c.obj (.text.__TI_writemsg)
                  00001e28    00000034     libc.a : exit.c.obj (.text.exit)
                  00001e5c    00000034            : getdevice.c.obj (.text.finddevice)
                  00001e90    0000002c     ti_msp_dl_config.o (.text.SYSCFG_DL_initPower)
                  00001ebc    0000002c     libsysbm.a : unlink.c.obj (.text.unlink)
                  00001ee8    00000028     libc.a : memory.c.obj (.text.free_list_insert)
                  00001f10    00000028     libsysbm.a : lseek.c.obj (.text.lseek)
                  00001f38    00000028                : write.c.obj (.text.write)
                  00001f60    00000028     libc.a : boot_cortex_m.c.obj (.text:_c_int00_noargs)
                  00001f88    00000024     libclang_rt.builtins.a : muldi3.S.obj (.text.__muldi3)
                  00001fac    00000024     libc.a : fputs.c.obj (.text.puts)
                  00001fd0    00000024            : rand.c.obj (.text.srand)
                  00001ff4    00000022            : memccpy.c.obj (.text.memccpy)
                  00002016    00000002            : _lock.c.obj (.text._nop)
                  00002018    0000001e     libclang_rt.builtins.a : ashldi3.S.obj (.text.__ashldi3)
                  00002036    00000002     --HOLE-- [fill = 0]
                  00002038    0000001c     libc.a : memory.c.obj (.text.free_list_remove)
                  00002054    00000014     libclang_rt.builtins.a : aeabi_uldivmod.S.obj (.text.__aeabi_uldivmod)
                  00002068    00000012     libc.a : copy_decompress_none.c.obj (.text:decompress:none)
                  0000207a    00000010     ti_msp_dl_config.o (.text.SYSCFG_DL_init)
                  0000208a    00000010     libc.a : wcslen.c.obj (.text.wcslen)
                  0000209a    00000010            : copy_zero_init.c.obj (.text:decompress:ZI)
                  000020aa    0000000e            : memory.c.obj (.text.OUTLINED_FUNCTION_0)
                  000020b8    0000000e     libclang_rt.builtins.a : aeabi_memset.S.obj (.text.__aeabi_memset)
                  000020c6    0000000e     libsysbm.a : hostrename.c.obj (.text.strcpy)
                  000020d4    0000000e     libc.a : _printfi.c.obj (.text.strlen)
                  000020e2    0000000e     libsysbm.a : hostrename.c.obj (.text.strlen)
                  000020f0    0000000c     libclang_rt.builtins.a : aeabi_memset.S.obj (.text.__aeabi_memclr)
                  000020fc    0000000c     libc.a : memory.c.obj (.text.malloc)
                  00002108    0000000a     driverlib.a : dl_common.o (.text.DL_Common_delayCycles)
                  00002112    00000002     --HOLE-- [fill = 0]
                  00002114    00000008     libc.a : aeabi_portable.c.obj (.text.__aeabi_errno_addr)
                  0000211c    00000008     libclang_rt.builtins.a : aeabi_memcpy.S.obj (.text.__aeabi_memcpy)
                  00002124    00000008     libc.a : printf.c.obj (.text._outc)
                  0000212c    00000008            : printf.c.obj (.text._outs)
                  00002134    00000008            : fseek.c.obj (.text.fseek)
                  0000213c    00000008     libsysbm.a : remove.c.obj (.text.remove)
                  00002144    00000004                : hostexit.c.obj (.text.HOSTexit)
                  00002148    00000004     startup_mspm0g350x_ticlang.o (.text.Reset_Handler)
                  0000214c    00000004     libc.a : pre_init.c.obj (.text._system_pre_init)

.cinit     0    00002450    00000090     
                  00002450    00000065     (.cinit..data.load) [load image, compression = lzss]
                  000024b5    00000003     --HOLE-- [fill = 0]
                  000024b8    0000000c     (__TI_handler_table)
                  000024c4    00000008     (.cinit..bss.load) [load image, compression = zero_init]
                  000024cc    00000010     (__TI_cinit_table)
                  000024dc    00000004     --HOLE-- [fill = 0]

.rodata    0    00002150    00000300     
                  00002150    00000101     libc.a : aeabi_ctype.S.obj (.rodata:__aeabi_ctype_table_)
                  00002251    00000031     data_corruption.o (.rodata.str1.16082658044115835885.1)
                  00002282    00000030     data_corruption.o (.rodata.str1.12982636997084443709.1)
                  000022b2    0000002f     data_corruption.o (.rodata.str1.13555515749289035211.1)
                  000022e1    00000028     data_corruption.o (.rodata.str1.13008371425348451231.1)
                  00002309    00000021     data_corruption.o (.rodata.str1.16722457369342919935.1)
                  0000232a    00000021     data_corruption.o (.rodata.str1.3046227097362832430.1)
                  0000234b    00000021     data_corruption.o (.rodata.str1.5395315567007860801.1)
                  0000236c    00000021     data_corruption.o (.rodata.str1.8272775741017919830.1)
                  0000238d    0000001e     data_corruption.o (.rodata.str1.3942526388111509622.1)
                  000023ab    0000001d     data_corruption.o (.rodata.str1.7057362358621223502.1)
                  000023c8    0000001c     data_corruption.o (.rodata.str1.15340603679981184801.1)
                  000023e4    00000019     data_corruption.o (.rodata.str1.8664333565345175255.1)
                  000023fd    00000018     data_corruption.o (.rodata.str1.3038051240863455156.1)
                  00002415    00000012     data_corruption.o (.rodata.str1.6852818132913738308.1)
                  00002427    00000011     libc.a : _printfi.c.obj (.rodata.str1.10348868589481759720.1)
                  00002438    00000011            : _printfi.c.obj (.rodata.str1.15363888844622738466.1)
                  00002449    00000002            : fputs.c.obj (.rodata.str1.16607721268415185390.1)
                  0000244b    00000005     --HOLE-- [fill = 0]

.init_array 
*          0    00000000    00000000     UNINITIALIZED

.binit     0    00000000    00000000     

.bss       0    20200000    000029cc     UNINITIALIZED
                  20200000    00002800     data_corruption.o (.bss.main.myData)
                  20202800    00000120     libsysbm.a : trgmsg.c.obj (.bss:_CIOBUF_)
                  20202920    000000a0     libc.a : defs.c.obj (.bss.__TI_tmpnams)
                  202029c0    00000008     libsysbm.a : hostopen.c.obj (.bss.parmbuf)
                  202029c8    00000004     libc.a : memory.c.obj (.bss.sys_free)

.sysmem    0    202029d0    00000800     UNINITIALIZED
                  202029d0    00000010     libc.a : memory.c.obj (.sysmem)
                  202029e0    000007f0     --HOLE--

.data      0    202031d0    000001d5     UNINITIALIZED
                  202031d0    000000f0     libc.a : defs.c.obj (.data._ftable)
                  202032c0    00000078     libsysbm.a : host_device.c.obj (.data._device)
                  20203338    00000050                : host_device.c.obj (.data._stream)
                  20203388    00000008     libc.a : exit.c.obj (.data..L_MergedGlobals)
                  20203390    00000004            : defs.c.obj (.data.__TI_ft_end)
                  20203394    00000004            : aeabi_portable.c.obj (.data.__aeabi_errno)
                  20203398    00000004            : _lock.c.obj (.data._lock)
                  2020339c    00000004            : _lock.c.obj (.data._unlock)
                  202033a0    00000004            : rand.c.obj (.data.next)
                  202033a4    00000001            : memory.c.obj (.data.memory_is_initialized)

.stack     0    20207e00    00000200     UNINITIALIZED
                  20207e00    00000004     libc.a : boot_cortex_m.c.obj (.stack)
                  20207e04    000001fc     --HOLE--

__llvm_prf_cnts 
*          0    20200000    00000000     UNINITIALIZED

__llvm_prf_bits 
*          0    20200000    00000000     UNINITIALIZED

MODULE SUMMARY

       Module                         code   ro data   rw data
       ------                         ----   -------   -------
    ./
       data_corruption.o              1604   470       10240  
       startup_mspm0g350x_ticlang.o   6      192       0      
       ti_msp_dl_config.o             126    0         0      
    +--+------------------------------+------+---------+---------+
       Total:                         1736   662       10240  
                                                              
    /Applications/ti/ccs2041/ccs/tools/compiler/ti-cgt-armllvm_4.0.4.LTS/lib/armv6m-ti-none-eabi/c/libc.a
       _printfi.c.obj                 2166   34        0      
       memory.c.obj                   702    0         5      
       defs.c.obj                     0      0         404    
       fputs.c.obj                    284    2         0      
       aeabi_ctype.S.obj              0      257       0      
       setvbuf.c.obj                  224    0         0      
       getdevice.c.obj                160    0         0      
       fputc.c.obj                    156    0         0      
       memcpy16.S.obj                 154    0         0      
       strcmp-armv6m.S.obj            136    0         0      
       copy_decompress_lzss.c.obj     124    0         0      
       fclose.c.obj                   124    0         0      
       fseek.c.obj                    116    0         0      
       printf.c.obj                   108    0         0      
       _io_perm.c.obj                 100    0         0      
       memset16.S.obj                 98     0         0      
       rand.c.obj                     92     0         4      
       fflush.c.obj                   82     0         0      
       exit.c.obj                     58     0         8      
       atoi.c.obj                     64     0         0      
       autoinit.c.obj                 60     0         0      
       fopen.c.obj                    52     0         0      
       boot_cortex_m.c.obj            40     0         0      
       memccpy.c.obj                  34     0         0      
       copy_decompress_none.c.obj     18     0         0      
       copy_zero_init.c.obj           16     0         0      
       wcslen.c.obj                   16     0         0      
       aeabi_portable.c.obj           8      0         4      
       _lock.c.obj                    2      0         8      
       pre_init.c.obj                 4      0         0      
    +--+------------------------------+------+---------+---------+
       Total:                         5198   293       433    
                                                              
    /Applications/ti/ccs2041/ccs/tools/compiler/ti-cgt-armllvm_4.0.4.LTS/lib/armv6m-ti-none-eabi/c/libsysbm.a
       trgmsg.c.obj                   104    0         288    
       host_device.c.obj              0      0         200    
       hostrename.c.obj               136    0         0      
       hostlseek.c.obj                108    0         0      
       hostopen.c.obj                 96     0         8      
       hostread.c.obj                 88     0         0      
       hostwrite.c.obj                88     0         0      
       close.c.obj                    80     0         0      
       hostclose.c.obj                72     0         0      
       hostunlink.c.obj               72     0         0      
       unlink.c.obj                   44     0         0      
       lseek.c.obj                    40     0         0      
       write.c.obj                    40     0         0      
       remove.c.obj                   8      0         0      
       hostexit.c.obj                 4      0         0      
    +--+------------------------------+------+---------+---------+
       Total:                         980    0         496    
                                                              
    /Applications/ti/ccs2041/ccs/tools/compiler/ti-cgt-armllvm_4.0.4.LTS/lib/armv6m-ti-none-eabi/libclang_rt.builtins.a
       udivmoddi4.S.obj               162    0         0      
       aeabi_uidivmod.S.obj           64     0         0      
       muldsi3.S.obj                  58     0         0      
       muldi3.S.obj                   36     0         0      
       ashldi3.S.obj                  30     0         0      
       aeabi_memset.S.obj             26     0         0      
       aeabi_uldivmod.S.obj           20     0         0      
       aeabi_memcpy.S.obj             8      0         0      
       aeabi_div0.c.obj               4      0         0      
    +--+------------------------------+------+---------+---------+
       Total:                         408    0         0      
                                                              
    /Applications/ti/mspm0_sdk_2_09_00_01/source/ti/driverlib/lib/ticlang/m0p/mspm0g1x0x_g3x0x/driverlib.a
       dl_common.o                    10     0         0      
    +--+------------------------------+------+---------+---------+
       Total:                         10     0         0      
                                                              
       Heap:                          0      0         2048   
       Stack:                         0      0         512    
       Linker Generated:              0      137       0      
    +--+------------------------------+------+---------+---------+
       Grand Total:                   8332   1092      13729  


LINKER GENERATED COPY TABLES

__TI_cinit_table @ 000024cc records: 2, size/record: 8, table size: 16
	.data: load addr=00002450, load size=00000065 bytes, run addr=202031d0, run size=000001d5 bytes, compression=lzss
	.bss: load addr=000024c4, load size=00000008 bytes, run addr=20200000, run size=000029cc bytes, compression=zero_init


LINKER GENERATED HANDLER TABLE

__TI_handler_table @ 000024b8 records: 3, size/record: 4, table size: 12
	index: 0, handler: __TI_decompress_lzss
	index: 1, handler: __TI_decompress_none
	index: 2, handler: __TI_zero_init


GLOBAL SYMBOLS: SORTED ALPHABETICALLY BY Name 

address   name                          
-------   ----                          
000013e3  ADC0_IRQHandler               
000013e3  ADC1_IRQHandler               
000013e3  AES_IRQHandler                
00002144  C$$EXIT                       
00001e21  C$$IO$$                       
000013e3  CANFD0_IRQHandler             
000013e3  DAC0_IRQHandler               
00002109  DL_Common_delayCycles         
000013e3  DMA_IRQHandler                
000013e3  Default_Handler               
000013e3  GROUP0_IRQHandler             
000013e3  GROUP1_IRQHandler             
00001b8d  HOSTclose                     
00002145  HOSTexit                      
000016a1  HOSTlseek                     
0000197d  HOSTopen                      
00001a39  HOSTread                      
0000170d  HOSTrename                    
00001bd5  HOSTunlink                    
00001a91  HOSTwrite                     
000013e3  HardFault_Handler             
000013e3  I2C0_IRQHandler               
000013e3  I2C1_IRQHandler               
000013e3  NMI_Handler                   
000013e3  PendSV_Handler                
000013e3  RTC_IRQHandler                
00002149  Reset_Handler                 
000013e3  SPI0_IRQHandler               
000013e3  SPI1_IRQHandler               
000013e3  SVC_Handler                   
0000197b  SYSCFG_DL_GPIO_init           
00001c1d  SYSCFG_DL_SYSCTL_init         
0000207b  SYSCFG_DL_init                
00001e91  SYSCFG_DL_initPower           
000013e3  SysTick_Handler               
000013e3  TIMA0_IRQHandler              
000013e3  TIMA1_IRQHandler              
000013e3  TIMG0_IRQHandler              
000013e3  TIMG12_IRQHandler             
000013e3  TIMG6_IRQHandler              
000013e3  TIMG7_IRQHandler              
000013e3  TIMG8_IRQHandler              
000013e3  UART0_IRQHandler              
000013e3  UART1_IRQHandler              
000013e3  UART2_IRQHandler              
000013e3  UART3_IRQHandler              
20202800  _CIOBUF_                      
20202800  __CIOBUF_                     
20208000  __STACK_END                   
00000200  __STACK_SIZE                  
00000800  __SYSMEM_SIZE                 
00000000  __TI_ATRegion0_region_sz      
00000000  __TI_ATRegion0_src_addr       
00000000  __TI_ATRegion0_trg_addr       
00000000  __TI_ATRegion1_region_sz      
00000000  __TI_ATRegion1_src_addr       
00000000  __TI_ATRegion1_trg_addr       
00000000  __TI_ATRegion2_region_sz      
00000000  __TI_ATRegion2_src_addr       
00000000  __TI_ATRegion2_trg_addr       
000024cc  __TI_CINIT_Base               
000024dc  __TI_CINIT_Limit              
000024dc  __TI_CINIT_Warm               
000024b8  __TI_Handler_Table_Base       
000024c4  __TI_Handler_Table_Limit      
00001cdd  __TI_auto_init_nobinit_nopinit
00001d8d  __TI_cleanup                  
20203388  __TI_cleanup_ptr              
000015a9  __TI_closefile                
00001625  __TI_decompress_lzss          
00002069  __TI_decompress_none          
00001ae9  __TI_doflush                  
2020338c  __TI_dtors_ptr                
20203390  __TI_ft_end                   
ffffffff  __TI_pprof_out_hndl           
000000c1  __TI_printfi_nofloat          
ffffffff  __TI_prof_data_size           
ffffffff  __TI_prof_data_start          
00001dc1  __TI_readmsg                  
00000000  __TI_static_base__            
20202920  __TI_tmpnams                  
00001df5  __TI_writemsg                 
00001851  __TI_wrt_ok                   
0000209b  __TI_zero_init                
00002150  __aeabi_ctype_table_          
00002150  __aeabi_ctype_table_C         
20203394  __aeabi_errno                 
00002115  __aeabi_errno_addr            
00001b3b  __aeabi_idiv0                 
00001d53  __aeabi_ldiv0                 
00002019  __aeabi_llsl                  
00001f89  __aeabi_lmul                  
000020f1  __aeabi_memclr                
000020f1  __aeabi_memclr4               
000020f1  __aeabi_memclr8               
0000211d  __aeabi_memcpy                
0000211d  __aeabi_memcpy4               
0000211d  __aeabi_memcpy8               
000020b9  __aeabi_memset                
000020b9  __aeabi_memset4               
000020b9  __aeabi_memset8               
00001c5d  __aeabi_uidiv                 
00001c5d  __aeabi_uidivmod              
00002055  __aeabi_uldivmod              
00002019  __ashldi3                     
ffffffff  __binit__                     
UNDEFED   __mpu_init                    
00001f89  __muldi3                      
00001d19  __muldsi3                     
20207e00  __stack                       
20200000  __start___llvm_prf_bits       
20200000  __start___llvm_prf_cnts       
20200000  __stop___llvm_prf_bits        
20200000  __stop___llvm_prf_cnts        
00001341  __udivmoddi4                  
00001f61  _c_int00_noargs               
202032c0  _device                       
202031d0  _ftable                       
20203398  _lock                         
00002017  _nop                          
20203338  _stream                       
202029d0  _sys_memory                   
UNDEFED   _system_post_cinit            
0000214d  _system_pre_init              
2020339c  _unlock                       
0000151b  abort                         
00000f6d  aligned_alloc                 
00001c9d  atoi                          
ffffffff  binit                         
00001b3d  close                         
00001e29  exit                          
00001e5d  finddevice                    
000013e5  fputc                         
00001081  fputs                         
00001179  free                          
00002135  fseek                         
00001779  fseeko                        
000017e5  getdevice                     
00000000  interruptVectors              
00001f11  lseek                         
00000929  main                          
000020fd  malloc                        
00000f6d  memalign                      
00001ff5  memccpy                       
00001481  memcpy                        
00001919  memset                        
202029c0  parmbuf                       
000019dd  printf                        
00001fad  puts                          
00001d55  rand                          
0000213d  remove                        
00001261  setvbuf                       
00001fd1  srand                         
00001521  strcmp                        
00001ebd  unlink                        
0000208b  wcslen                        
00001f39  write                         


GLOBAL SYMBOLS: SORTED BY Symbol Address 

address   name                          
-------   ----                          
00000000  __TI_ATRegion0_region_sz      
00000000  __TI_ATRegion0_src_addr       
00000000  __TI_ATRegion0_trg_addr       
00000000  __TI_ATRegion1_region_sz      
00000000  __TI_ATRegion1_src_addr       
00000000  __TI_ATRegion1_trg_addr       
00000000  __TI_ATRegion2_region_sz      
00000000  __TI_ATRegion2_src_addr       
00000000  __TI_ATRegion2_trg_addr       
00000000  __TI_static_base__            
00000000  interruptVectors              
000000c1  __TI_printfi_nofloat          
00000200  __STACK_SIZE                  
00000800  __SYSMEM_SIZE                 
00000929  main                          
00000f6d  aligned_alloc                 
00000f6d  memalign                      
00001081  fputs                         
00001179  free                          
00001261  setvbuf                       
00001341  __udivmoddi4                  
000013e3  ADC0_IRQHandler               
000013e3  ADC1_IRQHandler               
000013e3  AES_IRQHandler                
000013e3  CANFD0_IRQHandler             
000013e3  DAC0_IRQHandler               
000013e3  DMA_IRQHandler                
000013e3  Default_Handler               
000013e3  GROUP0_IRQHandler             
000013e3  GROUP1_IRQHandler             
000013e3  HardFault_Handler             
000013e3  I2C0_IRQHandler               
000013e3  I2C1_IRQHandler               
000013e3  NMI_Handler                   
000013e3  PendSV_Handler                
000013e3  RTC_IRQHandler                
000013e3  SPI0_IRQHandler               
000013e3  SPI1_IRQHandler               
000013e3  SVC_Handler                   
000013e3  SysTick_Handler               
000013e3  TIMA0_IRQHandler              
000013e3  TIMA1_IRQHandler              
000013e3  TIMG0_IRQHandler              
000013e3  TIMG12_IRQHandler             
000013e3  TIMG6_IRQHandler              
000013e3  TIMG7_IRQHandler              
000013e3  TIMG8_IRQHandler              
000013e3  UART0_IRQHandler              
000013e3  UART1_IRQHandler              
000013e3  UART2_IRQHandler              
000013e3  UART3_IRQHandler              
000013e5  fputc                         
00001481  memcpy                        
0000151b  abort                         
00001521  strcmp                        
000015a9  __TI_closefile                
00001625  __TI_decompress_lzss          
000016a1  HOSTlseek                     
0000170d  HOSTrename                    
00001779  fseeko                        
000017e5  getdevice                     
00001851  __TI_wrt_ok                   
00001919  memset                        
0000197b  SYSCFG_DL_GPIO_init           
0000197d  HOSTopen                      
000019dd  printf                        
00001a39  HOSTread                      
00001a91  HOSTwrite                     
00001ae9  __TI_doflush                  
00001b3b  __aeabi_idiv0                 
00001b3d  close                         
00001b8d  HOSTclose                     
00001bd5  HOSTunlink                    
00001c1d  SYSCFG_DL_SYSCTL_init         
00001c5d  __aeabi_uidiv                 
00001c5d  __aeabi_uidivmod              
00001c9d  atoi                          
00001cdd  __TI_auto_init_nobinit_nopinit
00001d19  __muldsi3                     
00001d53  __aeabi_ldiv0                 
00001d55  rand                          
00001d8d  __TI_cleanup                  
00001dc1  __TI_readmsg                  
00001df5  __TI_writemsg                 
00001e21  C$$IO$$                       
00001e29  exit                          
00001e5d  finddevice                    
00001e91  SYSCFG_DL_initPower           
00001ebd  unlink                        
00001f11  lseek                         
00001f39  write                         
00001f61  _c_int00_noargs               
00001f89  __aeabi_lmul                  
00001f89  __muldi3                      
00001fad  puts                          
00001fd1  srand                         
00001ff5  memccpy                       
00002017  _nop                          
00002019  __aeabi_llsl                  
00002019  __ashldi3                     
00002055  __aeabi_uldivmod              
00002069  __TI_decompress_none          
0000207b  SYSCFG_DL_init                
0000208b  wcslen                        
0000209b  __TI_zero_init                
000020b9  __aeabi_memset                
000020b9  __aeabi_memset4               
000020b9  __aeabi_memset8               
000020f1  __aeabi_memclr                
000020f1  __aeabi_memclr4               
000020f1  __aeabi_memclr8               
000020fd  malloc                        
00002109  DL_Common_delayCycles         
00002115  __aeabi_errno_addr            
0000211d  __aeabi_memcpy                
0000211d  __aeabi_memcpy4               
0000211d  __aeabi_memcpy8               
00002135  fseek                         
0000213d  remove                        
00002144  C$$EXIT                       
00002145  HOSTexit                      
00002149  Reset_Handler                 
0000214d  _system_pre_init              
00002150  __aeabi_ctype_table_          
00002150  __aeabi_ctype_table_C         
000024b8  __TI_Handler_Table_Base       
000024c4  __TI_Handler_Table_Limit      
000024cc  __TI_CINIT_Base               
000024dc  __TI_CINIT_Limit              
000024dc  __TI_CINIT_Warm               
20200000  __start___llvm_prf_bits       
20200000  __start___llvm_prf_cnts       
20200000  __stop___llvm_prf_bits        
20200000  __stop___llvm_prf_cnts        
20202800  _CIOBUF_                      
20202800  __CIOBUF_                     
20202920  __TI_tmpnams                  
202029c0  parmbuf                       
202029d0  _sys_memory                   
202031d0  _ftable                       
202032c0  _device                       
20203338  _stream                       
20203388  __TI_cleanup_ptr              
2020338c  __TI_dtors_ptr                
20203390  __TI_ft_end                   
20203394  __aeabi_errno                 
20203398  _lock                         
2020339c  _unlock                       
20207e00  __stack                       
20208000  __STACK_END                   
ffffffff  __TI_pprof_out_hndl           
ffffffff  __TI_prof_data_size           
ffffffff  __TI_prof_data_start          
ffffffff  __binit__                     
ffffffff  binit                         
UNDEFED   __mpu_init                    
UNDEFED   _system_post_cinit            

[157 symbols]
