******************************************************************************
            TI ARM Clang Linker Unix v4.0.4                    
******************************************************************************
>> Linked Thu Feb 19 13:18:47 2026

OUTPUT FILE NAME:   <lab3.out>
ENTRY POINT SYMBOL: "_c_int00_noargs"  address: 00002bc5


MEMORY CONFIGURATION

         name            origin    length      used     unused   attr    fill
----------------------  --------  ---------  --------  --------  ----  --------
  FLASH                 00000000   00020000  00002fd8  0001d028  R  X
  SRAM                  20200000   00008000  00000d9d  00007263  RW X
  BCR_CONFIG            41c00000   000000ff  00000000  000000ff  R   
  BSL_CONFIG            41c00100   00000080  00000000  00000080  R   


SEGMENT ALLOCATION MAP

run origin  load origin   length   init length attrs members
----------  ----------- ---------- ----------- ----- -------
00000000    00000000    00002fd8   00002fd8    r-x
  00000000    00000000    000000c0   000000c0    r-- .intvecs
  000000c0    000000c0    00002d30   00002d30    r-x .text
  00002df0    00002df0    00000160   00000160    r-- .rodata
  00002f50    00002f50    00000088   00000088    r-- .cinit
20200000    20200000    00000ba0   00000000    rw-
  20200000    20200000    00000800   00000000    rw- .sysmem
  20200800    20200800    000001d1   00000000    rw- .data
  202009d4    202009d4    000001cc   00000000    rw- .bss
20207e00    20207e00    00000200   00000000    rw-
  20207e00    20207e00    00000200   00000000    rw- .stack


SECTION ALLOCATION MAP

 output                                  attributes/
section   page    origin      length       input sections
--------  ----  ----------  ----------   ----------------
.intvecs   0    00000000    000000c0     
                  00000000    000000c0     startup_mspm0g350x_ticlang.o (.intvecs)

.text      0    000000c0    00002d30     
                  000000c0    000009d0     libc.a : _printfi.c.obj (.text:__TI_printfi)
                  00000a90    00000220            : _printfi.c.obj (.text._pconv_a)
                  00000cb0    000001dc            : _printfi.c.obj (.text._pconv_g)
                  00000e8c    00000192     libclang_rt.builtins.a : adddf3.S.obj (.text.adddf3_subdf3)
                  0000101e    00000002     startup_mspm0g350x_ticlang.o (.text.Default_Handler)
                  00001020    0000013c     libc.a : _printfi.c.obj (.text.fcvt)
                  0000115c    00000120            : _printfi.c.obj (.text._pconv_e)
                  0000127c    00000114            : memory.c.obj (.text.aligned_alloc)
                  00001390    0000010c     libclang_rt.builtins.a : divdf3.S.obj (.text.__divdf3)
                  0000149c    000000fc     driverlib.a : dl_timer.o (.text.DL_Timer_initTimerMode)
                  00001598    000000f8     libc.a : fputs.c.obj (.text.fputs)
                  00001690    000000e8            : memory.c.obj (.text.free)
                  00001778    000000e4     libclang_rt.builtins.a : muldf3.S.obj (.text.__muldf3)
                  0000185c    000000e0     libc.a : setvbuf.c.obj (.text.setvbuf)
                  0000193c    000000d8            : s_scalbn.c.obj (.text.scalbn)
                  00001a14    000000d4     time_management.o (.text.main)
                  00001ae8    000000a2     libclang_rt.builtins.a : udivmoddi4.S.obj (.text)
                  00001b8a    00000002     ti_msp_dl_config.o (.text.SYSCFG_DL_GPIO_init)
                  00001b8c    0000009c     libc.a : fputc.c.obj (.text.fputc)
                  00001c28    0000009a            : memcpy16.S.obj (.text:memcpy)
                  00001cc2    0000000e            : memory.c.obj (.text.OUTLINED_FUNCTION_0)
                  00001cd0    00000088            : strcmp-armv6m.S.obj (.text:strcmp)
                  00001d58    00000082     libclang_rt.builtins.a : divsf3.S.obj (.text.__divsf3)
                  00001dda    00000002                            : aeabi_div0.c.obj (.text.__aeabi_idiv0)
                  00001ddc    0000007c     libc.a : fclose.c.obj (.text.__TI_closefile)
                  00001e58    0000007c            : copy_decompress_lzss.c.obj (.text:decompress:lzss)
                  00001ed4    00000074     libclang_rt.builtins.a : comparedf2.c.obj (.text.__gedf2)
                  00001f48    0000006c     libsysbm.a : hostlseek.c.obj (.text.HOSTlseek)
                  00001fb4    0000006c                : hostrename.c.obj (.text.HOSTrename)
                  00002020    0000006c     libc.a : fseek.c.obj (.text.fseeko)
                  0000208c    0000006c            : getdevice.c.obj (.text.getdevice)
                  000020f8    00000068     libclang_rt.builtins.a : comparedf2.c.obj (.text.__ledf2)
                  00002160    00000066     libc.a : _printfi.c.obj (.text._mcpy)
                  000021c6    00000064            : _io_perm.c.obj (.text.__TI_wrt_ok)
                  0000222a    00000002     libclang_rt.builtins.a : aeabi_div0.c.obj (.text.__aeabi_ldiv0)
                  0000222c    00000064     libc.a : memory.c.obj (.text.split)
                  00002290    00000062     libclang_rt.builtins.a : aeabi_dcmp.S.obj (.text.__aeabi_dcmp)
                  000022f2    00000062     libc.a : memset16.S.obj (.text:memset)
                  00002354    00000060     libsysbm.a : hostopen.c.obj (.text.HOSTopen)
                  000023b4    0000005c     libc.a : s_frexp.c.obj (.text.frexp)
                  00002410    0000005c            : printf.c.obj (.text.printf)
                  0000246c    00000058     libsysbm.a : hostread.c.obj (.text.HOSTread)
                  000024c4    00000058                : hostwrite.c.obj (.text.HOSTwrite)
                  0000251c    00000058     libc.a : _ltoa.c.obj (.text.__TI_ltoa)
                  00002574    00000058            : _printfi.c.obj (.text._pconv_f)
                  000025cc    00000056     libclang_rt.builtins.a : aeabi_idivmod.S.obj (.text.__aeabi_idivmod)
                  00002622    00000052     libc.a : fflush.c.obj (.text.__TI_doflush)
                  00002674    00000052            : _printfi.c.obj (.text._ecpy)
                  000026c6    00000002            : _lock.c.obj (.text._nop)
                  000026c8    00000050     libsysbm.a : close.c.obj (.text.close)
                  00002718    0000004a     libclang_rt.builtins.a : fixdfsi.S.obj (.text.__fixdfsi)
                  00002762    00000002     --HOLE-- [fill = 0]
                  00002764    00000048     libsysbm.a : hostclose.c.obj (.text.HOSTclose)
                  000027ac    00000048                : hostunlink.c.obj (.text.HOSTunlink)
                  000027f4    00000040     ti_msp_dl_config.o (.text.SYSCFG_DL_SYSCTL_init)
                  00002834    00000040     libclang_rt.builtins.a : aeabi_uidivmod.S.obj (.text.__aeabi_uidivmod)
                  00002874    00000040                            : extendsfdf2.S.obj (.text.__extendsfdf2)
                  000028b4    00000040     libc.a : atoi.c.obj (.text.atoi)
                  000028f4    0000003c            : autoinit.c.obj (.text:__TI_auto_init_nobinit_nopinit)
                  00002930    0000003a     libclang_rt.builtins.a : muldsi3.S.obj (.text.__muldsi3)
                  0000296a    00000002     --HOLE-- [fill = 0]
                  0000296c    00000034     libc.a : fopen.c.obj (.text.__TI_cleanup)
                  000029a0    00000034     libsysbm.a : trgmsg.c.obj (.text.__TI_readmsg)
                  000029d4    00000034                : trgmsg.c.obj (.text.__TI_writemsg)
                  00002a08    00000034     libc.a : exit.c.obj (.text.exit)
                  00002a3c    00000034            : getdevice.c.obj (.text.finddevice)
                  00002a70    00000030            : _printfi.c.obj (.text._fcpy)
                  00002aa0    0000002c     ti_msp_dl_config.o (.text.SYSCFG_DL_initPower)
                  00002acc    0000002c     libclang_rt.builtins.a : floatsidf.S.obj (.text.__floatsidf)
                  00002af8    0000002c     libsysbm.a : unlink.c.obj (.text.unlink)
                  00002b24    00000028     libclang_rt.builtins.a : floatunsisf.S.obj (.text.__floatunsisf)
                  00002b4c    00000028     libc.a : memory.c.obj (.text.free_list_insert)
                  00002b74    00000028     libsysbm.a : lseek.c.obj (.text.lseek)
                  00002b9c    00000028                : write.c.obj (.text.write)
                  00002bc4    00000028     libc.a : boot_cortex_m.c.obj (.text:_c_int00_noargs)
                  00002bec    00000024     libclang_rt.builtins.a : muldi3.S.obj (.text.__muldi3)
                  00002c10    00000024     libc.a : fputs.c.obj (.text.puts)
                  00002c34    00000022            : memccpy.c.obj (.text.memccpy)
                  00002c56    00000002     --HOLE-- [fill = 0]
                  00002c58    0000001e     libclang_rt.builtins.a : ashldi3.S.obj (.text.__ashldi3)
                  00002c76    00000002     --HOLE-- [fill = 0]
                  00002c78    0000001c     driverlib.a : dl_timer.o (.text.DL_Timer_setClockConfig)
                  00002c94    0000001c     libc.a : memory.c.obj (.text.free_list_remove)
                  00002cb0    00000016            : copy_zero_init.c.obj (.text:decompress:ZI:__TI_zero_init_nomemset)
                  00002cc6    00000002     --HOLE-- [fill = 0]
                  00002cc8    00000014     libclang_rt.builtins.a : aeabi_uldivmod.S.obj (.text.__aeabi_uldivmod)
                  00002cdc    00000014     libc.a : _printfi.c.obj (.text.strchr)
                  00002cf0    00000012            : copy_decompress_none.c.obj (.text:decompress:none)
                  00002d02    00000010     ti_msp_dl_config.o (.text.SYSCFG_DL_init)
                  00002d12    00000010     libc.a : wcslen.c.obj (.text.wcslen)
                  00002d22    00000002     --HOLE-- [fill = 0]
                  00002d24    0000000e     libclang_rt.builtins.a : aeabi_memset.S.obj (.text.__aeabi_memset)
                  00002d32    0000000e     libsysbm.a : hostrename.c.obj (.text.strcpy)
                  00002d40    0000000e     libc.a : _printfi.c.obj (.text.strlen)
                  00002d4e    0000000e     libsysbm.a : hostrename.c.obj (.text.strlen)
                  00002d5c    0000000c     libclang_rt.builtins.a : aeabi_memset.S.obj (.text.__aeabi_memclr)
                  00002d68    0000000c     libc.a : memory.c.obj (.text.malloc)
                  00002d74    0000000a     driverlib.a : dl_common.o (.text.DL_Common_delayCycles)
                  00002d7e    0000000a     libc.a : _printfi.c.obj (.text.OUTLINED_FUNCTION_0)
                  00002d88    00000010     libclang_rt.builtins.a : adddf3.S.obj (.tramp.__aeabi_dsub.1)
                  00002d98    0000000a     libc.a : _printfi.c.obj (.text.OUTLINED_FUNCTION_1)
                  00002da2    00000002     --HOLE-- [fill = 0]
                  00002da4    00000008            : aeabi_portable.c.obj (.text.__aeabi_errno_addr)
                  00002dac    00000008     libclang_rt.builtins.a : aeabi_memcpy.S.obj (.text.__aeabi_memcpy)
                  00002db4    00000008     libc.a : printf.c.obj (.text._outc)
                  00002dbc    00000008            : printf.c.obj (.text._outs)
                  00002dc4    00000008            : fseek.c.obj (.text.fseek)
                  00002dcc    00000008     libsysbm.a : remove.c.obj (.text.remove)
                  00002dd4    00000006     libc.a : exit.c.obj (.text:abort)
                  00002dda    00000004     libsysbm.a : hostexit.c.obj (.text.HOSTexit)
                  00002dde    00000004     startup_mspm0g350x_ticlang.o (.text.Reset_Handler)
                  00002de2    00000004     libc.a : pre_init.c.obj (.text._system_pre_init)
                  00002de6    0000000a     --HOLE-- [fill = 0]

.cinit     0    00002f50    00000088     
                  00002f50    0000005f     (.cinit..data.load) [load image, compression = lzss]
                  00002faf    00000001     --HOLE-- [fill = 0]
                  00002fb0    0000000c     (__TI_handler_table)
                  00002fbc    00000008     (.cinit..bss.load) [load image, compression = zero_init]
                  00002fc4    00000010     (__TI_cinit_table)
                  00002fd4    00000004     --HOLE-- [fill = 0]

.rodata    0    00002df0    00000160     
                  00002df0    00000101     libc.a : aeabi_ctype.S.obj (.rodata:__aeabi_ctype_table_)
                  00002ef1    0000001d     time_management.o (.rodata.str1.9315172165946121771.1)
                  00002f0e    00000011     libc.a : _printfi.c.obj (.rodata.str1.10348868589481759720.1)
                  00002f1f    00000011            : _printfi.c.obj (.rodata.str1.15363888844622738466.1)
                  00002f30    0000000f     time_management.o (.rodata.str1.9763168423086465428.1)
                  00002f3f    00000002     libc.a : fputs.c.obj (.rodata.str1.16607721268415185390.1)
                  00002f41    0000000f     --HOLE-- [fill = 0]

.init_array 
*          0    00000000    00000000     UNINITIALIZED

.binit     0    00000000    00000000     

.sysmem    0    20200000    00000800     UNINITIALIZED
                  20200000    00000010     libc.a : memory.c.obj (.sysmem)
                  20200010    000007f0     --HOLE--

.data      0    20200800    000001d1     UNINITIALIZED
                  20200800    000000f0     libc.a : defs.c.obj (.data._ftable)
                  202008f0    00000078     libsysbm.a : host_device.c.obj (.data._device)
                  20200968    00000050                : host_device.c.obj (.data._stream)
                  202009b8    00000008     libc.a : exit.c.obj (.data..L_MergedGlobals)
                  202009c0    00000004            : defs.c.obj (.data.__TI_ft_end)
                  202009c4    00000004            : aeabi_portable.c.obj (.data.__aeabi_errno)
                  202009c8    00000004            : _lock.c.obj (.data._lock)
                  202009cc    00000004            : _lock.c.obj (.data._unlock)
                  202009d0    00000001            : memory.c.obj (.data.memory_is_initialized)

.bss       0    202009d4    000001cc     UNINITIALIZED
                  202009d4    00000120     libsysbm.a : trgmsg.c.obj (.bss:_CIOBUF_)
                  20200af4    000000a0     libc.a : defs.c.obj (.bss.__TI_tmpnams)
                  20200b94    00000008     libsysbm.a : hostopen.c.obj (.bss.parmbuf)
                  20200b9c    00000004     libc.a : memory.c.obj (.bss.sys_free)

.stack     0    20207e00    00000200     UNINITIALIZED
                  20207e00    00000004     libc.a : boot_cortex_m.c.obj (.stack)
                  20207e04    000001fc     --HOLE--

__llvm_prf_cnts 
*          0    20200000    00000000     UNINITIALIZED

__llvm_prf_bits 
*          0    20200000    00000000     UNINITIALIZED

MODULE SUMMARY

       Module                         code    ro data   rw data
       ------                         ----    -------   -------
    ./
       time_management.o              212     44        0      
       startup_mspm0g350x_ticlang.o   6       192       0      
       ti_msp_dl_config.o             126     0         0      
    +--+------------------------------+-------+---------+---------+
       Total:                         344     236       0      
                                                               
    /Applications/ti/ccs2041/ccs/tools/compiler/ti-cgt-armllvm_4.0.4.LTS/lib/armv6m-ti-none-eabi/c/libc.a
       _printfi.c.obj                 4510    34        0      
       memory.c.obj                   702     0         5      
       defs.c.obj                     0       0         404    
       fputs.c.obj                    284     2         0      
       aeabi_ctype.S.obj              0       257       0      
       setvbuf.c.obj                  224     0         0      
       s_scalbn.c.obj                 216     0         0      
       getdevice.c.obj                160     0         0      
       fputc.c.obj                    156     0         0      
       memcpy16.S.obj                 154     0         0      
       strcmp-armv6m.S.obj            136     0         0      
       copy_decompress_lzss.c.obj     124     0         0      
       fclose.c.obj                   124     0         0      
       fseek.c.obj                    116     0         0      
       printf.c.obj                   108     0         0      
       _io_perm.c.obj                 100     0         0      
       memset16.S.obj                 98      0         0      
       s_frexp.c.obj                  92      0         0      
       _ltoa.c.obj                    88      0         0      
       fflush.c.obj                   82      0         0      
       exit.c.obj                     58      0         8      
       atoi.c.obj                     64      0         0      
       autoinit.c.obj                 60      0         0      
       fopen.c.obj                    52      0         0      
       boot_cortex_m.c.obj            40      0         0      
       memccpy.c.obj                  34      0         0      
       copy_zero_init.c.obj           22      0         0      
       copy_decompress_none.c.obj     18      0         0      
       wcslen.c.obj                   16      0         0      
       aeabi_portable.c.obj           8       0         4      
       _lock.c.obj                    2       0         8      
       pre_init.c.obj                 4       0         0      
    +--+------------------------------+-------+---------+---------+
       Total:                         7852    293       429    
                                                               
    /Applications/ti/ccs2041/ccs/tools/compiler/ti-cgt-armllvm_4.0.4.LTS/lib/armv6m-ti-none-eabi/c/libsysbm.a
       trgmsg.c.obj                   104     0         288    
       host_device.c.obj              0       0         200    
       hostrename.c.obj               136     0         0      
       hostlseek.c.obj                108     0         0      
       hostopen.c.obj                 96      0         8      
       hostread.c.obj                 88      0         0      
       hostwrite.c.obj                88      0         0      
       close.c.obj                    80      0         0      
       hostclose.c.obj                72      0         0      
       hostunlink.c.obj               72      0         0      
       unlink.c.obj                   44      0         0      
       lseek.c.obj                    40      0         0      
       write.c.obj                    40      0         0      
       remove.c.obj                   8       0         0      
       hostexit.c.obj                 4       0         0      
    +--+------------------------------+-------+---------+---------+
       Total:                         980     0         496    
                                                               
    /Applications/ti/ccs2041/ccs/tools/compiler/ti-cgt-armllvm_4.0.4.LTS/lib/armv6m-ti-none-eabi/libclang_rt.builtins.a
       adddf3.S.obj                   418     0         0      
       divdf3.S.obj                   268     0         0      
       muldf3.S.obj                   228     0         0      
       comparedf2.c.obj               220     0         0      
       udivmoddi4.S.obj               162     0         0      
       divsf3.S.obj                   130     0         0      
       aeabi_dcmp.S.obj               98      0         0      
       aeabi_idivmod.S.obj            86      0         0      
       fixdfsi.S.obj                  74      0         0      
       aeabi_uidivmod.S.obj           64      0         0      
       extendsfdf2.S.obj              64      0         0      
       muldsi3.S.obj                  58      0         0      
       floatsidf.S.obj                44      0         0      
       floatunsisf.S.obj              40      0         0      
       muldi3.S.obj                   36      0         0      
       ashldi3.S.obj                  30      0         0      
       aeabi_memset.S.obj             26      0         0      
       aeabi_uldivmod.S.obj           20      0         0      
       aeabi_memcpy.S.obj             8       0         0      
       aeabi_div0.c.obj               4       0         0      
    +--+------------------------------+-------+---------+---------+
       Total:                         2078    0         0      
                                                               
    /Applications/ti/mspm0_sdk_2_09_00_01/source/ti/driverlib/lib/ticlang/m0p/mspm0g1x0x_g3x0x/driverlib.a
       dl_timer.o                     280     0         0      
       dl_common.o                    10      0         0      
    +--+------------------------------+-------+---------+---------+
       Total:                         290     0         0      
                                                               
       Heap:                          0       0         2048   
       Stack:                         0       0         512    
       Linker Generated:              0       131       0      
    +--+------------------------------+-------+---------+---------+
       Grand Total:                   11544   660       3485   


LINKER GENERATED COPY TABLES

__TI_cinit_table @ 00002fc4 records: 2, size/record: 8, table size: 16
	.data: load addr=00002f50, load size=0000005f bytes, run addr=20200800, run size=000001d1 bytes, compression=lzss
	.bss: load addr=00002fbc, load size=00000008 bytes, run addr=202009d4, run size=000001cc bytes, compression=zero_init


LINKER GENERATED HANDLER TABLE

__TI_handler_table @ 00002fb0 records: 3, size/record: 4, table size: 12
	index: 0, handler: __TI_decompress_lzss
	index: 1, handler: __TI_decompress_none
	index: 2, handler: __TI_zero_init


FAR CALL TRAMPOLINES

callee name               trampoline name
   callee addr  tramp addr   call addr  call info
--------------  -----------  ---------  ----------------
__aeabi_dsub              $Tramp$TT$L$PI$$__aeabi_dsub
   00000e8d     00002d88     00002d86   libc.a : _printfi.c.obj (.text.OUTLINED_FUNCTION_0)

[1 trampolines]
[1 trampoline calls]


GLOBAL SYMBOLS: SORTED ALPHABETICALLY BY Name 

address   name                          
-------   ----                          
0000101f  ADC0_IRQHandler               
0000101f  ADC1_IRQHandler               
0000101f  AES_IRQHandler                
00002dda  C$$EXIT                       
00002a01  C$$IO$$                       
0000101f  CANFD0_IRQHandler             
0000101f  DAC0_IRQHandler               
00002d75  DL_Common_delayCycles         
0000149d  DL_Timer_initTimerMode        
00002c79  DL_Timer_setClockConfig       
0000101f  DMA_IRQHandler                
0000101f  Default_Handler               
0000101f  GROUP0_IRQHandler             
0000101f  GROUP1_IRQHandler             
00002765  HOSTclose                     
00002ddb  HOSTexit                      
00001f49  HOSTlseek                     
00002355  HOSTopen                      
0000246d  HOSTread                      
00001fb5  HOSTrename                    
000027ad  HOSTunlink                    
000024c5  HOSTwrite                     
0000101f  HardFault_Handler             
0000101f  I2C0_IRQHandler               
0000101f  I2C1_IRQHandler               
0000101f  NMI_Handler                   
0000101f  PendSV_Handler                
0000101f  RTC_IRQHandler                
00002ddf  Reset_Handler                 
0000101f  SPI0_IRQHandler               
0000101f  SPI1_IRQHandler               
0000101f  SVC_Handler                   
00001b8b  SYSCFG_DL_GPIO_init           
000027f5  SYSCFG_DL_SYSCTL_init         
00002d03  SYSCFG_DL_init                
00002aa1  SYSCFG_DL_initPower           
0000101f  SysTick_Handler               
0000101f  TIMA0_IRQHandler              
0000101f  TIMA1_IRQHandler              
0000101f  TIMG0_IRQHandler              
0000101f  TIMG12_IRQHandler             
0000101f  TIMG6_IRQHandler              
0000101f  TIMG7_IRQHandler              
0000101f  TIMG8_IRQHandler              
0000101f  UART0_IRQHandler              
0000101f  UART1_IRQHandler              
0000101f  UART2_IRQHandler              
0000101f  UART3_IRQHandler              
202009d4  _CIOBUF_                      
202009d4  __CIOBUF_                     
20208000  __STACK_END                   
00000200  __STACK_SIZE                  
00000800  __SYSMEM_SIZE                 
00000000  __TI_ATRegion0_region_sz      
00000000  __TI_ATRegion0_src_addr       
00000000  __TI_ATRegion0_trg_addr       
00000000  __TI_ATRegion1_region_sz      
00000000  __TI_ATRegion1_src_addr       
00000000  __TI_ATRegion1_trg_addr       
00000000  __TI_ATRegion2_region_sz      
00000000  __TI_ATRegion2_src_addr       
00000000  __TI_ATRegion2_trg_addr       
00002fc4  __TI_CINIT_Base               
00002fd4  __TI_CINIT_Limit              
00002fd4  __TI_CINIT_Warm               
00002fb0  __TI_Handler_Table_Base       
00002fbc  __TI_Handler_Table_Limit      
000028f5  __TI_auto_init_nobinit_nopinit
0000296d  __TI_cleanup                  
202009b8  __TI_cleanup_ptr              
00001ddd  __TI_closefile                
00001e59  __TI_decompress_lzss          
00002cf1  __TI_decompress_none          
00002623  __TI_doflush                  
202009bc  __TI_dtors_ptr                
202009c0  __TI_ft_end                   
0000251d  __TI_ltoa                     
ffffffff  __TI_pprof_out_hndl           
000000c1  __TI_printfi                  
ffffffff  __TI_prof_data_size           
ffffffff  __TI_prof_data_start          
000029a1  __TI_readmsg                  
00000000  __TI_static_base__            
20200af4  __TI_tmpnams                  
000029d5  __TI_writemsg                 
000021c7  __TI_wrt_ok                   
00002cb1  __TI_zero_init_nomemset       
00000e97  __adddf3                      
00002df0  __aeabi_ctype_table_          
00002df0  __aeabi_ctype_table_C         
00002719  __aeabi_d2iz                  
00000e97  __aeabi_dadd                  
00002291  __aeabi_dcmpeq                
000022cd  __aeabi_dcmpge                
000022e1  __aeabi_dcmpgt                
000022b9  __aeabi_dcmple                
000022a5  __aeabi_dcmplt                
00001391  __aeabi_ddiv                  
00001779  __aeabi_dmul                  
00000e8d  __aeabi_dsub                  
202009c4  __aeabi_errno                 
00002da5  __aeabi_errno_addr            
00002875  __aeabi_f2d                   
00001d59  __aeabi_fdiv                  
00002acd  __aeabi_i2d                   
000025cd  __aeabi_idiv                  
00001ddb  __aeabi_idiv0                 
000025cd  __aeabi_idivmod               
0000222b  __aeabi_ldiv0                 
00002c59  __aeabi_llsl                  
00002bed  __aeabi_lmul                  
00002d5d  __aeabi_memclr                
00002d5d  __aeabi_memclr4               
00002d5d  __aeabi_memclr8               
00002dad  __aeabi_memcpy                
00002dad  __aeabi_memcpy4               
00002dad  __aeabi_memcpy8               
00002d25  __aeabi_memset                
00002d25  __aeabi_memset4               
00002d25  __aeabi_memset8               
00002b25  __aeabi_ui2f                  
00002835  __aeabi_uidiv                 
00002835  __aeabi_uidivmod              
00002cc9  __aeabi_uldivmod              
00002c59  __ashldi3                     
ffffffff  __binit__                     
000020f9  __cmpdf2                      
00001391  __divdf3                      
00001d59  __divsf3                      
000020f9  __eqdf2                       
00002875  __extendsfdf2                 
00002719  __fixdfsi                     
00002acd  __floatsidf                   
00002b25  __floatunsisf                 
00001ed5  __gedf2                       
00001ed5  __gtdf2                       
000020f9  __ledf2                       
000020f9  __ltdf2                       
UNDEFED   __mpu_init                    
00001779  __muldf3                      
00002bed  __muldi3                      
00002931  __muldsi3                     
000020f9  __nedf2                       
20207e00  __stack                       
20200000  __start___llvm_prf_bits       
20200000  __start___llvm_prf_cnts       
20200000  __stop___llvm_prf_bits        
20200000  __stop___llvm_prf_cnts        
00000e8d  __subdf3                      
00001ae9  __udivmoddi4                  
00002bc5  _c_int00_noargs               
202008f0  _device                       
20200800  _ftable                       
202009c8  _lock                         
000026c7  _nop                          
20200968  _stream                       
20200000  _sys_memory                   
UNDEFED   _system_post_cinit            
00002de3  _system_pre_init              
202009cc  _unlock                       
00002dd5  abort                         
0000127d  aligned_alloc                 
000028b5  atoi                          
ffffffff  binit                         
000026c9  close                         
00002a09  exit                          
00002a3d  finddevice                    
00001b8d  fputc                         
00001599  fputs                         
00001691  free                          
000023b5  frexp                         
000023b5  frexpl                        
00002dc5  fseek                         
00002021  fseeko                        
0000208d  getdevice                     
00000000  interruptVectors              
0000193d  ldexp                         
0000193d  ldexpl                        
00002b75  lseek                         
00001a15  main                          
00002d69  malloc                        
0000127d  memalign                      
00002c35  memccpy                       
00001c29  memcpy                        
000022f3  memset                        
20200b94  parmbuf                       
00002411  printf                        
00002c11  puts                          
00002dcd  remove                        
0000193d  scalbn                        
0000193d  scalbnl                       
0000185d  setvbuf                       
00001cd1  strcmp                        
00002af9  unlink                        
00002d13  wcslen                        
00002b9d  write                         


GLOBAL SYMBOLS: SORTED BY Symbol Address 

address   name                          
-------   ----                          
00000000  __TI_ATRegion0_region_sz      
00000000  __TI_ATRegion0_src_addr       
00000000  __TI_ATRegion0_trg_addr       
00000000  __TI_ATRegion1_region_sz      
00000000  __TI_ATRegion1_src_addr       
00000000  __TI_ATRegion1_trg_addr       
00000000  __TI_ATRegion2_region_sz      
00000000  __TI_ATRegion2_src_addr       
00000000  __TI_ATRegion2_trg_addr       
00000000  __TI_static_base__            
00000000  interruptVectors              
000000c1  __TI_printfi                  
00000200  __STACK_SIZE                  
00000800  __SYSMEM_SIZE                 
00000e8d  __aeabi_dsub                  
00000e8d  __subdf3                      
00000e97  __adddf3                      
00000e97  __aeabi_dadd                  
0000101f  ADC0_IRQHandler               
0000101f  ADC1_IRQHandler               
0000101f  AES_IRQHandler                
0000101f  CANFD0_IRQHandler             
0000101f  DAC0_IRQHandler               
0000101f  DMA_IRQHandler                
0000101f  Default_Handler               
0000101f  GROUP0_IRQHandler             
0000101f  GROUP1_IRQHandler             
0000101f  HardFault_Handler             
0000101f  I2C0_IRQHandler               
0000101f  I2C1_IRQHandler               
0000101f  NMI_Handler                   
0000101f  PendSV_Handler                
0000101f  RTC_IRQHandler                
0000101f  SPI0_IRQHandler               
0000101f  SPI1_IRQHandler               
0000101f  SVC_Handler                   
0000101f  SysTick_Handler               
0000101f  TIMA0_IRQHandler              
0000101f  TIMA1_IRQHandler              
0000101f  TIMG0_IRQHandler              
0000101f  TIMG12_IRQHandler             
0000101f  TIMG6_IRQHandler              
0000101f  TIMG7_IRQHandler              
0000101f  TIMG8_IRQHandler              
0000101f  UART0_IRQHandler              
0000101f  UART1_IRQHandler              
0000101f  UART2_IRQHandler              
0000101f  UART3_IRQHandler              
0000127d  aligned_alloc                 
0000127d  memalign                      
00001391  __aeabi_ddiv                  
00001391  __divdf3                      
0000149d  DL_Timer_initTimerMode        
00001599  fputs                         
00001691  free                          
00001779  __aeabi_dmul                  
00001779  __muldf3                      
0000185d  setvbuf                       
0000193d  ldexp                         
0000193d  ldexpl                        
0000193d  scalbn                        
0000193d  scalbnl                       
00001a15  main                          
00001ae9  __udivmoddi4                  
00001b8b  SYSCFG_DL_GPIO_init           
00001b8d  fputc                         
00001c29  memcpy                        
00001cd1  strcmp                        
00001d59  __aeabi_fdiv                  
00001d59  __divsf3                      
00001ddb  __aeabi_idiv0                 
00001ddd  __TI_closefile                
00001e59  __TI_decompress_lzss          
00001ed5  __gedf2                       
00001ed5  __gtdf2                       
00001f49  HOSTlseek                     
00001fb5  HOSTrename                    
00002021  fseeko                        
0000208d  getdevice                     
000020f9  __cmpdf2                      
000020f9  __eqdf2                       
000020f9  __ledf2                       
000020f9  __ltdf2                       
000020f9  __nedf2                       
000021c7  __TI_wrt_ok                   
0000222b  __aeabi_ldiv0                 
00002291  __aeabi_dcmpeq                
000022a5  __aeabi_dcmplt                
000022b9  __aeabi_dcmple                
000022cd  __aeabi_dcmpge                
000022e1  __aeabi_dcmpgt                
000022f3  memset                        
00002355  HOSTopen                      
000023b5  frexp                         
000023b5  frexpl                        
00002411  printf                        
0000246d  HOSTread                      
000024c5  HOSTwrite                     
0000251d  __TI_ltoa                     
000025cd  __aeabi_idiv                  
000025cd  __aeabi_idivmod               
00002623  __TI_doflush                  
000026c7  _nop                          
000026c9  close                         
00002719  __aeabi_d2iz                  
00002719  __fixdfsi                     
00002765  HOSTclose                     
000027ad  HOSTunlink                    
000027f5  SYSCFG_DL_SYSCTL_init         
00002835  __aeabi_uidiv                 
00002835  __aeabi_uidivmod              
00002875  __aeabi_f2d                   
00002875  __extendsfdf2                 
000028b5  atoi                          
000028f5  __TI_auto_init_nobinit_nopinit
00002931  __muldsi3                     
0000296d  __TI_cleanup                  
000029a1  __TI_readmsg                  
000029d5  __TI_writemsg                 
00002a01  C$$IO$$                       
00002a09  exit                          
00002a3d  finddevice                    
00002aa1  SYSCFG_DL_initPower           
00002acd  __aeabi_i2d                   
00002acd  __floatsidf                   
00002af9  unlink                        
00002b25  __aeabi_ui2f                  
00002b25  __floatunsisf                 
00002b75  lseek                         
00002b9d  write                         
00002bc5  _c_int00_noargs               
00002bed  __aeabi_lmul                  
00002bed  __muldi3                      
00002c11  puts                          
00002c35  memccpy                       
00002c59  __aeabi_llsl                  
00002c59  __ashldi3                     
00002c79  DL_Timer_setClockConfig       
00002cb1  __TI_zero_init_nomemset       
00002cc9  __aeabi_uldivmod              
00002cf1  __TI_decompress_none          
00002d03  SYSCFG_DL_init                
00002d13  wcslen                        
00002d25  __aeabi_memset                
00002d25  __aeabi_memset4               
00002d25  __aeabi_memset8               
00002d5d  __aeabi_memclr                
00002d5d  __aeabi_memclr4               
00002d5d  __aeabi_memclr8               
00002d69  malloc                        
00002d75  DL_Common_delayCycles         
00002da5  __aeabi_errno_addr            
00002dad  __aeabi_memcpy                
00002dad  __aeabi_memcpy4               
00002dad  __aeabi_memcpy8               
00002dc5  fseek                         
00002dcd  remove                        
00002dd5  abort                         
00002dda  C$$EXIT                       
00002ddb  HOSTexit                      
00002ddf  Reset_Handler                 
00002de3  _system_pre_init              
00002df0  __aeabi_ctype_table_          
00002df0  __aeabi_ctype_table_C         
00002fb0  __TI_Handler_Table_Base       
00002fbc  __TI_Handler_Table_Limit      
00002fc4  __TI_CINIT_Base               
00002fd4  __TI_CINIT_Limit              
00002fd4  __TI_CINIT_Warm               
20200000  __start___llvm_prf_bits       
20200000  __start___llvm_prf_cnts       
20200000  __stop___llvm_prf_bits        
20200000  __stop___llvm_prf_cnts        
20200000  _sys_memory                   
20200800  _ftable                       
202008f0  _device                       
20200968  _stream                       
202009b8  __TI_cleanup_ptr              
202009bc  __TI_dtors_ptr                
202009c0  __TI_ft_end                   
202009c4  __aeabi_errno                 
202009c8  _lock                         
202009cc  _unlock                       
202009d4  _CIOBUF_                      
202009d4  __CIOBUF_                     
20200af4  __TI_tmpnams                  
20200b94  parmbuf                       
20207e00  __stack                       
20208000  __STACK_END                   
ffffffff  __TI_pprof_out_hndl           
ffffffff  __TI_prof_data_size           
ffffffff  __TI_prof_data_start          
ffffffff  __binit__                     
ffffffff  binit                         
UNDEFED   __mpu_init                    
UNDEFED   _system_post_cinit            

[196 symbols]
