******************************************************************************
            TI ARM Clang Linker Unix v4.0.4                    
******************************************************************************
>> Linked Wed Feb 11 14:08:56 2026

OUTPUT FILE NAME:   <lab2.out>
ENTRY POINT SYMBOL: "_c_int00_noargs"  address: 000012ad


MEMORY CONFIGURATION

         name            origin    length      used     unused   attr    fill
----------------------  --------  ---------  --------  --------  ----  --------
  FLASH                 00000000   00020000  00001498  0001eb68  R  X
  SRAM                  20200000   00008000  00000d99  00007267  RW X
  BCR_CONFIG            41c00000   000000ff  00000000  000000ff  R   
  BSL_CONFIG            41c00100   00000080  00000000  00000080  R   


SEGMENT ALLOCATION MAP

run origin  load origin   length   init length attrs members
----------  ----------- ---------- ----------- ----- -------
00000000    00000000    00001498   00001498    r-x
  00000000    00000000    000000c0   000000c0    r-- .intvecs
  000000c0    000000c0    00001330   00001330    r-x .text
  000013f0    000013f0    00000020   00000020    r-- .rodata
  00001410    00001410    00000088   00000088    r-- .cinit
20200000    20200000    00000b9c   00000000    rw-
  20200000    20200000    00000800   00000000    rw- .sysmem
  20200800    20200800    000001cd   00000000    rw- .data
  202009d0    202009d0    000001cc   00000000    rw- .bss
20207e00    20207e00    00000200   00000000    rw-
  20207e00    20207e00    00000200   00000000    rw- .stack


SECTION ALLOCATION MAP

 output                                  attributes/
section   page    origin      length       input sections
--------  ----  ----------  ----------   ----------------
.intvecs   0    00000000    000000c0     
                  00000000    000000c0     startup_mspm0g350x_ticlang.o (.intvecs)

.text      0    000000c0    00001330     
                  000000c0    00000284     libc.a : _printfi.c.obj (.text:__TI_printfi_minimal)
                  00000344    00000114            : memory.c.obj (.text.aligned_alloc)
                  00000458    000000f8            : fputs.c.obj (.text.fputs)
                  00000550    000000e8            : memory.c.obj (.text.free)
                  00000638    000000e0            : setvbuf.c.obj (.text.setvbuf)
                  00000718    000000cc     exercise_three.o (.text.main)
                  000007e4    0000009c     libc.a : fputc.c.obj (.text.fputc)
                  00000880    0000009a            : memcpy16.S.obj (.text:memcpy)
                  0000091a    00000006            : exit.c.obj (.text:abort)
                  00000920    00000088            : strcmp-armv6m.S.obj (.text:strcmp)
                  000009a8    0000007c            : fclose.c.obj (.text.__TI_closefile)
                  00000a24    0000007c            : copy_decompress_lzss.c.obj (.text:decompress:lzss)
                  00000aa0    0000006c     libsysbm.a : hostlseek.c.obj (.text.HOSTlseek)
                  00000b0c    0000006c                : hostrename.c.obj (.text.HOSTrename)
                  00000b78    0000006c     libc.a : fseek.c.obj (.text.fseeko)
                  00000be4    0000006c            : getdevice.c.obj (.text.getdevice)
                  00000c50    00000064            : _io_perm.c.obj (.text.__TI_wrt_ok)
                  00000cb4    00000064            : memory.c.obj (.text.split)
                  00000d18    00000062            : memset16.S.obj (.text:memset)
                  00000d7a    00000002     startup_mspm0g350x_ticlang.o (.text.Default_Handler)
                  00000d7c    00000060     libsysbm.a : hostopen.c.obj (.text.HOSTopen)
                  00000ddc    0000005c     libc.a : printf.c.obj (.text.printf)
                  00000e38    00000058     libsysbm.a : hostread.c.obj (.text.HOSTread)
                  00000e90    00000058                : hostwrite.c.obj (.text.HOSTwrite)
                  00000ee8    00000052     libc.a : fflush.c.obj (.text.__TI_doflush)
                  00000f3a    00000002     ti_msp_dl_config.o (.text.SYSCFG_DL_GPIO_init)
                  00000f3c    00000050     libsysbm.a : close.c.obj (.text.close)
                  00000f8c    00000048                : hostclose.c.obj (.text.HOSTclose)
                  00000fd4    00000048                : hostunlink.c.obj (.text.HOSTunlink)
                  0000101c    00000040     ti_msp_dl_config.o (.text.SYSCFG_DL_SYSCTL_init)
                  0000105c    00000040     libclang_rt.builtins.a : aeabi_uidivmod.S.obj (.text.__aeabi_uidivmod)
                  0000109c    0000003c     libc.a : autoinit.c.obj (.text:__TI_auto_init_nobinit_nopinit)
                  000010d8    00000034            : fopen.c.obj (.text.__TI_cleanup)
                  0000110c    00000034     libsysbm.a : trgmsg.c.obj (.text.__TI_readmsg)
                  00001140    00000034                : trgmsg.c.obj (.text.__TI_writemsg)
                  00001174    00000034     libc.a : exit.c.obj (.text.exit)
                  000011a8    00000034            : getdevice.c.obj (.text.finddevice)
                  000011dc    0000002c     ti_msp_dl_config.o (.text.SYSCFG_DL_initPower)
                  00001208    0000002c     libsysbm.a : unlink.c.obj (.text.unlink)
                  00001234    00000028     libc.a : memory.c.obj (.text.free_list_insert)
                  0000125c    00000028     libsysbm.a : lseek.c.obj (.text.lseek)
                  00001284    00000028                : write.c.obj (.text.write)
                  000012ac    00000028     libc.a : boot_cortex_m.c.obj (.text:_c_int00_noargs)
                  000012d4    00000022            : memccpy.c.obj (.text.memccpy)
                  000012f6    00000002     libclang_rt.builtins.a : aeabi_div0.c.obj (.text.__aeabi_idiv0)
                  000012f8    0000001c     libc.a : memory.c.obj (.text.free_list_remove)
                  00001314    00000016            : copy_zero_init.c.obj (.text:decompress:ZI:__TI_zero_init_nomemset)
                  0000132a    00000012            : copy_decompress_none.c.obj (.text:decompress:none)
                  0000133c    00000010     ti_msp_dl_config.o (.text.SYSCFG_DL_init)
                  0000134c    0000000e     libc.a : memory.c.obj (.text.OUTLINED_FUNCTION_0)
                  0000135a    00000002            : _lock.c.obj (.text._nop)
                  0000135c    0000000e     libclang_rt.builtins.a : aeabi_memset.S.obj (.text.__aeabi_memset)
                  0000136a    0000000e     libsysbm.a : hostrename.c.obj (.text.strcpy)
                  00001378    0000000e     libc.a : _printfi.c.obj (.text.strlen)
                  00001386    0000000e     libsysbm.a : hostrename.c.obj (.text.strlen)
                  00001394    0000000c     libclang_rt.builtins.a : aeabi_memset.S.obj (.text.__aeabi_memclr)
                  000013a0    0000000c     libc.a : memory.c.obj (.text.malloc)
                  000013ac    0000000a     driverlib.a : dl_common.o (.text.DL_Common_delayCycles)
                  000013b6    00000002     --HOLE-- [fill = 0]
                  000013b8    00000008     libclang_rt.builtins.a : aeabi_memcpy.S.obj (.text.__aeabi_memcpy)
                  000013c0    00000008     libc.a : printf.c.obj (.text._outc)
                  000013c8    00000008            : printf.c.obj (.text._outs)
                  000013d0    00000008            : fseek.c.obj (.text.fseek)
                  000013d8    00000008     libsysbm.a : remove.c.obj (.text.remove)
                  000013e0    00000004                : hostexit.c.obj (.text.HOSTexit)
                  000013e4    00000004     startup_mspm0g350x_ticlang.o (.text.Reset_Handler)
                  000013e8    00000004     libc.a : pre_init.c.obj (.text._system_pre_init)
                  000013ec    00000004     --HOLE-- [fill = 0]

.cinit     0    00001410    00000088     
                  00001410    00000063     (.cinit..data.load) [load image, compression = lzss]
                  00001473    00000001     --HOLE-- [fill = 0]
                  00001474    0000000c     (__TI_handler_table)
                  00001480    00000008     (.cinit..bss.load) [load image, compression = zero_init]
                  00001488    00000010     (__TI_cinit_table)

.rodata    0    000013f0    00000020     
                  000013f0    00000011     libc.a : _printfi.c.obj (.rodata.str1.15363888844622738466.1)
                  00001401    00000008     exercise_three.o (.rodata.str1.11584799709633303902.1)
                  00001409    00000007     --HOLE-- [fill = 0]

.init_array 
*          0    00000000    00000000     UNINITIALIZED

.binit     0    00000000    00000000     

.sysmem    0    20200000    00000800     UNINITIALIZED
                  20200000    00000010     libc.a : memory.c.obj (.sysmem)
                  20200010    000007f0     --HOLE--

.data      0    20200800    000001cd     UNINITIALIZED
                  20200800    000000f0     libc.a : defs.c.obj (.data._ftable)
                  202008f0    00000078     libsysbm.a : host_device.c.obj (.data._device)
                  20200968    00000050                : host_device.c.obj (.data._stream)
                  202009b8    00000008     libc.a : exit.c.obj (.data..L_MergedGlobals)
                  202009c0    00000004            : defs.c.obj (.data.__TI_ft_end)
                  202009c4    00000004            : _lock.c.obj (.data._lock)
                  202009c8    00000004            : _lock.c.obj (.data._unlock)
                  202009cc    00000001            : memory.c.obj (.data.memory_is_initialized)

.bss       0    202009d0    000001cc     UNINITIALIZED
                  202009d0    00000120     libsysbm.a : trgmsg.c.obj (.bss:_CIOBUF_)
                  20200af0    000000a0     libc.a : defs.c.obj (.bss.__TI_tmpnams)
                  20200b90    00000008     libsysbm.a : hostopen.c.obj (.bss.parmbuf)
                  20200b98    00000004     libc.a : memory.c.obj (.bss.sys_free)

.stack     0    20207e00    00000200     UNINITIALIZED
                  20207e00    00000004     libc.a : boot_cortex_m.c.obj (.stack)
                  20207e04    000001fc     --HOLE--

__llvm_prf_cnts 
*          0    20200000    00000000     UNINITIALIZED

__llvm_prf_bits 
*          0    20200000    00000000     UNINITIALIZED

MODULE SUMMARY

       Module                         code   ro data   rw data
       ------                         ----   -------   -------
    ./
       exercise_three.o               204    8         0      
       startup_mspm0g350x_ticlang.o   6      192       0      
       ti_msp_dl_config.o             126    0         0      
    +--+------------------------------+------+---------+---------+
       Total:                         336    200       0      
                                                              
    /Applications/ti/ccs2041/ccs/tools/compiler/ti-cgt-armllvm_4.0.4.LTS/lib/armv6m-ti-none-eabi/c/libc.a
       memory.c.obj                   702    0         5      
       _printfi.c.obj                 658    17        0      
       defs.c.obj                     0      0         404    
       fputs.c.obj                    248    0         0      
       setvbuf.c.obj                  224    0         0      
       getdevice.c.obj                160    0         0      
       fputc.c.obj                    156    0         0      
       memcpy16.S.obj                 154    0         0      
       strcmp-armv6m.S.obj            136    0         0      
       copy_decompress_lzss.c.obj     124    0         0      
       fclose.c.obj                   124    0         0      
       fseek.c.obj                    116    0         0      
       printf.c.obj                   108    0         0      
       _io_perm.c.obj                 100    0         0      
       memset16.S.obj                 98     0         0      
       fflush.c.obj                   82     0         0      
       exit.c.obj                     58     0         8      
       autoinit.c.obj                 60     0         0      
       fopen.c.obj                    52     0         0      
       boot_cortex_m.c.obj            40     0         0      
       memccpy.c.obj                  34     0         0      
       copy_zero_init.c.obj           22     0         0      
       copy_decompress_none.c.obj     18     0         0      
       _lock.c.obj                    2      0         8      
       pre_init.c.obj                 4      0         0      
    +--+------------------------------+------+---------+---------+
       Total:                         3480   17        425    
                                                              
    /Applications/ti/ccs2041/ccs/tools/compiler/ti-cgt-armllvm_4.0.4.LTS/lib/armv6m-ti-none-eabi/c/libsysbm.a
       trgmsg.c.obj                   104    0         288    
       host_device.c.obj              0      0         200    
       hostrename.c.obj               136    0         0      
       hostlseek.c.obj                108    0         0      
       hostopen.c.obj                 96     0         8      
       hostread.c.obj                 88     0         0      
       hostwrite.c.obj                88     0         0      
       close.c.obj                    80     0         0      
       hostclose.c.obj                72     0         0      
       hostunlink.c.obj               72     0         0      
       unlink.c.obj                   44     0         0      
       lseek.c.obj                    40     0         0      
       write.c.obj                    40     0         0      
       remove.c.obj                   8      0         0      
       hostexit.c.obj                 4      0         0      
    +--+------------------------------+------+---------+---------+
       Total:                         980    0         496    
                                                              
    /Applications/ti/ccs2041/ccs/tools/compiler/ti-cgt-armllvm_4.0.4.LTS/lib/armv6m-ti-none-eabi/libclang_rt.builtins.a
       aeabi_uidivmod.S.obj           64     0         0      
       aeabi_memset.S.obj             26     0         0      
       aeabi_memcpy.S.obj             8      0         0      
       aeabi_div0.c.obj               2      0         0      
    +--+------------------------------+------+---------+---------+
       Total:                         100    0         0      
                                                              
    /Applications/ti/mspm0_sdk_2_09_00_01/source/ti/driverlib/lib/ticlang/m0p/mspm0g1x0x_g3x0x/driverlib.a
       dl_common.o                    10     0         0      
    +--+------------------------------+------+---------+---------+
       Total:                         10     0         0      
                                                              
       Heap:                          0      0         2048   
       Stack:                         0      0         512    
       Linker Generated:              0      135       0      
    +--+------------------------------+------+---------+---------+
       Grand Total:                   4906   352       3481   


LINKER GENERATED COPY TABLES

__TI_cinit_table @ 00001488 records: 2, size/record: 8, table size: 16
	.data: load addr=00001410, load size=00000063 bytes, run addr=20200800, run size=000001cd bytes, compression=lzss
	.bss: load addr=00001480, load size=00000008 bytes, run addr=202009d0, run size=000001cc bytes, compression=zero_init


LINKER GENERATED HANDLER TABLE

__TI_handler_table @ 00001474 records: 3, size/record: 4, table size: 12
	index: 0, handler: __TI_decompress_lzss
	index: 1, handler: __TI_decompress_none
	index: 2, handler: __TI_zero_init


GLOBAL SYMBOLS: SORTED ALPHABETICALLY BY Name 

address   name                          
-------   ----                          
00000d7b  ADC0_IRQHandler               
00000d7b  ADC1_IRQHandler               
00000d7b  AES_IRQHandler                
000013e0  C$$EXIT                       
0000116d  C$$IO$$                       
00000d7b  CANFD0_IRQHandler             
00000d7b  DAC0_IRQHandler               
000013ad  DL_Common_delayCycles         
00000d7b  DMA_IRQHandler                
00000d7b  Default_Handler               
00000d7b  GROUP0_IRQHandler             
00000d7b  GROUP1_IRQHandler             
00000f8d  HOSTclose                     
000013e1  HOSTexit                      
00000aa1  HOSTlseek                     
00000d7d  HOSTopen                      
00000e39  HOSTread                      
00000b0d  HOSTrename                    
00000fd5  HOSTunlink                    
00000e91  HOSTwrite                     
00000d7b  HardFault_Handler             
00000d7b  I2C0_IRQHandler               
00000d7b  I2C1_IRQHandler               
00000d7b  NMI_Handler                   
00000d7b  PendSV_Handler                
00000d7b  RTC_IRQHandler                
000013e5  Reset_Handler                 
00000d7b  SPI0_IRQHandler               
00000d7b  SPI1_IRQHandler               
00000d7b  SVC_Handler                   
00000f3b  SYSCFG_DL_GPIO_init           
0000101d  SYSCFG_DL_SYSCTL_init         
0000133d  SYSCFG_DL_init                
000011dd  SYSCFG_DL_initPower           
00000d7b  SysTick_Handler               
00000d7b  TIMA0_IRQHandler              
00000d7b  TIMA1_IRQHandler              
00000d7b  TIMG0_IRQHandler              
00000d7b  TIMG12_IRQHandler             
00000d7b  TIMG6_IRQHandler              
00000d7b  TIMG7_IRQHandler              
00000d7b  TIMG8_IRQHandler              
00000d7b  UART0_IRQHandler              
00000d7b  UART1_IRQHandler              
00000d7b  UART2_IRQHandler              
00000d7b  UART3_IRQHandler              
202009d0  _CIOBUF_                      
202009d0  __CIOBUF_                     
20208000  __STACK_END                   
00000200  __STACK_SIZE                  
00000800  __SYSMEM_SIZE                 
00000000  __TI_ATRegion0_region_sz      
00000000  __TI_ATRegion0_src_addr       
00000000  __TI_ATRegion0_trg_addr       
00000000  __TI_ATRegion1_region_sz      
00000000  __TI_ATRegion1_src_addr       
00000000  __TI_ATRegion1_trg_addr       
00000000  __TI_ATRegion2_region_sz      
00000000  __TI_ATRegion2_src_addr       
00000000  __TI_ATRegion2_trg_addr       
00001488  __TI_CINIT_Base               
00001498  __TI_CINIT_Limit              
00001498  __TI_CINIT_Warm               
00001474  __TI_Handler_Table_Base       
00001480  __TI_Handler_Table_Limit      
0000109d  __TI_auto_init_nobinit_nopinit
000010d9  __TI_cleanup                  
202009b8  __TI_cleanup_ptr              
000009a9  __TI_closefile                
00000a25  __TI_decompress_lzss          
0000132b  __TI_decompress_none          
00000ee9  __TI_doflush                  
202009bc  __TI_dtors_ptr                
202009c0  __TI_ft_end                   
ffffffff  __TI_pprof_out_hndl           
000000c1  __TI_printfi_minimal          
ffffffff  __TI_prof_data_size           
ffffffff  __TI_prof_data_start          
0000110d  __TI_readmsg                  
00000000  __TI_static_base__            
20200af0  __TI_tmpnams                  
00001141  __TI_writemsg                 
00000c51  __TI_wrt_ok                   
00001315  __TI_zero_init_nomemset       
000012f7  __aeabi_idiv0                 
00001395  __aeabi_memclr                
00001395  __aeabi_memclr4               
00001395  __aeabi_memclr8               
000013b9  __aeabi_memcpy                
000013b9  __aeabi_memcpy4               
000013b9  __aeabi_memcpy8               
0000135d  __aeabi_memset                
0000135d  __aeabi_memset4               
0000135d  __aeabi_memset8               
0000105d  __aeabi_uidiv                 
0000105d  __aeabi_uidivmod              
ffffffff  __binit__                     
UNDEFED   __mpu_init                    
20207e00  __stack                       
20200000  __start___llvm_prf_bits       
20200000  __start___llvm_prf_cnts       
20200000  __stop___llvm_prf_bits        
20200000  __stop___llvm_prf_cnts        
000012ad  _c_int00_noargs               
202008f0  _device                       
20200800  _ftable                       
202009c4  _lock                         
0000135b  _nop                          
20200968  _stream                       
20200000  _sys_memory                   
UNDEFED   _system_post_cinit            
000013e9  _system_pre_init              
202009c8  _unlock                       
0000091b  abort                         
00000345  aligned_alloc                 
ffffffff  binit                         
00000f3d  close                         
00001175  exit                          
000011a9  finddevice                    
000007e5  fputc                         
00000459  fputs                         
00000551  free                          
000013d1  fseek                         
00000b79  fseeko                        
00000be5  getdevice                     
00000000  interruptVectors              
0000125d  lseek                         
00000719  main                          
000013a1  malloc                        
00000345  memalign                      
000012d5  memccpy                       
00000881  memcpy                        
00000d19  memset                        
20200b90  parmbuf                       
00000ddd  printf                        
000013d9  remove                        
00000639  setvbuf                       
00000921  strcmp                        
00001209  unlink                        
00001285  write                         


GLOBAL SYMBOLS: SORTED BY Symbol Address 

address   name                          
-------   ----                          
00000000  __TI_ATRegion0_region_sz      
00000000  __TI_ATRegion0_src_addr       
00000000  __TI_ATRegion0_trg_addr       
00000000  __TI_ATRegion1_region_sz      
00000000  __TI_ATRegion1_src_addr       
00000000  __TI_ATRegion1_trg_addr       
00000000  __TI_ATRegion2_region_sz      
00000000  __TI_ATRegion2_src_addr       
00000000  __TI_ATRegion2_trg_addr       
00000000  __TI_static_base__            
00000000  interruptVectors              
000000c1  __TI_printfi_minimal          
00000200  __STACK_SIZE                  
00000345  aligned_alloc                 
00000345  memalign                      
00000459  fputs                         
00000551  free                          
00000639  setvbuf                       
00000719  main                          
000007e5  fputc                         
00000800  __SYSMEM_SIZE                 
00000881  memcpy                        
0000091b  abort                         
00000921  strcmp                        
000009a9  __TI_closefile                
00000a25  __TI_decompress_lzss          
00000aa1  HOSTlseek                     
00000b0d  HOSTrename                    
00000b79  fseeko                        
00000be5  getdevice                     
00000c51  __TI_wrt_ok                   
00000d19  memset                        
00000d7b  ADC0_IRQHandler               
00000d7b  ADC1_IRQHandler               
00000d7b  AES_IRQHandler                
00000d7b  CANFD0_IRQHandler             
00000d7b  DAC0_IRQHandler               
00000d7b  DMA_IRQHandler                
00000d7b  Default_Handler               
00000d7b  GROUP0_IRQHandler             
00000d7b  GROUP1_IRQHandler             
00000d7b  HardFault_Handler             
00000d7b  I2C0_IRQHandler               
00000d7b  I2C1_IRQHandler               
00000d7b  NMI_Handler                   
00000d7b  PendSV_Handler                
00000d7b  RTC_IRQHandler                
00000d7b  SPI0_IRQHandler               
00000d7b  SPI1_IRQHandler               
00000d7b  SVC_Handler                   
00000d7b  SysTick_Handler               
00000d7b  TIMA0_IRQHandler              
00000d7b  TIMA1_IRQHandler              
00000d7b  TIMG0_IRQHandler              
00000d7b  TIMG12_IRQHandler             
00000d7b  TIMG6_IRQHandler              
00000d7b  TIMG7_IRQHandler              
00000d7b  TIMG8_IRQHandler              
00000d7b  UART0_IRQHandler              
00000d7b  UART1_IRQHandler              
00000d7b  UART2_IRQHandler              
00000d7b  UART3_IRQHandler              
00000d7d  HOSTopen                      
00000ddd  printf                        
00000e39  HOSTread                      
00000e91  HOSTwrite                     
00000ee9  __TI_doflush                  
00000f3b  SYSCFG_DL_GPIO_init           
00000f3d  close                         
00000f8d  HOSTclose                     
00000fd5  HOSTunlink                    
0000101d  SYSCFG_DL_SYSCTL_init         
0000105d  __aeabi_uidiv                 
0000105d  __aeabi_uidivmod              
0000109d  __TI_auto_init_nobinit_nopinit
000010d9  __TI_cleanup                  
0000110d  __TI_readmsg                  
00001141  __TI_writemsg                 
0000116d  C$$IO$$                       
00001175  exit                          
000011a9  finddevice                    
000011dd  SYSCFG_DL_initPower           
00001209  unlink                        
0000125d  lseek                         
00001285  write                         
000012ad  _c_int00_noargs               
000012d5  memccpy                       
000012f7  __aeabi_idiv0                 
00001315  __TI_zero_init_nomemset       
0000132b  __TI_decompress_none          
0000133d  SYSCFG_DL_init                
0000135b  _nop                          
0000135d  __aeabi_memset                
0000135d  __aeabi_memset4               
0000135d  __aeabi_memset8               
00001395  __aeabi_memclr                
00001395  __aeabi_memclr4               
00001395  __aeabi_memclr8               
000013a1  malloc                        
000013ad  DL_Common_delayCycles         
000013b9  __aeabi_memcpy                
000013b9  __aeabi_memcpy4               
000013b9  __aeabi_memcpy8               
000013d1  fseek                         
000013d9  remove                        
000013e0  C$$EXIT                       
000013e1  HOSTexit                      
000013e5  Reset_Handler                 
000013e9  _system_pre_init              
00001474  __TI_Handler_Table_Base       
00001480  __TI_Handler_Table_Limit      
00001488  __TI_CINIT_Base               
00001498  __TI_CINIT_Limit              
00001498  __TI_CINIT_Warm               
20200000  __start___llvm_prf_bits       
20200000  __start___llvm_prf_cnts       
20200000  __stop___llvm_prf_bits        
20200000  __stop___llvm_prf_cnts        
20200000  _sys_memory                   
20200800  _ftable                       
202008f0  _device                       
20200968  _stream                       
202009b8  __TI_cleanup_ptr              
202009bc  __TI_dtors_ptr                
202009c0  __TI_ft_end                   
202009c4  _lock                         
202009c8  _unlock                       
202009d0  _CIOBUF_                      
202009d0  __CIOBUF_                     
20200af0  __TI_tmpnams                  
20200b90  parmbuf                       
20207e00  __stack                       
20208000  __STACK_END                   
ffffffff  __TI_pprof_out_hndl           
ffffffff  __TI_prof_data_size           
ffffffff  __TI_prof_data_start          
ffffffff  __binit__                     
ffffffff  binit                         
UNDEFED   __mpu_init                    
UNDEFED   _system_post_cinit            

[140 symbols]
