Copyright 1986-2022 Xilinx, Inc. All Rights Reserved. Copyright 2022-2025 Advanced Micro Devices, Inc. All Rights Reserved.
---------------------------------------------------------------------------------------------------------------------------------------------------------------------------------------------------------------------
| Tool Version : Vivado v.2025.1 (win64) Build 6140274 Thu May 22 00:12:29 MDT 2025
| Date         : Mon Sep  8 11:00:25 2025
| Host         : DESKTOP-E9HN8NO running 64-bit major release  (build 9200)
| Command      : report_timing_summary -max_paths 10 -routable_nets -report_unconstrained -file top_timing_summary_routed.rpt -pb top_timing_summary_routed.pb -rpx top_timing_summary_routed.rpx -warn_on_violation
| Design       : top
| Device       : 7a35t-cpg236
| Speed File   : -1  PRODUCTION 1.23 2018-06-13
| Design State : Routed
---------------------------------------------------------------------------------------------------------------------------------------------------------------------------------------------------------------------

Timing Summary Report

------------------------------------------------------------------------------------------------
| Timer Settings
| --------------
------------------------------------------------------------------------------------------------

  Enable Multi Corner Analysis               :  Yes
  Enable Pessimism Removal                   :  Yes
  Pessimism Removal Resolution               :  Nearest Common Node
  Enable Input Delay Default Clock           :  No
  Enable Preset / Clear Arcs                 :  No
  Disable Flight Delays                      :  No
  Ignore I/O Paths                           :  No
  Timing Early Launch at Borrowing Latches   :  No
  Borrow Time for Max Delay Exceptions       :  Yes
  Merge Timing Exceptions                    :  Yes
  Inter-SLR Compensation                     :  Conservative

  Corner  Analyze    Analyze    
  Name    Max Paths  Min Paths  
  ------  ---------  ---------  
  Slow    Yes        Yes        
  Fast    Yes        Yes        


------------------------------------------------------------------------------------------------
| Report Methodology
| ------------------
------------------------------------------------------------------------------------------------

Rule       Severity          Description                  Violations  
---------  ----------------  ---------------------------  ----------  
TIMING-17  Critical Warning  Non-clocked sequential cell  35          

Note: This report is based on the most recent report_methodology run and may not be up-to-date. Run report_methodology on the current design for the latest report.



check_timing report

Table of Contents
-----------------
1. checking no_clock (35)
2. checking constant_clock (0)
3. checking pulse_width_clock (0)
4. checking unconstrained_internal_endpoints (68)
5. checking no_input_delay (1)
6. checking no_output_delay (10)
7. checking multiple_clock (0)
8. checking generated_clocks (0)
9. checking loops (0)
10. checking partial_input_delay (0)
11. checking partial_output_delay (0)
12. checking latch_loops (0)

1. checking no_clock (35)
-------------------------
 There are 33 register/latch pins with no clock driven by root clock pin: clk (HIGH)

 There are 2 register/latch pins with no clock driven by root clock pin: U0/clk_5KHz_reg/Q (HIGH)


2. checking constant_clock (0)
------------------------------
 There are 0 register/latch pins with constant_clock.


3. checking pulse_width_clock (0)
---------------------------------
 There are 0 register/latch pins which need pulse_width check


4. checking unconstrained_internal_endpoints (68)
-------------------------------------------------
 There are 68 pins that are not constrained for maximum delay. (HIGH)

 There are 0 pins that are not constrained for maximum delay due to constant clock.


5. checking no_input_delay (1)
------------------------------
 There is 1 input port with no input delay specified. (HIGH)

 There are 0 input ports with no input delay but user has a false path constraint.


6. checking no_output_delay (10)
--------------------------------
 There are 10 ports with no output delay specified. (HIGH)

 There are 0 ports with no output delay but user has a false path constraint

 There are 0 ports with no output delay but with a timing clock defined on it or propagating through it


7. checking multiple_clock (0)
------------------------------
 There are 0 register/latch pins with multiple clocks.


8. checking generated_clocks (0)
--------------------------------
 There are 0 generated clocks that are not connected to a clock source.


9. checking loops (0)
---------------------
 There are 0 combinational loops in the design.


10. checking partial_input_delay (0)
------------------------------------
 There are 0 input ports with partial input delay specified.


11. checking partial_output_delay (0)
-------------------------------------
 There are 0 ports with partial output delay specified.


12. checking latch_loops (0)
----------------------------
 There are 0 combinational latch loops in the design through latch input



------------------------------------------------------------------------------------------------
| Design Timing Summary
| ---------------------
------------------------------------------------------------------------------------------------

    WNS(ns)      TNS(ns)  TNS Failing Endpoints  TNS Total Endpoints      WHS(ns)      THS(ns)  THS Failing Endpoints  THS Total Endpoints     WPWS(ns)     TPWS(ns)  TPWS Failing Endpoints  TPWS Total Endpoints  
    -------      -------  ---------------------  -------------------      -------      -------  ---------------------  -------------------     --------     --------  ----------------------  --------------------  
        inf        0.000                      0                   78          inf        0.000                      0                   78           NA           NA                      NA                    NA  


All user specified timing constraints are met.


------------------------------------------------------------------------------------------------
| Clock Summary
| -------------
------------------------------------------------------------------------------------------------

Clock        Waveform(ns)       Period(ns)      Frequency(MHz)
-----        ------------       ----------      --------------
sys_clk_pin  {0.000 5.000}      10.000          100.000         


------------------------------------------------------------------------------------------------
| Intra Clock Table
| -----------------
------------------------------------------------------------------------------------------------

Clock             WNS(ns)      TNS(ns)  TNS Failing Endpoints  TNS Total Endpoints      WHS(ns)      THS(ns)  THS Failing Endpoints  THS Total Endpoints     WPWS(ns)     TPWS(ns)  TPWS Failing Endpoints  TPWS Total Endpoints  
-----             -------      -------  ---------------------  -------------------      -------      -------  ---------------------  -------------------     --------     --------  ----------------------  --------------------  


------------------------------------------------------------------------------------------------
| Inter Clock Table
| -----------------
------------------------------------------------------------------------------------------------

From Clock    To Clock          WNS(ns)      TNS(ns)  TNS Failing Endpoints  TNS Total Endpoints      WHS(ns)      THS(ns)  THS Failing Endpoints  THS Total Endpoints  
----------    --------          -------      -------  ---------------------  -------------------      -------      -------  ---------------------  -------------------  


------------------------------------------------------------------------------------------------
| Other Path Groups Table
| -----------------------
------------------------------------------------------------------------------------------------

Path Group    From Clock    To Clock          WNS(ns)      TNS(ns)  TNS Failing Endpoints  TNS Total Endpoints      WHS(ns)      THS(ns)  THS Failing Endpoints  THS Total Endpoints  
----------    ----------    --------          -------      -------  ---------------------  -------------------      -------      -------  ---------------------  -------------------  


------------------------------------------------------------------------------------------------
| User Ignored Path Table
| -----------------------
------------------------------------------------------------------------------------------------

Path Group    From Clock    To Clock    
----------    ----------    --------    


------------------------------------------------------------------------------------------------
| Unconstrained Path Table
| ------------------------
------------------------------------------------------------------------------------------------

Path Group    From Clock    To Clock    
----------    ----------    --------    
(none)                                    


------------------------------------------------------------------------------------------------
| Timing Details
| --------------
------------------------------------------------------------------------------------------------


--------------------------------------------------------------------------------------
Path Group:  (none)
From Clock:  
  To Clock:  

Max Delay            78 Endpoints
Min Delay            78 Endpoints
--------------------------------------------------------------------------------------


Max Delay Paths
--------------------------------------------------------------------------------------
Slack:                    inf
  Source:                 HILO_sel
                            (input port)
  Destination:            LEDOUT[5]
                            (output port)
  Path Group:             (none)
  Path Type:              Max at Slow Process Corner
  Data Path Delay:        10.634ns  (logic 5.314ns (49.976%)  route 5.319ns (50.024%))
  Logic Levels:           3  (IBUF=1 LUT3=1 OBUF=1)

    Location             Delay type                Incr(ns)  Path(ns)    Netlist Resource(s)
  -------------------------------------------------------------------    -------------------
    V17                                               0.000     0.000 r  HILO_sel (IN)
                         net (fo=0)                   0.000     0.000    HILO_sel
    V17                  IBUF (Prop_ibuf_I_O)         1.453     1.453 r  HILO_sel_IBUF_inst/O
                         net (fo=6, routed)           3.445     4.898    U3/HILO_sel_IBUF
    SLICE_X65Y23         LUT3 (Prop_lut3_I2_O)        0.154     5.052 r  U3/LEDOUT_OBUF[5]_inst_i_1/O
                         net (fo=1, routed)           1.874     6.926    LEDOUT_OBUF[5]
    V5                   OBUF (Prop_obuf_I_O)         3.707    10.634 r  LEDOUT_OBUF[5]_inst/O
                         net (fo=0)                   0.000    10.634    LEDOUT[5]
    V5                                                                r  LEDOUT[5] (OUT)
  -------------------------------------------------------------------    -------------------

Slack:                    inf
  Source:                 HILO_sel
                            (input port)
  Destination:            LEDOUT[4]
                            (output port)
  Path Group:             (none)
  Path Type:              Max at Slow Process Corner
  Data Path Delay:        10.477ns  (logic 5.327ns (50.841%)  route 5.150ns (49.159%))
  Logic Levels:           3  (IBUF=1 LUT3=1 OBUF=1)

    Location             Delay type                Incr(ns)  Path(ns)    Netlist Resource(s)
  -------------------------------------------------------------------    -------------------
    V17                                               0.000     0.000 f  HILO_sel (IN)
                         net (fo=0)                   0.000     0.000    HILO_sel
    V17                  IBUF (Prop_ibuf_I_O)         1.453     1.453 f  HILO_sel_IBUF_inst/O
                         net (fo=6, routed)           3.241     4.694    U3/HILO_sel_IBUF
    SLICE_X64Y23         LUT3 (Prop_lut3_I2_O)        0.150     4.844 r  U3/LEDOUT_OBUF[4]_inst_i_1/O
                         net (fo=1, routed)           1.909     6.753    LEDOUT_OBUF[4]
    U5                   OBUF (Prop_obuf_I_O)         3.724    10.477 r  LEDOUT_OBUF[4]_inst/O
                         net (fo=0)                   0.000    10.477    LEDOUT[4]
    U5                                                                r  LEDOUT[4] (OUT)
  -------------------------------------------------------------------    -------------------

Slack:                    inf
  Source:                 HILO_sel
                            (input port)
  Destination:            LEDOUT[6]
                            (output port)
  Path Group:             (none)
  Path Type:              Max at Slow Process Corner
  Data Path Delay:        10.248ns  (logic 5.108ns (49.848%)  route 5.139ns (50.152%))
  Logic Levels:           3  (IBUF=1 LUT3=1 OBUF=1)

    Location             Delay type                Incr(ns)  Path(ns)    Netlist Resource(s)
  -------------------------------------------------------------------    -------------------
    V17                                               0.000     0.000 f  HILO_sel (IN)
                         net (fo=0)                   0.000     0.000    HILO_sel
    V17                  IBUF (Prop_ibuf_I_O)         1.453     1.453 f  HILO_sel_IBUF_inst/O
                         net (fo=6, routed)           3.220     4.673    U3/HILO_sel_IBUF
    SLICE_X65Y23         LUT3 (Prop_lut3_I0_O)        0.124     4.797 r  U3/LEDOUT_OBUF[6]_inst_i_1/O
                         net (fo=1, routed)           1.919     6.716    LEDOUT_OBUF[6]
    U7                   OBUF (Prop_obuf_I_O)         3.531    10.248 r  LEDOUT_OBUF[6]_inst/O
                         net (fo=0)                   0.000    10.248    LEDOUT[6]
    U7                                                                r  LEDOUT[6] (OUT)
  -------------------------------------------------------------------    -------------------

Slack:                    inf
  Source:                 HILO_sel
                            (input port)
  Destination:            LEDOUT[0]
                            (output port)
  Path Group:             (none)
  Path Type:              Max at Slow Process Corner
  Data Path Delay:        10.229ns  (logic 5.322ns (52.022%)  route 4.908ns (47.978%))
  Logic Levels:           3  (IBUF=1 LUT3=1 OBUF=1)

    Location             Delay type                Incr(ns)  Path(ns)    Netlist Resource(s)
  -------------------------------------------------------------------    -------------------
    V17                                               0.000     0.000 r  HILO_sel (IN)
                         net (fo=0)                   0.000     0.000    HILO_sel
    V17                  IBUF (Prop_ibuf_I_O)         1.453     1.453 r  HILO_sel_IBUF_inst/O
                         net (fo=6, routed)           3.220     4.673    U3/HILO_sel_IBUF
    SLICE_X65Y23         LUT3 (Prop_lut3_I2_O)        0.150     4.823 r  U3/LEDOUT_OBUF[0]_inst_i_1/O
                         net (fo=1, routed)           1.687     6.511    LEDOUT_OBUF[0]
    W7                   OBUF (Prop_obuf_I_O)         3.719    10.229 r  LEDOUT_OBUF[0]_inst/O
                         net (fo=0)                   0.000    10.229    LEDOUT[0]
    W7                                                                r  LEDOUT[0] (OUT)
  -------------------------------------------------------------------    -------------------

Slack:                    inf
  Source:                 HILO_sel
                            (input port)
  Destination:            LEDOUT[1]
                            (output port)
  Path Group:             (none)
  Path Type:              Max at Slow Process Corner
  Data Path Delay:        10.216ns  (logic 5.106ns (49.981%)  route 5.110ns (50.019%))
  Logic Levels:           3  (IBUF=1 LUT3=1 OBUF=1)

    Location             Delay type                Incr(ns)  Path(ns)    Netlist Resource(s)
  -------------------------------------------------------------------    -------------------
    V17                                               0.000     0.000 r  HILO_sel (IN)
                         net (fo=0)                   0.000     0.000    HILO_sel
    V17                  IBUF (Prop_ibuf_I_O)         1.453     1.453 r  HILO_sel_IBUF_inst/O
                         net (fo=6, routed)           3.445     4.898    U3/HILO_sel_IBUF
    SLICE_X65Y23         LUT3 (Prop_lut3_I0_O)        0.124     5.022 r  U3/LEDOUT_OBUF[1]_inst_i_1/O
                         net (fo=1, routed)           1.664     6.687    LEDOUT_OBUF[1]
    W6                   OBUF (Prop_obuf_I_O)         3.529    10.216 r  LEDOUT_OBUF[1]_inst/O
                         net (fo=0)                   0.000    10.216    LEDOUT[1]
    W6                                                                r  LEDOUT[1] (OUT)
  -------------------------------------------------------------------    -------------------

Slack:                    inf
  Source:                 HILO_sel
                            (input port)
  Destination:            LEDOUT[3]
                            (output port)
  Path Group:             (none)
  Path Type:              Max at Slow Process Corner
  Data Path Delay:        10.177ns  (logic 5.112ns (50.237%)  route 5.064ns (49.763%))
  Logic Levels:           3  (IBUF=1 LUT3=1 OBUF=1)

    Location             Delay type                Incr(ns)  Path(ns)    Netlist Resource(s)
  -------------------------------------------------------------------    -------------------
    V17                                               0.000     0.000 r  HILO_sel (IN)
                         net (fo=0)                   0.000     0.000    HILO_sel
    V17                  IBUF (Prop_ibuf_I_O)         1.453     1.453 r  HILO_sel_IBUF_inst/O
                         net (fo=6, routed)           3.241     4.694    U3/HILO_sel_IBUF
    SLICE_X64Y23         LUT3 (Prop_lut3_I2_O)        0.124     4.818 r  U3/LEDOUT_OBUF[3]_inst_i_1/O
                         net (fo=1, routed)           1.823     6.641    LEDOUT_OBUF[3]
    V8                   OBUF (Prop_obuf_I_O)         3.536    10.177 r  LEDOUT_OBUF[3]_inst/O
                         net (fo=0)                   0.000    10.177    LEDOUT[3]
    V8                                                                r  LEDOUT[3] (OUT)
  -------------------------------------------------------------------    -------------------

Slack:                    inf
  Source:                 U3/index_reg[1]/C
                            (rising edge-triggered cell FDRE)
  Destination:            LEDSEL[1]
                            (output port)
  Path Group:             (none)
  Path Type:              Max at Slow Process Corner
  Data Path Delay:        6.984ns  (logic 4.312ns (61.747%)  route 2.671ns (38.253%))
  Logic Levels:           3  (FDRE=1 LUT2=1 OBUF=1)

    Location             Delay type                Incr(ns)  Path(ns)    Netlist Resource(s)
  -------------------------------------------------------------------    -------------------
    SLICE_X65Y23         FDRE                         0.000     0.000 r  U3/index_reg[1]/C
    SLICE_X65Y23         FDRE (Prop_fdre_C_Q)         0.456     0.456 r  U3/index_reg[1]/Q
                         net (fo=11, routed)          0.917     1.373    U3/index[1]
    SLICE_X65Y23         LUT2 (Prop_lut2_I0_O)        0.149     1.522 r  U3/LEDSEL_OBUF[1]_inst_i_1/O
                         net (fo=1, routed)           1.754     3.276    LEDSEL_OBUF[1]
    U4                   OBUF (Prop_obuf_I_O)         3.707     6.984 r  LEDSEL_OBUF[1]_inst/O
                         net (fo=0)                   0.000     6.984    LEDSEL[1]
    U4                                                                r  LEDSEL[1] (OUT)
  -------------------------------------------------------------------    -------------------

Slack:                    inf
  Source:                 U3/index_reg[1]/C
                            (rising edge-triggered cell FDRE)
  Destination:            LEDSEL[0]
                            (output port)
  Path Group:             (none)
  Path Type:              Max at Slow Process Corner
  Data Path Delay:        6.940ns  (logic 4.083ns (58.834%)  route 2.857ns (41.166%))
  Logic Levels:           3  (FDRE=1 LUT2=1 OBUF=1)

    Location             Delay type                Incr(ns)  Path(ns)    Netlist Resource(s)
  -------------------------------------------------------------------    -------------------
    SLICE_X65Y23         FDRE                         0.000     0.000 r  U3/index_reg[1]/C
    SLICE_X65Y23         FDRE (Prop_fdre_C_Q)         0.456     0.456 r  U3/index_reg[1]/Q
                         net (fo=11, routed)          0.912     1.368    U3/index[1]
    SLICE_X65Y23         LUT2 (Prop_lut2_I0_O)        0.124     1.492 r  U3/LEDSEL_OBUF[0]_inst_i_1/O
                         net (fo=1, routed)           1.945     3.437    LEDSEL_OBUF[0]
    U2                   OBUF (Prop_obuf_I_O)         3.503     6.940 r  LEDSEL_OBUF[0]_inst/O
                         net (fo=0)                   0.000     6.940    LEDSEL[0]
    U2                                                                r  LEDSEL[0] (OUT)
  -------------------------------------------------------------------    -------------------

Slack:                    inf
  Source:                 U3/index_reg[1]/C
                            (rising edge-triggered cell FDRE)
  Destination:            LEDSEL[3]
                            (output port)
  Path Group:             (none)
  Path Type:              Max at Slow Process Corner
  Data Path Delay:        6.647ns  (logic 4.340ns (65.294%)  route 2.307ns (34.706%))
  Logic Levels:           3  (FDRE=1 LUT2=1 OBUF=1)

    Location             Delay type                Incr(ns)  Path(ns)    Netlist Resource(s)
  -------------------------------------------------------------------    -------------------
    SLICE_X65Y23         FDRE                         0.000     0.000 r  U3/index_reg[1]/C
    SLICE_X65Y23         FDRE (Prop_fdre_C_Q)         0.456     0.456 f  U3/index_reg[1]/Q
                         net (fo=11, routed)          0.471     0.927    U3/index[1]
    SLICE_X64Y23         LUT2 (Prop_lut2_I0_O)        0.150     1.077 r  U3/LEDSEL_OBUF[3]_inst_i_1/O
                         net (fo=1, routed)           1.836     2.913    LEDSEL_OBUF[3]
    W4                   OBUF (Prop_obuf_I_O)         3.734     6.647 r  LEDSEL_OBUF[3]_inst/O
                         net (fo=0)                   0.000     6.647    LEDSEL[3]
    W4                                                                r  LEDSEL[3] (OUT)
  -------------------------------------------------------------------    -------------------

Slack:                    inf
  Source:                 U3/index_reg[1]/C
                            (rising edge-triggered cell FDRE)
  Destination:            LEDSEL[2]
                            (output port)
  Path Group:             (none)
  Path Type:              Max at Slow Process Corner
  Data Path Delay:        6.414ns  (logic 4.103ns (63.971%)  route 2.311ns (36.029%))
  Logic Levels:           3  (FDRE=1 LUT2=1 OBUF=1)

    Location             Delay type                Incr(ns)  Path(ns)    Netlist Resource(s)
  -------------------------------------------------------------------    -------------------
    SLICE_X65Y23         FDRE                         0.000     0.000 r  U3/index_reg[1]/C
    SLICE_X65Y23         FDRE (Prop_fdre_C_Q)         0.456     0.456 f  U3/index_reg[1]/Q
                         net (fo=11, routed)          0.471     0.927    U3/index[1]
    SLICE_X64Y23         LUT2 (Prop_lut2_I1_O)        0.124     1.051 r  U3/LEDSEL_OBUF[2]_inst_i_1/O
                         net (fo=1, routed)           1.840     2.891    LEDSEL_OBUF[2]
    V4                   OBUF (Prop_obuf_I_O)         3.523     6.414 r  LEDSEL_OBUF[2]_inst/O
                         net (fo=0)                   0.000     6.414    LEDSEL[2]
    V4                                                                r  LEDSEL[2] (OUT)
  -------------------------------------------------------------------    -------------------





Min Delay Paths
--------------------------------------------------------------------------------------
Slack:                    inf
  Source:                 U0/clk_5KHz_reg/C
                            (rising edge-triggered cell FDRE)
  Destination:            U0/clk_5KHz_reg/D
  Path Group:             (none)
  Path Type:              Min at Fast Process Corner
  Data Path Delay:        0.354ns  (logic 0.186ns (52.498%)  route 0.168ns (47.502%))
  Logic Levels:           2  (FDRE=1 LUT6=1)

    Location             Delay type                Incr(ns)  Path(ns)    Netlist Resource(s)
  -------------------------------------------------------------------    -------------------
    SLICE_X63Y22         FDRE                         0.000     0.000 r  U0/clk_5KHz_reg/C
    SLICE_X63Y22         FDRE (Prop_fdre_C_Q)         0.141     0.141 r  U0/clk_5KHz_reg/Q
                         net (fo=3, routed)           0.168     0.309    U0/clk_5kHz
    SLICE_X63Y22         LUT6 (Prop_lut6_I5_O)        0.045     0.354 r  U0/clk_5KHz_i_1/O
                         net (fo=1, routed)           0.000     0.354    U0/clk_5KHz_i_1_n_0
    SLICE_X63Y22         FDRE                                         r  U0/clk_5KHz_reg/D
  -------------------------------------------------------------------    -------------------

Slack:                    inf
  Source:                 U0/count1_reg[0]/C
                            (rising edge-triggered cell FDRE)
  Destination:            U0/count1_reg[0]/D
  Path Group:             (none)
  Path Type:              Min at Fast Process Corner
  Data Path Delay:        0.365ns  (logic 0.186ns (50.911%)  route 0.179ns (49.089%))
  Logic Levels:           2  (FDRE=1 LUT6=1)

    Location             Delay type                Incr(ns)  Path(ns)    Netlist Resource(s)
  -------------------------------------------------------------------    -------------------
    SLICE_X63Y16         FDRE                         0.000     0.000 r  U0/count1_reg[0]/C
    SLICE_X63Y16         FDRE (Prop_fdre_C_Q)         0.141     0.141 f  U0/count1_reg[0]/Q
                         net (fo=3, routed)           0.179     0.320    U0/count1_reg_n_0_[0]
    SLICE_X63Y16         LUT6 (Prop_lut6_I0_O)        0.045     0.365 r  U0/count1[0]_i_1/O
                         net (fo=1, routed)           0.000     0.365    U0/count1[0]_i_1_n_0
    SLICE_X63Y16         FDRE                                         r  U0/count1_reg[0]/D
  -------------------------------------------------------------------    -------------------

Slack:                    inf
  Source:                 U0/count1_reg[31]/C
                            (rising edge-triggered cell FDRE)
  Destination:            U0/count1_reg[31]/D
  Path Group:             (none)
  Path Type:              Min at Fast Process Corner
  Data Path Delay:        0.396ns  (logic 0.252ns (63.690%)  route 0.144ns (36.310%))
  Logic Levels:           2  (CARRY4=1 FDRE=1)

    Location             Delay type                Incr(ns)  Path(ns)    Netlist Resource(s)
  -------------------------------------------------------------------    -------------------
    SLICE_X62Y22         FDRE                         0.000     0.000 r  U0/count1_reg[31]/C
    SLICE_X62Y22         FDRE (Prop_fdre_C_Q)         0.141     0.141 r  U0/count1_reg[31]/Q
                         net (fo=3, routed)           0.144     0.285    U0/count1_reg_n_0_[31]
    SLICE_X62Y22         CARRY4 (Prop_carry4_S[2]_O[2])
                                                      0.111     0.396 r  U0/count10_carry__6/O[2]
                         net (fo=1, routed)           0.000     0.396    U0/count10_carry__6_n_5
    SLICE_X62Y22         FDRE                                         r  U0/count1_reg[31]/D
  -------------------------------------------------------------------    -------------------

Slack:                    inf
  Source:                 U0/count1_reg[12]/C
                            (rising edge-triggered cell FDRE)
  Destination:            U0/count1_reg[12]/D
  Path Group:             (none)
  Path Type:              Min at Fast Process Corner
  Data Path Delay:        0.422ns  (logic 0.249ns (58.995%)  route 0.173ns (41.005%))
  Logic Levels:           3  (CARRY4=1 FDRE=1 LUT6=1)

    Location             Delay type                Incr(ns)  Path(ns)    Netlist Resource(s)
  -------------------------------------------------------------------    -------------------
    SLICE_X62Y17         FDRE                         0.000     0.000 r  U0/count1_reg[12]/C
    SLICE_X62Y17         FDRE (Prop_fdre_C_Q)         0.141     0.141 r  U0/count1_reg[12]/Q
                         net (fo=3, routed)           0.173     0.314    U0/count1_reg_n_0_[12]
    SLICE_X62Y17         LUT6 (Prop_lut6_I5_O)        0.045     0.359 r  U0/count10_carry__1_i_1/O
                         net (fo=1, routed)           0.000     0.359    U0/count1[12]
    SLICE_X62Y17         CARRY4 (Prop_carry4_S[3]_O[3])
                                                      0.063     0.422 r  U0/count10_carry__1/O[3]
                         net (fo=1, routed)           0.000     0.422    U0/count10_carry__1_n_4
    SLICE_X62Y17         FDRE                                         r  U0/count1_reg[12]/D
  -------------------------------------------------------------------    -------------------

Slack:                    inf
  Source:                 U0/count1_reg[24]/C
                            (rising edge-triggered cell FDRE)
  Destination:            U0/count1_reg[24]/D
  Path Group:             (none)
  Path Type:              Min at Fast Process Corner
  Data Path Delay:        0.422ns  (logic 0.249ns (58.995%)  route 0.173ns (41.005%))
  Logic Levels:           3  (CARRY4=1 FDRE=1 LUT6=1)

    Location             Delay type                Incr(ns)  Path(ns)    Netlist Resource(s)
  -------------------------------------------------------------------    -------------------
    SLICE_X62Y20         FDRE                         0.000     0.000 r  U0/count1_reg[24]/C
    SLICE_X62Y20         FDRE (Prop_fdre_C_Q)         0.141     0.141 r  U0/count1_reg[24]/Q
                         net (fo=2, routed)           0.173     0.314    U0/count1_reg_n_0_[24]
    SLICE_X62Y20         LUT6 (Prop_lut6_I5_O)        0.045     0.359 r  U0/count10_carry__4_i_1/O
                         net (fo=1, routed)           0.000     0.359    U0/count1[24]
    SLICE_X62Y20         CARRY4 (Prop_carry4_S[3]_O[3])
                                                      0.063     0.422 r  U0/count10_carry__4/O[3]
                         net (fo=1, routed)           0.000     0.422    U0/count10_carry__4_n_4
    SLICE_X62Y20         FDRE                                         r  U0/count1_reg[24]/D
  -------------------------------------------------------------------    -------------------

Slack:                    inf
  Source:                 U0/count1_reg[4]/C
                            (rising edge-triggered cell FDRE)
  Destination:            U0/count1_reg[4]/D
  Path Group:             (none)
  Path Type:              Min at Fast Process Corner
  Data Path Delay:        0.422ns  (logic 0.249ns (58.995%)  route 0.173ns (41.005%))
  Logic Levels:           3  (CARRY4=1 FDRE=1 LUT6=1)

    Location             Delay type                Incr(ns)  Path(ns)    Netlist Resource(s)
  -------------------------------------------------------------------    -------------------
    SLICE_X62Y15         FDRE                         0.000     0.000 r  U0/count1_reg[4]/C
    SLICE_X62Y15         FDRE (Prop_fdre_C_Q)         0.141     0.141 r  U0/count1_reg[4]/Q
                         net (fo=2, routed)           0.173     0.314    U0/count1_reg_n_0_[4]
    SLICE_X62Y15         LUT6 (Prop_lut6_I5_O)        0.045     0.359 r  U0/count10_carry_i_2/O
                         net (fo=1, routed)           0.000     0.359    U0/count1[4]
    SLICE_X62Y15         CARRY4 (Prop_carry4_S[3]_O[3])
                                                      0.063     0.422 r  U0/count10_carry/O[3]
                         net (fo=1, routed)           0.000     0.422    U0/count10_carry_n_4
    SLICE_X62Y15         FDRE                                         r  U0/count1_reg[4]/D
  -------------------------------------------------------------------    -------------------

Slack:                    inf
  Source:                 U0/count1_reg[16]/C
                            (rising edge-triggered cell FDRE)
  Destination:            U0/count1_reg[16]/D
  Path Group:             (none)
  Path Type:              Min at Fast Process Corner
  Data Path Delay:        0.433ns  (logic 0.249ns (57.483%)  route 0.184ns (42.517%))
  Logic Levels:           3  (CARRY4=1 FDRE=1 LUT6=1)

    Location             Delay type                Incr(ns)  Path(ns)    Netlist Resource(s)
  -------------------------------------------------------------------    -------------------
    SLICE_X62Y18         FDRE                         0.000     0.000 r  U0/count1_reg[16]/C
    SLICE_X62Y18         FDRE (Prop_fdre_C_Q)         0.141     0.141 r  U0/count1_reg[16]/Q
                         net (fo=3, routed)           0.184     0.325    U0/count1_reg_n_0_[16]
    SLICE_X62Y18         LUT6 (Prop_lut6_I5_O)        0.045     0.370 r  U0/count10_carry__2_i_1/O
                         net (fo=1, routed)           0.000     0.370    U0/count1[16]
    SLICE_X62Y18         CARRY4 (Prop_carry4_S[3]_O[3])
                                                      0.063     0.433 r  U0/count10_carry__2/O[3]
                         net (fo=1, routed)           0.000     0.433    U0/count10_carry__2_n_4
    SLICE_X62Y18         FDRE                                         r  U0/count1_reg[16]/D
  -------------------------------------------------------------------    -------------------

Slack:                    inf
  Source:                 U0/count1_reg[20]/C
                            (rising edge-triggered cell FDRE)
  Destination:            U0/count1_reg[20]/D
  Path Group:             (none)
  Path Type:              Min at Fast Process Corner
  Data Path Delay:        0.433ns  (logic 0.249ns (57.483%)  route 0.184ns (42.517%))
  Logic Levels:           3  (CARRY4=1 FDRE=1 LUT6=1)

    Location             Delay type                Incr(ns)  Path(ns)    Netlist Resource(s)
  -------------------------------------------------------------------    -------------------
    SLICE_X62Y19         FDRE                         0.000     0.000 r  U0/count1_reg[20]/C
    SLICE_X62Y19         FDRE (Prop_fdre_C_Q)         0.141     0.141 r  U0/count1_reg[20]/Q
                         net (fo=3, routed)           0.184     0.325    U0/count1_reg_n_0_[20]
    SLICE_X62Y19         LUT6 (Prop_lut6_I5_O)        0.045     0.370 r  U0/count10_carry__3_i_1/O
                         net (fo=1, routed)           0.000     0.370    U0/count1[20]
    SLICE_X62Y19         CARRY4 (Prop_carry4_S[3]_O[3])
                                                      0.063     0.433 r  U0/count10_carry__3/O[3]
                         net (fo=1, routed)           0.000     0.433    U0/count10_carry__3_n_4
    SLICE_X62Y19         FDRE                                         r  U0/count1_reg[20]/D
  -------------------------------------------------------------------    -------------------

Slack:                    inf
  Source:                 U0/count1_reg[8]/C
                            (rising edge-triggered cell FDRE)
  Destination:            U0/count1_reg[8]/D
  Path Group:             (none)
  Path Type:              Min at Fast Process Corner
  Data Path Delay:        0.433ns  (logic 0.249ns (57.483%)  route 0.184ns (42.517%))
  Logic Levels:           3  (CARRY4=1 FDRE=1 LUT6=1)

    Location             Delay type                Incr(ns)  Path(ns)    Netlist Resource(s)
  -------------------------------------------------------------------    -------------------
    SLICE_X62Y16         FDRE                         0.000     0.000 r  U0/count1_reg[8]/C
    SLICE_X62Y16         FDRE (Prop_fdre_C_Q)         0.141     0.141 r  U0/count1_reg[8]/Q
                         net (fo=3, routed)           0.184     0.325    U0/count1_reg_n_0_[8]
    SLICE_X62Y16         LUT6 (Prop_lut6_I5_O)        0.045     0.370 r  U0/count10_carry__0_i_1/O
                         net (fo=1, routed)           0.000     0.370    U0/count1[8]
    SLICE_X62Y16         CARRY4 (Prop_carry4_S[3]_O[3])
                                                      0.063     0.433 r  U0/count10_carry__0/O[3]
                         net (fo=1, routed)           0.000     0.433    U0/count10_carry__0_n_4
    SLICE_X62Y16         FDRE                                         r  U0/count1_reg[8]/D
  -------------------------------------------------------------------    -------------------

Slack:                    inf
  Source:                 U0/count1_reg[5]/C
                            (rising edge-triggered cell FDRE)
  Destination:            U0/count1_reg[5]/D
  Path Group:             (none)
  Path Type:              Min at Fast Process Corner
  Data Path Delay:        0.440ns  (logic 0.256ns (58.221%)  route 0.184ns (41.779%))
  Logic Levels:           3  (CARRY4=1 FDRE=1 LUT6=1)

    Location             Delay type                Incr(ns)  Path(ns)    Netlist Resource(s)
  -------------------------------------------------------------------    -------------------
    SLICE_X62Y16         FDRE                         0.000     0.000 r  U0/count1_reg[5]/C
    SLICE_X62Y16         FDRE (Prop_fdre_C_Q)         0.141     0.141 r  U0/count1_reg[5]/Q
                         net (fo=2, routed)           0.184     0.325    U0/count1_reg_n_0_[5]
    SLICE_X62Y16         LUT6 (Prop_lut6_I5_O)        0.045     0.370 r  U0/count10_carry__0_i_4/O
                         net (fo=1, routed)           0.000     0.370    U0/count1[5]
    SLICE_X62Y16         CARRY4 (Prop_carry4_S[0]_O[0])
                                                      0.070     0.440 r  U0/count10_carry__0/O[0]
                         net (fo=1, routed)           0.000     0.440    U0/count10_carry__0_n_7
    SLICE_X62Y16         FDRE                                         r  U0/count1_reg[5]/D
  -------------------------------------------------------------------    -------------------





