Copyright 1986-2022 Xilinx, Inc. All Rights Reserved. Copyright 2022-2025 Advanced Micro Devices, Inc. All Rights Reserved.
---------------------------------------------------------------------------------------------------------------------------------------------------------------------------------------------------------------------
| Tool Version : Vivado v.2025.1 (win64) Build 6140274 Thu May 22 00:12:29 MDT 2025
| Date         : Wed Sep 10 10:16:40 2025
| Host         : DESKTOP-E9HN8NO running 64-bit major release  (build 9200)
| Command      : report_timing_summary -max_paths 10 -routable_nets -report_unconstrained -file top_timing_summary_routed.rpt -pb top_timing_summary_routed.pb -rpx top_timing_summary_routed.rpx -warn_on_violation
| Design       : top
| Device       : 7a35t-cpg236
| Speed File   : -1  PRODUCTION 1.23 2018-06-13
| Design State : Routed
---------------------------------------------------------------------------------------------------------------------------------------------------------------------------------------------------------------------

Timing Summary Report

------------------------------------------------------------------------------------------------
| Timer Settings
| --------------
------------------------------------------------------------------------------------------------

  Enable Multi Corner Analysis               :  Yes
  Enable Pessimism Removal                   :  Yes
  Pessimism Removal Resolution               :  Nearest Common Node
  Enable Input Delay Default Clock           :  No
  Enable Preset / Clear Arcs                 :  No
  Disable Flight Delays                      :  No
  Ignore I/O Paths                           :  No
  Timing Early Launch at Borrowing Latches   :  No
  Borrow Time for Max Delay Exceptions       :  Yes
  Merge Timing Exceptions                    :  Yes
  Inter-SLR Compensation                     :  Conservative

  Corner  Analyze    Analyze    
  Name    Max Paths  Min Paths  
  ------  ---------  ---------  
  Slow    Yes        Yes        
  Fast    Yes        Yes        


------------------------------------------------------------------------------------------------
| Report Methodology
| ------------------
------------------------------------------------------------------------------------------------

Rule       Severity          Description                  Violations  
---------  ----------------  ---------------------------  ----------  
TIMING-17  Critical Warning  Non-clocked sequential cell  35          

Note: This report is based on the most recent report_methodology run and may not be up-to-date. Run report_methodology on the current design for the latest report.



check_timing report

Table of Contents
-----------------
1. checking no_clock (35)
2. checking constant_clock (0)
3. checking pulse_width_clock (0)
4. checking unconstrained_internal_endpoints (68)
5. checking no_input_delay (1)
6. checking no_output_delay (11)
7. checking multiple_clock (0)
8. checking generated_clocks (0)
9. checking loops (0)
10. checking partial_input_delay (0)
11. checking partial_output_delay (0)
12. checking latch_loops (0)

1. checking no_clock (35)
-------------------------
 There are 33 register/latch pins with no clock driven by root clock pin: clk (HIGH)

 There are 2 register/latch pins with no clock driven by root clock pin: U0/clk_5KHz_reg/Q (HIGH)


2. checking constant_clock (0)
------------------------------
 There are 0 register/latch pins with constant_clock.


3. checking pulse_width_clock (0)
---------------------------------
 There are 0 register/latch pins which need pulse_width check


4. checking unconstrained_internal_endpoints (68)
-------------------------------------------------
 There are 68 pins that are not constrained for maximum delay. (HIGH)

 There are 0 pins that are not constrained for maximum delay due to constant clock.


5. checking no_input_delay (1)
------------------------------
 There is 1 input port with no input delay specified. (HIGH)

 There are 0 input ports with no input delay but user has a false path constraint.


6. checking no_output_delay (11)
--------------------------------
 There are 11 ports with no output delay specified. (HIGH)

 There are 0 ports with no output delay but user has a false path constraint

 There are 0 ports with no output delay but with a timing clock defined on it or propagating through it


7. checking multiple_clock (0)
------------------------------
 There are 0 register/latch pins with multiple clocks.


8. checking generated_clocks (0)
--------------------------------
 There are 0 generated clocks that are not connected to a clock source.


9. checking loops (0)
---------------------
 There are 0 combinational loops in the design.


10. checking partial_input_delay (0)
------------------------------------
 There are 0 input ports with partial input delay specified.


11. checking partial_output_delay (0)
-------------------------------------
 There are 0 ports with partial output delay specified.


12. checking latch_loops (0)
----------------------------
 There are 0 combinational latch loops in the design through latch input



------------------------------------------------------------------------------------------------
| Design Timing Summary
| ---------------------
------------------------------------------------------------------------------------------------

    WNS(ns)      TNS(ns)  TNS Failing Endpoints  TNS Total Endpoints      WHS(ns)      THS(ns)  THS Failing Endpoints  THS Total Endpoints     WPWS(ns)     TPWS(ns)  TPWS Failing Endpoints  TPWS Total Endpoints  
    -------      -------  ---------------------  -------------------      -------      -------  ---------------------  -------------------     --------     --------  ----------------------  --------------------  
        inf        0.000                      0                   79          inf        0.000                      0                   79           NA           NA                      NA                    NA  


All user specified timing constraints are met.


------------------------------------------------------------------------------------------------
| Clock Summary
| -------------
------------------------------------------------------------------------------------------------

Clock        Waveform(ns)       Period(ns)      Frequency(MHz)
-----        ------------       ----------      --------------
sys_clk_pin  {0.000 5.000}      10.000          100.000         


------------------------------------------------------------------------------------------------
| Intra Clock Table
| -----------------
------------------------------------------------------------------------------------------------

Clock             WNS(ns)      TNS(ns)  TNS Failing Endpoints  TNS Total Endpoints      WHS(ns)      THS(ns)  THS Failing Endpoints  THS Total Endpoints     WPWS(ns)     TPWS(ns)  TPWS Failing Endpoints  TPWS Total Endpoints  
-----             -------      -------  ---------------------  -------------------      -------      -------  ---------------------  -------------------     --------     --------  ----------------------  --------------------  


------------------------------------------------------------------------------------------------
| Inter Clock Table
| -----------------
------------------------------------------------------------------------------------------------

From Clock    To Clock          WNS(ns)      TNS(ns)  TNS Failing Endpoints  TNS Total Endpoints      WHS(ns)      THS(ns)  THS Failing Endpoints  THS Total Endpoints  
----------    --------          -------      -------  ---------------------  -------------------      -------      -------  ---------------------  -------------------  


------------------------------------------------------------------------------------------------
| Other Path Groups Table
| -----------------------
------------------------------------------------------------------------------------------------

Path Group    From Clock    To Clock          WNS(ns)      TNS(ns)  TNS Failing Endpoints  TNS Total Endpoints      WHS(ns)      THS(ns)  THS Failing Endpoints  THS Total Endpoints  
----------    ----------    --------          -------      -------  ---------------------  -------------------      -------      -------  ---------------------  -------------------  


------------------------------------------------------------------------------------------------
| User Ignored Path Table
| -----------------------
------------------------------------------------------------------------------------------------

Path Group    From Clock    To Clock    
----------    ----------    --------    


------------------------------------------------------------------------------------------------
| Unconstrained Path Table
| ------------------------
------------------------------------------------------------------------------------------------

Path Group    From Clock    To Clock    
----------    ----------    --------    
(none)                                    


------------------------------------------------------------------------------------------------
| Timing Details
| --------------
------------------------------------------------------------------------------------------------


--------------------------------------------------------------------------------------
Path Group:  (none)
From Clock:  
  To Clock:  

Max Delay            79 Endpoints
Min Delay            79 Endpoints
--------------------------------------------------------------------------------------


Max Delay Paths
--------------------------------------------------------------------------------------
Slack:                    inf
  Source:                 HILO_sel
                            (input port)
  Destination:            LEDOUT[0]
                            (output port)
  Path Group:             (none)
  Path Type:              Max at Slow Process Corner
  Data Path Delay:        12.389ns  (logic 5.672ns (45.779%)  route 6.717ns (54.221%))
  Logic Levels:           4  (IBUF=1 LUT3=1 LUT5=1 OBUF=1)

    Location             Delay type                Incr(ns)  Path(ns)    Netlist Resource(s)
  -------------------------------------------------------------------    -------------------
    V17                                               0.000     0.000 f  HILO_sel (IN)
                         net (fo=0)                   0.000     0.000    HILO_sel
    V17                  IBUF (Prop_ibuf_I_O)         1.453     1.453 f  HILO_sel_IBUF_inst/O
                         net (fo=1, routed)           3.627     5.080    U3/HILO_sel_IBUF
    SLICE_X65Y26         LUT3 (Prop_lut3_I2_O)        0.152     5.232 f  U3/LEDOUT_OBUF[6]_inst_i_2/O
                         net (fo=7, routed)           1.215     6.447    U3/LEDOUT_OBUF[6]_inst_i_2_n_0
    SLICE_X65Y17         LUT5 (Prop_lut5_I3_O)        0.354     6.801 r  U3/LEDOUT_OBUF[0]_inst_i_1/O
                         net (fo=1, routed)           1.875     8.676    LEDOUT_OBUF[0]
    W7                   OBUF (Prop_obuf_I_O)         3.713    12.389 r  LEDOUT_OBUF[0]_inst/O
                         net (fo=0)                   0.000    12.389    LEDOUT[0]
    W7                                                                r  LEDOUT[0] (OUT)
  -------------------------------------------------------------------    -------------------

Slack:                    inf
  Source:                 HILO_sel
                            (input port)
  Destination:            LEDOUT[4]
                            (output port)
  Path Group:             (none)
  Path Type:              Max at Slow Process Corner
  Data Path Delay:        12.197ns  (logic 5.687ns (46.623%)  route 6.511ns (53.377%))
  Logic Levels:           4  (IBUF=1 LUT3=1 LUT5=1 OBUF=1)

    Location             Delay type                Incr(ns)  Path(ns)    Netlist Resource(s)
  -------------------------------------------------------------------    -------------------
    V17                                               0.000     0.000 f  HILO_sel (IN)
                         net (fo=0)                   0.000     0.000    HILO_sel
    V17                  IBUF (Prop_ibuf_I_O)         1.453     1.453 f  HILO_sel_IBUF_inst/O
                         net (fo=1, routed)           3.627     5.080    U3/HILO_sel_IBUF
    SLICE_X65Y26         LUT3 (Prop_lut3_I2_O)        0.152     5.232 f  U3/LEDOUT_OBUF[6]_inst_i_2/O
                         net (fo=7, routed)           1.217     6.449    U3/LEDOUT_OBUF[6]_inst_i_2_n_0
    SLICE_X65Y17         LUT5 (Prop_lut5_I2_O)        0.354     6.803 r  U3/LEDOUT_OBUF[4]_inst_i_1/O
                         net (fo=1, routed)           1.667     8.470    LEDOUT_OBUF[4]
    U5                   OBUF (Prop_obuf_I_O)         3.728    12.197 r  LEDOUT_OBUF[4]_inst/O
                         net (fo=0)                   0.000    12.197    LEDOUT[4]
    U5                                                                r  LEDOUT[4] (OUT)
  -------------------------------------------------------------------    -------------------

Slack:                    inf
  Source:                 HILO_sel
                            (input port)
  Destination:            LEDOUT[1]
                            (output port)
  Path Group:             (none)
  Path Type:              Max at Slow Process Corner
  Data Path Delay:        12.162ns  (logic 5.460ns (44.894%)  route 6.702ns (55.106%))
  Logic Levels:           4  (IBUF=1 LUT3=1 LUT5=1 OBUF=1)

    Location             Delay type                Incr(ns)  Path(ns)    Netlist Resource(s)
  -------------------------------------------------------------------    -------------------
    V17                                               0.000     0.000 f  HILO_sel (IN)
                         net (fo=0)                   0.000     0.000    HILO_sel
    V17                  IBUF (Prop_ibuf_I_O)         1.453     1.453 f  HILO_sel_IBUF_inst/O
                         net (fo=1, routed)           3.627     5.080    U3/HILO_sel_IBUF
    SLICE_X65Y26         LUT3 (Prop_lut3_I2_O)        0.152     5.232 f  U3/LEDOUT_OBUF[6]_inst_i_2/O
                         net (fo=7, routed)           1.215     6.447    U3/LEDOUT_OBUF[6]_inst_i_2_n_0
    SLICE_X65Y17         LUT5 (Prop_lut5_I2_O)        0.326     6.773 r  U3/LEDOUT_OBUF[1]_inst_i_1/O
                         net (fo=1, routed)           1.860     8.633    LEDOUT_OBUF[1]
    W6                   OBUF (Prop_obuf_I_O)         3.529    12.162 r  LEDOUT_OBUF[1]_inst/O
                         net (fo=0)                   0.000    12.162    LEDOUT[1]
    W6                                                                r  LEDOUT[1] (OUT)
  -------------------------------------------------------------------    -------------------

Slack:                    inf
  Source:                 HILO_sel
                            (input port)
  Destination:            LEDOUT[2]
                            (output port)
  Path Group:             (none)
  Path Type:              Max at Slow Process Corner
  Data Path Delay:        12.024ns  (logic 5.466ns (45.461%)  route 6.558ns (54.539%))
  Logic Levels:           4  (IBUF=1 LUT3=1 LUT5=1 OBUF=1)

    Location             Delay type                Incr(ns)  Path(ns)    Netlist Resource(s)
  -------------------------------------------------------------------    -------------------
    V17                                               0.000     0.000 f  HILO_sel (IN)
                         net (fo=0)                   0.000     0.000    HILO_sel
    V17                  IBUF (Prop_ibuf_I_O)         1.453     1.453 f  HILO_sel_IBUF_inst/O
                         net (fo=1, routed)           3.627     5.080    U3/HILO_sel_IBUF
    SLICE_X65Y26         LUT3 (Prop_lut3_I2_O)        0.152     5.232 f  U3/LEDOUT_OBUF[6]_inst_i_2/O
                         net (fo=7, routed)           1.217     6.449    U3/LEDOUT_OBUF[6]_inst_i_2_n_0
    SLICE_X65Y17         LUT5 (Prop_lut5_I1_O)        0.326     6.775 r  U3/LEDOUT_OBUF[2]_inst_i_1/O
                         net (fo=1, routed)           1.713     8.488    LEDOUT_OBUF[2]
    U8                   OBUF (Prop_obuf_I_O)         3.535    12.024 r  LEDOUT_OBUF[2]_inst/O
                         net (fo=0)                   0.000    12.024    LEDOUT[2]
    U8                                                                r  LEDOUT[2] (OUT)
  -------------------------------------------------------------------    -------------------

Slack:                    inf
  Source:                 HILO_sel
                            (input port)
  Destination:            LEDOUT[5]
                            (output port)
  Path Group:             (none)
  Path Type:              Max at Slow Process Corner
  Data Path Delay:        11.943ns  (logic 5.667ns (47.452%)  route 6.276ns (52.548%))
  Logic Levels:           4  (IBUF=1 LUT3=1 LUT5=1 OBUF=1)

    Location             Delay type                Incr(ns)  Path(ns)    Netlist Resource(s)
  -------------------------------------------------------------------    -------------------
    V17                                               0.000     0.000 f  HILO_sel (IN)
                         net (fo=0)                   0.000     0.000    HILO_sel
    V17                  IBUF (Prop_ibuf_I_O)         1.453     1.453 f  HILO_sel_IBUF_inst/O
                         net (fo=1, routed)           3.627     5.080    U3/HILO_sel_IBUF
    SLICE_X65Y26         LUT3 (Prop_lut3_I2_O)        0.152     5.232 f  U3/LEDOUT_OBUF[6]_inst_i_2/O
                         net (fo=7, routed)           0.980     6.212    U3/LEDOUT_OBUF[6]_inst_i_2_n_0
    SLICE_X65Y17         LUT5 (Prop_lut5_I3_O)        0.355     6.567 r  U3/LEDOUT_OBUF[5]_inst_i_1/O
                         net (fo=1, routed)           1.669     8.236    LEDOUT_OBUF[5]
    V5                   OBUF (Prop_obuf_I_O)         3.707    11.943 r  LEDOUT_OBUF[5]_inst/O
                         net (fo=0)                   0.000    11.943    LEDOUT[5]
    V5                                                                r  LEDOUT[5] (OUT)
  -------------------------------------------------------------------    -------------------

Slack:                    inf
  Source:                 HILO_sel
                            (input port)
  Destination:            LEDOUT[6]
                            (output port)
  Path Group:             (none)
  Path Type:              Max at Slow Process Corner
  Data Path Delay:        11.800ns  (logic 5.462ns (46.289%)  route 6.338ns (53.711%))
  Logic Levels:           4  (IBUF=1 LUT3=1 LUT5=1 OBUF=1)

    Location             Delay type                Incr(ns)  Path(ns)    Netlist Resource(s)
  -------------------------------------------------------------------    -------------------
    V17                                               0.000     0.000 r  HILO_sel (IN)
                         net (fo=0)                   0.000     0.000    HILO_sel
    V17                  IBUF (Prop_ibuf_I_O)         1.453     1.453 r  HILO_sel_IBUF_inst/O
                         net (fo=1, routed)           3.627     5.080    U3/HILO_sel_IBUF
    SLICE_X65Y26         LUT3 (Prop_lut3_I2_O)        0.152     5.232 r  U3/LEDOUT_OBUF[6]_inst_i_2/O
                         net (fo=7, routed)           1.047     6.278    U3/LEDOUT_OBUF[6]_inst_i_2_n_0
    SLICE_X65Y12         LUT5 (Prop_lut5_I0_O)        0.326     6.604 r  U3/LEDOUT_OBUF[6]_inst_i_1/O
                         net (fo=1, routed)           1.664     8.269    LEDOUT_OBUF[6]
    U7                   OBUF (Prop_obuf_I_O)         3.531    11.800 r  LEDOUT_OBUF[6]_inst/O
                         net (fo=0)                   0.000    11.800    LEDOUT[6]
    U7                                                                r  LEDOUT[6] (OUT)
  -------------------------------------------------------------------    -------------------

Slack:                    inf
  Source:                 HILO_sel
                            (input port)
  Destination:            LEDOUT[3]
                            (output port)
  Path Group:             (none)
  Path Type:              Max at Slow Process Corner
  Data Path Delay:        11.786ns  (logic 5.466ns (46.381%)  route 6.320ns (53.619%))
  Logic Levels:           4  (IBUF=1 LUT3=1 LUT5=1 OBUF=1)

    Location             Delay type                Incr(ns)  Path(ns)    Netlist Resource(s)
  -------------------------------------------------------------------    -------------------
    V17                                               0.000     0.000 f  HILO_sel (IN)
                         net (fo=0)                   0.000     0.000    HILO_sel
    V17                  IBUF (Prop_ibuf_I_O)         1.453     1.453 f  HILO_sel_IBUF_inst/O
                         net (fo=1, routed)           3.627     5.080    U3/HILO_sel_IBUF
    SLICE_X65Y26         LUT3 (Prop_lut3_I2_O)        0.152     5.232 f  U3/LEDOUT_OBUF[6]_inst_i_2/O
                         net (fo=7, routed)           0.980     6.212    U3/LEDOUT_OBUF[6]_inst_i_2_n_0
    SLICE_X65Y17         LUT5 (Prop_lut5_I2_O)        0.326     6.538 r  U3/LEDOUT_OBUF[3]_inst_i_1/O
                         net (fo=1, routed)           1.712     8.250    LEDOUT_OBUF[3]
    V8                   OBUF (Prop_obuf_I_O)         3.536    11.786 r  LEDOUT_OBUF[3]_inst/O
                         net (fo=0)                   0.000    11.786    LEDOUT[3]
    V8                                                                r  LEDOUT[3] (OUT)
  -------------------------------------------------------------------    -------------------

Slack:                    inf
  Source:                 U3/index_reg[1]/C
                            (rising edge-triggered cell FDRE)
  Destination:            LEDSEL[3]
                            (output port)
  Path Group:             (none)
  Path Type:              Max at Slow Process Corner
  Data Path Delay:        6.885ns  (logic 4.323ns (62.797%)  route 2.561ns (37.203%))
  Logic Levels:           3  (FDRE=1 LUT2=1 OBUF=1)

    Location             Delay type                Incr(ns)  Path(ns)    Netlist Resource(s)
  -------------------------------------------------------------------    -------------------
    SLICE_X65Y26         FDRE                         0.000     0.000 r  U3/index_reg[1]/C
    SLICE_X65Y26         FDRE (Prop_fdre_C_Q)         0.456     0.456 f  U3/index_reg[1]/Q
                         net (fo=6, routed)           0.889     1.345    U3/index[1]
    SLICE_X65Y26         LUT2 (Prop_lut2_I1_O)        0.154     1.499 r  U3/LEDSEL_OBUF[3]_inst_i_1/O
                         net (fo=1, routed)           1.672     3.171    LEDSEL_OBUF[3]
    W4                   OBUF (Prop_obuf_I_O)         3.713     6.885 r  LEDSEL_OBUF[3]_inst/O
                         net (fo=0)                   0.000     6.885    LEDSEL[3]
    W4                                                                r  LEDSEL[3] (OUT)
  -------------------------------------------------------------------    -------------------

Slack:                    inf
  Source:                 U3/index_reg[1]/C
                            (rising edge-triggered cell FDRE)
  Destination:            LEDSEL[0]
                            (output port)
  Path Group:             (none)
  Path Type:              Max at Slow Process Corner
  Data Path Delay:        6.830ns  (logic 4.083ns (59.781%)  route 2.747ns (40.219%))
  Logic Levels:           3  (FDRE=1 LUT2=1 OBUF=1)

    Location             Delay type                Incr(ns)  Path(ns)    Netlist Resource(s)
  -------------------------------------------------------------------    -------------------
    SLICE_X65Y26         FDRE                         0.000     0.000 r  U3/index_reg[1]/C
    SLICE_X65Y26         FDRE (Prop_fdre_C_Q)         0.456     0.456 r  U3/index_reg[1]/Q
                         net (fo=6, routed)           0.894     1.350    U3/index[1]
    SLICE_X65Y26         LUT2 (Prop_lut2_I1_O)        0.124     1.474 r  U3/LEDSEL_OBUF[0]_inst_i_1/O
                         net (fo=1, routed)           1.853     3.327    LEDSEL_OBUF[0]
    U2                   OBUF (Prop_obuf_I_O)         3.503     6.830 r  LEDSEL_OBUF[0]_inst/O
                         net (fo=0)                   0.000     6.830    LEDSEL[0]
    U2                                                                r  LEDSEL[0] (OUT)
  -------------------------------------------------------------------    -------------------

Slack:                    inf
  Source:                 U3/index_reg[1]/C
                            (rising edge-triggered cell FDRE)
  Destination:            LEDSEL[1]
                            (output port)
  Path Group:             (none)
  Path Type:              Max at Slow Process Corner
  Data Path Delay:        6.801ns  (logic 4.315ns (63.452%)  route 2.486ns (36.548%))
  Logic Levels:           3  (FDRE=1 LUT2=1 OBUF=1)

    Location             Delay type                Incr(ns)  Path(ns)    Netlist Resource(s)
  -------------------------------------------------------------------    -------------------
    SLICE_X65Y26         FDRE                         0.000     0.000 r  U3/index_reg[1]/C
    SLICE_X65Y26         FDRE (Prop_fdre_C_Q)         0.456     0.456 r  U3/index_reg[1]/Q
                         net (fo=6, routed)           0.677     1.133    U3/index[1]
    SLICE_X65Y26         LUT2 (Prop_lut2_I0_O)        0.152     1.285 r  U3/LEDSEL_OBUF[1]_inst_i_1/O
                         net (fo=1, routed)           1.808     3.094    LEDSEL_OBUF[1]
    U4                   OBUF (Prop_obuf_I_O)         3.707     6.801 r  LEDSEL_OBUF[1]_inst/O
                         net (fo=0)                   0.000     6.801    LEDSEL[1]
    U4                                                                r  LEDSEL[1] (OUT)
  -------------------------------------------------------------------    -------------------





Min Delay Paths
--------------------------------------------------------------------------------------
Slack:                    inf
  Source:                 U0/clk_5KHz_reg/C
                            (rising edge-triggered cell FDRE)
  Destination:            U0/clk_5KHz_reg/D
  Path Group:             (none)
  Path Type:              Min at Fast Process Corner
  Data Path Delay:        0.354ns  (logic 0.186ns (52.498%)  route 0.168ns (47.502%))
  Logic Levels:           2  (FDRE=1 LUT6=1)

    Location             Delay type                Incr(ns)  Path(ns)    Netlist Resource(s)
  -------------------------------------------------------------------    -------------------
    SLICE_X65Y25         FDRE                         0.000     0.000 r  U0/clk_5KHz_reg/C
    SLICE_X65Y25         FDRE (Prop_fdre_C_Q)         0.141     0.141 r  U0/clk_5KHz_reg/Q
                         net (fo=3, routed)           0.168     0.309    U0/clk_5kHz
    SLICE_X65Y25         LUT6 (Prop_lut6_I5_O)        0.045     0.354 r  U0/clk_5KHz_i_1/O
                         net (fo=1, routed)           0.000     0.354    U0/clk_5KHz_i_1_n_0
    SLICE_X65Y25         FDRE                                         r  U0/clk_5KHz_reg/D
  -------------------------------------------------------------------    -------------------

Slack:                    inf
  Source:                 U0/count1_reg[0]/C
                            (rising edge-triggered cell FDRE)
  Destination:            U0/count1_reg[0]/D
  Path Group:             (none)
  Path Type:              Min at Fast Process Corner
  Data Path Delay:        0.365ns  (logic 0.186ns (50.911%)  route 0.179ns (49.089%))
  Logic Levels:           2  (FDRE=1 LUT6=1)

    Location             Delay type                Incr(ns)  Path(ns)    Netlist Resource(s)
  -------------------------------------------------------------------    -------------------
    SLICE_X65Y19         FDRE                         0.000     0.000 r  U0/count1_reg[0]/C
    SLICE_X65Y19         FDRE (Prop_fdre_C_Q)         0.141     0.141 f  U0/count1_reg[0]/Q
                         net (fo=3, routed)           0.179     0.320    U0/count1_reg_n_0_[0]
    SLICE_X65Y19         LUT6 (Prop_lut6_I0_O)        0.045     0.365 r  U0/count1[0]_i_1/O
                         net (fo=1, routed)           0.000     0.365    U0/count1[0]_i_1_n_0
    SLICE_X65Y19         FDRE                                         r  U0/count1_reg[0]/D
  -------------------------------------------------------------------    -------------------

Slack:                    inf
  Source:                 U0/count1_reg[31]/C
                            (rising edge-triggered cell FDRE)
  Destination:            U0/count1_reg[31]/D
  Path Group:             (none)
  Path Type:              Min at Fast Process Corner
  Data Path Delay:        0.411ns  (logic 0.274ns (66.734%)  route 0.137ns (33.266%))
  Logic Levels:           2  (CARRY4=1 FDRE=1)

    Location             Delay type                Incr(ns)  Path(ns)    Netlist Resource(s)
  -------------------------------------------------------------------    -------------------
    SLICE_X64Y25         FDRE                         0.000     0.000 r  U0/count1_reg[31]/C
    SLICE_X64Y25         FDRE (Prop_fdre_C_Q)         0.164     0.164 r  U0/count1_reg[31]/Q
                         net (fo=3, routed)           0.137     0.301    U0/count1_reg_n_0_[31]
    SLICE_X64Y25         CARRY4 (Prop_carry4_S[2]_O[2])
                                                      0.110     0.411 r  U0/count10_carry__6/O[2]
                         net (fo=1, routed)           0.000     0.411    U0/count10_carry__6_n_5
    SLICE_X64Y25         FDRE                                         r  U0/count1_reg[31]/D
  -------------------------------------------------------------------    -------------------

Slack:                    inf
  Source:                 U0/count1_reg[24]/C
                            (rising edge-triggered cell FDRE)
  Destination:            U0/count1_reg[24]/D
  Path Group:             (none)
  Path Type:              Min at Fast Process Corner
  Data Path Delay:        0.421ns  (logic 0.273ns (64.814%)  route 0.148ns (35.186%))
  Logic Levels:           3  (CARRY4=1 FDRE=1 LUT6=1)

    Location             Delay type                Incr(ns)  Path(ns)    Netlist Resource(s)
  -------------------------------------------------------------------    -------------------
    SLICE_X64Y23         FDRE                         0.000     0.000 r  U0/count1_reg[24]/C
    SLICE_X64Y23         FDRE (Prop_fdre_C_Q)         0.164     0.164 r  U0/count1_reg[24]/Q
                         net (fo=2, routed)           0.148     0.312    U0/count1_reg_n_0_[24]
    SLICE_X64Y23         LUT6 (Prop_lut6_I5_O)        0.045     0.357 r  U0/count10_carry__4_i_1/O
                         net (fo=1, routed)           0.000     0.357    U0/count1[24]
    SLICE_X64Y23         CARRY4 (Prop_carry4_S[3]_O[3])
                                                      0.064     0.421 r  U0/count10_carry__4/O[3]
                         net (fo=1, routed)           0.000     0.421    U0/count10_carry__4_n_4
    SLICE_X64Y23         FDRE                                         r  U0/count1_reg[24]/D
  -------------------------------------------------------------------    -------------------

Slack:                    inf
  Source:                 U0/count1_reg[4]/C
                            (rising edge-triggered cell FDRE)
  Destination:            U0/count1_reg[4]/D
  Path Group:             (none)
  Path Type:              Min at Fast Process Corner
  Data Path Delay:        0.422ns  (logic 0.273ns (64.655%)  route 0.149ns (35.345%))
  Logic Levels:           3  (CARRY4=1 FDRE=1 LUT6=1)

    Location             Delay type                Incr(ns)  Path(ns)    Netlist Resource(s)
  -------------------------------------------------------------------    -------------------
    SLICE_X64Y18         FDRE                         0.000     0.000 r  U0/count1_reg[4]/C
    SLICE_X64Y18         FDRE (Prop_fdre_C_Q)         0.164     0.164 r  U0/count1_reg[4]/Q
                         net (fo=2, routed)           0.149     0.313    U0/count1_reg_n_0_[4]
    SLICE_X64Y18         LUT6 (Prop_lut6_I5_O)        0.045     0.358 r  U0/count10_carry_i_2/O
                         net (fo=1, routed)           0.000     0.358    U0/count1[4]
    SLICE_X64Y18         CARRY4 (Prop_carry4_S[3]_O[3])
                                                      0.064     0.422 r  U0/count10_carry/O[3]
                         net (fo=1, routed)           0.000     0.422    U0/count10_carry_n_4
    SLICE_X64Y18         FDRE                                         r  U0/count1_reg[4]/D
  -------------------------------------------------------------------    -------------------

Slack:                    inf
  Source:                 U0/count1_reg[12]/C
                            (rising edge-triggered cell FDRE)
  Destination:            U0/count1_reg[12]/D
  Path Group:             (none)
  Path Type:              Min at Fast Process Corner
  Data Path Delay:        0.432ns  (logic 0.273ns (63.149%)  route 0.159ns (36.851%))
  Logic Levels:           3  (CARRY4=1 FDRE=1 LUT6=1)

    Location             Delay type                Incr(ns)  Path(ns)    Netlist Resource(s)
  -------------------------------------------------------------------    -------------------
    SLICE_X64Y20         FDRE                         0.000     0.000 r  U0/count1_reg[12]/C
    SLICE_X64Y20         FDRE (Prop_fdre_C_Q)         0.164     0.164 r  U0/count1_reg[12]/Q
                         net (fo=3, routed)           0.159     0.323    U0/count1_reg_n_0_[12]
    SLICE_X64Y20         LUT6 (Prop_lut6_I5_O)        0.045     0.368 r  U0/count10_carry__1_i_1/O
                         net (fo=1, routed)           0.000     0.368    U0/count1[12]
    SLICE_X64Y20         CARRY4 (Prop_carry4_S[3]_O[3])
                                                      0.064     0.432 r  U0/count10_carry__1/O[3]
                         net (fo=1, routed)           0.000     0.432    U0/count10_carry__1_n_4
    SLICE_X64Y20         FDRE                                         r  U0/count1_reg[12]/D
  -------------------------------------------------------------------    -------------------

Slack:                    inf
  Source:                 U0/count1_reg[16]/C
                            (rising edge-triggered cell FDRE)
  Destination:            U0/count1_reg[16]/D
  Path Group:             (none)
  Path Type:              Min at Fast Process Corner
  Data Path Delay:        0.433ns  (logic 0.273ns (62.999%)  route 0.160ns (37.001%))
  Logic Levels:           3  (CARRY4=1 FDRE=1 LUT6=1)

    Location             Delay type                Incr(ns)  Path(ns)    Netlist Resource(s)
  -------------------------------------------------------------------    -------------------
    SLICE_X64Y21         FDRE                         0.000     0.000 r  U0/count1_reg[16]/C
    SLICE_X64Y21         FDRE (Prop_fdre_C_Q)         0.164     0.164 r  U0/count1_reg[16]/Q
                         net (fo=3, routed)           0.160     0.324    U0/count1_reg_n_0_[16]
    SLICE_X64Y21         LUT6 (Prop_lut6_I5_O)        0.045     0.369 r  U0/count10_carry__2_i_1/O
                         net (fo=1, routed)           0.000     0.369    U0/count1[16]
    SLICE_X64Y21         CARRY4 (Prop_carry4_S[3]_O[3])
                                                      0.064     0.433 r  U0/count10_carry__2/O[3]
                         net (fo=1, routed)           0.000     0.433    U0/count10_carry__2_n_4
    SLICE_X64Y21         FDRE                                         r  U0/count1_reg[16]/D
  -------------------------------------------------------------------    -------------------

Slack:                    inf
  Source:                 U0/count1_reg[20]/C
                            (rising edge-triggered cell FDRE)
  Destination:            U0/count1_reg[20]/D
  Path Group:             (none)
  Path Type:              Min at Fast Process Corner
  Data Path Delay:        0.433ns  (logic 0.273ns (62.999%)  route 0.160ns (37.001%))
  Logic Levels:           3  (CARRY4=1 FDRE=1 LUT6=1)

    Location             Delay type                Incr(ns)  Path(ns)    Netlist Resource(s)
  -------------------------------------------------------------------    -------------------
    SLICE_X64Y22         FDRE                         0.000     0.000 r  U0/count1_reg[20]/C
    SLICE_X64Y22         FDRE (Prop_fdre_C_Q)         0.164     0.164 r  U0/count1_reg[20]/Q
                         net (fo=3, routed)           0.160     0.324    U0/count1_reg_n_0_[20]
    SLICE_X64Y22         LUT6 (Prop_lut6_I5_O)        0.045     0.369 r  U0/count10_carry__3_i_1/O
                         net (fo=1, routed)           0.000     0.369    U0/count1[20]
    SLICE_X64Y22         CARRY4 (Prop_carry4_S[3]_O[3])
                                                      0.064     0.433 r  U0/count10_carry__3/O[3]
                         net (fo=1, routed)           0.000     0.433    U0/count10_carry__3_n_4
    SLICE_X64Y22         FDRE                                         r  U0/count1_reg[20]/D
  -------------------------------------------------------------------    -------------------

Slack:                    inf
  Source:                 U0/count1_reg[28]/C
                            (rising edge-triggered cell FDRE)
  Destination:            U0/count1_reg[28]/D
  Path Group:             (none)
  Path Type:              Min at Fast Process Corner
  Data Path Delay:        0.433ns  (logic 0.273ns (62.999%)  route 0.160ns (37.001%))
  Logic Levels:           3  (CARRY4=1 FDRE=1 LUT6=1)

    Location             Delay type                Incr(ns)  Path(ns)    Netlist Resource(s)
  -------------------------------------------------------------------    -------------------
    SLICE_X64Y24         FDRE                         0.000     0.000 r  U0/count1_reg[28]/C
    SLICE_X64Y24         FDRE (Prop_fdre_C_Q)         0.164     0.164 r  U0/count1_reg[28]/Q
                         net (fo=4, routed)           0.160     0.324    U0/count1_reg_n_0_[28]
    SLICE_X64Y24         LUT6 (Prop_lut6_I5_O)        0.045     0.369 r  U0/count10_carry__5_i_1/O
                         net (fo=1, routed)           0.000     0.369    U0/count1[28]
    SLICE_X64Y24         CARRY4 (Prop_carry4_S[3]_O[3])
                                                      0.064     0.433 r  U0/count10_carry__5/O[3]
                         net (fo=1, routed)           0.000     0.433    U0/count10_carry__5_n_4
    SLICE_X64Y24         FDRE                                         r  U0/count1_reg[28]/D
  -------------------------------------------------------------------    -------------------

Slack:                    inf
  Source:                 U0/count1_reg[8]/C
                            (rising edge-triggered cell FDRE)
  Destination:            U0/count1_reg[8]/D
  Path Group:             (none)
  Path Type:              Min at Fast Process Corner
  Data Path Delay:        0.433ns  (logic 0.273ns (62.999%)  route 0.160ns (37.001%))
  Logic Levels:           3  (CARRY4=1 FDRE=1 LUT6=1)

    Location             Delay type                Incr(ns)  Path(ns)    Netlist Resource(s)
  -------------------------------------------------------------------    -------------------
    SLICE_X64Y19         FDRE                         0.000     0.000 r  U0/count1_reg[8]/C
    SLICE_X64Y19         FDRE (Prop_fdre_C_Q)         0.164     0.164 r  U0/count1_reg[8]/Q
                         net (fo=3, routed)           0.160     0.324    U0/count1_reg_n_0_[8]
    SLICE_X64Y19         LUT6 (Prop_lut6_I5_O)        0.045     0.369 r  U0/count10_carry__0_i_1/O
                         net (fo=1, routed)           0.000     0.369    U0/count1[8]
    SLICE_X64Y19         CARRY4 (Prop_carry4_S[3]_O[3])
                                                      0.064     0.433 r  U0/count10_carry__0/O[3]
                         net (fo=1, routed)           0.000     0.433    U0/count10_carry__0_n_4
    SLICE_X64Y19         FDRE                                         r  U0/count1_reg[8]/D
  -------------------------------------------------------------------    -------------------





