
*** Running vivado
    with args -log mips_fpga.vdi -applog -m64 -product Vivado -messageDb vivado.pb -mode batch -source mips_fpga.tcl -notrace



****** Vivado v2025.1 (64-bit)
  **** SW Build 6140274 on Thu May 22 00:12:29 MDT 2025
  **** IP Build 6138677 on Thu May 22 03:10:11 MDT 2025
  **** SharedData Build 6139179 on Tue May 20 17:58:58 MDT 2025
  **** Start of session at: Mon Oct 13 09:20:39 2025
    ** Copyright 1986-2022 Xilinx, Inc. All Rights Reserved.
    ** Copyright 2022-2025 Advanced Micro Devices, Inc. All Rights Reserved.

source mips_fpga.tcl -notrace
create_project: Time (s): cpu = 00:00:07 ; elapsed = 00:00:05 . Memory (MB): peak = 487.965 ; gain = 210.453
Command: link_design -top mips_fpga -part xc7a12ticsg325-1L
Design is defaulting to srcset: sources_1
Design is defaulting to constrset: constrs_1
INFO: [Device 21-403] Loading part xc7a12ticsg325-1L
Netlist sorting complete. Time (s): cpu = 00:00:00 ; elapsed = 00:00:00.015 . Memory (MB): peak = 677.684 ; gain = 0.000
INFO: [Netlist 29-17] Analyzing 104 Unisim elements for replacement
INFO: [Netlist 29-28] Unisim Transformation completed in 0 CPU seconds
INFO: [Project 1-479] Netlist was created with Vivado 2025.1
INFO: [Project 1-570] Preparing netlist for logic optimization
Parsing XDC File [C:/Users/Icydr/Downloads/basys3_single_cycle_mips_validation/mips_fpga.xdc]
CRITICAL WARNING: [Common 17-69] Command failed: 'W5' is not a valid site or package pin name. [C:/Users/Icydr/Downloads/basys3_single_cycle_mips_validation/mips_fpga.xdc:2]
CRITICAL WARNING: [Common 17-69] Command failed: 'U18' is not a valid site or package pin name. [C:/Users/Icydr/Downloads/basys3_single_cycle_mips_validation/mips_fpga.xdc:6]
CRITICAL WARNING: [Common 17-69] Command failed: 'W19' is not a valid site or package pin name. [C:/Users/Icydr/Downloads/basys3_single_cycle_mips_validation/mips_fpga.xdc:7]
CRITICAL WARNING: [Common 17-69] Command failed: 'W16' is not a valid site or package pin name. [C:/Users/Icydr/Downloads/basys3_single_cycle_mips_validation/mips_fpga.xdc:12]
CRITICAL WARNING: [Common 17-69] Command failed: 'W17' is not a valid site or package pin name. [C:/Users/Icydr/Downloads/basys3_single_cycle_mips_validation/mips_fpga.xdc:13]
CRITICAL WARNING: [Common 17-69] Command failed: 'W15' is not a valid site or package pin name. [C:/Users/Icydr/Downloads/basys3_single_cycle_mips_validation/mips_fpga.xdc:14]
CRITICAL WARNING: [Common 17-69] Command failed: 'V15' is not a valid site or package pin name. [C:/Users/Icydr/Downloads/basys3_single_cycle_mips_validation/mips_fpga.xdc:15]
CRITICAL WARNING: [Common 17-69] Command failed: 'W14' is not a valid site or package pin name. [C:/Users/Icydr/Downloads/basys3_single_cycle_mips_validation/mips_fpga.xdc:16]
CRITICAL WARNING: [Common 17-69] Command failed: 'W13' is not a valid site or package pin name. [C:/Users/Icydr/Downloads/basys3_single_cycle_mips_validation/mips_fpga.xdc:17]
CRITICAL WARNING: [Common 17-69] Command failed: 'W7' is not a valid site or package pin name. [C:/Users/Icydr/Downloads/basys3_single_cycle_mips_validation/mips_fpga.xdc:24]
CRITICAL WARNING: [Common 17-69] Command failed: 'W6' is not a valid site or package pin name. [C:/Users/Icydr/Downloads/basys3_single_cycle_mips_validation/mips_fpga.xdc:25]
CRITICAL WARNING: [Common 17-69] Command failed: 'U8' is not a valid site or package pin name. [C:/Users/Icydr/Downloads/basys3_single_cycle_mips_validation/mips_fpga.xdc:26]
CRITICAL WARNING: [Common 17-69] Command failed: 'V5' is not a valid site or package pin name. [C:/Users/Icydr/Downloads/basys3_single_cycle_mips_validation/mips_fpga.xdc:29]
CRITICAL WARNING: [Common 17-69] Command failed: 'W4' is not a valid site or package pin name. [C:/Users/Icydr/Downloads/basys3_single_cycle_mips_validation/mips_fpga.xdc:36]
Finished Parsing XDC File [C:/Users/Icydr/Downloads/basys3_single_cycle_mips_validation/mips_fpga.xdc]
INFO: [Opt 31-138] Pushed 0 inverter(s) to 0 load pin(s).
Netlist sorting complete. Time (s): cpu = 00:00:00 ; elapsed = 00:00:00.001 . Memory (MB): peak = 803.234 ; gain = 0.000
INFO: [Project 1-111] Unisim Transformation Summary:
  A total of 53 instances were transformed.
  RAM32M => RAM32M (RAMD32(x6), RAMS32(x2)): 15 instances
  RAM32X1D => RAM32X1D (RAMD32(x2)): 6 instances
  RAM64X1S => RAM64X1S (RAMS64E): 32 instances

7 Infos, 0 Warnings, 14 Critical Warnings and 0 Errors encountered.
link_design completed successfully
Command: opt_design
Attempting to get a license for feature 'Implementation' and/or device 'xc7a12ti'
INFO: [Common 17-349] Got license for feature 'Implementation' and/or device 'xc7a12ti'
Running DRC as a precondition to command opt_design

Starting DRC Task
INFO: [DRC 23-27] Running DRC with 2 threads
INFO: [Project 1-461] DRC finished with 0 Errors
INFO: [Project 1-462] Please refer to the DRC report (report_drc) for more information.

Time (s): cpu = 00:00:01 ; elapsed = 00:00:01 . Memory (MB): peak = 839.090 ; gain = 35.855

Starting Cache Timing Information Task
INFO: [Timing 38-35] Done setting XDC timing constraints.
Ending Cache Timing Information Task | Checksum: 1b6270f87

Time (s): cpu = 00:00:07 ; elapsed = 00:00:07 . Memory (MB): peak = 1378.312 ; gain = 539.223

Starting Logic Optimization Task

Phase 1 Initialization

Phase 1.1 Core Generation And Design Setup
Phase 1.1 Core Generation And Design Setup | Checksum: 1b6270f87

Time (s): cpu = 00:00:00 ; elapsed = 00:00:00.002 . Memory (MB): peak = 1807.863 ; gain = 0.000

Phase 1.2 Setup Constraints And Sort Netlist
Phase 1.2 Setup Constraints And Sort Netlist | Checksum: 1b6270f87

Time (s): cpu = 00:00:00 ; elapsed = 00:00:00.005 . Memory (MB): peak = 1807.863 ; gain = 0.000
Phase 1 Initialization | Checksum: 1b6270f87

Time (s): cpu = 00:00:00 ; elapsed = 00:00:00.006 . Memory (MB): peak = 1807.863 ; gain = 0.000

Phase 2 Timer Update And Timing Data Collection

Phase 2.1 Timer Update
Phase 2.1 Timer Update | Checksum: 1b6270f87

Time (s): cpu = 00:00:00 ; elapsed = 00:00:00.026 . Memory (MB): peak = 1807.863 ; gain = 0.000

Phase 2.2 Timing Data Collection
Phase 2.2 Timing Data Collection | Checksum: 1b6270f87

Time (s): cpu = 00:00:00 ; elapsed = 00:00:00.057 . Memory (MB): peak = 1807.863 ; gain = 0.000
Phase 2 Timer Update And Timing Data Collection | Checksum: 1b6270f87

Time (s): cpu = 00:00:00 ; elapsed = 00:00:00.058 . Memory (MB): peak = 1807.863 ; gain = 0.000

Phase 3 Retarget
INFO: [Opt 31-1851] Number of loadless carry chains removed were: 0
INFO: [Opt 31-1834] Total Chains To Be Transformed Were: 0 AND Number of Transformed insts Created are: 0
INFO: [Opt 31-138] Pushed 0 inverter(s) to 0 load pin(s).
INFO: [Opt 31-49] Retargeted 0 cell(s).
Phase 3 Retarget | Checksum: 1b6270f87

Time (s): cpu = 00:00:00 ; elapsed = 00:00:00.098 . Memory (MB): peak = 1807.863 ; gain = 0.000
Retarget | Checksum: 1b6270f87
INFO: [Opt 31-389] Phase Retarget created 0 cells and removed 0 cells

Phase 4 Constant propagation
INFO: [Opt 31-138] Pushed 0 inverter(s) to 0 load pin(s).
Phase 4 Constant propagation | Checksum: ece59079

Time (s): cpu = 00:00:00 ; elapsed = 00:00:00.116 . Memory (MB): peak = 1807.863 ; gain = 0.000
Constant propagation | Checksum: ece59079
INFO: [Opt 31-389] Phase Constant propagation created 0 cells and removed 0 cells

Phase 5 Sweep
INFO: [Constraints 18-11670] Building netlist checker database with flags, 0x8
Done building netlist checker database: Time (s): cpu = 00:00:00 ; elapsed = 00:00:00.001 . Memory (MB): peak = 1807.863 ; gain = 0.000
Phase 5 Sweep | Checksum: 1be8a6ec3

Time (s): cpu = 00:00:00 ; elapsed = 00:00:00.142 . Memory (MB): peak = 1807.863 ; gain = 0.000
Sweep | Checksum: 1be8a6ec3
INFO: [Opt 31-389] Phase Sweep created 0 cells and removed 0 cells

Phase 6 BUFG optimization
Phase 6 BUFG optimization | Checksum: 1be8a6ec3

Time (s): cpu = 00:00:00 ; elapsed = 00:00:00.184 . Memory (MB): peak = 1807.863 ; gain = 0.000
BUFG optimization | Checksum: 1be8a6ec3
INFO: [Opt 31-662] Phase BUFG optimization created 0 cells of which 0 are BUFGs and removed 0 cells.

Phase 7 Shift Register Optimization
INFO: [Opt 31-1064] SRL Remap converted 0 SRLs to 0 registers and converted 0 registers of register chains to 0 SRLs
Phase 7 Shift Register Optimization | Checksum: 1be8a6ec3

Time (s): cpu = 00:00:00 ; elapsed = 00:00:00.190 . Memory (MB): peak = 1807.863 ; gain = 0.000
Shift Register Optimization | Checksum: 1be8a6ec3
INFO: [Opt 31-389] Phase Shift Register Optimization created 0 cells and removed 0 cells

Phase 8 Post Processing Netlist
Phase 8 Post Processing Netlist | Checksum: 1be8a6ec3

Time (s): cpu = 00:00:00 ; elapsed = 00:00:00.198 . Memory (MB): peak = 1807.863 ; gain = 0.000
Post Processing Netlist | Checksum: 1be8a6ec3
INFO: [Opt 31-389] Phase Post Processing Netlist created 0 cells and removed 0 cells

Phase 9 Finalization

Phase 9.1 Finalizing Design Cores and Updating Shapes
Phase 9.1 Finalizing Design Cores and Updating Shapes | Checksum: 1a32d2e0b

Time (s): cpu = 00:00:00 ; elapsed = 00:00:00.242 . Memory (MB): peak = 1807.863 ; gain = 0.000

Phase 9.2 Verifying Netlist Connectivity

Starting Connectivity Check Task

Time (s): cpu = 00:00:00 ; elapsed = 00:00:00.008 . Memory (MB): peak = 1807.863 ; gain = 0.000
Phase 9.2 Verifying Netlist Connectivity | Checksum: 1a32d2e0b

Time (s): cpu = 00:00:00 ; elapsed = 00:00:00.250 . Memory (MB): peak = 1807.863 ; gain = 0.000
Phase 9 Finalization | Checksum: 1a32d2e0b

Time (s): cpu = 00:00:00 ; elapsed = 00:00:00.251 . Memory (MB): peak = 1807.863 ; gain = 0.000
Opt_design Change Summary
=========================


-------------------------------------------------------------------------------------------------------------------------
|  Phase                        |  #Cells created  |  #Cells Removed  |  #Constrained objects preventing optimizations  |
-------------------------------------------------------------------------------------------------------------------------
|  Retarget                     |               0  |               0  |                                              0  |
|  Constant propagation         |               0  |               0  |                                              0  |
|  Sweep                        |               0  |               0  |                                              0  |
|  BUFG optimization            |               0  |               0  |                                              0  |
|  Shift Register Optimization  |               0  |               0  |                                              0  |
|  Post Processing Netlist      |               0  |               0  |                                              0  |
-------------------------------------------------------------------------------------------------------------------------


Ending Logic Optimization Task | Checksum: 1a32d2e0b

Time (s): cpu = 00:00:00 ; elapsed = 00:00:00.253 . Memory (MB): peak = 1807.863 ; gain = 0.000

Starting Power Optimization Task
INFO: [Pwropt 34-132] Skipping clock gating for clocks with a period < 2.00 ns.
Ending Power Optimization Task | Checksum: 1a32d2e0b

Time (s): cpu = 00:00:00 ; elapsed = 00:00:00.021 . Memory (MB): peak = 1807.863 ; gain = 0.000

Starting Final Cleanup Task
Ending Final Cleanup Task | Checksum: 1a32d2e0b

Time (s): cpu = 00:00:00 ; elapsed = 00:00:00.001 . Memory (MB): peak = 1807.863 ; gain = 0.000

Starting Netlist Obfuscation Task
Netlist sorting complete. Time (s): cpu = 00:00:00 ; elapsed = 00:00:00 . Memory (MB): peak = 1807.863 ; gain = 0.000
Ending Netlist Obfuscation Task | Checksum: 1a32d2e0b

Time (s): cpu = 00:00:00 ; elapsed = 00:00:00.001 . Memory (MB): peak = 1807.863 ; gain = 0.000
INFO: [Common 17-83] Releasing license: Implementation
27 Infos, 0 Warnings, 14 Critical Warnings and 0 Errors encountered.
opt_design completed successfully
opt_design: Time (s): cpu = 00:00:12 ; elapsed = 00:00:12 . Memory (MB): peak = 1807.863 ; gain = 1004.629
INFO: [Vivado 12-24828] Executing command : report_drc -file mips_fpga_drc_opted.rpt -pb mips_fpga_drc_opted.pb -rpx mips_fpga_drc_opted.rpx
Command: report_drc -file mips_fpga_drc_opted.rpt -pb mips_fpga_drc_opted.pb -rpx mips_fpga_drc_opted.rpx
INFO: [IP_Flow 19-234] Refreshing IP repositories
INFO: [IP_Flow 19-1704] No user IP repositories specified
INFO: [IP_Flow 19-2313] Loaded Vivado IP repository 'C:/Xilinx/2025.1/Vivado/data/ip'.
INFO: [DRC 23-27] Running DRC with 2 threads
INFO: [Vivado_Tcl 2-168] The results of DRC are in file C:/Users/Icydr/Code/courses/CMPE_140/lab5_mips_processor/lab5_mips_processor.runs/impl_1/mips_fpga_drc_opted.rpt.
report_drc completed successfully
INFO: [Timing 38-480] Writing timing data to binary archive.
Write ShapeDB Complete: Time (s): cpu = 00:00:00 ; elapsed = 00:00:00.003 . Memory (MB): peak = 1807.863 ; gain = 0.000
Wrote PlaceDB: Time (s): cpu = 00:00:00 ; elapsed = 00:00:00.001 . Memory (MB): peak = 1807.863 ; gain = 0.000
Wrote PulsedLatchDB: Time (s): cpu = 00:00:00 ; elapsed = 00:00:00 . Memory (MB): peak = 1807.863 ; gain = 0.000
Writing XDEF routing.
Writing XDEF routing logical nets.
Writing XDEF routing special nets.
Wrote RouteStorage: Time (s): cpu = 00:00:00 ; elapsed = 00:00:00.017 . Memory (MB): peak = 1807.863 ; gain = 0.000
Wrote Netlist Cache: Time (s): cpu = 00:00:00 ; elapsed = 00:00:00 . Memory (MB): peak = 1807.863 ; gain = 0.000
Wrote Device Cache: Time (s): cpu = 00:00:00 ; elapsed = 00:00:00.007 . Memory (MB): peak = 1807.863 ; gain = 0.000
Write Physdb Complete: Time (s): cpu = 00:00:00 ; elapsed = 00:00:00.031 . Memory (MB): peak = 1807.863 ; gain = 0.000
INFO: [Common 17-1381] The checkpoint 'C:/Users/Icydr/Code/courses/CMPE_140/lab5_mips_processor/lab5_mips_processor.runs/impl_1/mips_fpga_opt.dcp' has been generated.
Command: place_design
Attempting to get a license for feature 'Implementation' and/or device 'xc7a12ti'
INFO: [Common 17-349] Got license for feature 'Implementation' and/or device 'xc7a12ti'
INFO: [Common 17-83] Releasing license: Implementation
INFO: [DRC 23-27] Running DRC with 2 threads
INFO: [Vivado_Tcl 4-198] DRC finished with 0 Errors
INFO: [Vivado_Tcl 4-199] Please refer to the DRC report (report_drc) for more information.
Running DRC as a precondition to command place_design
INFO: [DRC 23-27] Running DRC with 2 threads
INFO: [Vivado_Tcl 4-198] DRC finished with 0 Errors
INFO: [Vivado_Tcl 4-199] Please refer to the DRC report (report_drc) for more information.
INFO: [Place 30-611] Multithreading enabled for place_design using a maximum of 2 CPUs

Starting Placer Task

Phase 1 Placer Initialization

Phase 1.1 Placer Initialization Netlist Sorting
Netlist sorting complete. Time (s): cpu = 00:00:00 ; elapsed = 00:00:00.001 . Memory (MB): peak = 1807.863 ; gain = 0.000
Phase 1.1 Placer Initialization Netlist Sorting | Checksum: b1bebb9e

Time (s): cpu = 00:00:00 ; elapsed = 00:00:00.006 . Memory (MB): peak = 1807.863 ; gain = 0.000
Netlist sorting complete. Time (s): cpu = 00:00:00 ; elapsed = 00:00:00.001 . Memory (MB): peak = 1807.863 ; gain = 0.000

Phase 1.2 IO Placement/ Clock Placement/ Build Placer Device
WARNING: [Place 30-87] Partially locked IO Bus is found. Following components of the IO Bus LEDOUT are not locked:  'LEDOUT[5]'  'LEDOUT[2]'  'LEDOUT[1]'  'LEDOUT[0]' 
WARNING: [Place 30-87] Partially locked IO Bus is found. Following components of the IO Bus LEDSEL are not locked:  'LEDSEL[3]' 
WARNING: [Place 30-87] Partially locked IO Bus is found. Following components of the IO Bus switches are not locked:  'switches[7]'  'switches[6]'  'switches[5]'  'switches[4]'  'switches[3]'  'switches[2]' 
INFO: [Timing 38-35] Done setting XDC timing constraints.
Phase 1.2 IO Placement/ Clock Placement/ Build Placer Device | Checksum: 163d40f88

Time (s): cpu = 00:00:00 ; elapsed = 00:00:00.344 . Memory (MB): peak = 1807.863 ; gain = 0.000

Phase 1.3 Build Placer Netlist Model
Phase 1.3 Build Placer Netlist Model | Checksum: 2270d3e73

Time (s): cpu = 00:00:01 ; elapsed = 00:00:00.589 . Memory (MB): peak = 1807.863 ; gain = 0.000

Phase 1.4 Constrain Clocks/Macros
Phase 1.4 Constrain Clocks/Macros | Checksum: 2270d3e73

Time (s): cpu = 00:00:01 ; elapsed = 00:00:00.593 . Memory (MB): peak = 1807.863 ; gain = 0.000
Phase 1 Placer Initialization | Checksum: 2270d3e73

Time (s): cpu = 00:00:01 ; elapsed = 00:00:00.607 . Memory (MB): peak = 1807.863 ; gain = 0.000

Phase 2 Global Placement

Phase 2.1 Floorplanning
Phase 2.1 Floorplanning | Checksum: 197fa355c

Time (s): cpu = 00:00:01 ; elapsed = 00:00:00.641 . Memory (MB): peak = 1807.863 ; gain = 0.000

Phase 2.2 Update Timing before SLR Path Opt
Phase 2.2 Update Timing before SLR Path Opt | Checksum: 256f165e6

Time (s): cpu = 00:00:01 ; elapsed = 00:00:00.653 . Memory (MB): peak = 1807.863 ; gain = 0.000

Phase 2.3 Post-Processing in Floorplanning
Phase 2.3 Post-Processing in Floorplanning | Checksum: 256f165e6

Time (s): cpu = 00:00:01 ; elapsed = 00:00:00.655 . Memory (MB): peak = 1807.863 ; gain = 0.000

Phase 2.4 Global Place Phase1
Phase 2.4 Global Place Phase1 | Checksum: 1853d2bc1

Time (s): cpu = 00:00:01 ; elapsed = 00:00:00.951 . Memory (MB): peak = 1807.863 ; gain = 0.000

Phase 2.5 Global Place Phase2

Phase 2.5.1 UpdateTiming Before Physical Synthesis
Phase 2.5.1 UpdateTiming Before Physical Synthesis | Checksum: 1853d2bc1

Time (s): cpu = 00:00:01 ; elapsed = 00:00:01 . Memory (MB): peak = 1807.863 ; gain = 0.000

Phase 2.5.2 Physical Synthesis In Placer
INFO: [Physopt 32-1035] Found 0 LUTNM shape to break, 80 LUT instances to create LUTNM shape
INFO: [Physopt 32-1044] Break lutnm for timing: one critical 0, two critical 0, total 0, new lutff created 0
INFO: [Physopt 32-1138] End 1 Pass. Optimized 27 nets or LUTs. Breaked 0 LUT, combined 27 existing LUTs and moved 0 existing LUT
INFO: [Physopt 32-65] No nets found for high-fanout optimization.
INFO: [Physopt 32-232] Optimized 0 net. Created 0 new instance.
INFO: [Physopt 32-775] End 1 Pass. Optimized 0 net or cell. Created 0 new cell, deleted 0 existing cell and moved 0 existing cell
INFO: [Physopt 32-670] No setup violation found.  DSP Register Optimization was not performed.
INFO: [Physopt 32-670] No setup violation found.  Shift Register to Pipeline Optimization was not performed.
INFO: [Physopt 32-670] No setup violation found.  Shift Register Optimization was not performed.
INFO: [Physopt 32-670] No setup violation found.  BRAM Register Optimization was not performed.
INFO: [Physopt 32-670] No setup violation found.  URAM Register Optimization was not performed.
INFO: [Physopt 32-949] No candidate nets found for dynamic/static region interface net replication
INFO: [Physopt 32-775] End 1 Pass. Optimized 0 net or cell. Created 0 new cell, deleted 0 existing cell and moved 0 existing cell
Netlist sorting complete. Time (s): cpu = 00:00:00 ; elapsed = 00:00:00 . Memory (MB): peak = 1807.863 ; gain = 0.000

Summary of Physical Synthesis Optimizations
============================================


-----------------------------------------------------------------------------------------------------------------------------------------------------------
|  Optimization                                     |  Added Cells  |  Removed Cells  |  Optimized Cells/Nets  |  Dont Touch  |  Iterations  |  Elapsed   |
-----------------------------------------------------------------------------------------------------------------------------------------------------------
|  LUT Combining                                    |            0  |             27  |                    27  |           0  |           1  |  00:00:00  |
|  Retime                                           |            0  |              0  |                     0  |           0  |           1  |  00:00:00  |
|  Very High Fanout                                 |            0  |              0  |                     0  |           0  |           1  |  00:00:00  |
|  DSP Register                                     |            0  |              0  |                     0  |           0  |           0  |  00:00:00  |
|  Shift Register to Pipeline                       |            0  |              0  |                     0  |           0  |           0  |  00:00:00  |
|  Shift Register                                   |            0  |              0  |                     0  |           0  |           0  |  00:00:00  |
|  BRAM Register                                    |            0  |              0  |                     0  |           0  |           0  |  00:00:00  |
|  URAM Register                                    |            0  |              0  |                     0  |           0  |           0  |  00:00:00  |
|  Dynamic/Static Region Interface Net Replication  |            0  |              0  |                     0  |           0  |           1  |  00:00:00  |
|  Total                                            |            0  |             27  |                    27  |           0  |           4  |  00:00:00  |
-----------------------------------------------------------------------------------------------------------------------------------------------------------


Phase 2.5.2 Physical Synthesis In Placer | Checksum: 1bb12b5bc

Time (s): cpu = 00:00:02 ; elapsed = 00:00:01 . Memory (MB): peak = 1807.863 ; gain = 0.000
Phase 2.5 Global Place Phase2 | Checksum: 19e734f9d

Time (s): cpu = 00:00:02 ; elapsed = 00:00:01 . Memory (MB): peak = 1807.863 ; gain = 0.000
Phase 2 Global Placement | Checksum: 19e734f9d

Time (s): cpu = 00:00:02 ; elapsed = 00:00:01 . Memory (MB): peak = 1807.863 ; gain = 0.000

Phase 3 Detail Placement

Phase 3.1 Commit Multi Column Macros
Phase 3.1 Commit Multi Column Macros | Checksum: 18eac923c

Time (s): cpu = 00:00:02 ; elapsed = 00:00:01 . Memory (MB): peak = 1807.863 ; gain = 0.000

Phase 3.2 Commit Most Macros & LUTRAMs
Phase 3.2 Commit Most Macros & LUTRAMs | Checksum: 2c56cf3ef

Time (s): cpu = 00:00:02 ; elapsed = 00:00:01 . Memory (MB): peak = 1807.863 ; gain = 0.000

Phase 3.3 Area Swap Optimization
Phase 3.3 Area Swap Optimization | Checksum: 2334b4395

Time (s): cpu = 00:00:02 ; elapsed = 00:00:01 . Memory (MB): peak = 1807.863 ; gain = 0.000

Phase 3.4 Pipeline Register Optimization
Phase 3.4 Pipeline Register Optimization | Checksum: 27f2c6113

Time (s): cpu = 00:00:02 ; elapsed = 00:00:01 . Memory (MB): peak = 1807.863 ; gain = 0.000

Phase 3.5 Small Shape Detail Placement
Phase 3.5 Small Shape Detail Placement | Checksum: 22577c322

Time (s): cpu = 00:00:02 ; elapsed = 00:00:02 . Memory (MB): peak = 1807.863 ; gain = 0.000

Phase 3.6 Re-assign LUT pins
Phase 3.6 Re-assign LUT pins | Checksum: 2265b5e8f

Time (s): cpu = 00:00:02 ; elapsed = 00:00:02 . Memory (MB): peak = 1807.863 ; gain = 0.000

Phase 3.7 Pipeline Register Optimization
Phase 3.7 Pipeline Register Optimization | Checksum: 1d276410d

Time (s): cpu = 00:00:02 ; elapsed = 00:00:02 . Memory (MB): peak = 1807.863 ; gain = 0.000
Phase 3 Detail Placement | Checksum: 1d276410d

Time (s): cpu = 00:00:02 ; elapsed = 00:00:02 . Memory (MB): peak = 1807.863 ; gain = 0.000

Phase 4 Post Placement Optimization and Clean-Up

Phase 4.1 Post Commit Optimization
INFO: [Timing 38-35] Done setting XDC timing constraints.

Phase 4.1.1 Post Placement Optimization
Post Placement Optimization Initialization | Checksum: dc91b3fd

Phase 4.1.1.1 BUFG Insertion

Starting Physical Synthesis Task

Phase 1 Physical Synthesis Initialization
INFO: [Physopt 32-721] Multithreading enabled for phys_opt_design using a maximum of 2 CPUs
INFO: [Physopt 32-619] Estimated Timing Summary | WNS=5.580 | TNS=0.000 |
Phase 1 Physical Synthesis Initialization | Checksum: 1361c06a6

Time (s): cpu = 00:00:00 ; elapsed = 00:00:00.018 . Memory (MB): peak = 1807.863 ; gain = 0.000
INFO: [Place 46-56] BUFG insertion identified 0 candidate nets. Inserted BUFG: 0, Replicated BUFG Driver: 0, Skipped due to Placement/Routing Conflicts: 0, Skipped due to Timing Degradation: 0, Skipped due to netlist editing failed: 0.
Ending Physical Synthesis Task | Checksum: 1c3dc395d

Time (s): cpu = 00:00:00 ; elapsed = 00:00:00.025 . Memory (MB): peak = 1807.863 ; gain = 0.000
Phase 4.1.1.1 BUFG Insertion | Checksum: dc91b3fd

Time (s): cpu = 00:00:02 ; elapsed = 00:00:02 . Memory (MB): peak = 1807.863 ; gain = 0.000

Phase 4.1.1.2 Post Placement Timing Optimization
INFO: [Place 30-746] Post Placement Timing Summary WNS=5.580. For the most accurate timing information please run report_timing.
Phase 4.1.1.2 Post Placement Timing Optimization | Checksum: 1be14758b

Time (s): cpu = 00:00:02 ; elapsed = 00:00:02 . Memory (MB): peak = 1807.863 ; gain = 0.000

Time (s): cpu = 00:00:02 ; elapsed = 00:00:02 . Memory (MB): peak = 1807.863 ; gain = 0.000
Phase 4.1 Post Commit Optimization | Checksum: 1be14758b

Time (s): cpu = 00:00:02 ; elapsed = 00:00:02 . Memory (MB): peak = 1807.863 ; gain = 0.000

Phase 4.2 Post Placement Cleanup
Phase 4.2 Post Placement Cleanup | Checksum: 1be14758b

Time (s): cpu = 00:00:03 ; elapsed = 00:00:02 . Memory (MB): peak = 1807.863 ; gain = 0.000

Phase 4.3 Placer Reporting

Phase 4.3.1 Print Estimated Congestion
INFO: [Place 30-612] Post-Placement Estimated Congestion 
 ____________________________________________________
|           | Global Congestion | Short Congestion  |
| Direction | Region Size       | Region Size       |
|___________|___________________|___________________|
|      North|                1x1|                2x2|
|___________|___________________|___________________|
|      South|                1x1|                1x1|
|___________|___________________|___________________|
|       East|                1x1|                1x1|
|___________|___________________|___________________|
|       West|                1x1|                1x1|
|___________|___________________|___________________|

Phase 4.3.1 Print Estimated Congestion | Checksum: 1be14758b

Time (s): cpu = 00:00:03 ; elapsed = 00:00:02 . Memory (MB): peak = 1807.863 ; gain = 0.000
Phase 4.3 Placer Reporting | Checksum: 1be14758b

Time (s): cpu = 00:00:03 ; elapsed = 00:00:02 . Memory (MB): peak = 1807.863 ; gain = 0.000

Phase 4.4 Final Placement Cleanup
Netlist sorting complete. Time (s): cpu = 00:00:00 ; elapsed = 00:00:00.001 . Memory (MB): peak = 1807.863 ; gain = 0.000

Time (s): cpu = 00:00:03 ; elapsed = 00:00:02 . Memory (MB): peak = 1807.863 ; gain = 0.000
Phase 4 Post Placement Optimization and Clean-Up | Checksum: 1e6a04716

Time (s): cpu = 00:00:03 ; elapsed = 00:00:02 . Memory (MB): peak = 1807.863 ; gain = 0.000
Ending Placer Task | Checksum: faf9987b

Time (s): cpu = 00:00:03 ; elapsed = 00:00:02 . Memory (MB): peak = 1807.863 ; gain = 0.000
64 Infos, 3 Warnings, 14 Critical Warnings and 0 Errors encountered.
place_design completed successfully
INFO: [Vivado 12-24838] Running report commands "report_control_sets, report_io, report_utilization" in parallel.
Running report generation with 2 threads.
INFO: [Vivado 12-24828] Executing command : report_utilization -file mips_fpga_utilization_placed.rpt -pb mips_fpga_utilization_placed.pb
INFO: [Vivado 12-24828] Executing command : report_control_sets -verbose -file mips_fpga_control_sets_placed.rpt
report_control_sets: Time (s): cpu = 00:00:00 ; elapsed = 00:00:00.004 . Memory (MB): peak = 1807.863 ; gain = 0.000
INFO: [Vivado 12-24828] Executing command : report_io -file mips_fpga_io_placed.rpt
report_io: Time (s): cpu = 00:00:00 ; elapsed = 00:00:00.054 . Memory (MB): peak = 1807.863 ; gain = 0.000
INFO: [Timing 38-480] Writing timing data to binary archive.
Write ShapeDB Complete: Time (s): cpu = 00:00:00 ; elapsed = 00:00:00.007 . Memory (MB): peak = 1807.863 ; gain = 0.000
Wrote PlaceDB: Time (s): cpu = 00:00:00 ; elapsed = 00:00:00.084 . Memory (MB): peak = 1807.863 ; gain = 0.000
Wrote PulsedLatchDB: Time (s): cpu = 00:00:00 ; elapsed = 00:00:00.001 . Memory (MB): peak = 1807.863 ; gain = 0.000
Writing XDEF routing.
Writing XDEF routing logical nets.
Writing XDEF routing special nets.
Wrote RouteStorage: Time (s): cpu = 00:00:00 ; elapsed = 00:00:00.016 . Memory (MB): peak = 1807.863 ; gain = 0.000
Wrote Netlist Cache: Time (s): cpu = 00:00:00 ; elapsed = 00:00:00.001 . Memory (MB): peak = 1807.863 ; gain = 0.000
Wrote Device Cache: Time (s): cpu = 00:00:00 ; elapsed = 00:00:00.007 . Memory (MB): peak = 1807.863 ; gain = 0.000
Write Physdb Complete: Time (s): cpu = 00:00:00 ; elapsed = 00:00:00.113 . Memory (MB): peak = 1807.863 ; gain = 0.000
INFO: [Common 17-1381] The checkpoint 'C:/Users/Icydr/Code/courses/CMPE_140/lab5_mips_processor/lab5_mips_processor.runs/impl_1/mips_fpga_placed.dcp' has been generated.
Command: phys_opt_design
Attempting to get a license for feature 'Implementation' and/or device 'xc7a12ti'
INFO: [Common 17-349] Got license for feature 'Implementation' and/or device 'xc7a12ti'

Starting Initial Update Timing Task

Time (s): cpu = 00:00:00 ; elapsed = 00:00:00.105 . Memory (MB): peak = 1807.863 ; gain = 0.000
INFO: [Vivado_Tcl 4-2279] Estimated Timing Summary | WNS= 5.580 | TNS= 0.000 | 
INFO: [Vivado_Tcl 4-383] Design worst setup slack (WNS) is greater than or equal to 0.000 ns. All physical synthesis setup optimizations will be skipped.
INFO: [Vivado_Tcl 4-232] No setup violation found. The netlist was not modified.
INFO: [Common 17-83] Releasing license: Implementation
75 Infos, 3 Warnings, 14 Critical Warnings and 0 Errors encountered.
phys_opt_design completed successfully
INFO: [Timing 38-480] Writing timing data to binary archive.
Write ShapeDB Complete: Time (s): cpu = 00:00:00 ; elapsed = 00:00:00.004 . Memory (MB): peak = 1823.402 ; gain = 0.027
Wrote PlaceDB: Time (s): cpu = 00:00:01 ; elapsed = 00:00:00.445 . Memory (MB): peak = 1823.402 ; gain = 0.000
Wrote PulsedLatchDB: Time (s): cpu = 00:00:00 ; elapsed = 00:00:00 . Memory (MB): peak = 1823.402 ; gain = 0.000
Writing XDEF routing.
Writing XDEF routing logical nets.
Writing XDEF routing special nets.
Wrote RouteStorage: Time (s): cpu = 00:00:00 ; elapsed = 00:00:00.016 . Memory (MB): peak = 1823.402 ; gain = 0.000
Wrote Netlist Cache: Time (s): cpu = 00:00:00 ; elapsed = 00:00:00.013 . Memory (MB): peak = 1823.402 ; gain = 0.000
Wrote Device Cache: Time (s): cpu = 00:00:00 ; elapsed = 00:00:00.058 . Memory (MB): peak = 1823.402 ; gain = 0.000
Write Physdb Complete: Time (s): cpu = 00:00:01 ; elapsed = 00:00:00.535 . Memory (MB): peak = 1823.402 ; gain = 0.000
INFO: [Common 17-1381] The checkpoint 'C:/Users/Icydr/Code/courses/CMPE_140/lab5_mips_processor/lab5_mips_processor.runs/impl_1/mips_fpga_physopt.dcp' has been generated.
Command: route_design
Attempting to get a license for feature 'Implementation' and/or device 'xc7a12ti'
INFO: [Common 17-349] Got license for feature 'Implementation' and/or device 'xc7a12ti'


Starting Routing Task
INFO: [Route 35-254] Multithreading enabled for route_design using a maximum of 2 CPUs

Phase 1 Build RT Design
Checksum: PlaceDB: 2a19d8be ConstDB: 0 ShapeSum: 631578b7 RouteDB: 6dca4706
Post Restoration Checksum: NetGraph: 2f4c383d | NumContArr: 5ee82d1f | Constraints: c2a8fa9d | Timing: c2a8fa9d
Phase 1 Build RT Design | Checksum: 213865a96

Time (s): cpu = 00:00:17 ; elapsed = 00:00:16 . Memory (MB): peak = 1866.734 ; gain = 43.332

Phase 2 Router Initialization

Phase 2.1 Fix Topology Constraints
Phase 2.1 Fix Topology Constraints | Checksum: 213865a96

Time (s): cpu = 00:00:17 ; elapsed = 00:00:16 . Memory (MB): peak = 1866.734 ; gain = 43.332

Phase 2.2 Pre Route Cleanup
Phase 2.2 Pre Route Cleanup | Checksum: 213865a96

Time (s): cpu = 00:00:17 ; elapsed = 00:00:16 . Memory (MB): peak = 1866.734 ; gain = 43.332
 Number of Nodes with overlaps = 0

Phase 2.3 Update Timing
Phase 2.3 Update Timing | Checksum: 1b9c72404

Time (s): cpu = 00:00:18 ; elapsed = 00:00:17 . Memory (MB): peak = 1893.812 ; gain = 70.410
INFO: [Route 35-416] Intermediate Timing Summary | WNS=5.530  | TNS=0.000  | WHS=-0.067 | THS=-0.075 |


Phase 2.4 Soft Constraint Pins - Fast Budgeting
Phase 2.4 Soft Constraint Pins - Fast Budgeting | Checksum: 1ec2458cb

Time (s): cpu = 00:00:18 ; elapsed = 00:00:17 . Memory (MB): peak = 1917.895 ; gain = 94.492

Router Utilization Summary
  Global Vertical Routing Utilization    = 0.000158053 %
  Global Horizontal Routing Utilization  = 0.000515996 %
  Routable Net Status*
  *Does not include unroutable nets such as driverless and loadless.
  Run report_route_status for detailed report.
  Number of Failed Nets               = 728
    (Failed Nets is the sum of unrouted and partially routed nets)
  Number of Unrouted Nets             = 727
  Number of Partially Routed Nets     = 1
  Number of Node Overlaps             = 0

Phase 2 Router Initialization | Checksum: 1ec2458cb

Time (s): cpu = 00:00:18 ; elapsed = 00:00:17 . Memory (MB): peak = 1917.895 ; gain = 94.492

Phase 3 Global Routing
Phase 3 Global Routing | Checksum: 1ec2458cb

Time (s): cpu = 00:00:18 ; elapsed = 00:00:17 . Memory (MB): peak = 1917.895 ; gain = 94.492

Phase 4 Initial Routing

Phase 4.1 Initial Net Routing Pass
Phase 4.1 Initial Net Routing Pass | Checksum: 1e97b3b2d

Time (s): cpu = 00:00:18 ; elapsed = 00:00:17 . Memory (MB): peak = 1917.895 ; gain = 94.492
Phase 4 Initial Routing | Checksum: 1e97b3b2d

Time (s): cpu = 00:00:18 ; elapsed = 00:00:17 . Memory (MB): peak = 1917.895 ; gain = 94.492

Phase 5 Rip-up And Reroute

Phase 5.1 Global Iteration 0
 Number of Nodes with overlaps = 55
 Number of Nodes with overlaps = 0
INFO: [Route 35-416] Intermediate Timing Summary | WNS=4.800  | TNS=0.000  | WHS=N/A    | THS=N/A    |

Phase 5.1 Global Iteration 0 | Checksum: 22bec092e

Time (s): cpu = 00:00:18 ; elapsed = 00:00:17 . Memory (MB): peak = 1917.895 ; gain = 94.492

Phase 5.2 Global Iteration 1
 Number of Nodes with overlaps = 0
INFO: [Route 35-416] Intermediate Timing Summary | WNS=4.800  | TNS=0.000  | WHS=N/A    | THS=N/A    |

Phase 5.2 Global Iteration 1 | Checksum: 257a0d33d

Time (s): cpu = 00:00:18 ; elapsed = 00:00:17 . Memory (MB): peak = 1917.895 ; gain = 94.492
Phase 5 Rip-up And Reroute | Checksum: 257a0d33d

Time (s): cpu = 00:00:18 ; elapsed = 00:00:17 . Memory (MB): peak = 1917.895 ; gain = 94.492

Phase 6 Delay and Skew Optimization

Phase 6.1 Delay CleanUp
Phase 6.1 Delay CleanUp | Checksum: 257a0d33d

Time (s): cpu = 00:00:18 ; elapsed = 00:00:17 . Memory (MB): peak = 1917.895 ; gain = 94.492

Phase 6.2 Clock Skew Optimization
Phase 6.2 Clock Skew Optimization | Checksum: 257a0d33d

Time (s): cpu = 00:00:19 ; elapsed = 00:00:17 . Memory (MB): peak = 1917.895 ; gain = 94.492
Phase 6 Delay and Skew Optimization | Checksum: 257a0d33d

Time (s): cpu = 00:00:19 ; elapsed = 00:00:17 . Memory (MB): peak = 1917.895 ; gain = 94.492

Phase 7 Post Hold Fix

Phase 7.1 Hold Fix Iter
INFO: [Route 35-416] Intermediate Timing Summary | WNS=4.893  | TNS=0.000  | WHS=0.249  | THS=0.000  |

Phase 7.1 Hold Fix Iter | Checksum: 224d66bcb

Time (s): cpu = 00:00:19 ; elapsed = 00:00:17 . Memory (MB): peak = 1917.895 ; gain = 94.492
Phase 7 Post Hold Fix | Checksum: 224d66bcb

Time (s): cpu = 00:00:19 ; elapsed = 00:00:17 . Memory (MB): peak = 1917.895 ; gain = 94.492

Phase 8 Route finalize

Router Utilization Summary
  Global Vertical Routing Utilization    = 0.47321 %
  Global Horizontal Routing Utilization  = 0.611713 %
  Routable Net Status*
  *Does not include unroutable nets such as driverless and loadless.
  Run report_route_status for detailed report.
  Number of Failed Nets               = 0
    (Failed Nets is the sum of unrouted and partially routed nets)
  Number of Unrouted Nets             = 0
  Number of Partially Routed Nets     = 0
  Number of Node Overlaps             = 0

Phase 8 Route finalize | Checksum: 224d66bcb

Time (s): cpu = 00:00:19 ; elapsed = 00:00:17 . Memory (MB): peak = 1917.895 ; gain = 94.492

Phase 9 Verifying routed nets

 Verification completed successfully
Phase 9 Verifying routed nets | Checksum: 224d66bcb

Time (s): cpu = 00:00:19 ; elapsed = 00:00:17 . Memory (MB): peak = 1917.895 ; gain = 94.492

Phase 10 Depositing Routes
Phase 10 Depositing Routes | Checksum: 1ff814ec2

Time (s): cpu = 00:00:19 ; elapsed = 00:00:17 . Memory (MB): peak = 1917.895 ; gain = 94.492

Phase 11 Post Process Routing
Phase 11 Post Process Routing | Checksum: 1ff814ec2

Time (s): cpu = 00:00:19 ; elapsed = 00:00:17 . Memory (MB): peak = 1917.895 ; gain = 94.492

Phase 12 Post Router Timing
INFO: [Route 35-57] Estimated Timing Summary | WNS=4.893  | TNS=0.000  | WHS=0.249  | THS=0.000  |

INFO: [Route 35-327] The final timing numbers are based on the router estimated timing analysis. For a complete and accurate timing signoff, please run report_timing_summary.
Phase 12 Post Router Timing | Checksum: 1ff814ec2

Time (s): cpu = 00:00:19 ; elapsed = 00:00:17 . Memory (MB): peak = 1917.895 ; gain = 94.492
Total Elapsed time in route_design: 17.42 secs

Phase 13 Post-Route Event Processing
Phase 13 Post-Route Event Processing | Checksum: f2b52b28

Time (s): cpu = 00:00:19 ; elapsed = 00:00:17 . Memory (MB): peak = 1917.895 ; gain = 94.492
INFO: [Route 35-16] Router Completed Successfully
Ending Routing Task | Checksum: f2b52b28

Time (s): cpu = 00:00:19 ; elapsed = 00:00:17 . Memory (MB): peak = 1917.895 ; gain = 94.492

Routing Is Done.
INFO: [Common 17-83] Releasing license: Implementation
87 Infos, 3 Warnings, 14 Critical Warnings and 0 Errors encountered.
route_design completed successfully
route_design: Time (s): cpu = 00:00:19 ; elapsed = 00:00:17 . Memory (MB): peak = 1917.895 ; gain = 94.492
INFO: [Vivado 12-24828] Executing command : report_drc -file mips_fpga_drc_routed.rpt -pb mips_fpga_drc_routed.pb -rpx mips_fpga_drc_routed.rpx
Command: report_drc -file mips_fpga_drc_routed.rpt -pb mips_fpga_drc_routed.pb -rpx mips_fpga_drc_routed.rpx
INFO: [IP_Flow 19-1839] IP Catalog is up to date.
INFO: [DRC 23-27] Running DRC with 2 threads
INFO: [Vivado_Tcl 2-168] The results of DRC are in file C:/Users/Icydr/Code/courses/CMPE_140/lab5_mips_processor/lab5_mips_processor.runs/impl_1/mips_fpga_drc_routed.rpt.
report_drc completed successfully
INFO: [Vivado 12-24828] Executing command : report_methodology -file mips_fpga_methodology_drc_routed.rpt -pb mips_fpga_methodology_drc_routed.pb -rpx mips_fpga_methodology_drc_routed.rpx
Command: report_methodology -file mips_fpga_methodology_drc_routed.rpt -pb mips_fpga_methodology_drc_routed.pb -rpx mips_fpga_methodology_drc_routed.rpx
INFO: [Timing 38-35] Done setting XDC timing constraints.
INFO: [DRC 23-133] Running Methodology with 2 threads
INFO: [Vivado_Tcl 2-1520] The results of Report Methodology are in file C:/Users/Icydr/Code/courses/CMPE_140/lab5_mips_processor/lab5_mips_processor.runs/impl_1/mips_fpga_methodology_drc_routed.rpt.
report_methodology completed successfully
INFO: [Vivado 12-24828] Executing command : report_timing_summary -max_paths 10 -routable_nets -report_unconstrained -file mips_fpga_timing_summary_routed.rpt -pb mips_fpga_timing_summary_routed.pb -rpx mips_fpga_timing_summary_routed.rpx -warn_on_violation 
INFO: [Timing 38-35] Done setting XDC timing constraints.
INFO: [Timing 38-91] UpdateTimingParams: Speed grade: -1L, Delay Type: min_max.
INFO: [Timing 38-191] Multithreading enabled for timing update using a maximum of 2 CPUs
INFO: [Vivado 12-24838] Running report commands "report_incremental_reuse, report_route_status" in parallel.
Running report generation with 2 threads.
INFO: [Vivado 12-24828] Executing command : report_incremental_reuse -file mips_fpga_incremental_reuse_routed.rpt
INFO: [Vivado_Tcl 4-1062] Incremental flow is disabled. No incremental reuse Info to report.
INFO: [Vivado 12-24828] Executing command : report_route_status -file mips_fpga_route_status.rpt -pb mips_fpga_route_status.pb
INFO: [Vivado 12-24828] Executing command : report_power -file mips_fpga_power_routed.rpt -pb mips_fpga_power_summary_routed.pb -rpx mips_fpga_power_routed.rpx
Command: report_power -file mips_fpga_power_routed.rpt -pb mips_fpga_power_summary_routed.pb -rpx mips_fpga_power_routed.rpx
Running Vector-less Activity Propagation...

Finished Running Vector-less Activity Propagation
104 Infos, 3 Warnings, 14 Critical Warnings and 0 Errors encountered.
report_power completed successfully
INFO: [Vivado 12-24828] Executing command : report_clock_utilization -file mips_fpga_clock_utilization_routed.rpt
INFO: [Vivado 12-24828] Executing command : report_bus_skew -warn_on_violation -file mips_fpga_bus_skew_routed.rpt -pb mips_fpga_bus_skew_routed.pb -rpx mips_fpga_bus_skew_routed.rpx
INFO: [Timing 38-91] UpdateTimingParams: Speed grade: -1L, Delay Type: min_max.
INFO: [Timing 38-191] Multithreading enabled for timing update using a maximum of 2 CPUs
generate_parallel_reports: Time (s): cpu = 00:00:12 ; elapsed = 00:00:07 . Memory (MB): peak = 1964.012 ; gain = 46.117
INFO: [Timing 38-480] Writing timing data to binary archive.
Write ShapeDB Complete: Time (s): cpu = 00:00:00 ; elapsed = 00:00:00.004 . Memory (MB): peak = 1964.012 ; gain = 0.000
Wrote PlaceDB: Time (s): cpu = 00:00:00 ; elapsed = 00:00:00.059 . Memory (MB): peak = 1964.012 ; gain = 0.000
Wrote PulsedLatchDB: Time (s): cpu = 00:00:00 ; elapsed = 00:00:00 . Memory (MB): peak = 1964.012 ; gain = 0.000
Writing XDEF routing.
Writing XDEF routing logical nets.
Writing XDEF routing special nets.
Wrote RouteStorage: Time (s): cpu = 00:00:00 ; elapsed = 00:00:00.024 . Memory (MB): peak = 1964.012 ; gain = 0.000
Wrote Netlist Cache: Time (s): cpu = 00:00:00 ; elapsed = 00:00:00.001 . Memory (MB): peak = 1964.012 ; gain = 0.000
Wrote Device Cache: Time (s): cpu = 00:00:00 ; elapsed = 00:00:00.006 . Memory (MB): peak = 1964.012 ; gain = 0.000
Write Physdb Complete: Time (s): cpu = 00:00:00 ; elapsed = 00:00:00.097 . Memory (MB): peak = 1964.012 ; gain = 0.000
INFO: [Common 17-1381] The checkpoint 'C:/Users/Icydr/Code/courses/CMPE_140/lab5_mips_processor/lab5_mips_processor.runs/impl_1/mips_fpga_routed.dcp' has been generated.
INFO: [Common 17-206] Exiting Vivado at Mon Oct 13 09:21:35 2025...
