Vivado Simulator v2024.1
Copyright 1986-2022 Xilinx, Inc. All Rights Reserved.
Copyright 2022-2024 Advanced Micro Devices, Inc. All Rights Reserved.
Running: C:/Xilinx/Vivado/2024.1/bin/unwrapped/win64.o/xelab.exe --incr --debug typical --relax --mt 2 -L xil_defaultlib -L unisims_ver -L unimacro_ver -L secureip --snapshot CLA4TB_behav xil_defaultlib.CLA4TB xil_defaultlib.glbl -log elaborate.log 
Using 2 slave threads.
Starting static elaboration
Pass Through NonSizing Optimizer
WARNING: [VRFC 10-3091] actual bit length 1 differs from formal bit length 4 for port 'ci' [C:/Users/Admin/OneDrive/Desktop/Vs/School/CMPE_125/lab4/lab4.srcs/sim_1/new/CLA4TB.v:34]
WARNING: [VRFC 10-3091] actual bit length 4 differs from formal bit length 1 for port 'ci' [C:/Users/Admin/OneDrive/Desktop/Vs/School/CMPE_125/lab4/lab4.srcs/sources_1/new/CLA4.v:32]
WARNING: [VRFC 10-3091] actual bit length 4 differs from formal bit length 1 for port 'Cin' [C:/Users/Admin/OneDrive/Desktop/Vs/School/CMPE_125/lab4/lab4.srcs/sources_1/new/CLA4.v:33]
Completed static elaboration
Starting simulation data flow analysis
Completed simulation data flow analysis
Time Resolution for simulation is 1ps
Compiling module xil_defaultlib.CLALogic
Compiling module xil_defaultlib.GPFullAdder
Compiling module xil_defaultlib.CLA4
Compiling module xil_defaultlib.CLA4TB
Compiling module xil_defaultlib.glbl
Built simulation snapshot CLA4TB_behav
