<?xml version="1.0" encoding="ISO-8859-1" ?>
<link_info>
   <banner>TI ARM Clang Linker Unix v4.0.4.LTS</banner>
   <copyright>Copyright (c) 1996-2018 Texas Instruments Incorporated</copyright>
   <command_line>/Applications/ti/ccs2041/ccs/tools/compiler/ti-cgt-armllvm_4.0.4.LTS/bin/tiarmlnk -I/Applications/ti/ccs2041/ccs/tools/compiler/ti-cgt-armllvm_4.0.4.LTS/lib -o lab4.out -mlab4.map -i/Applications/ti/mspm0_sdk_2_09_00_01/source -i/Users/mac/Code/courses/CMPE_146/lab4 -i/Users/mac/Code/courses/CMPE_146/lab4/Debug/syscfg -i/Applications/ti/ccs2041/ccs/tools/compiler/ti-cgt-armllvm_4.0.4.LTS/lib --diag_wrap=off --display_error_number --warn_sections --xml_link_info=lab4_linkInfo.xml --rom_model ./block_sizes.o ./ti_msp_dl_config.o ./startup_mspm0g350x_ticlang.o ./flash_mem.o ./power_counter.o ./speedup.o ./string_mods.o -l./device_linker.cmd -ldevice.cmd.genlibs -llibc.a --start-group -llibc++.a -llibc++abi.a -llibc.a -llibsys.a -llibsysbm.a -llibclang_rt.builtins.a -llibclang_rt.profile.a --end-group --cg_opt_level=2</command_line>
   <link_time>0x69c06f97</link_time>
   <link_errors>0x8</link_errors>
   <output_file>/Users/mac/Code/courses/CMPE_146/lab4/Debug/lab4.out</output_file>
   <entry_point>
      <name>_c_int00_noargs</name>
      <address>0x2f69</address>
   </entry_point>
   <input_file_list>
      <input_file id="fl-1">
         <path>/Users/mac/Code/courses/CMPE_146/lab4/Debug/./</path>
         <kind>object</kind>
         <file>block_sizes.o</file>
         <name>block_sizes.o</name>
      </input_file>
      <input_file id="fl-2">
         <path>/Users/mac/Code/courses/CMPE_146/lab4/Debug/./</path>
         <kind>object</kind>
         <file>ti_msp_dl_config.o</file>
         <name>ti_msp_dl_config.o</name>
      </input_file>
      <input_file id="fl-3">
         <path>/Users/mac/Code/courses/CMPE_146/lab4/Debug/./</path>
         <kind>object</kind>
         <file>startup_mspm0g350x_ticlang.o</file>
         <name>startup_mspm0g350x_ticlang.o</name>
      </input_file>
      <input_file id="fl-4">
         <path>/Users/mac/Code/courses/CMPE_146/lab4/Debug/./</path>
         <kind>object</kind>
         <file>flash_mem.o</file>
         <name>flash_mem.o</name>
      </input_file>
      <input_file id="fl-5">
         <path>/Users/mac/Code/courses/CMPE_146/lab4/Debug/./</path>
         <kind>object</kind>
         <file>power_counter.o</file>
         <name>power_counter.o</name>
      </input_file>
      <input_file id="fl-6">
         <path>/Users/mac/Code/courses/CMPE_146/lab4/Debug/./</path>
         <kind>object</kind>
         <file>speedup.o</file>
         <name>speedup.o</name>
      </input_file>
      <input_file id="fl-7">
         <path>/Users/mac/Code/courses/CMPE_146/lab4/Debug/./</path>
         <kind>object</kind>
         <file>string_mods.o</file>
         <name>string_mods.o</name>
      </input_file>
      <input_file id="fl-14">
         <path>/Users/mac/Code/courses/CMPE_146/lab4/Debug/</path>
         <kind>object</kind>
         <file>&lt;internal&gt;</file>
         <name>&lt;internal&gt;</name>
      </input_file>
      <input_file id="fl-15">
         <path>/Applications/ti/mspm0_sdk_2_09_00_01/source/ti/driverlib/lib/ticlang/m0p/mspm0g1x0x_g3x0x/</path>
         <kind>archive</kind>
         <file>driverlib.a</file>
         <name>dl_common.o</name>
      </input_file>
      <input_file id="fl-16">
         <path>/Applications/ti/mspm0_sdk_2_09_00_01/source/ti/driverlib/lib/ticlang/m0p/mspm0g1x0x_g3x0x/</path>
         <kind>archive</kind>
         <file>driverlib.a</file>
         <name>dl_dma.o</name>
      </input_file>
      <input_file id="fl-17">
         <path>/Applications/ti/mspm0_sdk_2_09_00_01/source/ti/driverlib/lib/ticlang/m0p/mspm0g1x0x_g3x0x/</path>
         <kind>archive</kind>
         <file>driverlib.a</file>
         <name>dl_flashctl.o</name>
      </input_file>
      <input_file id="fl-18">
         <path>/Applications/ti/mspm0_sdk_2_09_00_01/source/ti/driverlib/lib/ticlang/m0p/mspm0g1x0x_g3x0x/</path>
         <kind>archive</kind>
         <file>driverlib.a</file>
         <name>dl_timer.o</name>
      </input_file>
      <input_file id="fl-2f">
         <path>/Applications/ti/ccs2041/ccs/tools/compiler/ti-cgt-armllvm_4.0.4.LTS/lib/armv6m-ti-none-eabi/c/</path>
         <kind>archive</kind>
         <file>libc.a</file>
         <name>printf.c.obj</name>
      </input_file>
      <input_file id="fl-30">
         <path>/Applications/ti/ccs2041/ccs/tools/compiler/ti-cgt-armllvm_4.0.4.LTS/lib/armv6m-ti-none-eabi/c/</path>
         <kind>archive</kind>
         <file>libc.a</file>
         <name>_printfi.c.obj</name>
      </input_file>
      <input_file id="fl-31">
         <path>/Applications/ti/ccs2041/ccs/tools/compiler/ti-cgt-armllvm_4.0.4.LTS/lib/armv6m-ti-none-eabi/c/</path>
         <kind>archive</kind>
         <file>libc.a</file>
         <name>fputc.c.obj</name>
      </input_file>
      <input_file id="fl-32">
         <path>/Applications/ti/ccs2041/ccs/tools/compiler/ti-cgt-armllvm_4.0.4.LTS/lib/armv6m-ti-none-eabi/c/</path>
         <kind>archive</kind>
         <file>libc.a</file>
         <name>fputs.c.obj</name>
      </input_file>
      <input_file id="fl-33">
         <path>/Applications/ti/ccs2041/ccs/tools/compiler/ti-cgt-armllvm_4.0.4.LTS/lib/armv6m-ti-none-eabi/c/</path>
         <kind>archive</kind>
         <file>libc.a</file>
         <name>_io_perm.c.obj</name>
      </input_file>
      <input_file id="fl-34">
         <path>/Applications/ti/ccs2041/ccs/tools/compiler/ti-cgt-armllvm_4.0.4.LTS/lib/armv6m-ti-none-eabi/c/</path>
         <kind>archive</kind>
         <file>libc.a</file>
         <name>setvbuf.c.obj</name>
      </input_file>
      <input_file id="fl-35">
         <path>/Applications/ti/ccs2041/ccs/tools/compiler/ti-cgt-armllvm_4.0.4.LTS/lib/armv6m-ti-none-eabi/c/</path>
         <kind>archive</kind>
         <file>libc.a</file>
         <name>aeabi_portable.c.obj</name>
      </input_file>
      <input_file id="fl-36">
         <path>/Applications/ti/ccs2041/ccs/tools/compiler/ti-cgt-armllvm_4.0.4.LTS/lib/armv6m-ti-none-eabi/c/</path>
         <kind>archive</kind>
         <file>libc.a</file>
         <name>exit.c.obj</name>
      </input_file>
      <input_file id="fl-37">
         <path>/Applications/ti/ccs2041/ccs/tools/compiler/ti-cgt-armllvm_4.0.4.LTS/lib/armv6m-ti-none-eabi/c/</path>
         <kind>archive</kind>
         <file>libc.a</file>
         <name>_lock.c.obj</name>
      </input_file>
      <input_file id="fl-38">
         <path>/Applications/ti/ccs2041/ccs/tools/compiler/ti-cgt-armllvm_4.0.4.LTS/lib/armv6m-ti-none-eabi/c/</path>
         <kind>archive</kind>
         <file>libc.a</file>
         <name>_ltoa.c.obj</name>
      </input_file>
      <input_file id="fl-39">
         <path>/Applications/ti/ccs2041/ccs/tools/compiler/ti-cgt-armllvm_4.0.4.LTS/lib/armv6m-ti-none-eabi/c/</path>
         <kind>archive</kind>
         <file>libc.a</file>
         <name>assert.c.obj</name>
      </input_file>
      <input_file id="fl-3a">
         <path>/Applications/ti/ccs2041/ccs/tools/compiler/ti-cgt-armllvm_4.0.4.LTS/lib/armv6m-ti-none-eabi/c/</path>
         <kind>archive</kind>
         <file>libc.a</file>
         <name>atoi.c.obj</name>
      </input_file>
      <input_file id="fl-3b">
         <path>/Applications/ti/ccs2041/ccs/tools/compiler/ti-cgt-armllvm_4.0.4.LTS/lib/armv6m-ti-none-eabi/c/</path>
         <kind>archive</kind>
         <file>libc.a</file>
         <name>defs.c.obj</name>
      </input_file>
      <input_file id="fl-3c">
         <path>/Applications/ti/ccs2041/ccs/tools/compiler/ti-cgt-armllvm_4.0.4.LTS/lib/armv6m-ti-none-eabi/c/</path>
         <kind>archive</kind>
         <file>libc.a</file>
         <name>memccpy.c.obj</name>
      </input_file>
      <input_file id="fl-3d">
         <path>/Applications/ti/ccs2041/ccs/tools/compiler/ti-cgt-armllvm_4.0.4.LTS/lib/armv6m-ti-none-eabi/c/</path>
         <kind>archive</kind>
         <file>libc.a</file>
         <name>memory.c.obj</name>
      </input_file>
      <input_file id="fl-3e">
         <path>/Applications/ti/ccs2041/ccs/tools/compiler/ti-cgt-armllvm_4.0.4.LTS/lib/armv6m-ti-none-eabi/c/</path>
         <kind>archive</kind>
         <file>libc.a</file>
         <name>rand.c.obj</name>
      </input_file>
      <input_file id="fl-3f">
         <path>/Applications/ti/ccs2041/ccs/tools/compiler/ti-cgt-armllvm_4.0.4.LTS/lib/armv6m-ti-none-eabi/c/</path>
         <kind>archive</kind>
         <file>libc.a</file>
         <name>boot_cortex_m.c.obj</name>
      </input_file>
      <input_file id="fl-40">
         <path>/Applications/ti/ccs2041/ccs/tools/compiler/ti-cgt-armllvm_4.0.4.LTS/lib/armv6m-ti-none-eabi/c/</path>
         <kind>archive</kind>
         <file>libc.a</file>
         <name>mathacl_init.c.obj</name>
      </input_file>
      <input_file id="fl-41">
         <path>/Applications/ti/ccs2041/ccs/tools/compiler/ti-cgt-armllvm_4.0.4.LTS/lib/armv6m-ti-none-eabi/c/</path>
         <kind>archive</kind>
         <file>libc.a</file>
         <name>autoinit.c.obj</name>
      </input_file>
      <input_file id="fl-42">
         <path>/Applications/ti/ccs2041/ccs/tools/compiler/ti-cgt-armllvm_4.0.4.LTS/lib/armv6m-ti-none-eabi/c/</path>
         <kind>archive</kind>
         <file>libc.a</file>
         <name>pre_init.c.obj</name>
      </input_file>
      <input_file id="fl-43">
         <path>/Applications/ti/ccs2041/ccs/tools/compiler/ti-cgt-armllvm_4.0.4.LTS/lib/armv6m-ti-none-eabi/c/</path>
         <kind>archive</kind>
         <file>libc.a</file>
         <name>cpy_tbl.c.obj</name>
      </input_file>
      <input_file id="fl-44">
         <path>/Applications/ti/ccs2041/ccs/tools/compiler/ti-cgt-armllvm_4.0.4.LTS/lib/armv6m-ti-none-eabi/c/</path>
         <kind>archive</kind>
         <file>libc.a</file>
         <name>copy_zero_init.c.obj</name>
      </input_file>
      <input_file id="fl-45">
         <path>/Applications/ti/ccs2041/ccs/tools/compiler/ti-cgt-armllvm_4.0.4.LTS/lib/armv6m-ti-none-eabi/c/</path>
         <kind>archive</kind>
         <file>libc.a</file>
         <name>copy_decompress_none.c.obj</name>
      </input_file>
      <input_file id="fl-46">
         <path>/Applications/ti/ccs2041/ccs/tools/compiler/ti-cgt-armllvm_4.0.4.LTS/lib/armv6m-ti-none-eabi/c/</path>
         <kind>archive</kind>
         <file>libc.a</file>
         <name>copy_decompress_lzss.c.obj</name>
      </input_file>
      <input_file id="fl-47">
         <path>/Applications/ti/ccs2041/ccs/tools/compiler/ti-cgt-armllvm_4.0.4.LTS/lib/armv6m-ti-none-eabi/c/</path>
         <kind>archive</kind>
         <file>libc.a</file>
         <name>s_frexp.c.obj</name>
      </input_file>
      <input_file id="fl-48">
         <path>/Applications/ti/ccs2041/ccs/tools/compiler/ti-cgt-armllvm_4.0.4.LTS/lib/armv6m-ti-none-eabi/c/</path>
         <kind>archive</kind>
         <file>libc.a</file>
         <name>s_scalbn.c.obj</name>
      </input_file>
      <input_file id="fl-49">
         <path>/Applications/ti/ccs2041/ccs/tools/compiler/ti-cgt-armllvm_4.0.4.LTS/lib/armv6m-ti-none-eabi/c/</path>
         <kind>archive</kind>
         <file>libc.a</file>
         <name>wcslen.c.obj</name>
      </input_file>
      <input_file id="fl-4a">
         <path>/Applications/ti/ccs2041/ccs/tools/compiler/ti-cgt-armllvm_4.0.4.LTS/lib/armv6m-ti-none-eabi/c/</path>
         <kind>archive</kind>
         <file>libc.a</file>
         <name>sprintf.c.obj</name>
      </input_file>
      <input_file id="fl-4b">
         <path>/Applications/ti/ccs2041/ccs/tools/compiler/ti-cgt-armllvm_4.0.4.LTS/lib/armv6m-ti-none-eabi/c/</path>
         <kind>archive</kind>
         <file>libc.a</file>
         <name>fflush.c.obj</name>
      </input_file>
      <input_file id="fl-4c">
         <path>/Applications/ti/ccs2041/ccs/tools/compiler/ti-cgt-armllvm_4.0.4.LTS/lib/armv6m-ti-none-eabi/c/</path>
         <kind>archive</kind>
         <file>libc.a</file>
         <name>fopen.c.obj</name>
      </input_file>
      <input_file id="fl-4d">
         <path>/Applications/ti/ccs2041/ccs/tools/compiler/ti-cgt-armllvm_4.0.4.LTS/lib/armv6m-ti-none-eabi/c/</path>
         <kind>archive</kind>
         <file>libc.a</file>
         <name>fseek.c.obj</name>
      </input_file>
      <input_file id="fl-4e">
         <path>/Applications/ti/ccs2041/ccs/tools/compiler/ti-cgt-armllvm_4.0.4.LTS/lib/armv6m-ti-none-eabi/c/</path>
         <kind>archive</kind>
         <file>libc.a</file>
         <name>aeabi_ctype.S.obj</name>
      </input_file>
      <input_file id="fl-4f">
         <path>/Applications/ti/ccs2041/ccs/tools/compiler/ti-cgt-armllvm_4.0.4.LTS/lib/armv6m-ti-none-eabi/c/</path>
         <kind>archive</kind>
         <file>libc.a</file>
         <name>args_main.c.obj</name>
      </input_file>
      <input_file id="fl-50">
         <path>/Applications/ti/ccs2041/ccs/tools/compiler/ti-cgt-armllvm_4.0.4.LTS/lib/armv6m-ti-none-eabi/c/</path>
         <kind>archive</kind>
         <file>libc.a</file>
         <name>fclose.c.obj</name>
      </input_file>
      <input_file id="fl-f0">
         <path>/Applications/ti/ccs2041/ccs/tools/compiler/ti-cgt-armllvm_4.0.4.LTS/lib/armv6m-ti-none-eabi/c/</path>
         <kind>archive</kind>
         <file>libsysbm.a</file>
         <name>hostexit.c.obj</name>
      </input_file>
      <input_file id="fl-f1">
         <path>/Applications/ti/ccs2041/ccs/tools/compiler/ti-cgt-armllvm_4.0.4.LTS/lib/armv6m-ti-none-eabi/c/</path>
         <kind>archive</kind>
         <file>libsysbm.a</file>
         <name>write.c.obj</name>
      </input_file>
      <input_file id="fl-f2">
         <path>/Applications/ti/ccs2041/ccs/tools/compiler/ti-cgt-armllvm_4.0.4.LTS/lib/armv6m-ti-none-eabi/c/</path>
         <kind>archive</kind>
         <file>libsysbm.a</file>
         <name>host_device.c.obj</name>
      </input_file>
      <input_file id="fl-f3">
         <path>/Applications/ti/ccs2041/ccs/tools/compiler/ti-cgt-armllvm_4.0.4.LTS/lib/armv6m-ti-none-eabi/c/</path>
         <kind>archive</kind>
         <file>libsysbm.a</file>
         <name>remove.c.obj</name>
      </input_file>
      <input_file id="fl-f4">
         <path>/Applications/ti/ccs2041/ccs/tools/compiler/ti-cgt-armllvm_4.0.4.LTS/lib/armv6m-ti-none-eabi/c/</path>
         <kind>archive</kind>
         <file>libsysbm.a</file>
         <name>open.c.obj</name>
      </input_file>
      <input_file id="fl-f5">
         <path>/Applications/ti/ccs2041/ccs/tools/compiler/ti-cgt-armllvm_4.0.4.LTS/lib/armv6m-ti-none-eabi/c/</path>
         <kind>archive</kind>
         <file>libsysbm.a</file>
         <name>lseek.c.obj</name>
      </input_file>
      <input_file id="fl-f6">
         <path>/Applications/ti/ccs2041/ccs/tools/compiler/ti-cgt-armllvm_4.0.4.LTS/lib/armv6m-ti-none-eabi/c/</path>
         <kind>archive</kind>
         <file>libsysbm.a</file>
         <name>close.c.obj</name>
      </input_file>
      <input_file id="fl-f7">
         <path>/Applications/ti/ccs2041/ccs/tools/compiler/ti-cgt-armllvm_4.0.4.LTS/lib/armv6m-ti-none-eabi/c/</path>
         <kind>archive</kind>
         <file>libsysbm.a</file>
         <name>unlink.c.obj</name>
      </input_file>
      <input_file id="fl-f8">
         <path>/Applications/ti/ccs2041/ccs/tools/compiler/ti-cgt-armllvm_4.0.4.LTS/lib/armv6m-ti-none-eabi/c/</path>
         <kind>archive</kind>
         <file>libsysbm.a</file>
         <name>hostclose.c.obj</name>
      </input_file>
      <input_file id="fl-f9">
         <path>/Applications/ti/ccs2041/ccs/tools/compiler/ti-cgt-armllvm_4.0.4.LTS/lib/armv6m-ti-none-eabi/c/</path>
         <kind>archive</kind>
         <file>libsysbm.a</file>
         <name>hostlseek.c.obj</name>
      </input_file>
      <input_file id="fl-fa">
         <path>/Applications/ti/ccs2041/ccs/tools/compiler/ti-cgt-armllvm_4.0.4.LTS/lib/armv6m-ti-none-eabi/c/</path>
         <kind>archive</kind>
         <file>libsysbm.a</file>
         <name>hostopen.c.obj</name>
      </input_file>
      <input_file id="fl-fb">
         <path>/Applications/ti/ccs2041/ccs/tools/compiler/ti-cgt-armllvm_4.0.4.LTS/lib/armv6m-ti-none-eabi/c/</path>
         <kind>archive</kind>
         <file>libsysbm.a</file>
         <name>hostread.c.obj</name>
      </input_file>
      <input_file id="fl-fc">
         <path>/Applications/ti/ccs2041/ccs/tools/compiler/ti-cgt-armllvm_4.0.4.LTS/lib/armv6m-ti-none-eabi/c/</path>
         <kind>archive</kind>
         <file>libsysbm.a</file>
         <name>hostrename.c.obj</name>
      </input_file>
      <input_file id="fl-fd">
         <path>/Applications/ti/ccs2041/ccs/tools/compiler/ti-cgt-armllvm_4.0.4.LTS/lib/armv6m-ti-none-eabi/c/</path>
         <kind>archive</kind>
         <file>libsysbm.a</file>
         <name>hostunlink.c.obj</name>
      </input_file>
      <input_file id="fl-fe">
         <path>/Applications/ti/ccs2041/ccs/tools/compiler/ti-cgt-armllvm_4.0.4.LTS/lib/armv6m-ti-none-eabi/c/</path>
         <kind>archive</kind>
         <file>libsysbm.a</file>
         <name>hostwrite.c.obj</name>
      </input_file>
      <input_file id="fl-ff">
         <path>/Applications/ti/ccs2041/ccs/tools/compiler/ti-cgt-armllvm_4.0.4.LTS/lib/armv6m-ti-none-eabi/c/</path>
         <kind>archive</kind>
         <file>libsysbm.a</file>
         <name>trgmsg.c.obj</name>
      </input_file>
      <input_file id="fl-100">
         <path>/Applications/ti/ccs2041/ccs/tools/compiler/ti-cgt-armllvm_4.0.4.LTS/lib/armv6m-ti-none-eabi/</path>
         <kind>archive</kind>
         <file>libclang_rt.builtins.a</file>
         <name>adddf3.S.obj</name>
      </input_file>
      <input_file id="fl-101">
         <path>/Applications/ti/ccs2041/ccs/tools/compiler/ti-cgt-armllvm_4.0.4.LTS/lib/armv6m-ti-none-eabi/</path>
         <kind>archive</kind>
         <file>libclang_rt.builtins.a</file>
         <name>muldf3.S.obj</name>
      </input_file>
      <input_file id="fl-102">
         <path>/Applications/ti/ccs2041/ccs/tools/compiler/ti-cgt-armllvm_4.0.4.LTS/lib/armv6m-ti-none-eabi/</path>
         <kind>archive</kind>
         <file>libclang_rt.builtins.a</file>
         <name>muldsi3.S.obj</name>
      </input_file>
      <input_file id="fl-103">
         <path>/Applications/ti/ccs2041/ccs/tools/compiler/ti-cgt-armllvm_4.0.4.LTS/lib/armv6m-ti-none-eabi/</path>
         <kind>archive</kind>
         <file>libclang_rt.builtins.a</file>
         <name>mulsf3.S.obj</name>
      </input_file>
      <input_file id="fl-104">
         <path>/Applications/ti/ccs2041/ccs/tools/compiler/ti-cgt-armllvm_4.0.4.LTS/lib/armv6m-ti-none-eabi/</path>
         <kind>archive</kind>
         <file>libclang_rt.builtins.a</file>
         <name>divsf3.S.obj</name>
      </input_file>
      <input_file id="fl-105">
         <path>/Applications/ti/ccs2041/ccs/tools/compiler/ti-cgt-armllvm_4.0.4.LTS/lib/armv6m-ti-none-eabi/</path>
         <kind>archive</kind>
         <file>libclang_rt.builtins.a</file>
         <name>divdf3.S.obj</name>
      </input_file>
      <input_file id="fl-106">
         <path>/Applications/ti/ccs2041/ccs/tools/compiler/ti-cgt-armllvm_4.0.4.LTS/lib/armv6m-ti-none-eabi/</path>
         <kind>archive</kind>
         <file>libclang_rt.builtins.a</file>
         <name>extendsfdf2.S.obj</name>
      </input_file>
      <input_file id="fl-107">
         <path>/Applications/ti/ccs2041/ccs/tools/compiler/ti-cgt-armllvm_4.0.4.LTS/lib/armv6m-ti-none-eabi/</path>
         <kind>archive</kind>
         <file>libclang_rt.builtins.a</file>
         <name>fixdfsi.S.obj</name>
      </input_file>
      <input_file id="fl-108">
         <path>/Applications/ti/ccs2041/ccs/tools/compiler/ti-cgt-armllvm_4.0.4.LTS/lib/armv6m-ti-none-eabi/</path>
         <kind>archive</kind>
         <file>libclang_rt.builtins.a</file>
         <name>floatsidf.S.obj</name>
      </input_file>
      <input_file id="fl-109">
         <path>/Applications/ti/ccs2041/ccs/tools/compiler/ti-cgt-armllvm_4.0.4.LTS/lib/armv6m-ti-none-eabi/</path>
         <kind>archive</kind>
         <file>libclang_rt.builtins.a</file>
         <name>floatunsisf.S.obj</name>
      </input_file>
      <input_file id="fl-10a">
         <path>/Applications/ti/ccs2041/ccs/tools/compiler/ti-cgt-armllvm_4.0.4.LTS/lib/armv6m-ti-none-eabi/</path>
         <kind>archive</kind>
         <file>libclang_rt.builtins.a</file>
         <name>muldi3.S.obj</name>
      </input_file>
      <input_file id="fl-10b">
         <path>/Applications/ti/ccs2041/ccs/tools/compiler/ti-cgt-armllvm_4.0.4.LTS/lib/armv6m-ti-none-eabi/</path>
         <kind>archive</kind>
         <file>libclang_rt.builtins.a</file>
         <name>aeabi_dcmp.S.obj</name>
      </input_file>
      <input_file id="fl-10c">
         <path>/Applications/ti/ccs2041/ccs/tools/compiler/ti-cgt-armllvm_4.0.4.LTS/lib/armv6m-ti-none-eabi/</path>
         <kind>archive</kind>
         <file>libclang_rt.builtins.a</file>
         <name>aeabi_idivmod.S.obj</name>
      </input_file>
      <input_file id="fl-10d">
         <path>/Applications/ti/ccs2041/ccs/tools/compiler/ti-cgt-armllvm_4.0.4.LTS/lib/armv6m-ti-none-eabi/</path>
         <kind>archive</kind>
         <file>libclang_rt.builtins.a</file>
         <name>aeabi_memcpy.S.obj</name>
      </input_file>
      <input_file id="fl-10e">
         <path>/Applications/ti/ccs2041/ccs/tools/compiler/ti-cgt-armllvm_4.0.4.LTS/lib/armv6m-ti-none-eabi/</path>
         <kind>archive</kind>
         <file>libclang_rt.builtins.a</file>
         <name>aeabi_memset.S.obj</name>
      </input_file>
      <input_file id="fl-10f">
         <path>/Applications/ti/ccs2041/ccs/tools/compiler/ti-cgt-armllvm_4.0.4.LTS/lib/armv6m-ti-none-eabi/</path>
         <kind>archive</kind>
         <file>libclang_rt.builtins.a</file>
         <name>aeabi_uidivmod.S.obj</name>
      </input_file>
      <input_file id="fl-110">
         <path>/Applications/ti/ccs2041/ccs/tools/compiler/ti-cgt-armllvm_4.0.4.LTS/lib/armv6m-ti-none-eabi/</path>
         <kind>archive</kind>
         <file>libclang_rt.builtins.a</file>
         <name>aeabi_uldivmod.S.obj</name>
      </input_file>
      <input_file id="fl-111">
         <path>/Applications/ti/ccs2041/ccs/tools/compiler/ti-cgt-armllvm_4.0.4.LTS/lib/armv6m-ti-none-eabi/</path>
         <kind>archive</kind>
         <file>libclang_rt.builtins.a</file>
         <name>udivmoddi4.S.obj</name>
      </input_file>
      <input_file id="fl-112">
         <path>/Applications/ti/ccs2041/ccs/tools/compiler/ti-cgt-armllvm_4.0.4.LTS/lib/armv6m-ti-none-eabi/</path>
         <kind>archive</kind>
         <file>libclang_rt.builtins.a</file>
         <name>ashldi3.S.obj</name>
      </input_file>
      <input_file id="fl-113">
         <path>/Applications/ti/ccs2041/ccs/tools/compiler/ti-cgt-armllvm_4.0.4.LTS/lib/armv6m-ti-none-eabi/</path>
         <kind>archive</kind>
         <file>libclang_rt.builtins.a</file>
         <name>comparedf2.c.obj</name>
      </input_file>
      <input_file id="fl-114">
         <path>/Applications/ti/ccs2041/ccs/tools/compiler/ti-cgt-armllvm_4.0.4.LTS/lib/armv6m-ti-none-eabi/</path>
         <kind>archive</kind>
         <file>libclang_rt.builtins.a</file>
         <name>aeabi_div0.c.obj</name>
      </input_file>
      <input_file id="fl-115">
         <path>/Applications/ti/ccs2041/ccs/tools/compiler/ti-cgt-armllvm_4.0.4.LTS/lib/armv6m-ti-none-eabi/c/</path>
         <kind>archive</kind>
         <file>libc.a</file>
         <name>getdevice.c.obj</name>
      </input_file>
      <input_file id="fl-116">
         <path>/Applications/ti/ccs2041/ccs/tools/compiler/ti-cgt-armllvm_4.0.4.LTS/lib/armv6m-ti-none-eabi/c/</path>
         <kind>archive</kind>
         <file>libc.a</file>
         <name>memcpy16.S.obj</name>
      </input_file>
      <input_file id="fl-117">
         <path>/Applications/ti/ccs2041/ccs/tools/compiler/ti-cgt-armllvm_4.0.4.LTS/lib/armv6m-ti-none-eabi/c/</path>
         <kind>archive</kind>
         <file>libc.a</file>
         <name>memset16.S.obj</name>
      </input_file>
      <input_file id="fl-118">
         <path>/Applications/ti/ccs2041/ccs/tools/compiler/ti-cgt-armllvm_4.0.4.LTS/lib/armv6m-ti-none-eabi/c/</path>
         <kind>archive</kind>
         <file>libc.a</file>
         <name>strcmp-armv6m.S.obj</name>
      </input_file>
   </input_file_list>
   <object_component_list>
      <object_component id="oc-18">
         <name>.intvecs</name>
         <load_address>0x0</load_address>
         <readonly>true</readonly>
         <run_address>0x0</run_address>
         <size>0xc0</size>
         <alignment>0x4</alignment>
         <input_file_ref idref="fl-3"/>
      </object_component>
      <object_component id="oc-125">
         <name>.text:__TI_printfi</name>
         <load_address>0xc0</load_address>
         <readonly>true</readonly>
         <executable>true</executable>
         <run_address>0xc0</run_address>
         <size>0x9d0</size>
         <alignment>0x4</alignment>
         <input_file_ref idref="fl-30"/>
      </object_component>
      <object_component id="oc-6d">
         <name>.text.main</name>
         <load_address>0xa90</load_address>
         <readonly>true</readonly>
         <executable>true</executable>
         <run_address>0xa90</run_address>
         <size>0x374</size>
         <alignment>0x4</alignment>
         <input_file_ref idref="fl-1"/>
      </object_component>
      <object_component id="oc-15e">
         <name>.text._pconv_a</name>
         <load_address>0xe04</load_address>
         <readonly>true</readonly>
         <executable>true</executable>
         <run_address>0xe04</run_address>
         <size>0x220</size>
         <alignment>0x4</alignment>
         <input_file_ref idref="fl-30"/>
      </object_component>
      <object_component id="oc-163">
         <name>.text._pconv_g</name>
         <load_address>0x1024</load_address>
         <readonly>true</readonly>
         <executable>true</executable>
         <run_address>0x1024</run_address>
         <size>0x1dc</size>
         <alignment>0x4</alignment>
         <input_file_ref idref="fl-30"/>
      </object_component>
      <object_component id="oc-1bd">
         <name>.text.adddf3_subdf3</name>
         <load_address>0x1200</load_address>
         <readonly>true</readonly>
         <executable>true</executable>
         <run_address>0x1200</run_address>
         <size>0x192</size>
         <alignment>0x4</alignment>
         <input_file_ref idref="fl-100"/>
      </object_component>
      <object_component id="oc-33">
         <name>.text.Default_Handler</name>
         <load_address>0x1392</load_address>
         <readonly>true</readonly>
         <executable>true</executable>
         <run_address>0x1392</run_address>
         <size>0x2</size>
         <alignment>0x2</alignment>
         <input_file_ref idref="fl-3"/>
      </object_component>
      <object_component id="oc-1c1">
         <name>.text.fcvt</name>
         <load_address>0x1394</load_address>
         <readonly>true</readonly>
         <executable>true</executable>
         <run_address>0x1394</run_address>
         <size>0x13c</size>
         <alignment>0x4</alignment>
         <input_file_ref idref="fl-30"/>
      </object_component>
      <object_component id="oc-165">
         <name>.text._pconv_e</name>
         <load_address>0x14d0</load_address>
         <readonly>true</readonly>
         <executable>true</executable>
         <run_address>0x14d0</run_address>
         <size>0x120</size>
         <alignment>0x4</alignment>
         <input_file_ref idref="fl-30"/>
      </object_component>
      <object_component id="oc-216">
         <name>.text.aligned_alloc</name>
         <load_address>0x15f0</load_address>
         <readonly>true</readonly>
         <executable>true</executable>
         <run_address>0x15f0</run_address>
         <size>0x114</size>
         <alignment>0x4</alignment>
         <input_file_ref idref="fl-3d"/>
      </object_component>
      <object_component id="oc-1b9">
         <name>.text.__divdf3</name>
         <load_address>0x1704</load_address>
         <readonly>true</readonly>
         <executable>true</executable>
         <run_address>0x1704</run_address>
         <size>0x10c</size>
         <alignment>0x4</alignment>
         <input_file_ref idref="fl-105"/>
      </object_component>
      <object_component id="oc-96">
         <name>.text.DL_Timer_initTimerMode</name>
         <load_address>0x1810</load_address>
         <readonly>true</readonly>
         <executable>true</executable>
         <run_address>0x1810</run_address>
         <size>0xfc</size>
         <alignment>0x4</alignment>
         <input_file_ref idref="fl-18"/>
      </object_component>
      <object_component id="oc-129">
         <name>.text.fputs</name>
         <load_address>0x190c</load_address>
         <readonly>true</readonly>
         <executable>true</executable>
         <run_address>0x190c</run_address>
         <size>0xf8</size>
         <alignment>0x4</alignment>
         <input_file_ref idref="fl-32"/>
      </object_component>
      <object_component id="oc-1f6">
         <name>.text.free</name>
         <load_address>0x1a04</load_address>
         <readonly>true</readonly>
         <executable>true</executable>
         <run_address>0x1a04</run_address>
         <size>0xe8</size>
         <alignment>0x4</alignment>
         <input_file_ref idref="fl-3d"/>
      </object_component>
      <object_component id="oc-1a9">
         <name>.text.__muldf3</name>
         <load_address>0x1aec</load_address>
         <readonly>true</readonly>
         <executable>true</executable>
         <run_address>0x1aec</run_address>
         <size>0xe4</size>
         <alignment>0x4</alignment>
         <input_file_ref idref="fl-101"/>
      </object_component>
      <object_component id="oc-1c9">
         <name>.text.setvbuf</name>
         <load_address>0x1bd0</load_address>
         <readonly>true</readonly>
         <executable>true</executable>
         <run_address>0x1bd0</run_address>
         <size>0xe0</size>
         <alignment>0x4</alignment>
         <input_file_ref idref="fl-34"/>
      </object_component>
      <object_component id="oc-198">
         <name>.text.scalbn</name>
         <load_address>0x1cb0</load_address>
         <readonly>true</readonly>
         <executable>true</executable>
         <run_address>0x1cb0</run_address>
         <size>0xd8</size>
         <alignment>0x4</alignment>
         <input_file_ref idref="fl-48"/>
      </object_component>
      <object_component id="oc-18f">
         <name>.text</name>
         <load_address>0x1d88</load_address>
         <readonly>true</readonly>
         <executable>true</executable>
         <run_address>0x1d88</run_address>
         <size>0xa2</size>
         <alignment>0x4</alignment>
         <input_file_ref idref="fl-111"/>
      </object_component>
      <object_component id="oc-e8">
         <name>.text.SYSCFG_DL_GPIO_init</name>
         <load_address>0x1e2a</load_address>
         <readonly>true</readonly>
         <executable>true</executable>
         <run_address>0x1e2a</run_address>
         <size>0x2</size>
         <alignment>0x2</alignment>
         <input_file_ref idref="fl-2"/>
      </object_component>
      <object_component id="oc-12f">
         <name>.text.fputc</name>
         <load_address>0x1e2c</load_address>
         <readonly>true</readonly>
         <executable>true</executable>
         <run_address>0x1e2c</run_address>
         <size>0x9c</size>
         <alignment>0x4</alignment>
         <input_file_ref idref="fl-31"/>
      </object_component>
      <object_component id="oc-82">
         <name>.text:memcpy</name>
         <load_address>0x1ec8</load_address>
         <readonly>true</readonly>
         <executable>true</executable>
         <run_address>0x1ec8</run_address>
         <size>0x9a</size>
         <alignment>0x1</alignment>
         <input_file_ref idref="fl-116"/>
      </object_component>
      <object_component id="oc-17d">
         <name>.text.__aeabi_idiv0</name>
         <load_address>0x1f62</load_address>
         <readonly>true</readonly>
         <executable>true</executable>
         <run_address>0x1f62</run_address>
         <size>0x2</size>
         <alignment>0x2</alignment>
         <input_file_ref idref="fl-114"/>
      </object_component>
      <object_component id="oc-ac">
         <name>.text.__mulsf3</name>
         <load_address>0x1f64</load_address>
         <readonly>true</readonly>
         <executable>true</executable>
         <run_address>0x1f64</run_address>
         <size>0x8c</size>
         <alignment>0x4</alignment>
         <input_file_ref idref="fl-103"/>
      </object_component>
      <object_component id="oc-286">
         <name>.text:strcmp</name>
         <load_address>0x1ff0</load_address>
         <readonly>true</readonly>
         <executable>true</executable>
         <run_address>0x1ff0</run_address>
         <size>0x88</size>
         <alignment>0x10</alignment>
         <input_file_ref idref="fl-118"/>
      </object_component>
      <object_component id="oc-b4">
         <name>.text.__divsf3</name>
         <load_address>0x2078</load_address>
         <readonly>true</readonly>
         <executable>true</executable>
         <run_address>0x2078</run_address>
         <size>0x82</size>
         <alignment>0x4</alignment>
         <input_file_ref idref="fl-104"/>
      </object_component>
      <object_component id="oc-1d9">
         <name>.text.__aeabi_ldiv0</name>
         <load_address>0x20fa</load_address>
         <readonly>true</readonly>
         <executable>true</executable>
         <run_address>0x20fa</run_address>
         <size>0x2</size>
         <alignment>0x2</alignment>
         <input_file_ref idref="fl-114"/>
      </object_component>
      <object_component id="oc-217">
         <name>.text.__TI_closefile</name>
         <load_address>0x20fc</load_address>
         <readonly>true</readonly>
         <executable>true</executable>
         <run_address>0x20fc</run_address>
         <size>0x7c</size>
         <alignment>0x4</alignment>
         <input_file_ref idref="fl-50"/>
      </object_component>
      <object_component id="oc-1c">
         <name>.text:decompress:lzss</name>
         <load_address>0x2178</load_address>
         <readonly>true</readonly>
         <executable>true</executable>
         <run_address>0x2178</run_address>
         <size>0x7c</size>
         <alignment>0x4</alignment>
         <input_file_ref idref="fl-46"/>
      </object_component>
      <object_component id="oc-1b7">
         <name>.text.__gedf2</name>
         <load_address>0x21f4</load_address>
         <readonly>true</readonly>
         <executable>true</executable>
         <run_address>0x21f4</run_address>
         <size>0x74</size>
         <alignment>0x4</alignment>
         <input_file_ref idref="fl-113"/>
      </object_component>
      <object_component id="oc-230">
         <name>.text.HOSTlseek</name>
         <load_address>0x2268</load_address>
         <readonly>true</readonly>
         <executable>true</executable>
         <run_address>0x2268</run_address>
         <size>0x6c</size>
         <alignment>0x4</alignment>
         <input_file_ref idref="fl-f9"/>
      </object_component>
      <object_component id="oc-238">
         <name>.text.HOSTrename</name>
         <load_address>0x22d4</load_address>
         <readonly>true</readonly>
         <executable>true</executable>
         <run_address>0x22d4</run_address>
         <size>0x6c</size>
         <alignment>0x4</alignment>
         <input_file_ref idref="fl-fc"/>
      </object_component>
      <object_component id="oc-1f3">
         <name>.text.fseeko</name>
         <load_address>0x2340</load_address>
         <readonly>true</readonly>
         <executable>true</executable>
         <run_address>0x2340</run_address>
         <size>0x6c</size>
         <alignment>0x4</alignment>
         <input_file_ref idref="fl-4d"/>
      </object_component>
      <object_component id="oc-27a">
         <name>.text.getdevice</name>
         <load_address>0x23ac</load_address>
         <readonly>true</readonly>
         <executable>true</executable>
         <run_address>0x23ac</run_address>
         <size>0x6c</size>
         <alignment>0x4</alignment>
         <input_file_ref idref="fl-115"/>
      </object_component>
      <object_component id="oc-1b1">
         <name>.text.__ledf2</name>
         <load_address>0x2418</load_address>
         <readonly>true</readonly>
         <executable>true</executable>
         <run_address>0x2418</run_address>
         <size>0x68</size>
         <alignment>0x4</alignment>
         <input_file_ref idref="fl-113"/>
      </object_component>
      <object_component id="oc-1b0">
         <name>.text._mcpy</name>
         <load_address>0x2480</load_address>
         <readonly>true</readonly>
         <executable>true</executable>
         <run_address>0x2480</run_address>
         <size>0x66</size>
         <alignment>0x2</alignment>
         <input_file_ref idref="fl-30"/>
      </object_component>
      <object_component id="oc-166">
         <name>.text.__TI_wrt_ok</name>
         <load_address>0x24e6</load_address>
         <readonly>true</readonly>
         <executable>true</executable>
         <run_address>0x24e6</run_address>
         <size>0x64</size>
         <alignment>0x2</alignment>
         <input_file_ref idref="fl-33"/>
      </object_component>
      <object_component id="oc-118">
         <name>.text._nop</name>
         <load_address>0x254a</load_address>
         <readonly>true</readonly>
         <executable>true</executable>
         <run_address>0x254a</run_address>
         <size>0x2</size>
         <alignment>0x2</alignment>
         <input_file_ref idref="fl-37"/>
      </object_component>
      <object_component id="oc-242">
         <name>.text.split</name>
         <load_address>0x254c</load_address>
         <readonly>true</readonly>
         <executable>true</executable>
         <run_address>0x254c</run_address>
         <size>0x64</size>
         <alignment>0x4</alignment>
         <input_file_ref idref="fl-3d"/>
      </object_component>
      <object_component id="oc-15f">
         <name>.text.__aeabi_dcmp</name>
         <load_address>0x25b0</load_address>
         <readonly>true</readonly>
         <executable>true</executable>
         <run_address>0x25b0</run_address>
         <size>0x62</size>
         <alignment>0x4</alignment>
         <input_file_ref idref="fl-10b"/>
      </object_component>
      <object_component id="oc-e6">
         <name>.text:memset</name>
         <load_address>0x2612</load_address>
         <readonly>true</readonly>
         <executable>true</executable>
         <run_address>0x2612</run_address>
         <size>0x62</size>
         <alignment>0x1</alignment>
         <input_file_ref idref="fl-117"/>
      </object_component>
      <object_component id="oc-220">
         <name>.text.HOSTopen</name>
         <load_address>0x2674</load_address>
         <readonly>true</readonly>
         <executable>true</executable>
         <run_address>0x2674</run_address>
         <size>0x60</size>
         <alignment>0x4</alignment>
         <input_file_ref idref="fl-fa"/>
      </object_component>
      <object_component id="oc-194">
         <name>.text.frexp</name>
         <load_address>0x26d4</load_address>
         <readonly>true</readonly>
         <executable>true</executable>
         <run_address>0x26d4</run_address>
         <size>0x5c</size>
         <alignment>0x4</alignment>
         <input_file_ref idref="fl-47"/>
      </object_component>
      <object_component id="oc-9e">
         <name>.text.printf</name>
         <load_address>0x2730</load_address>
         <readonly>true</readonly>
         <executable>true</executable>
         <run_address>0x2730</run_address>
         <size>0x5c</size>
         <alignment>0x4</alignment>
         <input_file_ref idref="fl-2f"/>
      </object_component>
      <object_component id="oc-228">
         <name>.text.HOSTread</name>
         <load_address>0x278c</load_address>
         <readonly>true</readonly>
         <executable>true</executable>
         <run_address>0x278c</run_address>
         <size>0x58</size>
         <alignment>0x4</alignment>
         <input_file_ref idref="fl-fb"/>
      </object_component>
      <object_component id="oc-22c">
         <name>.text.HOSTwrite</name>
         <load_address>0x27e4</load_address>
         <readonly>true</readonly>
         <executable>true</executable>
         <run_address>0x27e4</run_address>
         <size>0x58</size>
         <alignment>0x4</alignment>
         <input_file_ref idref="fl-fe"/>
      </object_component>
      <object_component id="oc-1a0">
         <name>.text.__TI_ltoa</name>
         <load_address>0x283c</load_address>
         <readonly>true</readonly>
         <executable>true</executable>
         <run_address>0x283c</run_address>
         <size>0x58</size>
         <alignment>0x2</alignment>
         <input_file_ref idref="fl-38"/>
      </object_component>
      <object_component id="oc-164">
         <name>.text._pconv_f</name>
         <load_address>0x2894</load_address>
         <readonly>true</readonly>
         <executable>true</executable>
         <run_address>0x2894</run_address>
         <size>0x58</size>
         <alignment>0x2</alignment>
         <input_file_ref idref="fl-30"/>
      </object_component>
      <object_component id="oc-1e6">
         <name>.text.__aeabi_idivmod</name>
         <load_address>0x28ec</load_address>
         <readonly>true</readonly>
         <executable>true</executable>
         <run_address>0x28ec</run_address>
         <size>0x56</size>
         <alignment>0x4</alignment>
         <input_file_ref idref="fl-10c"/>
      </object_component>
      <object_component id="oc-170">
         <name>.text.__TI_doflush</name>
         <load_address>0x2942</load_address>
         <readonly>true</readonly>
         <executable>true</executable>
         <run_address>0x2942</run_address>
         <size>0x52</size>
         <alignment>0x2</alignment>
         <input_file_ref idref="fl-4b"/>
      </object_component>
      <object_component id="oc-1ae">
         <name>.text._ecpy</name>
         <load_address>0x2994</load_address>
         <readonly>true</readonly>
         <executable>true</executable>
         <run_address>0x2994</run_address>
         <size>0x52</size>
         <alignment>0x2</alignment>
         <input_file_ref idref="fl-30"/>
      </object_component>
      <object_component id="oc-244">
         <name>.text.close</name>
         <load_address>0x29e8</load_address>
         <readonly>true</readonly>
         <executable>true</executable>
         <run_address>0x29e8</run_address>
         <size>0x50</size>
         <alignment>0x4</alignment>
         <input_file_ref idref="fl-f6"/>
      </object_component>
      <object_component id="oc-a4">
         <name>.text.DL_DMA_initChannel</name>
         <load_address>0x2a38</load_address>
         <readonly>true</readonly>
         <executable>true</executable>
         <run_address>0x2a38</run_address>
         <size>0x4c</size>
         <alignment>0x4</alignment>
         <input_file_ref idref="fl-16"/>
      </object_component>
      <object_component id="oc-19c">
         <name>.text.__fixdfsi</name>
         <load_address>0x2a84</load_address>
         <readonly>true</readonly>
         <executable>true</executable>
         <run_address>0x2a84</run_address>
         <size>0x4a</size>
         <alignment>0x4</alignment>
         <input_file_ref idref="fl-107"/>
      </object_component>
      <object_component id="oc-224">
         <name>.text.HOSTclose</name>
         <load_address>0x2ad0</load_address>
         <readonly>true</readonly>
         <executable>true</executable>
         <run_address>0x2ad0</run_address>
         <size>0x48</size>
         <alignment>0x4</alignment>
         <input_file_ref idref="fl-f8"/>
      </object_component>
      <object_component id="oc-234">
         <name>.text.HOSTunlink</name>
         <load_address>0x2b18</load_address>
         <readonly>true</readonly>
         <executable>true</executable>
         <run_address>0x2b18</run_address>
         <size>0x48</size>
         <alignment>0x4</alignment>
         <input_file_ref idref="fl-fd"/>
      </object_component>
      <object_component id="oc-e9">
         <name>.text.SYSCFG_DL_SYSCTL_init</name>
         <load_address>0x2b60</load_address>
         <readonly>true</readonly>
         <executable>true</executable>
         <run_address>0x2b60</run_address>
         <size>0x40</size>
         <alignment>0x4</alignment>
         <input_file_ref idref="fl-2"/>
      </object_component>
      <object_component id="oc-142">
         <name>.text.__aeabi_uidivmod</name>
         <load_address>0x2ba0</load_address>
         <readonly>true</readonly>
         <executable>true</executable>
         <run_address>0x2ba0</run_address>
         <size>0x40</size>
         <alignment>0x4</alignment>
         <input_file_ref idref="fl-10f"/>
      </object_component>
      <object_component id="oc-b0">
         <name>.text.__extendsfdf2</name>
         <load_address>0x2be0</load_address>
         <readonly>true</readonly>
         <executable>true</executable>
         <run_address>0x2be0</run_address>
         <size>0x40</size>
         <alignment>0x4</alignment>
         <input_file_ref idref="fl-106"/>
      </object_component>
      <object_component id="oc-148">
         <name>.text.atoi</name>
         <load_address>0x2c20</load_address>
         <readonly>true</readonly>
         <executable>true</executable>
         <run_address>0x2c20</run_address>
         <size>0x40</size>
         <alignment>0x4</alignment>
         <input_file_ref idref="fl-3a"/>
      </object_component>
      <object_component id="oc-ce">
         <name>.text:__TI_auto_init_nobinit_nopinit</name>
         <load_address>0x2c60</load_address>
         <readonly>true</readonly>
         <executable>true</executable>
         <run_address>0x2c60</run_address>
         <size>0x3c</size>
         <alignment>0x4</alignment>
         <input_file_ref idref="fl-41"/>
      </object_component>
      <object_component id="oc-103">
         <name>.text.__muldsi3</name>
         <load_address>0x2c9c</load_address>
         <readonly>true</readonly>
         <executable>true</executable>
         <run_address>0x2c9c</run_address>
         <size>0x3a</size>
         <alignment>0x4</alignment>
         <input_file_ref idref="fl-102"/>
      </object_component>
      <object_component id="oc-9d">
         <name>.text.rand</name>
         <load_address>0x2cd8</load_address>
         <readonly>true</readonly>
         <executable>true</executable>
         <run_address>0x2cd8</run_address>
         <size>0x38</size>
         <alignment>0x4</alignment>
         <input_file_ref idref="fl-3e"/>
      </object_component>
      <object_component id="oc-1fd">
         <name>.text.__TI_cleanup</name>
         <load_address>0x2d10</load_address>
         <readonly>true</readonly>
         <executable>true</executable>
         <run_address>0x2d10</run_address>
         <size>0x34</size>
         <alignment>0x4</alignment>
         <input_file_ref idref="fl-4c"/>
      </object_component>
      <object_component id="oc-255">
         <name>.text.__TI_readmsg</name>
         <load_address>0x2d44</load_address>
         <readonly>true</readonly>
         <executable>true</executable>
         <run_address>0x2d44</run_address>
         <size>0x34</size>
         <alignment>0x4</alignment>
         <input_file_ref idref="fl-ff"/>
      </object_component>
      <object_component id="oc-24f">
         <name>.text.__TI_writemsg</name>
         <load_address>0x2d78</load_address>
         <readonly>true</readonly>
         <executable>true</executable>
         <run_address>0x2d78</run_address>
         <size>0x34</size>
         <alignment>0x4</alignment>
         <input_file_ref idref="fl-ff"/>
      </object_component>
      <object_component id="oc-cc">
         <name>.text.exit</name>
         <load_address>0x2dac</load_address>
         <readonly>true</readonly>
         <executable>true</executable>
         <run_address>0x2dac</run_address>
         <size>0x34</size>
         <alignment>0x4</alignment>
         <input_file_ref idref="fl-36"/>
      </object_component>
      <object_component id="oc-283">
         <name>.text.finddevice</name>
         <load_address>0x2de0</load_address>
         <readonly>true</readonly>
         <executable>true</executable>
         <run_address>0x2de0</run_address>
         <size>0x34</size>
         <alignment>0x4</alignment>
         <input_file_ref idref="fl-115"/>
      </object_component>
      <object_component id="oc-1af">
         <name>.text._fcpy</name>
         <load_address>0x2e14</load_address>
         <readonly>true</readonly>
         <executable>true</executable>
         <run_address>0x2e14</run_address>
         <size>0x30</size>
         <alignment>0x2</alignment>
         <input_file_ref idref="fl-30"/>
      </object_component>
      <object_component id="oc-e7">
         <name>.text.SYSCFG_DL_initPower</name>
         <load_address>0x2e44</load_address>
         <readonly>true</readonly>
         <executable>true</executable>
         <run_address>0x2e44</run_address>
         <size>0x2c</size>
         <alignment>0x4</alignment>
         <input_file_ref idref="fl-2"/>
      </object_component>
      <object_component id="oc-1a4">
         <name>.text.__floatsidf</name>
         <load_address>0x2e70</load_address>
         <readonly>true</readonly>
         <executable>true</executable>
         <run_address>0x2e70</run_address>
         <size>0x2c</size>
         <alignment>0x4</alignment>
         <input_file_ref idref="fl-108"/>
      </object_component>
      <object_component id="oc-270">
         <name>.text.unlink</name>
         <load_address>0x2e9c</load_address>
         <readonly>true</readonly>
         <executable>true</executable>
         <run_address>0x2e9c</run_address>
         <size>0x2c</size>
         <alignment>0x4</alignment>
         <input_file_ref idref="fl-f7"/>
      </object_component>
      <object_component id="oc-a8">
         <name>.text.__floatunsisf</name>
         <load_address>0x2ec8</load_address>
         <readonly>true</readonly>
         <executable>true</executable>
         <run_address>0x2ec8</run_address>
         <size>0x28</size>
         <alignment>0x4</alignment>
         <input_file_ref idref="fl-109"/>
      </object_component>
      <object_component id="oc-212">
         <name>.text.free_list_insert</name>
         <load_address>0x2ef0</load_address>
         <readonly>true</readonly>
         <executable>true</executable>
         <run_address>0x2ef0</run_address>
         <size>0x28</size>
         <alignment>0x4</alignment>
         <input_file_ref idref="fl-3d"/>
      </object_component>
      <object_component id="oc-20c">
         <name>.text.lseek</name>
         <load_address>0x2f18</load_address>
         <readonly>true</readonly>
         <executable>true</executable>
         <run_address>0x2f18</run_address>
         <size>0x28</size>
         <alignment>0x4</alignment>
         <input_file_ref idref="fl-f5"/>
      </object_component>
      <object_component id="oc-16c">
         <name>.text.write</name>
         <load_address>0x2f40</load_address>
         <readonly>true</readonly>
         <executable>true</executable>
         <run_address>0x2f40</run_address>
         <size>0x28</size>
         <alignment>0x4</alignment>
         <input_file_ref idref="fl-f1"/>
      </object_component>
      <object_component id="oc-54">
         <name>.text:_c_int00_noargs</name>
         <load_address>0x2f68</load_address>
         <readonly>true</readonly>
         <executable>true</executable>
         <run_address>0x2f68</run_address>
         <size>0x28</size>
         <alignment>0x4</alignment>
         <input_file_ref idref="fl-3f"/>
      </object_component>
      <object_component id="oc-155">
         <name>.text.__muldi3</name>
         <load_address>0x2f90</load_address>
         <readonly>true</readonly>
         <executable>true</executable>
         <run_address>0x2f90</run_address>
         <size>0x24</size>
         <alignment>0x4</alignment>
         <input_file_ref idref="fl-10a"/>
      </object_component>
      <object_component id="oc-97">
         <name>.text.srand</name>
         <load_address>0x2fb4</load_address>
         <readonly>true</readonly>
         <executable>true</executable>
         <run_address>0x2fb4</run_address>
         <size>0x24</size>
         <alignment>0x4</alignment>
         <input_file_ref idref="fl-3e"/>
      </object_component>
      <object_component id="oc-13d">
         <name>.text.memccpy</name>
         <load_address>0x2fd8</load_address>
         <readonly>true</readonly>
         <executable>true</executable>
         <run_address>0x2fd8</run_address>
         <size>0x22</size>
         <alignment>0x2</alignment>
         <input_file_ref idref="fl-3c"/>
      </object_component>
      <object_component id="oc-1da">
         <name>.text.__ashldi3</name>
         <load_address>0x2ffc</load_address>
         <readonly>true</readonly>
         <executable>true</executable>
         <run_address>0x2ffc</run_address>
         <size>0x1e</size>
         <alignment>0x4</alignment>
         <input_file_ref idref="fl-112"/>
      </object_component>
      <object_component id="oc-90">
         <name>.text.DL_Timer_setClockConfig</name>
         <load_address>0x301c</load_address>
         <readonly>true</readonly>
         <executable>true</executable>
         <run_address>0x301c</run_address>
         <size>0x1c</size>
         <alignment>0x4</alignment>
         <input_file_ref idref="fl-18"/>
      </object_component>
      <object_component id="oc-34">
         <name>.text.DMA_IRQHandler</name>
         <load_address>0x3038</load_address>
         <readonly>true</readonly>
         <executable>true</executable>
         <run_address>0x3038</run_address>
         <size>0x1c</size>
         <alignment>0x4</alignment>
         <input_file_ref idref="fl-1"/>
      </object_component>
      <object_component id="oc-210">
         <name>.text.free_list_remove</name>
         <load_address>0x3054</load_address>
         <readonly>true</readonly>
         <executable>true</executable>
         <run_address>0x3054</run_address>
         <size>0x1c</size>
         <alignment>0x4</alignment>
         <input_file_ref idref="fl-3d"/>
      </object_component>
      <object_component id="oc-15a">
         <name>.text.__aeabi_uldivmod</name>
         <load_address>0x3070</load_address>
         <readonly>true</readonly>
         <executable>true</executable>
         <run_address>0x3070</run_address>
         <size>0x14</size>
         <alignment>0x4</alignment>
         <input_file_ref idref="fl-110"/>
      </object_component>
      <object_component id="oc-1ad">
         <name>.text.strchr</name>
         <load_address>0x3084</load_address>
         <readonly>true</readonly>
         <executable>true</executable>
         <run_address>0x3084</run_address>
         <size>0x14</size>
         <alignment>0x2</alignment>
         <input_file_ref idref="fl-30"/>
      </object_component>
      <object_component id="oc-20">
         <name>.text:decompress:none</name>
         <load_address>0x3098</load_address>
         <readonly>true</readonly>
         <executable>true</executable>
         <run_address>0x3098</run_address>
         <size>0x12</size>
         <alignment>0x2</alignment>
         <input_file_ref idref="fl-45"/>
      </object_component>
      <object_component id="oc-87">
         <name>.text.SYSCFG_DL_init</name>
         <load_address>0x30aa</load_address>
         <readonly>true</readonly>
         <executable>true</executable>
         <run_address>0x30aa</run_address>
         <size>0x10</size>
         <alignment>0x2</alignment>
         <input_file_ref idref="fl-2"/>
      </object_component>
      <object_component id="oc-14c">
         <name>.text.wcslen</name>
         <load_address>0x30ba</load_address>
         <readonly>true</readonly>
         <executable>true</executable>
         <run_address>0x30ba</run_address>
         <size>0x10</size>
         <alignment>0x2</alignment>
         <input_file_ref idref="fl-49"/>
      </object_component>
      <object_component id="oc-51">
         <name>.text:decompress:ZI</name>
         <load_address>0x30ca</load_address>
         <readonly>true</readonly>
         <executable>true</executable>
         <run_address>0x30ca</run_address>
         <size>0x10</size>
         <alignment>0x2</alignment>
         <input_file_ref idref="fl-44"/>
      </object_component>
      <object_component id="oc-211">
         <name>.text.OUTLINED_FUNCTION_0</name>
         <load_address>0x30da</load_address>
         <readonly>true</readonly>
         <executable>true</executable>
         <run_address>0x30da</run_address>
         <size>0xe</size>
         <alignment>0x2</alignment>
         <input_file_ref idref="fl-3d"/>
      </object_component>
      <object_component id="oc-13c">
         <name>.text.__aeabi_memset</name>
         <load_address>0x30e8</load_address>
         <readonly>true</readonly>
         <executable>true</executable>
         <run_address>0x30e8</run_address>
         <size>0xe</size>
         <alignment>0x4</alignment>
         <input_file_ref idref="fl-10e"/>
      </object_component>
      <object_component id="oc-269">
         <name>.text.strcpy</name>
         <load_address>0x30f6</load_address>
         <readonly>true</readonly>
         <executable>true</executable>
         <run_address>0x30f6</run_address>
         <size>0xe</size>
         <alignment>0x2</alignment>
         <input_file_ref idref="fl-fc"/>
      </object_component>
      <object_component id="oc-13b">
         <name>.text.strlen</name>
         <load_address>0x3104</load_address>
         <readonly>true</readonly>
         <executable>true</executable>
         <run_address>0x3104</run_address>
         <size>0xe</size>
         <alignment>0x2</alignment>
         <input_file_ref idref="fl-30"/>
      </object_component>
      <object_component id="oc-26a">
         <name>.text.strlen</name>
         <load_address>0x3112</load_address>
         <readonly>true</readonly>
         <executable>true</executable>
         <run_address>0x3112</run_address>
         <size>0xe</size>
         <alignment>0x2</alignment>
         <input_file_ref idref="fl-fc"/>
      </object_component>
      <object_component id="oc-64">
         <name>.text.__aeabi_memclr</name>
         <load_address>0x3120</load_address>
         <readonly>true</readonly>
         <executable>true</executable>
         <run_address>0x3120</run_address>
         <size>0xc</size>
         <alignment>0x4</alignment>
         <input_file_ref idref="fl-10e"/>
      </object_component>
      <object_component id="oc-1fc">
         <name>.text.malloc</name>
         <load_address>0x312c</load_address>
         <readonly>true</readonly>
         <executable>true</executable>
         <run_address>0x312c</run_address>
         <size>0xc</size>
         <alignment>0x2</alignment>
         <input_file_ref idref="fl-3d"/>
      </object_component>
      <object_component id="oc-8c">
         <name>.text.DL_Common_delayCycles</name>
         <load_address>0x3138</load_address>
         <readonly>true</readonly>
         <executable>true</executable>
         <run_address>0x3138</run_address>
         <size>0xa</size>
         <alignment>0x2</alignment>
         <input_file_ref idref="fl-15"/>
      </object_component>
      <object_component id="oc-1a8">
         <name>.text.OUTLINED_FUNCTION_0</name>
         <load_address>0x3142</load_address>
         <readonly>true</readonly>
         <executable>true</executable>
         <run_address>0x3142</run_address>
         <size>0xa</size>
         <alignment>0x2</alignment>
         <input_file_ref idref="fl-30"/>
      </object_component>
      <object_component id="oc-2d3">
         <name>.tramp.__aeabi_dsub.1</name>
         <load_address>0x314c</load_address>
         <readonly>true</readonly>
         <executable>true</executable>
         <run_address>0x314c</run_address>
         <size>0x10</size>
         <alignment>0x4</alignment>
         <input_file_ref idref="fl-100"/>
      </object_component>
      <object_component id="oc-1c2">
         <name>.text.OUTLINED_FUNCTION_1</name>
         <load_address>0x315c</load_address>
         <readonly>true</readonly>
         <executable>true</executable>
         <run_address>0x315c</run_address>
         <size>0xa</size>
         <alignment>0x2</alignment>
         <input_file_ref idref="fl-30"/>
      </object_component>
      <object_component id="oc-150">
         <name>.text.__aeabi_errno_addr</name>
         <load_address>0x3168</load_address>
         <readonly>true</readonly>
         <executable>true</executable>
         <run_address>0x3168</run_address>
         <size>0x8</size>
         <alignment>0x4</alignment>
         <input_file_ref idref="fl-35"/>
      </object_component>
      <object_component id="oc-44">
         <name>.text.__aeabi_memcpy</name>
         <load_address>0x3170</load_address>
         <readonly>true</readonly>
         <executable>true</executable>
         <run_address>0x3170</run_address>
         <size>0x8</size>
         <alignment>0x4</alignment>
         <input_file_ref idref="fl-10d"/>
      </object_component>
      <object_component id="oc-fc">
         <name>.text._outc</name>
         <load_address>0x3178</load_address>
         <readonly>true</readonly>
         <executable>true</executable>
         <run_address>0x3178</run_address>
         <size>0x8</size>
         <alignment>0x2</alignment>
         <input_file_ref idref="fl-2f"/>
      </object_component>
      <object_component id="oc-fb">
         <name>.text._outs</name>
         <load_address>0x3180</load_address>
         <readonly>true</readonly>
         <executable>true</executable>
         <run_address>0x3180</run_address>
         <size>0x8</size>
         <alignment>0x2</alignment>
         <input_file_ref idref="fl-2f"/>
      </object_component>
      <object_component id="oc-1c3">
         <name>.text.fseek</name>
         <load_address>0x3188</load_address>
         <readonly>true</readonly>
         <executable>true</executable>
         <run_address>0x3188</run_address>
         <size>0x8</size>
         <alignment>0x2</alignment>
         <input_file_ref idref="fl-4d"/>
      </object_component>
      <object_component id="oc-248">
         <name>.text.remove</name>
         <load_address>0x3190</load_address>
         <readonly>true</readonly>
         <executable>true</executable>
         <run_address>0x3190</run_address>
         <size>0x8</size>
         <alignment>0x2</alignment>
         <input_file_ref idref="fl-f3"/>
      </object_component>
      <object_component id="oc-c7">
         <name>.text:abort</name>
         <load_address>0x3198</load_address>
         <readonly>true</readonly>
         <executable>true</executable>
         <run_address>0x3198</run_address>
         <size>0x6</size>
         <alignment>0x2</alignment>
         <input_file_ref idref="fl-36"/>
      </object_component>
      <object_component id="oc-10a">
         <name>.text.HOSTexit</name>
         <load_address>0x319e</load_address>
         <readonly>true</readonly>
         <executable>true</executable>
         <run_address>0x319e</run_address>
         <size>0x4</size>
         <alignment>0x2</alignment>
         <input_file_ref idref="fl-f0"/>
      </object_component>
      <object_component id="oc-2f">
         <name>.text.Reset_Handler</name>
         <load_address>0x31a2</load_address>
         <readonly>true</readonly>
         <executable>true</executable>
         <run_address>0x31a2</run_address>
         <size>0x4</size>
         <alignment>0x2</alignment>
         <input_file_ref idref="fl-3"/>
      </object_component>
      <object_component id="oc-69">
         <name>.text._system_pre_init</name>
         <load_address>0x31a6</load_address>
         <readonly>true</readonly>
         <executable>true</executable>
         <run_address>0x31a6</run_address>
         <size>0x4</size>
         <alignment>0x2</alignment>
         <input_file_ref idref="fl-42"/>
      </object_component>
      <object_component id="oc-2ce">
         <name>.cinit..data.load</name>
         <load_address>0x3420</load_address>
         <readonly>true</readonly>
         <run_address>0x3420</run_address>
         <size>0x53</size>
         <alignment>0x1</alignment>
      </object_component>
      <object_component id="oc-2cc">
         <name>__TI_handler_table</name>
         <load_address>0x3474</load_address>
         <readonly>true</readonly>
         <run_address>0x3474</run_address>
         <size>0xc</size>
         <alignment>0x4</alignment>
      </object_component>
      <object_component id="oc-2cf">
         <name>.cinit..bss.load</name>
         <load_address>0x3480</load_address>
         <readonly>true</readonly>
         <run_address>0x3480</run_address>
         <size>0x8</size>
         <alignment>0x4</alignment>
      </object_component>
      <object_component id="oc-2cd">
         <name>__TI_cinit_table</name>
         <load_address>0x3488</load_address>
         <readonly>true</readonly>
         <run_address>0x3488</run_address>
         <size>0x10</size>
         <alignment>0x4</alignment>
      </object_component>
      <object_component id="oc-183">
         <name>.rodata:__aeabi_ctype_table_</name>
         <load_address>0x31b0</load_address>
         <readonly>true</readonly>
         <run_address>0x31b0</run_address>
         <size>0x101</size>
         <alignment>0x10</alignment>
         <input_file_ref idref="fl-4e"/>
      </object_component>
      <object_component id="oc-c5">
         <name>.rodata.str1.8589760390535352523.1</name>
         <load_address>0x32b1</load_address>
         <readonly>true</readonly>
         <run_address>0x32b1</run_address>
         <size>0x28</size>
         <alignment>0x1</alignment>
         <input_file_ref idref="fl-1"/>
      </object_component>
      <object_component id="oc-c4">
         <name>.rodata.str1.7528130212558642363.1</name>
         <load_address>0x32d9</load_address>
         <readonly>true</readonly>
         <run_address>0x32d9</run_address>
         <size>0x26</size>
         <alignment>0x1</alignment>
         <input_file_ref idref="fl-1"/>
      </object_component>
      <object_component id="oc-c1">
         <name>.rodata.gDMA_CH0Config</name>
         <load_address>0x3300</load_address>
         <readonly>true</readonly>
         <run_address>0x3300</run_address>
         <size>0x18</size>
         <alignment>0x4</alignment>
         <input_file_ref idref="fl-1"/>
      </object_component>
      <object_component id="oc-c0">
         <name>.rodata.str1.10286212678745424804.1</name>
         <load_address>0x3318</load_address>
         <readonly>true</readonly>
         <run_address>0x3318</run_address>
         <size>0x18</size>
         <alignment>0x1</alignment>
         <input_file_ref idref="fl-1"/>
      </object_component>
      <object_component id="oc-bd">
         <name>.rodata.str1.10420460937810105037.1</name>
         <load_address>0x3330</load_address>
         <readonly>true</readonly>
         <run_address>0x3330</run_address>
         <size>0x18</size>
         <alignment>0x1</alignment>
         <input_file_ref idref="fl-1"/>
      </object_component>
      <object_component id="oc-b9">
         <name>.rodata.str1.11685315333168722972.1</name>
         <load_address>0x3348</load_address>
         <readonly>true</readonly>
         <run_address>0x3348</run_address>
         <size>0x18</size>
         <alignment>0x1</alignment>
         <input_file_ref idref="fl-1"/>
      </object_component>
      <object_component id="oc-be">
         <name>.rodata.str1.3504407792892561410.1</name>
         <load_address>0x3360</load_address>
         <readonly>true</readonly>
         <run_address>0x3360</run_address>
         <size>0x18</size>
         <alignment>0x1</alignment>
         <input_file_ref idref="fl-1"/>
      </object_component>
      <object_component id="oc-bb">
         <name>.rodata.str1.6900732519088945348.1</name>
         <load_address>0x3378</load_address>
         <readonly>true</readonly>
         <run_address>0x3378</run_address>
         <size>0x18</size>
         <alignment>0x1</alignment>
         <input_file_ref idref="fl-1"/>
      </object_component>
      <object_component id="oc-bc">
         <name>.rodata.str1.8221416268326536011.1</name>
         <load_address>0x3390</load_address>
         <readonly>true</readonly>
         <run_address>0x3390</run_address>
         <size>0x18</size>
         <alignment>0x1</alignment>
         <input_file_ref idref="fl-1"/>
      </object_component>
      <object_component id="oc-ba">
         <name>.rodata.str1.9080994257490256463.1</name>
         <load_address>0x33a8</load_address>
         <readonly>true</readonly>
         <run_address>0x33a8</run_address>
         <size>0x18</size>
         <alignment>0x1</alignment>
         <input_file_ref idref="fl-1"/>
      </object_component>
      <object_component id="oc-bf">
         <name>.rodata.str1.9293482819726693382.1</name>
         <load_address>0x33c0</load_address>
         <readonly>true</readonly>
         <run_address>0x33c0</run_address>
         <size>0x18</size>
         <alignment>0x1</alignment>
         <input_file_ref idref="fl-1"/>
      </object_component>
      <object_component id="oc-c6">
         <name>.rodata.str1.1354863695999286238.1</name>
         <load_address>0x33d8</load_address>
         <readonly>true</readonly>
         <run_address>0x33d8</run_address>
         <size>0x13</size>
         <alignment>0x1</alignment>
         <input_file_ref idref="fl-1"/>
      </object_component>
      <object_component id="oc-159">
         <name>.rodata.str1.10348868589481759720.1</name>
         <load_address>0x33eb</load_address>
         <readonly>true</readonly>
         <run_address>0x33eb</run_address>
         <size>0x11</size>
         <alignment>0x1</alignment>
         <input_file_ref idref="fl-30"/>
      </object_component>
      <object_component id="oc-141">
         <name>.rodata.str1.15363888844622738466.1</name>
         <load_address>0x33fc</load_address>
         <readonly>true</readonly>
         <run_address>0x33fc</run_address>
         <size>0x11</size>
         <alignment>0x1</alignment>
         <input_file_ref idref="fl-30"/>
      </object_component>
      <object_component id="oc-c3">
         <name>.rodata.str1.10017216525972948457.1</name>
         <load_address>0x340d</load_address>
         <readonly>true</readonly>
         <run_address>0x340d</run_address>
         <size>0x10</size>
         <alignment>0x1</alignment>
         <input_file_ref idref="fl-1"/>
      </object_component>
      <object_component id="oc-294">
         <name>.binit</name>
         <load_address>0x0</load_address>
         <readonly>true</readonly>
         <run_address>0x0</run_address>
         <size>0x0</size>
         <alignment>0x4</alignment>
      </object_component>
      <object_component id="oc-c2">
         <name>.data.size_array</name>
         <load_address>0x20203388</load_address>
         <readwrite>true</readwrite>
         <run_address>0x20203388</run_address>
         <size>0x34</size>
         <alignment>0x4</alignment>
         <input_file_ref idref="fl-1"/>
      </object_component>
      <object_component id="oc-18a">
         <name>.data.__aeabi_errno</name>
         <load_address>0x202033c8</load_address>
         <readwrite>true</readwrite>
         <run_address>0x202033c8</run_address>
         <size>0x4</size>
         <alignment>0x4</alignment>
         <input_file_ref idref="fl-35"/>
      </object_component>
      <object_component id="oc-110">
         <name>.data..L_MergedGlobals</name>
         <load_address>0x202033bc</load_address>
         <readwrite>true</readwrite>
         <run_address>0x202033bc</run_address>
         <size>0x8</size>
         <alignment>0x4</alignment>
         <input_file_ref idref="fl-36"/>
      </object_component>
      <object_component id="oc-f2">
         <name>.data._lock</name>
         <load_address>0x202033cc</load_address>
         <readwrite>true</readwrite>
         <run_address>0x202033cc</run_address>
         <size>0x4</size>
         <alignment>0x4</alignment>
         <input_file_ref idref="fl-37"/>
      </object_component>
      <object_component id="oc-f5">
         <name>.data._unlock</name>
         <load_address>0x202033d0</load_address>
         <readwrite>true</readwrite>
         <run_address>0x202033d0</run_address>
         <size>0x4</size>
         <alignment>0x4</alignment>
         <input_file_ref idref="fl-37"/>
      </object_component>
      <object_component id="oc-f9">
         <name>.data._ftable</name>
         <load_address>0x202031d0</load_address>
         <readwrite>true</readwrite>
         <run_address>0x202031d0</run_address>
         <size>0xf0</size>
         <alignment>0x4</alignment>
         <input_file_ref idref="fl-3b"/>
      </object_component>
      <object_component id="oc-21d">
         <name>.data.__TI_ft_end</name>
         <load_address>0x202033c4</load_address>
         <readwrite>true</readwrite>
         <run_address>0x202033c4</run_address>
         <size>0x4</size>
         <alignment>0x4</alignment>
         <input_file_ref idref="fl-3b"/>
      </object_component>
      <object_component id="oc-243">
         <name>.data.memory_is_initialized</name>
         <load_address>0x202033d8</load_address>
         <readwrite>true</readwrite>
         <run_address>0x202033d8</run_address>
         <size>0x1</size>
         <alignment>0x4</alignment>
         <input_file_ref idref="fl-3d"/>
      </object_component>
      <object_component id="oc-f4">
         <name>.data.next</name>
         <load_address>0x202033d4</load_address>
         <readwrite>true</readwrite>
         <run_address>0x202033d4</run_address>
         <size>0x4</size>
         <alignment>0x4</alignment>
         <input_file_ref idref="fl-3e"/>
      </object_component>
      <object_component id="oc-206">
         <name>.data._device</name>
         <load_address>0x202032c0</load_address>
         <readwrite>true</readwrite>
         <run_address>0x202032c0</run_address>
         <size>0x78</size>
         <alignment>0x4</alignment>
         <input_file_ref idref="fl-f2"/>
      </object_component>
      <object_component id="oc-1cf">
         <name>.data._stream</name>
         <load_address>0x20203338</load_address>
         <readwrite>true</readwrite>
         <run_address>0x20203338</run_address>
         <size>0x50</size>
         <alignment>0x4</alignment>
         <input_file_ref idref="fl-f2"/>
      </object_component>
      <object_component id="oc-b8">
         <name>.bss.myData</name>
         <uninitialized>true</uninitialized>
         <readwrite>true</readwrite>
         <run_address>0x20200000</run_address>
         <size>0x2800</size>
         <alignment>0x1</alignment>
         <input_file_ref idref="fl-1"/>
      </object_component>
      <object_component id="oc-24c">
         <name>.bss.__TI_tmpnams</name>
         <uninitialized>true</uninitialized>
         <readwrite>true</readwrite>
         <run_address>0x20202920</run_address>
         <size>0xa0</size>
         <alignment>0x1</alignment>
         <input_file_ref idref="fl-3b"/>
      </object_component>
      <object_component id="oc-241">
         <name>.bss.sys_free</name>
         <uninitialized>true</uninitialized>
         <readwrite>true</readwrite>
         <run_address>0x202029c8</run_address>
         <size>0x4</size>
         <alignment>0x4</alignment>
         <input_file_ref idref="fl-3d"/>
      </object_component>
      <object_component id="oc-256">
         <name>.bss.parmbuf</name>
         <uninitialized>true</uninitialized>
         <readwrite>true</readwrite>
         <run_address>0x202029c0</run_address>
         <size>0x8</size>
         <alignment>0x1</alignment>
         <input_file_ref idref="fl-fa"/>
      </object_component>
      <object_component id="oc-277">
         <name>.bss:_CIOBUF_</name>
         <uninitialized>true</uninitialized>
         <readwrite>true</readwrite>
         <run_address>0x20202800</run_address>
         <size>0x120</size>
         <alignment>0x4</alignment>
         <input_file_ref idref="fl-ff"/>
      </object_component>
      <object_component id="oc-5b">
         <name>.common:dma_done</name>
         <uninitialized>true</uninitialized>
         <readwrite>true</readwrite>
         <run_address>0x202029cc</run_address>
         <size>0x1</size>
         <alignment>0x1</alignment>
      </object_component>
      <object_component id="oc-213">
         <name>.sysmem</name>
         <uninitialized>true</uninitialized>
         <readwrite>true</readwrite>
         <run_address>0x202029d0</run_address>
         <size>0x10</size>
         <alignment>0x8</alignment>
         <input_file_ref idref="fl-3d"/>
      </object_component>
      <object_component id="oc-2d2">
         <name>.sysmem</name>
         <uninitialized>true</uninitialized>
         <readwrite>true</readwrite>
         <run_address>0x202029d0</run_address>
         <size>0x0</size>
         <alignment>0x4</alignment>
      </object_component>
      <object_component id="oc-1a">
         <name>.stack</name>
         <uninitialized>true</uninitialized>
         <readwrite>true</readwrite>
         <run_address>0x20207e00</run_address>
         <size>0x4</size>
         <alignment>0x4</alignment>
         <input_file_ref idref="fl-3f"/>
      </object_component>
      <object_component id="oc-2d1">
         <name>.stack</name>
         <uninitialized>true</uninitialized>
         <readwrite>true</readwrite>
         <run_address>0x20207e00</run_address>
         <size>0x0</size>
         <alignment>0x8</alignment>
      </object_component>
      <object_component id="oc-5f">
         <name>.debug_loc</name>
         <load_address>0x0</load_address>
         <run_address>0x0</run_address>
         <size>0x648</size>
         <alignment>0x1</alignment>
         <input_file_ref idref="fl-1"/>
      </object_component>
      <object_component id="oc-ea">
         <name>.debug_loc</name>
         <load_address>0x648</load_address>
         <run_address>0x648</run_address>
         <size>0x5c</size>
         <alignment>0x1</alignment>
         <input_file_ref idref="fl-2"/>
      </object_component>
      <object_component id="oc-7c">
         <name>.debug_loc</name>
         <load_address>0x6a4</load_address>
         <run_address>0x6a4</run_address>
         <size>0x622</size>
         <alignment>0x1</alignment>
         <input_file_ref idref="fl-6"/>
      </object_component>
      <object_component id="oc-ef">
         <name>.debug_loc</name>
         <load_address>0xcc6</load_address>
         <run_address>0xcc6</run_address>
         <size>0x13</size>
         <alignment>0x1</alignment>
         <input_file_ref idref="fl-15"/>
      </object_component>
      <object_component id="oc-101">
         <name>.debug_loc</name>
         <load_address>0xcd9</load_address>
         <run_address>0xcd9</run_address>
         <size>0xd0</size>
[...]
         <name>__TI_wrt_ok</name>
         <value>0x24e7</value>
         <object_component_ref idref="oc-166"/>
      </symbol>
      <symbol id="sm-14d">
         <name>setvbuf</name>
         <value>0x1bd1</value>
         <object_component_ref idref="oc-1c9"/>
      </symbol>
      <symbol id="sm-158">
         <name>__aeabi_errno_addr</name>
         <value>0x3169</value>
         <object_component_ref idref="oc-150"/>
      </symbol>
      <symbol id="sm-159">
         <name>__aeabi_errno</name>
         <value>0x202033c8</value>
         <object_component_ref idref="oc-18a"/>
      </symbol>
      <symbol id="sm-167">
         <name>abort</name>
         <value>0x3199</value>
         <object_component_ref idref="oc-c7"/>
      </symbol>
      <symbol id="sm-168">
         <name>__TI_cleanup_ptr</name>
         <value>0x202033bc</value>
         <object_component_ref idref="oc-110"/>
      </symbol>
      <symbol id="sm-169">
         <name>__TI_dtors_ptr</name>
         <value>0x202033c0</value>
         <object_component_ref idref="oc-110"/>
      </symbol>
      <symbol id="sm-16a">
         <name>exit</name>
         <value>0x2dad</value>
         <object_component_ref idref="oc-cc"/>
      </symbol>
      <symbol id="sm-173">
         <name>_nop</name>
         <value>0x254b</value>
         <object_component_ref idref="oc-118"/>
      </symbol>
      <symbol id="sm-174">
         <name>_lock</name>
         <value>0x202033cc</value>
         <object_component_ref idref="oc-f2"/>
      </symbol>
      <symbol id="sm-175">
         <name>_unlock</name>
         <value>0x202033d0</value>
         <object_component_ref idref="oc-f5"/>
      </symbol>
      <symbol id="sm-17e">
         <name>__TI_ltoa</name>
         <value>0x283d</value>
         <object_component_ref idref="oc-1a0"/>
      </symbol>
      <symbol id="sm-189">
         <name>atoi</name>
         <value>0x2c21</value>
         <object_component_ref idref="oc-148"/>
      </symbol>
      <symbol id="sm-18e">
         <name>_ftable</name>
         <value>0x202031d0</value>
         <object_component_ref idref="oc-f9"/>
      </symbol>
      <symbol id="sm-18f">
         <name>__TI_ft_end</name>
         <value>0x202033c4</value>
         <object_component_ref idref="oc-21d"/>
      </symbol>
      <symbol id="sm-190">
         <name>__TI_tmpnams</name>
         <value>0x20202920</value>
         <object_component_ref idref="oc-24c"/>
      </symbol>
      <symbol id="sm-199">
         <name>memccpy</name>
         <value>0x2fd9</value>
         <object_component_ref idref="oc-13d"/>
      </symbol>
      <symbol id="sm-1bc">
         <name>malloc</name>
         <value>0x312d</value>
         <object_component_ref idref="oc-1fc"/>
      </symbol>
      <symbol id="sm-1bd">
         <name>aligned_alloc</name>
         <value>0x15f1</value>
         <object_component_ref idref="oc-216"/>
      </symbol>
      <symbol id="sm-1be">
         <name>free</name>
         <value>0x1a05</value>
         <object_component_ref idref="oc-1f6"/>
      </symbol>
      <symbol id="sm-1bf">
         <name>_sys_memory</name>
         <value>0x202029d0</value>
         <object_component_ref idref="oc-213"/>
      </symbol>
      <symbol id="sm-1c0">
         <name>memalign</name>
         <value>0x15f1</value>
         <object_component_ref idref="oc-216"/>
      </symbol>
      <symbol id="sm-1d0">
         <name>rand</name>
         <value>0x2cd9</value>
         <object_component_ref idref="oc-9d"/>
      </symbol>
      <symbol id="sm-1d1">
         <name>srand</name>
         <value>0x2fb5</value>
         <object_component_ref idref="oc-97"/>
      </symbol>
      <symbol id="sm-1dc">
         <name>_c_int00_noargs</name>
         <value>0x2f69</value>
         <object_component_ref idref="oc-54"/>
      </symbol>
      <symbol id="sm-1dd">
         <name>__stack</name>
         <value>0x20207e00</value>
         <object_component_ref idref="oc-1a"/>
      </symbol>
      <symbol id="sm-1e9">
         <name>__TI_auto_init_nobinit_nopinit</name>
         <value>0x2c61</value>
         <object_component_ref idref="oc-ce"/>
      </symbol>
      <symbol id="sm-1f1">
         <name>_system_pre_init</name>
         <value>0x31a7</value>
         <object_component_ref idref="oc-69"/>
      </symbol>
      <symbol id="sm-1fc">
         <name>__TI_zero_init</name>
         <value>0x30cb</value>
         <object_component_ref idref="oc-51"/>
      </symbol>
      <symbol id="sm-205">
         <name>__TI_decompress_none</name>
         <value>0x3099</value>
         <object_component_ref idref="oc-20"/>
      </symbol>
      <symbol id="sm-210">
         <name>__TI_decompress_lzss</name>
         <value>0x2179</value>
         <object_component_ref idref="oc-1c"/>
      </symbol>
      <symbol id="sm-21a">
         <name>frexp</name>
         <value>0x26d5</value>
         <object_component_ref idref="oc-194"/>
      </symbol>
      <symbol id="sm-21b">
         <name>frexpl</name>
         <value>0x26d5</value>
         <object_component_ref idref="oc-194"/>
      </symbol>
      <symbol id="sm-225">
         <name>scalbn</name>
         <value>0x1cb1</value>
         <object_component_ref idref="oc-198"/>
      </symbol>
      <symbol id="sm-226">
         <name>ldexp</name>
         <value>0x1cb1</value>
         <object_component_ref idref="oc-198"/>
      </symbol>
      <symbol id="sm-227">
         <name>scalbnl</name>
         <value>0x1cb1</value>
         <object_component_ref idref="oc-198"/>
      </symbol>
      <symbol id="sm-228">
         <name>ldexpl</name>
         <value>0x1cb1</value>
         <object_component_ref idref="oc-198"/>
      </symbol>
      <symbol id="sm-231">
         <name>wcslen</name>
         <value>0x30bb</value>
         <object_component_ref idref="oc-14c"/>
      </symbol>
      <symbol id="sm-23c">
         <name>__TI_doflush</name>
         <value>0x2943</value>
         <object_component_ref idref="oc-170"/>
      </symbol>
      <symbol id="sm-247">
         <name>__TI_cleanup</name>
         <value>0x2d11</value>
         <object_component_ref idref="oc-1fd"/>
      </symbol>
      <symbol id="sm-254">
         <name>fseek</name>
         <value>0x3189</value>
         <object_component_ref idref="oc-1c3"/>
      </symbol>
      <symbol id="sm-255">
         <name>fseeko</name>
         <value>0x2341</value>
         <object_component_ref idref="oc-1f3"/>
      </symbol>
      <symbol id="sm-256">
         <name>__aeabi_ctype_table_</name>
         <value>0x31b0</value>
         <object_component_ref idref="oc-183"/>
      </symbol>
      <symbol id="sm-257">
         <name>__aeabi_ctype_table_C</name>
         <value>0x31b0</value>
         <object_component_ref idref="oc-183"/>
      </symbol>
      <symbol id="sm-263">
         <name>__TI_closefile</name>
         <value>0x20fd</value>
         <object_component_ref idref="oc-217"/>
      </symbol>
      <symbol id="sm-26b">
         <name>HOSTexit</name>
         <value>0x319f</value>
         <object_component_ref idref="oc-10a"/>
      </symbol>
      <symbol id="sm-26c">
         <name>C$$EXIT</name>
         <value>0x319e</value>
         <object_component_ref idref="oc-10a"/>
      </symbol>
      <symbol id="sm-276">
         <name>write</name>
         <value>0x2f41</value>
         <object_component_ref idref="oc-16c"/>
      </symbol>
      <symbol id="sm-27b">
         <name>_device</name>
         <value>0x202032c0</value>
         <object_component_ref idref="oc-206"/>
      </symbol>
      <symbol id="sm-27c">
         <name>_stream</name>
         <value>0x20203338</value>
         <object_component_ref idref="oc-1cf"/>
      </symbol>
      <symbol id="sm-285">
         <name>remove</name>
         <value>0x3191</value>
         <object_component_ref idref="oc-248"/>
      </symbol>
      <symbol id="sm-290">
         <name>lseek</name>
         <value>0x2f19</value>
         <object_component_ref idref="oc-20c"/>
      </symbol>
      <symbol id="sm-29a">
         <name>close</name>
         <value>0x29e9</value>
         <object_component_ref idref="oc-244"/>
      </symbol>
      <symbol id="sm-2a4">
         <name>unlink</name>
         <value>0x2e9d</value>
         <object_component_ref idref="oc-270"/>
      </symbol>
      <symbol id="sm-2ae">
         <name>HOSTclose</name>
         <value>0x2ad1</value>
         <object_component_ref idref="oc-224"/>
      </symbol>
      <symbol id="sm-2b8">
         <name>HOSTlseek</name>
         <value>0x2269</value>
         <object_component_ref idref="oc-230"/>
      </symbol>
      <symbol id="sm-2c2">
         <name>HOSTopen</name>
         <value>0x2675</value>
         <object_component_ref idref="oc-220"/>
      </symbol>
      <symbol id="sm-2c3">
         <name>parmbuf</name>
         <value>0x202029c0</value>
         <object_component_ref idref="oc-256"/>
      </symbol>
      <symbol id="sm-2cd">
         <name>HOSTread</name>
         <value>0x278d</value>
         <object_component_ref idref="oc-228"/>
      </symbol>
      <symbol id="sm-2de">
         <name>HOSTrename</name>
         <value>0x22d5</value>
         <object_component_ref idref="oc-238"/>
      </symbol>
      <symbol id="sm-2e8">
         <name>HOSTunlink</name>
         <value>0x2b19</value>
         <object_component_ref idref="oc-234"/>
      </symbol>
      <symbol id="sm-2f2">
         <name>HOSTwrite</name>
         <value>0x27e5</value>
         <object_component_ref idref="oc-22c"/>
      </symbol>
      <symbol id="sm-300">
         <name>C$$IO$$</name>
         <value>0x2da5</value>
         <object_component_ref idref="oc-24f"/>
      </symbol>
      <symbol id="sm-301">
         <name>__TI_writemsg</name>
         <value>0x2d79</value>
         <object_component_ref idref="oc-24f"/>
      </symbol>
      <symbol id="sm-302">
         <name>__CIOBUF_</name>
         <value>0x20202800</value>
         <object_component_ref idref="oc-277"/>
      </symbol>
      <symbol id="sm-303">
         <name>__TI_readmsg</name>
         <value>0x2d45</value>
         <object_component_ref idref="oc-255"/>
      </symbol>
      <symbol id="sm-304">
         <name>_CIOBUF_</name>
         <value>0x20202800</value>
         <object_component_ref idref="oc-277"/>
      </symbol>
      <symbol id="sm-30a">
         <name>__aeabi_dadd</name>
         <value>0x120b</value>
         <object_component_ref idref="oc-1bd"/>
      </symbol>
      <symbol id="sm-30b">
         <name>__adddf3</name>
         <value>0x120b</value>
         <object_component_ref idref="oc-1bd"/>
      </symbol>
      <symbol id="sm-30c">
         <name>__aeabi_dsub</name>
         <value>0x1201</value>
         <object_component_ref idref="oc-1bd"/>
      </symbol>
      <symbol id="sm-30d">
         <name>__subdf3</name>
         <value>0x1201</value>
         <object_component_ref idref="oc-1bd"/>
      </symbol>
      <symbol id="sm-316">
         <name>__aeabi_dmul</name>
         <value>0x1aed</value>
         <object_component_ref idref="oc-1a9"/>
      </symbol>
      <symbol id="sm-317">
         <name>__muldf3</name>
         <value>0x1aed</value>
         <object_component_ref idref="oc-1a9"/>
      </symbol>
      <symbol id="sm-31d">
         <name>__muldsi3</name>
         <value>0x2c9d</value>
         <object_component_ref idref="oc-103"/>
      </symbol>
      <symbol id="sm-323">
         <name>__aeabi_fmul</name>
         <value>0x1f65</value>
         <object_component_ref idref="oc-ac"/>
      </symbol>
      <symbol id="sm-324">
         <name>__mulsf3</name>
         <value>0x1f65</value>
         <object_component_ref idref="oc-ac"/>
      </symbol>
      <symbol id="sm-32a">
         <name>__aeabi_fdiv</name>
         <value>0x2079</value>
         <object_component_ref idref="oc-b4"/>
      </symbol>
      <symbol id="sm-32b">
         <name>__divsf3</name>
         <value>0x2079</value>
         <object_component_ref idref="oc-b4"/>
      </symbol>
      <symbol id="sm-331">
         <name>__aeabi_ddiv</name>
         <value>0x1705</value>
         <object_component_ref idref="oc-1b9"/>
      </symbol>
      <symbol id="sm-332">
         <name>__divdf3</name>
         <value>0x1705</value>
         <object_component_ref idref="oc-1b9"/>
      </symbol>
      <symbol id="sm-338">
         <name>__aeabi_f2d</name>
         <value>0x2be1</value>
         <object_component_ref idref="oc-b0"/>
      </symbol>
      <symbol id="sm-339">
         <name>__extendsfdf2</name>
         <value>0x2be1</value>
         <object_component_ref idref="oc-b0"/>
      </symbol>
      <symbol id="sm-33f">
         <name>__aeabi_d2iz</name>
         <value>0x2a85</value>
         <object_component_ref idref="oc-19c"/>
      </symbol>
      <symbol id="sm-340">
         <name>__fixdfsi</name>
         <value>0x2a85</value>
         <object_component_ref idref="oc-19c"/>
      </symbol>
      <symbol id="sm-346">
         <name>__aeabi_i2d</name>
         <value>0x2e71</value>
         <object_component_ref idref="oc-1a4"/>
      </symbol>
      <symbol id="sm-347">
         <name>__floatsidf</name>
         <value>0x2e71</value>
         <object_component_ref idref="oc-1a4"/>
      </symbol>
      <symbol id="sm-34d">
         <name>__aeabi_ui2f</name>
         <value>0x2ec9</value>
         <object_component_ref idref="oc-a8"/>
      </symbol>
      <symbol id="sm-34e">
         <name>__floatunsisf</name>
         <value>0x2ec9</value>
         <object_component_ref idref="oc-a8"/>
      </symbol>
      <symbol id="sm-354">
         <name>__aeabi_lmul</name>
         <value>0x2f91</value>
         <object_component_ref idref="oc-155"/>
      </symbol>
      <symbol id="sm-355">
         <name>__muldi3</name>
         <value>0x2f91</value>
         <object_component_ref idref="oc-155"/>
      </symbol>
      <symbol id="sm-35b">
         <name>__aeabi_dcmpeq</name>
         <value>0x25b1</value>
         <object_component_ref idref="oc-15f"/>
      </symbol>
      <symbol id="sm-35c">
         <name>__aeabi_dcmplt</name>
         <value>0x25c5</value>
         <object_component_ref idref="oc-15f"/>
      </symbol>
      <symbol id="sm-35d">
         <name>__aeabi_dcmple</name>
         <value>0x25d9</value>
         <object_component_ref idref="oc-15f"/>
      </symbol>
      <symbol id="sm-35e">
         <name>__aeabi_dcmpge</name>
         <value>0x25ed</value>
         <object_component_ref idref="oc-15f"/>
      </symbol>
      <symbol id="sm-35f">
         <name>__aeabi_dcmpgt</name>
         <value>0x2601</value>
         <object_component_ref idref="oc-15f"/>
      </symbol>
      <symbol id="sm-365">
         <name>__aeabi_idiv</name>
         <value>0x28ed</value>
         <object_component_ref idref="oc-1e6"/>
      </symbol>
      <symbol id="sm-366">
         <name>__aeabi_idivmod</name>
         <value>0x28ed</value>
         <object_component_ref idref="oc-1e6"/>
      </symbol>
      <symbol id="sm-36c">
         <name>__aeabi_memcpy</name>
         <value>0x3171</value>
         <object_component_ref idref="oc-44"/>
      </symbol>
      <symbol id="sm-36d">
         <name>__aeabi_memcpy4</name>
         <value>0x3171</value>
         <object_component_ref idref="oc-44"/>
      </symbol>
      <symbol id="sm-36e">
         <name>__aeabi_memcpy8</name>
         <value>0x3171</value>
         <object_component_ref idref="oc-44"/>
      </symbol>
      <symbol id="sm-377">
         <name>__aeabi_memset</name>
         <value>0x30e9</value>
         <object_component_ref idref="oc-13c"/>
      </symbol>
      <symbol id="sm-378">
         <name>__aeabi_memset4</name>
         <value>0x30e9</value>
         <object_component_ref idref="oc-13c"/>
      </symbol>
      <symbol id="sm-379">
         <name>__aeabi_memset8</name>
         <value>0x30e9</value>
         <object_component_ref idref="oc-13c"/>
      </symbol>
      <symbol id="sm-37a">
         <name>__aeabi_memclr</name>
         <value>0x3121</value>
         <object_component_ref idref="oc-64"/>
      </symbol>
      <symbol id="sm-37b">
         <name>__aeabi_memclr4</name>
         <value>0x3121</value>
         <object_component_ref idref="oc-64"/>
      </symbol>
      <symbol id="sm-37c">
         <name>__aeabi_memclr8</name>
         <value>0x3121</value>
         <object_component_ref idref="oc-64"/>
      </symbol>
      <symbol id="sm-382">
         <name>__aeabi_uidiv</name>
         <value>0x2ba1</value>
         <object_component_ref idref="oc-142"/>
      </symbol>
      <symbol id="sm-383">
         <name>__aeabi_uidivmod</name>
         <value>0x2ba1</value>
         <object_component_ref idref="oc-142"/>
      </symbol>
      <symbol id="sm-389">
         <name>__aeabi_uldivmod</name>
         <value>0x3071</value>
         <object_component_ref idref="oc-15a"/>
      </symbol>
      <symbol id="sm-38f">
         <name>__udivmoddi4</name>
         <value>0x1d89</value>
         <object_component_ref idref="oc-18f"/>
      </symbol>
      <symbol id="sm-395">
         <name>__aeabi_llsl</name>
         <value>0x2ffd</value>
         <object_component_ref idref="oc-1da"/>
      </symbol>
      <symbol id="sm-396">
         <name>__ashldi3</name>
         <value>0x2ffd</value>
         <object_component_ref idref="oc-1da"/>
      </symbol>
      <symbol id="sm-3a4">
         <name>__ledf2</name>
         <value>0x2419</value>
         <object_component_ref idref="oc-1b1"/>
      </symbol>
      <symbol id="sm-3a5">
         <name>__gedf2</name>
         <value>0x21f5</value>
         <object_component_ref idref="oc-1b7"/>
      </symbol>
      <symbol id="sm-3a6">
         <name>__cmpdf2</name>
         <value>0x2419</value>
         <object_component_ref idref="oc-1b1"/>
      </symbol>
      <symbol id="sm-3a7">
         <name>__eqdf2</name>
         <value>0x2419</value>
         <object_component_ref idref="oc-1b1"/>
      </symbol>
      <symbol id="sm-3a8">
         <name>__ltdf2</name>
         <value>0x2419</value>
         <object_component_ref idref="oc-1b1"/>
      </symbol>
      <symbol id="sm-3a9">
         <name>__nedf2</name>
         <value>0x2419</value>
         <object_component_ref idref="oc-1b1"/>
      </symbol>
      <symbol id="sm-3aa">
         <name>__gtdf2</name>
         <value>0x21f5</value>
         <object_component_ref idref="oc-1b7"/>
      </symbol>
      <symbol id="sm-3b6">
         <name>__aeabi_idiv0</name>
         <value>0x1f63</value>
         <object_component_ref idref="oc-17d"/>
      </symbol>
      <symbol id="sm-3b7">
         <name>__aeabi_ldiv0</name>
         <value>0x20fb</value>
         <object_component_ref idref="oc-1d9"/>
      </symbol>
      <symbol id="sm-3c5">
         <name>finddevice</name>
         <value>0x2de1</value>
         <object_component_ref idref="oc-283"/>
      </symbol>
      <symbol id="sm-3c6">
         <name>getdevice</name>
         <value>0x23ad</value>
         <object_component_ref idref="oc-27a"/>
      </symbol>
      <symbol id="sm-3df">
         <name>memcpy</name>
         <value>0x1ec9</value>
         <object_component_ref idref="oc-82"/>
      </symbol>
      <symbol id="sm-3ee">
         <name>memset</name>
         <value>0x2613</value>
         <object_component_ref idref="oc-e6"/>
      </symbol>
      <symbol id="sm-3f6">
         <name>strcmp</name>
         <value>0x1ff1</value>
         <object_component_ref idref="oc-286"/>
      </symbol>
      <symbol id="sm-3f7">
         <name>__TI_static_base__</name>
         <value>0x0</value>
      </symbol>
      <symbol id="sm-3fb">
         <name>__mpu_init</name>
         <value>0x0</value>
      </symbol>
      <symbol id="sm-3fc">
         <name>_system_post_cinit</name>
         <value>0x0</value>
      </symbol>
   </symbol_table>
   <title>Link errors: red sections failed placement</title>
</link_info>
