******************************************************************************
            TI ARM Clang Linker Unix v4.0.4                    
******************************************************************************
>> Linked Sat Mar  7 14:47:48 2026

OUTPUT FILE NAME:   <lab4.out>
ENTRY POINT SYMBOL: "_c_int00_noargs"  address: 00000435


MEMORY CONFIGURATION

         name            origin    length      used     unused   attr    fill
----------------------  --------  ---------  --------  --------  ----  --------
  FLASH                 00000000   00020000  00000560  0001faa0  R  X
  SRAM                  20200000   00008000  00000261  00007d9f  RW X
  BCR_CONFIG            41c00000   000000ff  00000000  000000ff  R   
  BSL_CONFIG            41c00100   00000080  00000000  00000080  R   


SEGMENT ALLOCATION MAP

run origin  load origin   length   init length attrs members
----------  ----------- ---------- ----------- ----- -------
00000000    00000000    000004d8   000004d8    r-x
  00000000    00000000    000000c0   000000c0    r-- .intvecs
  000000c0    000000c0    00000418   00000418    r-x .text
00000538    00000538    00000028   00000028    r--
  00000538    00000538    00000018   00000018    r-- .cinit
  00000550    00000550    00000010   00000010    r-- .binit
20200000    000004d8    00000060   00000060    r-x
  20200000    000004d8    00000060   00000060    r-x .TI.ramfunc
20200060    20200060    00000001   00000000    rw-
  20200060    20200060    00000001   00000000    rw- .bss
20207e00    20207e00    00000200   00000000    rw-
  20207e00    20207e00    00000200   00000000    rw- .stack


SECTION ALLOCATION MAP

 output                                  attributes/
section   page    origin      length       input sections
--------  ----  ----------  ----------   ----------------
.intvecs   0    00000000    000000c0     
                  00000000    000000c0     startup_mspm0g350x_ticlang.o (.intvecs)

.text      0    000000c0    00000418     
                  000000c0    000000d8     driverlib.a : dl_flashctl.o (.text.DL_FlashCTL_unprotectSector)
                  00000198    000000bc     power_counter.o (.text.main)
                  00000254    0000009a     libc.a : memcpy16.S.obj (.text:memcpy)
                  000002ee    00000002     startup_mspm0g350x_ticlang.o (.text.Default_Handler)
                  000002f0    0000004c     libc.a : cpy_tbl.c.obj (.text.copy_in)
                  0000033c    0000004c            : autoinit.c.obj (.text:__TI_auto_init_nopinit)
                  00000388    00000040     ti_msp_dl_config.o (.text.SYSCFG_DL_SYSCTL_init)
                  000003c8    00000040     libclang_rt.builtins.a : aeabi_uidivmod.S.obj (.text.__aeabi_uidivmod)
                  00000408    0000002c     ti_msp_dl_config.o (.text.SYSCFG_DL_initPower)
                  00000434    00000028     libc.a : boot_cortex_m.c.obj (.text:_c_int00_noargs)
                  0000045c    0000001c     driverlib.a : dl_flashctl.o (.text.DL_FlashCTL_programMemoryFromRAM8)
                  00000478    00000016     libc.a : copy_zero_init.c.obj (.text:decompress:ZI:__TI_zero_init_nomemset)
                  0000048e    00000010     ti_msp_dl_config.o (.text.SYSCFG_DL_init)
                  0000049e    0000000a     driverlib.a : dl_common.o (.text.DL_Common_delayCycles)
                  000004a8    00000008     libclang_rt.builtins.a : aeabi_memcpy.S.obj (.text.__aeabi_memcpy)
                  000004b0    00000006     libc.a : exit.c.obj (.text:abort)
                  000004b6    00000004     libsysbm.a : hostexit.c.obj (.text.HOSTexit)
                  000004ba    00000004     startup_mspm0g350x_ticlang.o (.text.Reset_Handler)
                  000004be    00000004     libc.a : pre_init.c.obj (.text._system_pre_init)
                  000004c2    00000002     ti_msp_dl_config.o (.text.SYSCFG_DL_GPIO_init)
                  000004c4    00000002     libclang_rt.builtins.a : aeabi_div0.c.obj (.text.__aeabi_idiv0)
                  000004c6    00000002     --HOLE-- [fill = 0]
                  000004c8    00000010     driverlib.a : dl_flashctl.o (.tramp.DL_FlashCTL_executeCommandFromRAM.1)

.TI.ramfunc 
*          0    000004d8    00000060     RUN ADDR = 20200000
                  000004d8    00000060     driverlib.a : dl_flashctl.o (.TI.ramfunc)

.cinit     0    00000538    00000018     
                  00000538    00000008     (.cinit..bss.load) [load image, compression = zero_init]
                  00000540    00000004     (__TI_handler_table)
                  00000544    00000008     (__TI_cinit_table)
                  0000054c    00000004     --HOLE-- [fill = 0]

.init_array 
*          0    00000000    00000000     UNINITIALIZED

.binit     0    00000550    00000010     
                  00000550    00000010     (.binit)

.bss       0    20200060    00000001     UNINITIALIZED
                  20200060    00000001     (.common:passCounter)

.stack     0    20207e00    00000200     UNINITIALIZED
                  20207e00    00000004     libc.a : boot_cortex_m.c.obj (.stack)
                  20207e04    000001fc     --HOLE--

__llvm_prf_cnts 
*          0    20200000    00000000     UNINITIALIZED

__llvm_prf_bits 
*          0    20200000    00000000     UNINITIALIZED

MODULE SUMMARY

       Module                         code   ro data   rw data
       ------                         ----   -------   -------
    ./
       startup_mspm0g350x_ticlang.o   6      192       0      
       power_counter.o                188    0         1      
       ti_msp_dl_config.o             126    0         0      
    +--+------------------------------+------+---------+---------+
       Total:                         320    192       1      
                                                              
    /Applications/ti/ccs2041/ccs/tools/compiler/ti-cgt-armllvm_4.0.4.LTS/lib/armv6m-ti-none-eabi/c/libc.a
       memcpy16.S.obj                 154    0         0      
       autoinit.c.obj                 76     0         0      
       cpy_tbl.c.obj                  76     0         0      
       boot_cortex_m.c.obj            40     0         0      
       copy_zero_init.c.obj           22     0         0      
       exit.c.obj                     6      0         0      
       pre_init.c.obj                 4      0         0      
    +--+------------------------------+------+---------+---------+
       Total:                         378    0         0      
                                                              
    /Applications/ti/ccs2041/ccs/tools/compiler/ti-cgt-armllvm_4.0.4.LTS/lib/armv6m-ti-none-eabi/c/libsysbm.a
       hostexit.c.obj                 4      0         0      
    +--+------------------------------+------+---------+---------+
       Total:                         4      0         0      
                                                              
    /Applications/ti/ccs2041/ccs/tools/compiler/ti-cgt-armllvm_4.0.4.LTS/lib/armv6m-ti-none-eabi/libclang_rt.builtins.a
       aeabi_uidivmod.S.obj           64     0         0      
       aeabi_memcpy.S.obj             8      0         0      
       aeabi_div0.c.obj               2      0         0      
    +--+------------------------------+------+---------+---------+
       Total:                         74     0         0      
                                                              
    /Applications/ti/mspm0_sdk_2_09_00_01/source/ti/driverlib/lib/ticlang/m0p/mspm0g1x0x_g3x0x/driverlib.a
       dl_flashctl.o                  452    0         0      
       dl_common.o                    10     0         0      
    +--+------------------------------+------+---------+---------+
       Total:                         462    0         0      
                                                              
       Stack:                         0      0         512    
       Linker Generated:              0      36        0      
    +--+------------------------------+------+---------+---------+
       Grand Total:                   1238   228       513    


LINKER GENERATED COPY TABLES

__TI_cinit_table @ 00000544 records: 1, size/record: 8, table size: 8
	.bss: load addr=00000538, load size=00000008 bytes, run addr=20200060, run size=00000001 bytes, compression=zero_init
binit @ 00000550 records: 1, size/record: 12, table size: 16
	.TI.ramfunc: load addr=000004d8, load size=00000060, run addr=20200000, run size=00000060, compression=none


LINKER GENERATED HANDLER TABLE

__TI_handler_table @ 00000540 records: 1, size/record: 4, table size: 4
	index: 0, handler: __TI_zero_init


FAR CALL TRAMPOLINES

callee name               trampoline name
   callee addr  tramp addr   call addr  call info
--------------  -----------  ---------  ----------------
DL_FlashCTL_executeCommandFromRAM  $Tramp$TT$L$PI$$DL_FlashCTL_executeCommandFromRAM
   20200001     000004c8     0000046e   driverlib.a : dl_flashctl.o (.text.DL_FlashCTL_programMemoryFromRAM8)

[1 trampolines]
[1 trampoline calls]


GLOBAL SYMBOLS: SORTED ALPHABETICALLY BY Name 

address   name                             
-------   ----                             
000002ef  ADC0_IRQHandler                  
000002ef  ADC1_IRQHandler                  
000002ef  AES_IRQHandler                   
000004b6  C$$EXIT                          
000002ef  CANFD0_IRQHandler                
000002ef  DAC0_IRQHandler                  
0000049f  DL_Common_delayCycles            
0000045d  DL_FlashCTL_programMemoryFromRAM8
000000c1  DL_FlashCTL_unprotectSector      
000002ef  DMA_IRQHandler                   
000002ef  Default_Handler                  
000002ef  GROUP0_IRQHandler                
000002ef  GROUP1_IRQHandler                
000004b7  HOSTexit                         
000002ef  HardFault_Handler                
000002ef  I2C0_IRQHandler                  
000002ef  I2C1_IRQHandler                  
000002ef  NMI_Handler                      
000002ef  PendSV_Handler                   
000002ef  RTC_IRQHandler                   
000004bb  Reset_Handler                    
000002ef  SPI0_IRQHandler                  
000002ef  SPI1_IRQHandler                  
000002ef  SVC_Handler                      
000004c3  SYSCFG_DL_GPIO_init              
00000389  SYSCFG_DL_SYSCTL_init            
0000048f  SYSCFG_DL_init                   
00000409  SYSCFG_DL_initPower              
000002ef  SysTick_Handler                  
000002ef  TIMA0_IRQHandler                 
000002ef  TIMA1_IRQHandler                 
000002ef  TIMG0_IRQHandler                 
000002ef  TIMG12_IRQHandler                
000002ef  TIMG6_IRQHandler                 
000002ef  TIMG7_IRQHandler                 
000002ef  TIMG8_IRQHandler                 
000002ef  UART0_IRQHandler                 
000002ef  UART1_IRQHandler                 
000002ef  UART2_IRQHandler                 
000002ef  UART3_IRQHandler                 
20208000  __STACK_END                      
00000200  __STACK_SIZE                     
00000000  __TI_ATRegion0_region_sz         
00000000  __TI_ATRegion0_src_addr          
00000000  __TI_ATRegion0_trg_addr          
00000000  __TI_ATRegion1_region_sz         
00000000  __TI_ATRegion1_src_addr          
00000000  __TI_ATRegion1_trg_addr          
00000000  __TI_ATRegion2_region_sz         
00000000  __TI_ATRegion2_src_addr          
00000000  __TI_ATRegion2_trg_addr          
00000544  __TI_CINIT_Base                  
0000054c  __TI_CINIT_Limit                 
0000054c  __TI_CINIT_Warm                  
00000540  __TI_Handler_Table_Base          
00000544  __TI_Handler_Table_Limit         
0000033d  __TI_auto_init_nopinit           
ffffffff  __TI_pprof_out_hndl              
ffffffff  __TI_prof_data_size              
ffffffff  __TI_prof_data_start             
00000000  __TI_static_base__               
00000550  __TI_table_binit                 
00000479  __TI_zero_init_nomemset          
000004c5  __aeabi_idiv0                    
000004a9  __aeabi_memcpy                   
000004a9  __aeabi_memcpy4                  
000004a9  __aeabi_memcpy8                  
000003c9  __aeabi_uidiv                    
000003c9  __aeabi_uidivmod                 
00000550  __binit__                        
UNDEFED   __mpu_init                       
20207e00  __stack                          
20200000  __start___llvm_prf_bits          
20200000  __start___llvm_prf_cnts          
20200000  __stop___llvm_prf_bits           
20200000  __stop___llvm_prf_cnts           
00000435  _c_int00_noargs                  
UNDEFED   _system_post_cinit               
000004bf  _system_pre_init                 
000004b1  abort                            
00000550  binit                            
000002f1  copy_in                          
00000000  interruptVectors                 
00000199  main                             
00000255  memcpy                           
20200060  passCounter                      


GLOBAL SYMBOLS: SORTED BY Symbol Address 

address   name                             
-------   ----                             
00000000  __TI_ATRegion0_region_sz         
00000000  __TI_ATRegion0_src_addr          
00000000  __TI_ATRegion0_trg_addr          
00000000  __TI_ATRegion1_region_sz         
00000000  __TI_ATRegion1_src_addr          
00000000  __TI_ATRegion1_trg_addr          
00000000  __TI_ATRegion2_region_sz         
00000000  __TI_ATRegion2_src_addr          
00000000  __TI_ATRegion2_trg_addr          
00000000  __TI_static_base__               
00000000  interruptVectors                 
000000c1  DL_FlashCTL_unprotectSector      
00000199  main                             
00000200  __STACK_SIZE                     
00000255  memcpy                           
000002ef  ADC0_IRQHandler                  
000002ef  ADC1_IRQHandler                  
000002ef  AES_IRQHandler                   
000002ef  CANFD0_IRQHandler                
000002ef  DAC0_IRQHandler                  
000002ef  DMA_IRQHandler                   
000002ef  Default_Handler                  
000002ef  GROUP0_IRQHandler                
000002ef  GROUP1_IRQHandler                
000002ef  HardFault_Handler                
000002ef  I2C0_IRQHandler                  
000002ef  I2C1_IRQHandler                  
000002ef  NMI_Handler                      
000002ef  PendSV_Handler                   
000002ef  RTC_IRQHandler                   
000002ef  SPI0_IRQHandler                  
000002ef  SPI1_IRQHandler                  
000002ef  SVC_Handler                      
000002ef  SysTick_Handler                  
000002ef  TIMA0_IRQHandler                 
000002ef  TIMA1_IRQHandler                 
000002ef  TIMG0_IRQHandler                 
000002ef  TIMG12_IRQHandler                
000002ef  TIMG6_IRQHandler                 
000002ef  TIMG7_IRQHandler                 
000002ef  TIMG8_IRQHandler                 
000002ef  UART0_IRQHandler                 
000002ef  UART1_IRQHandler                 
000002ef  UART2_IRQHandler                 
000002ef  UART3_IRQHandler                 
000002f1  copy_in                          
0000033d  __TI_auto_init_nopinit           
00000389  SYSCFG_DL_SYSCTL_init            
000003c9  __aeabi_uidiv                    
000003c9  __aeabi_uidivmod                 
00000409  SYSCFG_DL_initPower              
00000435  _c_int00_noargs                  
0000045d  DL_FlashCTL_programMemoryFromRAM8
00000479  __TI_zero_init_nomemset          
0000048f  SYSCFG_DL_init                   
0000049f  DL_Common_delayCycles            
000004a9  __aeabi_memcpy                   
000004a9  __aeabi_memcpy4                  
000004a9  __aeabi_memcpy8                  
000004b1  abort                            
000004b6  C$$EXIT                          
000004b7  HOSTexit                         
000004bb  Reset_Handler                    
000004bf  _system_pre_init                 
000004c3  SYSCFG_DL_GPIO_init              
000004c5  __aeabi_idiv0                    
00000540  __TI_Handler_Table_Base          
00000544  __TI_CINIT_Base                  
00000544  __TI_Handler_Table_Limit         
0000054c  __TI_CINIT_Limit                 
0000054c  __TI_CINIT_Warm                  
00000550  __TI_table_binit                 
00000550  __binit__                        
00000550  binit                            
20200000  __start___llvm_prf_bits          
20200000  __start___llvm_prf_cnts          
20200000  __stop___llvm_prf_bits           
20200000  __stop___llvm_prf_cnts           
20200060  passCounter                      
20207e00  __stack                          
20208000  __STACK_END                      
ffffffff  __TI_pprof_out_hndl              
ffffffff  __TI_prof_data_size              
ffffffff  __TI_prof_data_start             
UNDEFED   __mpu_init                       
UNDEFED   _system_post_cinit               

[86 symbols]
