******************************************************************************
            TI ARM Clang Linker Unix v4.0.4                    
******************************************************************************
>> Linked Sun Mar 22 15:39:19 2026

OUTPUT FILE NAME:   <lab4.out>
ENTRY POINT SYMBOL: "_c_int00_noargs"  address: 00002f69


MEMORY CONFIGURATION

         name            origin    length      used     unused   attr    fill
----------------------  --------  ---------  --------  --------  ----  --------
  FLASH                 00000000   00020000  00003498  0001cb68  R  X
  SRAM                  20200000   00008000  000035d6  00004a2a  RW X
  BCR_CONFIG            41c00000   000000ff  00000000  000000ff  R   
  BSL_CONFIG            41c00100   00000080  00000000  00000080  R   


SEGMENT ALLOCATION MAP

run origin  load origin   length   init length attrs members
----------  ----------- ---------- ----------- ----- -------
00000000    00000000    00003498   00003498    r-x
  00000000    00000000    000000c0   000000c0    r-- .intvecs
  000000c0    000000c0    000030f0   000030f0    r-x .text
  000031b0    000031b0    00000270   00000270    r-- .rodata
  00003420    00003420    00000078   00000078    r-- .cinit
20200000    20200000    000033d9   00000000    rw-
  20200000    20200000    000029cd   00000000    rw- .bss
  202029d0    202029d0    00000800   00000000    rw- .sysmem
  202031d0    202031d0    00000209   00000000    rw- .data
20207e00    20207e00    00000200   00000000    rw-
  20207e00    20207e00    00000200   00000000    rw- .stack


SECTION ALLOCATION MAP

 output                                  attributes/
section   page    origin      length       input sections
--------  ----  ----------  ----------   ----------------
.intvecs   0    00000000    000000c0     
                  00000000    000000c0     startup_mspm0g350x_ticlang.o (.intvecs)

.text      0    000000c0    000030f0     
                  000000c0    000009d0     libc.a : _printfi.c.obj (.text:__TI_printfi)
                  00000a90    00000374     block_sizes.o (.text.main)
                  00000e04    00000220     libc.a : _printfi.c.obj (.text._pconv_a)
                  00001024    000001dc            : _printfi.c.obj (.text._pconv_g)
                  00001200    00000192     libclang_rt.builtins.a : adddf3.S.obj (.text.adddf3_subdf3)
                  00001392    00000002     startup_mspm0g350x_ticlang.o (.text.Default_Handler)
                  00001394    0000013c     libc.a : _printfi.c.obj (.text.fcvt)
                  000014d0    00000120            : _printfi.c.obj (.text._pconv_e)
                  000015f0    00000114            : memory.c.obj (.text.aligned_alloc)
                  00001704    0000010c     libclang_rt.builtins.a : divdf3.S.obj (.text.__divdf3)
                  00001810    000000fc     driverlib.a : dl_timer.o (.text.DL_Timer_initTimerMode)
                  0000190c    000000f8     libc.a : fputs.c.obj (.text.fputs)
                  00001a04    000000e8            : memory.c.obj (.text.free)
                  00001aec    000000e4     libclang_rt.builtins.a : muldf3.S.obj (.text.__muldf3)
                  00001bd0    000000e0     libc.a : setvbuf.c.obj (.text.setvbuf)
                  00001cb0    000000d8            : s_scalbn.c.obj (.text.scalbn)
                  00001d88    000000a2     libclang_rt.builtins.a : udivmoddi4.S.obj (.text)
                  00001e2a    00000002     ti_msp_dl_config.o (.text.SYSCFG_DL_GPIO_init)
                  00001e2c    0000009c     libc.a : fputc.c.obj (.text.fputc)
                  00001ec8    0000009a            : memcpy16.S.obj (.text:memcpy)
                  00001f62    00000002     libclang_rt.builtins.a : aeabi_div0.c.obj (.text.__aeabi_idiv0)
                  00001f64    0000008c                            : mulsf3.S.obj (.text.__mulsf3)
                  00001ff0    00000088     libc.a : strcmp-armv6m.S.obj (.text:strcmp)
                  00002078    00000082     libclang_rt.builtins.a : divsf3.S.obj (.text.__divsf3)
                  000020fa    00000002                            : aeabi_div0.c.obj (.text.__aeabi_ldiv0)
                  000020fc    0000007c     libc.a : fclose.c.obj (.text.__TI_closefile)
                  00002178    0000007c            : copy_decompress_lzss.c.obj (.text:decompress:lzss)
                  000021f4    00000074     libclang_rt.builtins.a : comparedf2.c.obj (.text.__gedf2)
                  00002268    0000006c     libsysbm.a : hostlseek.c.obj (.text.HOSTlseek)
                  000022d4    0000006c                : hostrename.c.obj (.text.HOSTrename)
                  00002340    0000006c     libc.a : fseek.c.obj (.text.fseeko)
                  000023ac    0000006c            : getdevice.c.obj (.text.getdevice)
                  00002418    00000068     libclang_rt.builtins.a : comparedf2.c.obj (.text.__ledf2)
                  00002480    00000066     libc.a : _printfi.c.obj (.text._mcpy)
                  000024e6    00000064            : _io_perm.c.obj (.text.__TI_wrt_ok)
                  0000254a    00000002            : _lock.c.obj (.text._nop)
                  0000254c    00000064            : memory.c.obj (.text.split)
                  000025b0    00000062     libclang_rt.builtins.a : aeabi_dcmp.S.obj (.text.__aeabi_dcmp)
                  00002612    00000062     libc.a : memset16.S.obj (.text:memset)
                  00002674    00000060     libsysbm.a : hostopen.c.obj (.text.HOSTopen)
                  000026d4    0000005c     libc.a : s_frexp.c.obj (.text.frexp)
                  00002730    0000005c            : printf.c.obj (.text.printf)
                  0000278c    00000058     libsysbm.a : hostread.c.obj (.text.HOSTread)
                  000027e4    00000058                : hostwrite.c.obj (.text.HOSTwrite)
                  0000283c    00000058     libc.a : _ltoa.c.obj (.text.__TI_ltoa)
                  00002894    00000058            : _printfi.c.obj (.text._pconv_f)
                  000028ec    00000056     libclang_rt.builtins.a : aeabi_idivmod.S.obj (.text.__aeabi_idivmod)
                  00002942    00000052     libc.a : fflush.c.obj (.text.__TI_doflush)
                  00002994    00000052            : _printfi.c.obj (.text._ecpy)
                  000029e6    00000002     --HOLE-- [fill = 0]
                  000029e8    00000050     libsysbm.a : close.c.obj (.text.close)
                  00002a38    0000004c     driverlib.a : dl_dma.o (.text.DL_DMA_initChannel)
                  00002a84    0000004a     libclang_rt.builtins.a : fixdfsi.S.obj (.text.__fixdfsi)
                  00002ace    00000002     --HOLE-- [fill = 0]
                  00002ad0    00000048     libsysbm.a : hostclose.c.obj (.text.HOSTclose)
                  00002b18    00000048                : hostunlink.c.obj (.text.HOSTunlink)
                  00002b60    00000040     ti_msp_dl_config.o (.text.SYSCFG_DL_SYSCTL_init)
                  00002ba0    00000040     libclang_rt.builtins.a : aeabi_uidivmod.S.obj (.text.__aeabi_uidivmod)
                  00002be0    00000040                            : extendsfdf2.S.obj (.text.__extendsfdf2)
                  00002c20    00000040     libc.a : atoi.c.obj (.text.atoi)
                  00002c60    0000003c            : autoinit.c.obj (.text:__TI_auto_init_nobinit_nopinit)
                  00002c9c    0000003a     libclang_rt.builtins.a : muldsi3.S.obj (.text.__muldsi3)
                  00002cd6    00000002     --HOLE-- [fill = 0]
                  00002cd8    00000038     libc.a : rand.c.obj (.text.rand)
                  00002d10    00000034            : fopen.c.obj (.text.__TI_cleanup)
                  00002d44    00000034     libsysbm.a : trgmsg.c.obj (.text.__TI_readmsg)
                  00002d78    00000034                : trgmsg.c.obj (.text.__TI_writemsg)
                  00002dac    00000034     libc.a : exit.c.obj (.text.exit)
                  00002de0    00000034            : getdevice.c.obj (.text.finddevice)
                  00002e14    00000030            : _printfi.c.obj (.text._fcpy)
                  00002e44    0000002c     ti_msp_dl_config.o (.text.SYSCFG_DL_initPower)
                  00002e70    0000002c     libclang_rt.builtins.a : floatsidf.S.obj (.text.__floatsidf)
                  00002e9c    0000002c     libsysbm.a : unlink.c.obj (.text.unlink)
                  00002ec8    00000028     libclang_rt.builtins.a : floatunsisf.S.obj (.text.__floatunsisf)
                  00002ef0    00000028     libc.a : memory.c.obj (.text.free_list_insert)
                  00002f18    00000028     libsysbm.a : lseek.c.obj (.text.lseek)
                  00002f40    00000028                : write.c.obj (.text.write)
                  00002f68    00000028     libc.a : boot_cortex_m.c.obj (.text:_c_int00_noargs)
                  00002f90    00000024     libclang_rt.builtins.a : muldi3.S.obj (.text.__muldi3)
                  00002fb4    00000024     libc.a : rand.c.obj (.text.srand)
                  00002fd8    00000022            : memccpy.c.obj (.text.memccpy)
                  00002ffa    00000002     --HOLE-- [fill = 0]
                  00002ffc    0000001e     libclang_rt.builtins.a : ashldi3.S.obj (.text.__ashldi3)
                  0000301a    00000002     --HOLE-- [fill = 0]
                  0000301c    0000001c     driverlib.a : dl_timer.o (.text.DL_Timer_setClockConfig)
                  00003038    0000001c     block_sizes.o (.text.DMA_IRQHandler)
                  00003054    0000001c     libc.a : memory.c.obj (.text.free_list_remove)
                  00003070    00000014     libclang_rt.builtins.a : aeabi_uldivmod.S.obj (.text.__aeabi_uldivmod)
                  00003084    00000014     libc.a : _printfi.c.obj (.text.strchr)
                  00003098    00000012            : copy_decompress_none.c.obj (.text:decompress:none)
                  000030aa    00000010     ti_msp_dl_config.o (.text.SYSCFG_DL_init)
                  000030ba    00000010     libc.a : wcslen.c.obj (.text.wcslen)
                  000030ca    00000010            : copy_zero_init.c.obj (.text:decompress:ZI)
                  000030da    0000000e            : memory.c.obj (.text.OUTLINED_FUNCTION_0)
                  000030e8    0000000e     libclang_rt.builtins.a : aeabi_memset.S.obj (.text.__aeabi_memset)
                  000030f6    0000000e     libsysbm.a : hostrename.c.obj (.text.strcpy)
                  00003104    0000000e     libc.a : _printfi.c.obj (.text.strlen)
                  00003112    0000000e     libsysbm.a : hostrename.c.obj (.text.strlen)
                  00003120    0000000c     libclang_rt.builtins.a : aeabi_memset.S.obj (.text.__aeabi_memclr)
                  0000312c    0000000c     libc.a : memory.c.obj (.text.malloc)
                  00003138    0000000a     driverlib.a : dl_common.o (.text.DL_Common_delayCycles)
                  00003142    0000000a     libc.a : _printfi.c.obj (.text.OUTLINED_FUNCTION_0)
                  0000314c    00000010     libclang_rt.builtins.a : adddf3.S.obj (.tramp.__aeabi_dsub.1)
                  0000315c    0000000a     libc.a : _printfi.c.obj (.text.OUTLINED_FUNCTION_1)
                  00003166    00000002     --HOLE-- [fill = 0]
                  00003168    00000008            : aeabi_portable.c.obj (.text.__aeabi_errno_addr)
                  00003170    00000008     libclang_rt.builtins.a : aeabi_memcpy.S.obj (.text.__aeabi_memcpy)
                  00003178    00000008     libc.a : printf.c.obj (.text._outc)
                  00003180    00000008            : printf.c.obj (.text._outs)
                  00003188    00000008            : fseek.c.obj (.text.fseek)
                  00003190    00000008     libsysbm.a : remove.c.obj (.text.remove)
                  00003198    00000006     libc.a : exit.c.obj (.text:abort)
                  0000319e    00000004     libsysbm.a : hostexit.c.obj (.text.HOSTexit)
                  000031a2    00000004     startup_mspm0g350x_ticlang.o (.text.Reset_Handler)
                  000031a6    00000004     libc.a : pre_init.c.obj (.text._system_pre_init)
                  000031aa    00000006     --HOLE-- [fill = 0]

.cinit     0    00003420    00000078     
                  00003420    00000053     (.cinit..data.load) [load image, compression = lzss]
                  00003473    00000001     --HOLE-- [fill = 0]
                  00003474    0000000c     (__TI_handler_table)
                  00003480    00000008     (.cinit..bss.load) [load image, compression = zero_init]
                  00003488    00000010     (__TI_cinit_table)

.rodata    0    000031b0    00000270     
                  000031b0    00000101     libc.a : aeabi_ctype.S.obj (.rodata:__aeabi_ctype_table_)
                  000032b1    00000028     block_sizes.o (.rodata.str1.8589760390535352523.1)
                  000032d9    00000026     block_sizes.o (.rodata.str1.7528130212558642363.1)
                  000032ff    00000001     --HOLE-- [fill = 0]
                  00003300    00000018     block_sizes.o (.rodata.gDMA_CH0Config)
                  00003318    00000018     block_sizes.o (.rodata.str1.10286212678745424804.1)
                  00003330    00000018     block_sizes.o (.rodata.str1.10420460937810105037.1)
                  00003348    00000018     block_sizes.o (.rodata.str1.11685315333168722972.1)
                  00003360    00000018     block_sizes.o (.rodata.str1.3504407792892561410.1)
                  00003378    00000018     block_sizes.o (.rodata.str1.6900732519088945348.1)
                  00003390    00000018     block_sizes.o (.rodata.str1.8221416268326536011.1)
                  000033a8    00000018     block_sizes.o (.rodata.str1.9080994257490256463.1)
                  000033c0    00000018     block_sizes.o (.rodata.str1.9293482819726693382.1)
                  000033d8    00000013     block_sizes.o (.rodata.str1.1354863695999286238.1)
                  000033eb    00000011     libc.a : _printfi.c.obj (.rodata.str1.10348868589481759720.1)
                  000033fc    00000011            : _printfi.c.obj (.rodata.str1.15363888844622738466.1)
                  0000340d    00000010     block_sizes.o (.rodata.str1.10017216525972948457.1)
                  0000341d    00000003     --HOLE-- [fill = 0]

.init_array 
*          0    00000000    00000000     UNINITIALIZED

.binit     0    00000000    00000000     

.bss       0    20200000    000029cd     UNINITIALIZED
                  20200000    00002800     block_sizes.o (.bss.myData)
                  20202800    00000120     libsysbm.a : trgmsg.c.obj (.bss:_CIOBUF_)
                  20202920    000000a0     libc.a : defs.c.obj (.bss.__TI_tmpnams)
                  202029c0    00000008     libsysbm.a : hostopen.c.obj (.bss.parmbuf)
                  202029c8    00000004     libc.a : memory.c.obj (.bss.sys_free)
                  202029cc    00000001     (.common:dma_done)

.sysmem    0    202029d0    00000800     UNINITIALIZED
                  202029d0    00000010     libc.a : memory.c.obj (.sysmem)
                  202029e0    000007f0     --HOLE--

.data      0    202031d0    00000209     UNINITIALIZED
                  202031d0    000000f0     libc.a : defs.c.obj (.data._ftable)
                  202032c0    00000078     libsysbm.a : host_device.c.obj (.data._device)
                  20203338    00000050                : host_device.c.obj (.data._stream)
                  20203388    00000034     block_sizes.o (.data.size_array)
                  202033bc    00000008     libc.a : exit.c.obj (.data..L_MergedGlobals)
                  202033c4    00000004            : defs.c.obj (.data.__TI_ft_end)
                  202033c8    00000004            : aeabi_portable.c.obj (.data.__aeabi_errno)
                  202033cc    00000004            : _lock.c.obj (.data._lock)
                  202033d0    00000004            : _lock.c.obj (.data._unlock)
                  202033d4    00000004            : rand.c.obj (.data.next)
                  202033d8    00000001            : memory.c.obj (.data.memory_is_initialized)

.stack     0    20207e00    00000200     UNINITIALIZED
                  20207e00    00000004     libc.a : boot_cortex_m.c.obj (.stack)
                  20207e04    000001fc     --HOLE--

__llvm_prf_cnts 
*          0    20200000    00000000     UNINITIALIZED

__llvm_prf_bits 
*          0    20200000    00000000     UNINITIALIZED

MODULE SUMMARY

       Module                         code    ro data   rw data
       ------                         ----    -------   -------
    ./
       block_sizes.o                  912     329       10293  
       startup_mspm0g350x_ticlang.o   6       192       0      
       ti_msp_dl_config.o             126     0         0      
    +--+------------------------------+-------+---------+---------+
       Total:                         1044    521       10293  
                                                               
    /Applications/ti/ccs2041/ccs/tools/compiler/ti-cgt-armllvm_4.0.4.LTS/lib/armv6m-ti-none-eabi/c/libc.a
       _printfi.c.obj                 4510    34        0      
       memory.c.obj                   702     0         5      
       defs.c.obj                     0       0         404    
       aeabi_ctype.S.obj              0       257       0      
       fputs.c.obj                    248     0         0      
       setvbuf.c.obj                  224     0         0      
       s_scalbn.c.obj                 216     0         0      
       getdevice.c.obj                160     0         0      
       fputc.c.obj                    156     0         0      
       memcpy16.S.obj                 154     0         0      
       strcmp-armv6m.S.obj            136     0         0      
       copy_decompress_lzss.c.obj     124     0         0      
       fclose.c.obj                   124     0         0      
       fseek.c.obj                    116     0         0      
       printf.c.obj                   108     0         0      
       _io_perm.c.obj                 100     0         0      
       memset16.S.obj                 98      0         0      
       rand.c.obj                     92      0         4      
       s_frexp.c.obj                  92      0         0      
       _ltoa.c.obj                    88      0         0      
       fflush.c.obj                   82      0         0      
       exit.c.obj                     58      0         8      
       atoi.c.obj                     64      0         0      
       autoinit.c.obj                 60      0         0      
       fopen.c.obj                    52      0         0      
       boot_cortex_m.c.obj            40      0         0      
       memccpy.c.obj                  34      0         0      
       copy_decompress_none.c.obj     18      0         0      
       copy_zero_init.c.obj           16      0         0      
       wcslen.c.obj                   16      0         0      
       aeabi_portable.c.obj           8       0         4      
       _lock.c.obj                    2       0         8      
       pre_init.c.obj                 4       0         0      
    +--+------------------------------+-------+---------+---------+
       Total:                         7902    291       433    
                                                               
    /Applications/ti/ccs2041/ccs/tools/compiler/ti-cgt-armllvm_4.0.4.LTS/lib/armv6m-ti-none-eabi/c/libsysbm.a
       trgmsg.c.obj                   104     0         288    
       host_device.c.obj              0       0         200    
       hostrename.c.obj               136     0         0      
       hostlseek.c.obj                108     0         0      
       hostopen.c.obj                 96      0         8      
       hostread.c.obj                 88      0         0      
       hostwrite.c.obj                88      0         0      
       close.c.obj                    80      0         0      
       hostclose.c.obj                72      0         0      
       hostunlink.c.obj               72      0         0      
       unlink.c.obj                   44      0         0      
       lseek.c.obj                    40      0         0      
       write.c.obj                    40      0         0      
       remove.c.obj                   8       0         0      
       hostexit.c.obj                 4       0         0      
    +--+------------------------------+-------+---------+---------+
       Total:                         980     0         496    
                                                               
    /Applications/ti/ccs2041/ccs/tools/compiler/ti-cgt-armllvm_4.0.4.LTS/lib/armv6m-ti-none-eabi/libclang_rt.builtins.a
       adddf3.S.obj                   418     0         0      
       divdf3.S.obj                   268     0         0      
       muldf3.S.obj                   228     0         0      
       comparedf2.c.obj               220     0         0      
       udivmoddi4.S.obj               162     0         0      
       mulsf3.S.obj                   140     0         0      
       divsf3.S.obj                   130     0         0      
       aeabi_dcmp.S.obj               98      0         0      
       aeabi_idivmod.S.obj            86      0         0      
       fixdfsi.S.obj                  74      0         0      
       aeabi_uidivmod.S.obj           64      0         0      
       extendsfdf2.S.obj              64      0         0      
       muldsi3.S.obj                  58      0         0      
       floatsidf.S.obj                44      0         0      
       floatunsisf.S.obj              40      0         0      
       muldi3.S.obj                   36      0         0      
       ashldi3.S.obj                  30      0         0      
       aeabi_memset.S.obj             26      0         0      
       aeabi_uldivmod.S.obj           20      0         0      
       aeabi_memcpy.S.obj             8       0         0      
       aeabi_div0.c.obj               4       0         0      
    +--+------------------------------+-------+---------+---------+
       Total:                         2218    0         0      
                                                               
    /Applications/ti/mspm0_sdk_2_09_00_01/source/ti/driverlib/lib/ticlang/m0p/mspm0g1x0x_g3x0x/driverlib.a
       dl_timer.o                     280     0         0      
       dl_dma.o                       76      0         0      
       dl_common.o                    10      0         0      
    +--+------------------------------+-------+---------+---------+
       Total:                         366     0         0      
                                                               
       Heap:                          0       0         2048   
       Stack:                         0       0         512    
       Linker Generated:              0       119       0      
    +--+------------------------------+-------+---------+---------+
       Grand Total:                   12510   931       13782  


LINKER GENERATED COPY TABLES

__TI_cinit_table @ 00003488 records: 2, size/record: 8, table size: 16
	.data: load addr=00003420, load size=00000053 bytes, run addr=202031d0, run size=00000209 bytes, compression=lzss
	.bss: load addr=00003480, load size=00000008 bytes, run addr=20200000, run size=000029cd bytes, compression=zero_init


LINKER GENERATED HANDLER TABLE

__TI_handler_table @ 00003474 records: 3, size/record: 4, table size: 12
	index: 0, handler: __TI_decompress_lzss
	index: 1, handler: __TI_decompress_none
	index: 2, handler: __TI_zero_init


FAR CALL TRAMPOLINES

callee name               trampoline name
   callee addr  tramp addr   call addr  call info
--------------  -----------  ---------  ----------------
__aeabi_dsub              $Tramp$TT$L$PI$$__aeabi_dsub
   00001201     0000314c     0000314a   libc.a : _printfi.c.obj (.text.OUTLINED_FUNCTION_0)

[1 trampolines]
[1 trampoline calls]


GLOBAL SYMBOLS: SORTED ALPHABETICALLY BY Name 

address   name                          
-------   ----                          
00001393  ADC0_IRQHandler               
00001393  ADC1_IRQHandler               
00001393  AES_IRQHandler                
0000319e  C$$EXIT                       
00002da5  C$$IO$$                       
00001393  CANFD0_IRQHandler             
00001393  DAC0_IRQHandler               
00003139  DL_Common_delayCycles         
00002a39  DL_DMA_initChannel            
00001811  DL_Timer_initTimerMode        
0000301d  DL_Timer_setClockConfig       
00003039  DMA_IRQHandler                
00001393  Default_Handler               
00001393  GROUP0_IRQHandler             
00001393  GROUP1_IRQHandler             
00002ad1  HOSTclose                     
0000319f  HOSTexit                      
00002269  HOSTlseek                     
00002675  HOSTopen                      
0000278d  HOSTread                      
000022d5  HOSTrename                    
00002b19  HOSTunlink                    
000027e5  HOSTwrite                     
00001393  HardFault_Handler             
00001393  I2C0_IRQHandler               
00001393  I2C1_IRQHandler               
00001393  NMI_Handler                   
00001393  PendSV_Handler                
00001393  RTC_IRQHandler                
000031a3  Reset_Handler                 
00001393  SPI0_IRQHandler               
00001393  SPI1_IRQHandler               
00001393  SVC_Handler                   
00001e2b  SYSCFG_DL_GPIO_init           
00002b61  SYSCFG_DL_SYSCTL_init         
000030ab  SYSCFG_DL_init                
00002e45  SYSCFG_DL_initPower           
00001393  SysTick_Handler               
00001393  TIMA0_IRQHandler              
00001393  TIMA1_IRQHandler              
00001393  TIMG0_IRQHandler              
00001393  TIMG12_IRQHandler             
00001393  TIMG6_IRQHandler              
00001393  TIMG7_IRQHandler              
00001393  TIMG8_IRQHandler              
00001393  UART0_IRQHandler              
00001393  UART1_IRQHandler              
00001393  UART2_IRQHandler              
00001393  UART3_IRQHandler              
20202800  _CIOBUF_                      
20202800  __CIOBUF_                     
20208000  __STACK_END                   
00000200  __STACK_SIZE                  
00000800  __SYSMEM_SIZE                 
00000000  __TI_ATRegion0_region_sz      
00000000  __TI_ATRegion0_src_addr       
00000000  __TI_ATRegion0_trg_addr       
00000000  __TI_ATRegion1_region_sz      
00000000  __TI_ATRegion1_src_addr       
00000000  __TI_ATRegion1_trg_addr       
00000000  __TI_ATRegion2_region_sz      
00000000  __TI_ATRegion2_src_addr       
00000000  __TI_ATRegion2_trg_addr       
00003488  __TI_CINIT_Base               
00003498  __TI_CINIT_Limit              
00003498  __TI_CINIT_Warm               
00003474  __TI_Handler_Table_Base       
00003480  __TI_Handler_Table_Limit      
00002c61  __TI_auto_init_nobinit_nopinit
00002d11  __TI_cleanup                  
202033bc  __TI_cleanup_ptr              
000020fd  __TI_closefile                
00002179  __TI_decompress_lzss          
00003099  __TI_decompress_none          
00002943  __TI_doflush                  
202033c0  __TI_dtors_ptr                
202033c4  __TI_ft_end                   
0000283d  __TI_ltoa                     
ffffffff  __TI_pprof_out_hndl           
000000c1  __TI_printfi                  
ffffffff  __TI_prof_data_size           
ffffffff  __TI_prof_data_start          
00002d45  __TI_readmsg                  
00000000  __TI_static_base__            
20202920  __TI_tmpnams                  
00002d79  __TI_writemsg                 
000024e7  __TI_wrt_ok                   
000030cb  __TI_zero_init                
0000120b  __adddf3                      
000031b0  __aeabi_ctype_table_          
000031b0  __aeabi_ctype_table_C         
00002a85  __aeabi_d2iz                  
0000120b  __aeabi_dadd                  
000025b1  __aeabi_dcmpeq                
000025ed  __aeabi_dcmpge                
00002601  __aeabi_dcmpgt                
000025d9  __aeabi_dcmple                
000025c5  __aeabi_dcmplt                
00001705  __aeabi_ddiv                  
00001aed  __aeabi_dmul                  
00001201  __aeabi_dsub                  
202033c8  __aeabi_errno                 
00003169  __aeabi_errno_addr            
00002be1  __aeabi_f2d                   
00002079  __aeabi_fdiv                  
00001f65  __aeabi_fmul                  
00002e71  __aeabi_i2d                   
000028ed  __aeabi_idiv                  
00001f63  __aeabi_idiv0                 
000028ed  __aeabi_idivmod               
000020fb  __aeabi_ldiv0                 
00002ffd  __aeabi_llsl                  
00002f91  __aeabi_lmul                  
00003121  __aeabi_memclr                
00003121  __aeabi_memclr4               
00003121  __aeabi_memclr8               
00003171  __aeabi_memcpy                
00003171  __aeabi_memcpy4               
00003171  __aeabi_memcpy8               
000030e9  __aeabi_memset                
000030e9  __aeabi_memset4               
000030e9  __aeabi_memset8               
00002ec9  __aeabi_ui2f                  
00002ba1  __aeabi_uidiv                 
00002ba1  __aeabi_uidivmod              
00003071  __aeabi_uldivmod              
00002ffd  __ashldi3                     
ffffffff  __binit__                     
00002419  __cmpdf2                      
00001705  __divdf3                      
00002079  __divsf3                      
00002419  __eqdf2                       
00002be1  __extendsfdf2                 
00002a85  __fixdfsi                     
00002e71  __floatsidf                   
00002ec9  __floatunsisf                 
000021f5  __gedf2                       
000021f5  __gtdf2                       
00002419  __ledf2                       
00002419  __ltdf2                       
UNDEFED   __mpu_init                    
00001aed  __muldf3                      
00002f91  __muldi3                      
00002c9d  __muldsi3                     
00001f65  __mulsf3                      
00002419  __nedf2                       
20207e00  __stack                       
20200000  __start___llvm_prf_bits       
20200000  __start___llvm_prf_cnts       
20200000  __stop___llvm_prf_bits        
20200000  __stop___llvm_prf_cnts        
00001201  __subdf3                      
00001d89  __udivmoddi4                  
00002f69  _c_int00_noargs               
202032c0  _device                       
202031d0  _ftable                       
202033cc  _lock                         
0000254b  _nop                          
20203338  _stream                       
202029d0  _sys_memory                   
UNDEFED   _system_post_cinit            
000031a7  _system_pre_init              
202033d0  _unlock                       
00003199  abort                         
000015f1  aligned_alloc                 
00002c21  atoi                          
ffffffff  binit                         
000029e9  close                         
202029cc  dma_done                      
00002dad  exit                          
00002de1  finddevice                    
00001e2d  fputc                         
0000190d  fputs                         
00001a05  free                          
000026d5  frexp                         
000026d5  frexpl                        
00003189  fseek                         
00002341  fseeko                        
000023ad  getdevice                     
00000000  interruptVectors              
00001cb1  ldexp                         
00001cb1  ldexpl                        
00002f19  lseek                         
00000a91  main                          
0000312d  malloc                        
000015f1  memalign                      
00002fd9  memccpy                       
00001ec9  memcpy                        
00002613  memset                        
202029c0  parmbuf                       
00002731  printf                        
00002cd9  rand                          
00003191  remove                        
00001cb1  scalbn                        
00001cb1  scalbnl                       
00001bd1  setvbuf                       
20203388  size_array                    
00002fb5  srand                         
00001ff1  strcmp                        
00002e9d  unlink                        
000030bb  wcslen                        
00002f41  write                         


GLOBAL SYMBOLS: SORTED BY Symbol Address 

address   name                          
-------   ----                          
00000000  __TI_ATRegion0_region_sz      
00000000  __TI_ATRegion0_src_addr       
00000000  __TI_ATRegion0_trg_addr       
00000000  __TI_ATRegion1_region_sz      
00000000  __TI_ATRegion1_src_addr       
00000000  __TI_ATRegion1_trg_addr       
00000000  __TI_ATRegion2_region_sz      
00000000  __TI_ATRegion2_src_addr       
00000000  __TI_ATRegion2_trg_addr       
00000000  __TI_static_base__            
00000000  interruptVectors              
000000c1  __TI_printfi                  
00000200  __STACK_SIZE                  
00000800  __SYSMEM_SIZE                 
00000a91  main                          
00001201  __aeabi_dsub                  
00001201  __subdf3                      
0000120b  __adddf3                      
0000120b  __aeabi_dadd                  
00001393  ADC0_IRQHandler               
00001393  ADC1_IRQHandler               
00001393  AES_IRQHandler                
00001393  CANFD0_IRQHandler             
00001393  DAC0_IRQHandler               
00001393  Default_Handler               
00001393  GROUP0_IRQHandler             
00001393  GROUP1_IRQHandler             
00001393  HardFault_Handler             
00001393  I2C0_IRQHandler               
00001393  I2C1_IRQHandler               
00001393  NMI_Handler                   
00001393  PendSV_Handler                
00001393  RTC_IRQHandler                
00001393  SPI0_IRQHandler               
00001393  SPI1_IRQHandler               
00001393  SVC_Handler                   
00001393  SysTick_Handler               
00001393  TIMA0_IRQHandler              
00001393  TIMA1_IRQHandler              
00001393  TIMG0_IRQHandler              
00001393  TIMG12_IRQHandler             
00001393  TIMG6_IRQHandler              
00001393  TIMG7_IRQHandler              
00001393  TIMG8_IRQHandler              
00001393  UART0_IRQHandler              
00001393  UART1_IRQHandler              
00001393  UART2_IRQHandler              
00001393  UART3_IRQHandler              
000015f1  aligned_alloc                 
000015f1  memalign                      
00001705  __aeabi_ddiv                  
00001705  __divdf3                      
00001811  DL_Timer_initTimerMode        
0000190d  fputs                         
00001a05  free                          
00001aed  __aeabi_dmul                  
00001aed  __muldf3                      
00001bd1  setvbuf                       
00001cb1  ldexp                         
00001cb1  ldexpl                        
00001cb1  scalbn                        
00001cb1  scalbnl                       
00001d89  __udivmoddi4                  
00001e2b  SYSCFG_DL_GPIO_init           
00001e2d  fputc                         
00001ec9  memcpy                        
00001f63  __aeabi_idiv0                 
00001f65  __aeabi_fmul                  
00001f65  __mulsf3                      
00001ff1  strcmp                        
00002079  __aeabi_fdiv                  
00002079  __divsf3                      
000020fb  __aeabi_ldiv0                 
000020fd  __TI_closefile                
00002179  __TI_decompress_lzss          
000021f5  __gedf2                       
000021f5  __gtdf2                       
00002269  HOSTlseek                     
000022d5  HOSTrename                    
00002341  fseeko                        
000023ad  getdevice                     
00002419  __cmpdf2                      
00002419  __eqdf2                       
00002419  __ledf2                       
00002419  __ltdf2                       
00002419  __nedf2                       
000024e7  __TI_wrt_ok                   
0000254b  _nop                          
000025b1  __aeabi_dcmpeq                
000025c5  __aeabi_dcmplt                
000025d9  __aeabi_dcmple                
000025ed  __aeabi_dcmpge                
00002601  __aeabi_dcmpgt                
00002613  memset                        
00002675  HOSTopen                      
000026d5  frexp                         
000026d5  frexpl                        
00002731  printf                        
0000278d  HOSTread                      
000027e5  HOSTwrite                     
0000283d  __TI_ltoa                     
000028ed  __aeabi_idiv                  
000028ed  __aeabi_idivmod               
00002943  __TI_doflush                  
000029e9  close                         
00002a39  DL_DMA_initChannel            
00002a85  __aeabi_d2iz                  
00002a85  __fixdfsi                     
00002ad1  HOSTclose                     
00002b19  HOSTunlink                    
00002b61  SYSCFG_DL_SYSCTL_init         
00002ba1  __aeabi_uidiv                 
00002ba1  __aeabi_uidivmod              
00002be1  __aeabi_f2d                   
00002be1  __extendsfdf2                 
00002c21  atoi                          
00002c61  __TI_auto_init_nobinit_nopinit
00002c9d  __muldsi3                     
00002cd9  rand                          
00002d11  __TI_cleanup                  
00002d45  __TI_readmsg                  
00002d79  __TI_writemsg                 
00002da5  C$$IO$$                       
00002dad  exit                          
00002de1  finddevice                    
00002e45  SYSCFG_DL_initPower           
00002e71  __aeabi_i2d                   
00002e71  __floatsidf                   
00002e9d  unlink                        
00002ec9  __aeabi_ui2f                  
00002ec9  __floatunsisf                 
00002f19  lseek                         
00002f41  write                         
00002f69  _c_int00_noargs               
00002f91  __aeabi_lmul                  
00002f91  __muldi3                      
00002fb5  srand                         
00002fd9  memccpy                       
00002ffd  __aeabi_llsl                  
00002ffd  __ashldi3                     
0000301d  DL_Timer_setClockConfig       
00003039  DMA_IRQHandler                
00003071  __aeabi_uldivmod              
00003099  __TI_decompress_none          
000030ab  SYSCFG_DL_init                
000030bb  wcslen                        
000030cb  __TI_zero_init                
000030e9  __aeabi_memset                
000030e9  __aeabi_memset4               
000030e9  __aeabi_memset8               
00003121  __aeabi_memclr                
00003121  __aeabi_memclr4               
00003121  __aeabi_memclr8               
0000312d  malloc                        
00003139  DL_Common_delayCycles         
00003169  __aeabi_errno_addr            
00003171  __aeabi_memcpy                
00003171  __aeabi_memcpy4               
00003171  __aeabi_memcpy8               
00003189  fseek                         
00003191  remove                        
00003199  abort                         
0000319e  C$$EXIT                       
0000319f  HOSTexit                      
000031a3  Reset_Handler                 
000031a7  _system_pre_init              
000031b0  __aeabi_ctype_table_          
000031b0  __aeabi_ctype_table_C         
00003474  __TI_Handler_Table_Base       
00003480  __TI_Handler_Table_Limit      
00003488  __TI_CINIT_Base               
00003498  __TI_CINIT_Limit              
00003498  __TI_CINIT_Warm               
20200000  __start___llvm_prf_bits       
20200000  __start___llvm_prf_cnts       
20200000  __stop___llvm_prf_bits        
20200000  __stop___llvm_prf_cnts        
20202800  _CIOBUF_                      
20202800  __CIOBUF_                     
20202920  __TI_tmpnams                  
202029c0  parmbuf                       
202029cc  dma_done                      
202029d0  _sys_memory                   
202031d0  _ftable                       
202032c0  _device                       
20203338  _stream                       
20203388  size_array                    
202033bc  __TI_cleanup_ptr              
202033c0  __TI_dtors_ptr                
202033c4  __TI_ft_end                   
202033c8  __aeabi_errno                 
202033cc  _lock                         
202033d0  _unlock                       
20207e00  __stack                       
20208000  __STACK_END                   
ffffffff  __TI_pprof_out_hndl           
ffffffff  __TI_prof_data_size           
ffffffff  __TI_prof_data_start          
ffffffff  __binit__                     
ffffffff  binit                         
UNDEFED   __mpu_init                    
UNDEFED   _system_post_cinit            

[202 symbols]
