Vivado Simulator v2025.1.0
Copyright 1986-2022 Xilinx, Inc. All Rights Reserved.
Copyright 2022-2025 Advanced Micro Devices, Inc. All Rights Reserved.
Running: C:/Xilinx/2025.1/Vivado/bin/unwrapped/win64.o/xelab.exe --incr --debug typical --relax --mt 2 -L xil_defaultlib -L unisims_ver -L unimacro_ver -L secureip --snapshot tb_factorial_program_behav xil_defaultlib.tb_factorial_program xil_defaultlib.glbl -log elaborate.log 
Using 2 slave threads.
Starting static elaboration
Pass Through NonSizing Optimizer
Completed static elaboration
Starting simulation data flow analysis
Completed simulation data flow analysis
Time Resolution for simulation is 1ps
Compiling module xil_defaultlib.comparator
Compiling module xil_defaultlib.counter
Compiling module xil_defaultlib.multiplier
Compiling module xil_defaultlib.multiplexer
Compiling module xil_defaultlib.register
Compiling module xil_defaultlib.datapath
Compiling module xil_defaultlib.control_unit
Compiling module xil_defaultlib.factorial_program
Compiling module xil_defaultlib.tb_factorial_program
Compiling module xil_defaultlib.glbl
Built simulation snapshot tb_factorial_program_behav
